[  1%] Generating C code for ROS interfaces
[  3%] Generating C++ code for ROS interfaces
[  3%] Built target ament_cmake_python_symlink_dynamixel_interfaces
running egg_info
creating dynamixel_interfaces.egg-info
writing dynamixel_interfaces.egg-info/PKG-INFO
writing dependency_links to dynamixel_interfaces.egg-info/dependency_links.txt
writing top-level names to dynamixel_interfaces.egg-info/top_level.txt
writing manifest file 'dynamixel_interfaces.egg-info/SOURCES.txt'
reading manifest file 'dynamixel_interfaces.egg-info/SOURCES.txt'
writing manifest file 'dynamixel_interfaces.egg-info/SOURCES.txt'
[  3%] Built target ament_cmake_python_build_dynamixel_interfaces_egg
[  3%] Built target dynamixel_interfaces__cpp
[  5%] Building C object CMakeFiles/dynamixel_interfaces__rosidl_generator_c.dir/rosidl_generator_c/dynamixel_interfaces/srv/detail/reboot_dxl__functions.c.o
[  7%] Building C object CMakeFiles/dynamixel_interfaces__rosidl_generator_c.dir/rosidl_generator_c/dynamixel_interfaces/srv/detail/get_data_from_dxl__functions.c.o
[  9%] Building C object CMakeFiles/dynamixel_interfaces__rosidl_generator_c.dir/rosidl_generator_c/dynamixel_interfaces/msg/detail/dynamixel_state__functions.c.o
[ 10%] Building C object CMakeFiles/dynamixel_interfaces__rosidl_generator_c.dir/rosidl_generator_c/dynamixel_interfaces/srv/detail/set_data_to_dxl__functions.c.o
[ 14%] Generating C++ type support dispatch for ROS interfaces
[ 14%] Generating C++ introspection for ROS interfaces
[ 16%] Generating C++ type support for eProsima Fast-RTPS
[ 18%] Linking C shared library libdynamixel_interfaces__rosidl_generator_c.so
[ 18%] Built target dynamixel_interfaces__rosidl_generator_c
[ 20%] Generating C type support for eProsima Fast-RTPS
[ 21%] Generating C type support dispatch for ROS interfaces
[ 23%] Generating C introspection for ROS interfaces
[ 25%] Building CXX object CMakeFiles/dynamixel_interfaces__rosidl_typesupport_cpp.dir/rosidl_typesupport_cpp/dynamixel_interfaces/msg/dynamixel_state__type_support.cpp.o
[ 27%] Building CXX object CMakeFiles/dynamixel_interfaces__rosidl_typesupport_cpp.dir/rosidl_typesupport_cpp/dynamixel_interfaces/srv/set_data_to_dxl__type_support.cpp.o
[ 29%] Building CXX object CMakeFiles/dynamixel_interfaces__rosidl_typesupport_cpp.dir/rosidl_typesupport_cpp/dynamixel_interfaces/srv/get_data_from_dxl__type_support.cpp.o
[ 30%] Building CXX object CMakeFiles/dynamixel_interfaces__rosidl_typesupport_cpp.dir/rosidl_typesupport_cpp/dynamixel_interfaces/srv/reboot_dxl__type_support.cpp.o
[ 32%] Building CXX object CMakeFiles/dynamixel_interfaces__rosidl_typesupport_introspection_cpp.dir/rosidl_typesupport_introspection_cpp/dynamixel_interfaces/msg/detail/dynamixel_state__type_support.cpp.o
[ 34%] Building CXX object CMakeFiles/dynamixel_interfaces__rosidl_typesupport_introspection_cpp.dir/rosidl_typesupport_introspection_cpp/dynamixel_interfaces/srv/detail/get_data_from_dxl__type_support.cpp.o
[ 36%] Building CXX object CMakeFiles/dynamixel_interfaces__rosidl_typesupport_introspection_cpp.dir/rosidl_typesupport_introspection_cpp/dynamixel_interfaces/srv/detail/set_data_to_dxl__type_support.cpp.o
[ 38%] Building CXX object CMakeFiles/dynamixel_interfaces__rosidl_typesupport_introspection_cpp.dir/rosidl_typesupport_introspection_cpp/dynamixel_interfaces/srv/detail/reboot_dxl__type_support.cpp.o
[ 41%] Building CXX object CMakeFiles/dynamixel_interfaces__rosidl_typesupport_fastrtps_cpp.dir/rosidl_typesupport_fastrtps_cpp/dynamixel_interfaces/srv/detail/dds_fastrtps/get_data_from_dxl__type_support.cpp.o
[ 41%] Building CXX object CMakeFiles/dynamixel_interfaces__rosidl_typesupport_fastrtps_cpp.dir/rosidl_typesupport_fastrtps_cpp/dynamixel_interfaces/srv/detail/dds_fastrtps/set_data_to_dxl__type_support.cpp.o
[ 43%] Building CXX object CMakeFiles/dynamixel_interfaces__rosidl_typesupport_fastrtps_cpp.dir/rosidl_typesupport_fastrtps_cpp/dynamixel_interfaces/msg/detail/dds_fastrtps/dynamixel_state__type_support.cpp.o
[ 45%] Building CXX object CMakeFiles/dynamixel_interfaces__rosidl_typesupport_fastrtps_cpp.dir/rosidl_typesupport_fastrtps_cpp/dynamixel_interfaces/srv/detail/dds_fastrtps/reboot_dxl__type_support.cpp.o
[ 47%] Building CXX object CMakeFiles/dynamixel_interfaces__rosidl_typesupport_c.dir/rosidl_typesupport_c/dynamixel_interfaces/msg/dynamixel_state__type_support.cpp.o
[ 49%] Building CXX object CMakeFiles/dynamixel_interfaces__rosidl_typesupport_c.dir/rosidl_typesupport_c/dynamixel_interfaces/srv/set_data_to_dxl__type_support.cpp.o
[ 52%] Building CXX object CMakeFiles/dynamixel_interfaces__rosidl_typesupport_c.dir/rosidl_typesupport_c/dynamixel_interfaces/srv/reboot_dxl__type_support.cpp.o
[ 52%] Building CXX object CMakeFiles/dynamixel_interfaces__rosidl_typesupport_c.dir/rosidl_typesupport_c/dynamixel_interfaces/srv/get_data_from_dxl__type_support.cpp.o
[ 54%] Linking CXX shared library libdynamixel_interfaces__rosidl_typesupport_c.so
[ 56%] Building C object CMakeFiles/dynamixel_interfaces__rosidl_typesupport_introspection_c.dir/rosidl_typesupport_introspection_c/dynamixel_interfaces/msg/detail/dynamixel_state__type_support.c.o
[ 58%] Building C object CMakeFiles/dynamixel_interfaces__rosidl_typesupport_introspection_c.dir/rosidl_typesupport_introspection_c/dynamixel_interfaces/srv/detail/reboot_dxl__type_support.c.o
[ 60%] Building C object CMakeFiles/dynamixel_interfaces__rosidl_typesupport_introspection_c.dir/rosidl_typesupport_introspection_c/dynamixel_interfaces/srv/detail/get_data_from_dxl__type_support.c.o
[ 61%] Building C object CMakeFiles/dynamixel_interfaces__rosidl_typesupport_introspection_c.dir/rosidl_typesupport_introspection_c/dynamixel_interfaces/srv/detail/set_data_to_dxl__type_support.c.o
[ 63%] Building CXX object CMakeFiles/dynamixel_interfaces__rosidl_typesupport_fastrtps_c.dir/rosidl_typesupport_fastrtps_c/dynamixel_interfaces/srv/detail/get_data_from_dxl__type_support_c.cpp.o
[ 65%] Building CXX object CMakeFiles/dynamixel_interfaces__rosidl_typesupport_fastrtps_c.dir/rosidl_typesupport_fastrtps_c/dynamixel_interfaces/srv/detail/set_data_to_dxl__type_support_c.cpp.o
[ 67%] Building CXX object CMakeFiles/dynamixel_interfaces__rosidl_typesupport_fastrtps_c.dir/rosidl_typesupport_fastrtps_c/dynamixel_interfaces/msg/detail/dynamixel_state__type_support_c.cpp.o
[ 69%] Building CXX object CMakeFiles/dynamixel_interfaces__rosidl_typesupport_fastrtps_c.dir/rosidl_typesupport_fastrtps_c/dynamixel_interfaces/srv/detail/reboot_dxl__type_support_c.cpp.o
[ 69%] Built target dynamixel_interfaces__rosidl_typesupport_c
[ 70%] Linking C shared library libdynamixel_interfaces__rosidl_typesupport_introspection_c.so
[ 72%] Linking CXX shared library libdynamixel_interfaces__rosidl_typesupport_cpp.so
[ 72%] Built target dynamixel_interfaces__rosidl_typesupport_introspection_c
[ 72%] Built target dynamixel_interfaces__rosidl_typesupport_cpp
[ 74%] Linking CXX shared library libdynamixel_interfaces__rosidl_typesupport_introspection_cpp.so
[ 76%] Linking CXX shared library libdynamixel_interfaces__rosidl_typesupport_fastrtps_c.so
[ 78%] Linking CXX shared library libdynamixel_interfaces__rosidl_typesupport_fastrtps_cpp.so
[ 78%] Built target dynamixel_interfaces__rosidl_typesupport_introspection_cpp
[ 78%] Built target dynamixel_interfaces__rosidl_typesupport_fastrtps_c
[ 78%] Built target dynamixel_interfaces__rosidl_typesupport_fastrtps_cpp
[ 78%] Built target dynamixel_interfaces
[ 80%] Generating Python code for ROS interfaces
[ 80%] Built target dynamixel_interfaces__py
[ 81%] Building C object CMakeFiles/dynamixel_interfaces__rosidl_generator_py.dir/rosidl_generator_py/dynamixel_interfaces/srv/_get_data_from_dxl_s.c.o
[ 83%] Building C object CMakeFiles/dynamixel_interfaces__rosidl_generator_py.dir/rosidl_generator_py/dynamixel_interfaces/msg/_dynamixel_state_s.c.o
[ 85%] Building C object CMakeFiles/dynamixel_interfaces__rosidl_generator_py.dir/rosidl_generator_py/dynamixel_interfaces/srv/_set_data_to_dxl_s.c.o
[ 87%] Building C object CMakeFiles/dynamixel_interfaces__rosidl_generator_py.dir/rosidl_generator_py/dynamixel_interfaces/srv/_reboot_dxl_s.c.o
[ 89%] Linking C shared library rosidl_generator_py/dynamixel_interfaces/libdynamixel_interfaces__rosidl_generator_py.so
[ 89%] Built target dynamixel_interfaces__rosidl_generator_py
[ 90%] Building C object CMakeFiles/dynamixel_interfaces__rosidl_typesupport_c__pyext.dir/rosidl_generator_py/dynamixel_interfaces/_dynamixel_interfaces_s.ep.rosidl_typesupport_c.c.o
[ 92%] Building C object CMakeFiles/dynamixel_interfaces__rosidl_typesupport_fastrtps_c__pyext.dir/rosidl_generator_py/dynamixel_interfaces/_dynamixel_interfaces_s.ep.rosidl_typesupport_fastrtps_c.c.o
[ 94%] Building C object CMakeFiles/dynamixel_interfaces__rosidl_typesupport_introspection_c__pyext.dir/rosidl_generator_py/dynamixel_interfaces/_dynamixel_interfaces_s.ep.rosidl_typesupport_introspection_c.c.o
[ 98%] Linking C shared library rosidl_generator_py/dynamixel_interfaces/dynamixel_interfaces_s__rosidl_typesupport_c.cpython-310-x86_64-linux-gnu.so
[ 96%] Linking C shared library rosidl_generator_py/dynamixel_interfaces/dynamixel_interfaces_s__rosidl_typesupport_fastrtps_c.cpython-310-x86_64-linux-gnu.so
[100%] Linking C shared library rosidl_generator_py/dynamixel_interfaces/dynamixel_interfaces_s__rosidl_typesupport_introspection_c.cpython-310-x86_64-linux-gnu.so
[100%] Built target dynamixel_interfaces__rosidl_typesupport_fastrtps_c__pyext
[100%] Built target dynamixel_interfaces__rosidl_typesupport_introspection_c__pyext
[100%] Built target dynamixel_interfaces__rosidl_typesupport_c__pyext
-- Install configuration: ""
-- Execute custom install script
-- Symlinking: /home/etri/ros2_ws/install/dynamixel_interfaces/share/ament_index/resource_index/rosidl_interfaces/dynamixel_interfaces
-- Symlinking: /home/etri/ros2_ws/install/dynamixel_interfaces/include/dynamixel_interfaces/dynamixel_interfaces/msg/detail/dynamixel_state__functions.h
-- Symlinking: /home/etri/ros2_ws/install/dynamixel_interfaces/include/dynamixel_interfaces/dynamixel_interfaces/msg/detail/dynamixel_state__struct.h
-- Symlinking: /home/etri/ros2_ws/install/dynamixel_interfaces/include/dynamixel_interfaces/dynamixel_interfaces/msg/detail/dynamixel_state__type_support.h
-- Symlinking: /home/etri/ros2_ws/install/dynamixel_interfaces/include/dynamixel_interfaces/dynamixel_interfaces/msg/dynamixel_state.h
-- Symlinking: /home/etri/ros2_ws/install/dynamixel_interfaces/include/dynamixel_interfaces/dynamixel_interfaces/msg/rosidl_generator_c__visibility_control.h
-- Symlinking: /home/etri/ros2_ws/install/dynamixel_interfaces/include/dynamixel_interfaces/dynamixel_interfaces/srv/detail/get_data_from_dxl__functions.h
-- Symlinking: /home/etri/ros2_ws/install/dynamixel_interfaces/include/dynamixel_interfaces/dynamixel_interfaces/srv/detail/get_data_from_dxl__struct.h
-- Symlinking: /home/etri/ros2_ws/install/dynamixel_interfaces/include/dynamixel_interfaces/dynamixel_interfaces/srv/detail/get_data_from_dxl__type_support.h
-- Symlinking: /home/etri/ros2_ws/install/dynamixel_interfaces/include/dynamixel_interfaces/dynamixel_interfaces/srv/detail/reboot_dxl__functions.h
-- Symlinking: /home/etri/ros2_ws/install/dynamixel_interfaces/include/dynamixel_interfaces/dynamixel_interfaces/srv/detail/reboot_dxl__struct.h
-- Symlinking: /home/etri/ros2_ws/install/dynamixel_interfaces/include/dynamixel_interfaces/dynamixel_interfaces/srv/detail/reboot_dxl__type_support.h
-- Symlinking: /home/etri/ros2_ws/install/dynamixel_interfaces/include/dynamixel_interfaces/dynamixel_interfaces/srv/detail/set_data_to_dxl__functions.h
-- Symlinking: /home/etri/ros2_ws/install/dynamixel_interfaces/include/dynamixel_interfaces/dynamixel_interfaces/srv/detail/set_data_to_dxl__struct.h
-- Symlinking: /home/etri/ros2_ws/install/dynamixel_interfaces/include/dynamixel_interfaces/dynamixel_interfaces/srv/detail/set_data_to_dxl__type_support.h
-- Symlinking: /home/etri/ros2_ws/install/dynamixel_interfaces/include/dynamixel_interfaces/dynamixel_interfaces/srv/get_data_from_dxl.h
-- Symlinking: /home/etri/ros2_ws/install/dynamixel_interfaces/include/dynamixel_interfaces/dynamixel_interfaces/srv/reboot_dxl.h
-- Symlinking: /home/etri/ros2_ws/install/dynamixel_interfaces/include/dynamixel_interfaces/dynamixel_interfaces/srv/set_data_to_dxl.h
-- Symlinking: /home/etri/ros2_ws/install/dynamixel_interfaces/share/dynamixel_interfaces/environment/library_path.sh
-- Symlinking: /home/etri/ros2_ws/install/dynamixel_interfaces/share/dynamixel_interfaces/environment/library_path.dsv
-- Symlinking: /home/etri/ros2_ws/install/dynamixel_interfaces/include/dynamixel_interfaces/dynamixel_interfaces/msg/detail/dynamixel_state__rosidl_typesupport_fastrtps_c.h
-- Symlinking: /home/etri/ros2_ws/install/dynamixel_interfaces/include/dynamixel_interfaces/dynamixel_interfaces/msg/rosidl_typesupport_fastrtps_c__visibility_control.h
-- Symlinking: /home/etri/ros2_ws/install/dynamixel_interfaces/include/dynamixel_interfaces/dynamixel_interfaces/srv/detail/get_data_from_dxl__rosidl_typesupport_fastrtps_c.h
-- Symlinking: /home/etri/ros2_ws/install/dynamixel_interfaces/include/dynamixel_interfaces/dynamixel_interfaces/srv/detail/reboot_dxl__rosidl_typesupport_fastrtps_c.h
-- Symlinking: /home/etri/ros2_ws/install/dynamixel_interfaces/include/dynamixel_interfaces/dynamixel_interfaces/srv/detail/set_data_to_dxl__rosidl_typesupport_fastrtps_c.h
-- Symlinking: /home/etri/ros2_ws/install/dynamixel_interfaces/include/dynamixel_interfaces/dynamixel_interfaces/msg/detail/dynamixel_state__builder.hpp
-- Symlinking: /home/etri/ros2_ws/install/dynamixel_interfaces/include/dynamixel_interfaces/dynamixel_interfaces/msg/detail/dynamixel_state__struct.hpp
-- Symlinking: /home/etri/ros2_ws/install/dynamixel_interfaces/include/dynamixel_interfaces/dynamixel_interfaces/msg/detail/dynamixel_state__traits.hpp
-- Symlinking: /home/etri/ros2_ws/install/dynamixel_interfaces/include/dynamixel_interfaces/dynamixel_interfaces/msg/detail/dynamixel_state__type_support.hpp
-- Symlinking: /home/etri/ros2_ws/install/dynamixel_interfaces/include/dynamixel_interfaces/dynamixel_interfaces/msg/dynamixel_state.hpp
-- Symlinking: /home/etri/ros2_ws/install/dynamixel_interfaces/include/dynamixel_interfaces/dynamixel_interfaces/msg/rosidl_generator_cpp__visibility_control.hpp
-- Symlinking: /home/etri/ros2_ws/install/dynamixel_interfaces/include/dynamixel_interfaces/dynamixel_interfaces/srv/detail/get_data_from_dxl__builder.hpp
-- Symlinking: /home/etri/ros2_ws/install/dynamixel_interfaces/include/dynamixel_interfaces/dynamixel_interfaces/srv/detail/get_data_from_dxl__struct.hpp
-- Symlinking: /home/etri/ros2_ws/install/dynamixel_interfaces/include/dynamixel_interfaces/dynamixel_interfaces/srv/detail/get_data_from_dxl__traits.hpp
-- Symlinking: /home/etri/ros2_ws/install/dynamixel_interfaces/include/dynamixel_interfaces/dynamixel_interfaces/srv/detail/get_data_from_dxl__type_support.hpp
-- Symlinking: /home/etri/ros2_ws/install/dynamixel_interfaces/include/dynamixel_interfaces/dynamixel_interfaces/srv/detail/reboot_dxl__builder.hpp
-- Symlinking: /home/etri/ros2_ws/install/dynamixel_interfaces/include/dynamixel_interfaces/dynamixel_interfaces/srv/detail/reboot_dxl__struct.hpp
-- Symlinking: /home/etri/ros2_ws/install/dynamixel_interfaces/include/dynamixel_interfaces/dynamixel_interfaces/srv/detail/reboot_dxl__traits.hpp
-- Symlinking: /home/etri/ros2_ws/install/dynamixel_interfaces/include/dynamixel_interfaces/dynamixel_interfaces/srv/detail/reboot_dxl__type_support.hpp
-- Symlinking: /home/etri/ros2_ws/install/dynamixel_interfaces/include/dynamixel_interfaces/dynamixel_interfaces/srv/detail/set_data_to_dxl__builder.hpp
-- Symlinking: /home/etri/ros2_ws/install/dynamixel_interfaces/include/dynamixel_interfaces/dynamixel_interfaces/srv/detail/set_data_to_dxl__struct.hpp
-- Symlinking: /home/etri/ros2_ws/install/dynamixel_interfaces/include/dynamixel_interfaces/dynamixel_interfaces/srv/detail/set_data_to_dxl__traits.hpp
-- Symlinking: /home/etri/ros2_ws/install/dynamixel_interfaces/include/dynamixel_interfaces/dynamixel_interfaces/srv/detail/set_data_to_dxl__type_support.hpp
-- Symlinking: /home/etri/ros2_ws/install/dynamixel_interfaces/include/dynamixel_interfaces/dynamixel_interfaces/srv/get_data_from_dxl.hpp
-- Symlinking: /home/etri/ros2_ws/install/dynamixel_interfaces/include/dynamixel_interfaces/dynamixel_interfaces/srv/reboot_dxl.hpp
-- Symlinking: /home/etri/ros2_ws/install/dynamixel_interfaces/include/dynamixel_interfaces/dynamixel_interfaces/srv/set_data_to_dxl.hpp
-- Symlinking: /home/etri/ros2_ws/install/dynamixel_interfaces/include/dynamixel_interfaces/dynamixel_interfaces/msg/detail/dynamixel_state__rosidl_typesupport_fastrtps_cpp.hpp
-- Symlinking: /home/etri/ros2_ws/install/dynamixel_interfaces/include/dynamixel_interfaces/dynamixel_interfaces/msg/rosidl_typesupport_fastrtps_cpp__visibility_control.h
-- Symlinking: /home/etri/ros2_ws/install/dynamixel_interfaces/include/dynamixel_interfaces/dynamixel_interfaces/srv/detail/get_data_from_dxl__rosidl_typesupport_fastrtps_cpp.hpp
-- Symlinking: /home/etri/ros2_ws/install/dynamixel_interfaces/include/dynamixel_interfaces/dynamixel_interfaces/srv/detail/reboot_dxl__rosidl_typesupport_fastrtps_cpp.hpp
-- Symlinking: /home/etri/ros2_ws/install/dynamixel_interfaces/include/dynamixel_interfaces/dynamixel_interfaces/srv/detail/set_data_to_dxl__rosidl_typesupport_fastrtps_cpp.hpp
-- Symlinking: /home/etri/ros2_ws/install/dynamixel_interfaces/include/dynamixel_interfaces/dynamixel_interfaces/msg/detail/dynamixel_state__rosidl_typesupport_introspection_c.h
-- Symlinking: /home/etri/ros2_ws/install/dynamixel_interfaces/include/dynamixel_interfaces/dynamixel_interfaces/msg/rosidl_typesupport_introspection_c__visibility_control.h
-- Symlinking: /home/etri/ros2_ws/install/dynamixel_interfaces/include/dynamixel_interfaces/dynamixel_interfaces/srv/detail/get_data_from_dxl__rosidl_typesupport_introspection_c.h
-- Symlinking: /home/etri/ros2_ws/install/dynamixel_interfaces/include/dynamixel_interfaces/dynamixel_interfaces/srv/detail/reboot_dxl__rosidl_typesupport_introspection_c.h
-- Symlinking: /home/etri/ros2_ws/install/dynamixel_interfaces/include/dynamixel_interfaces/dynamixel_interfaces/srv/detail/set_data_to_dxl__rosidl_typesupport_introspection_c.h
-- Symlinking: /home/etri/ros2_ws/install/dynamixel_interfaces/include/dynamixel_interfaces/dynamixel_interfaces/msg/detail/dynamixel_state__rosidl_typesupport_introspection_cpp.hpp
-- Symlinking: /home/etri/ros2_ws/install/dynamixel_interfaces/include/dynamixel_interfaces/dynamixel_interfaces/srv/detail/get_data_from_dxl__rosidl_typesupport_introspection_cpp.hpp
-- Symlinking: /home/etri/ros2_ws/install/dynamixel_interfaces/include/dynamixel_interfaces/dynamixel_interfaces/srv/detail/reboot_dxl__rosidl_typesupport_introspection_cpp.hpp
-- Symlinking: /home/etri/ros2_ws/install/dynamixel_interfaces/include/dynamixel_interfaces/dynamixel_interfaces/srv/detail/set_data_to_dxl__rosidl_typesupport_introspection_cpp.hpp
-- Symlinking: /home/etri/ros2_ws/install/dynamixel_interfaces/share/dynamixel_interfaces/environment/pythonpath.sh
-- Symlinking: /home/etri/ros2_ws/install/dynamixel_interfaces/share/dynamixel_interfaces/environment/pythonpath.dsv
-- Symlinking: /home/etri/ros2_ws/install/dynamixel_interfaces/local/lib/python3.10/dist-packages/dynamixel_interfaces-1.0.1-py3.10.egg-info/PKG-INFO
-- Symlinking: /home/etri/ros2_ws/install/dynamixel_interfaces/local/lib/python3.10/dist-packages/dynamixel_interfaces-1.0.1-py3.10.egg-info/SOURCES.txt
-- Symlinking: /home/etri/ros2_ws/install/dynamixel_interfaces/local/lib/python3.10/dist-packages/dynamixel_interfaces-1.0.1-py3.10.egg-info/dependency_links.txt
-- Symlinking: /home/etri/ros2_ws/install/dynamixel_interfaces/local/lib/python3.10/dist-packages/dynamixel_interfaces-1.0.1-py3.10.egg-info/top_level.txt
-- Symlinking: /home/etri/ros2_ws/install/dynamixel_interfaces/local/lib/python3.10/dist-packages/dynamixel_interfaces/__init__.py
-- Symlinking: /home/etri/ros2_ws/install/dynamixel_interfaces/local/lib/python3.10/dist-packages/dynamixel_interfaces/_dynamixel_interfaces_s.ep.rosidl_typesupport_c.c
-- Symlinking: /home/etri/ros2_ws/install/dynamixel_interfaces/local/lib/python3.10/dist-packages/dynamixel_interfaces/_dynamixel_interfaces_s.ep.rosidl_typesupport_fastrtps_c.c
-- Symlinking: /home/etri/ros2_ws/install/dynamixel_interfaces/local/lib/python3.10/dist-packages/dynamixel_interfaces/_dynamixel_interfaces_s.ep.rosidl_typesupport_introspection_c.c
-- Symlinking: /home/etri/ros2_ws/install/dynamixel_interfaces/local/lib/python3.10/dist-packages/dynamixel_interfaces/dynamixel_interfaces_s__rosidl_typesupport_c.cpython-310-x86_64-linux-gnu.so
-- Symlinking: /home/etri/ros2_ws/install/dynamixel_interfaces/local/lib/python3.10/dist-packages/dynamixel_interfaces/dynamixel_interfaces_s__rosidl_typesupport_fastrtps_c.cpython-310-x86_64-linux-gnu.so
-- Symlinking: /home/etri/ros2_ws/install/dynamixel_interfaces/local/lib/python3.10/dist-packages/dynamixel_interfaces/dynamixel_interfaces_s__rosidl_typesupport_introspection_c.cpython-310-x86_64-linux-gnu.so
-- Symlinking: /home/etri/ros2_ws/install/dynamixel_interfaces/local/lib/python3.10/dist-packages/dynamixel_interfaces/libdynamixel_interfaces__rosidl_generator_py.so
-- Symlinking: /home/etri/ros2_ws/install/dynamixel_interfaces/local/lib/python3.10/dist-packages/dynamixel_interfaces/msg/__init__.py
-- Symlinking: /home/etri/ros2_ws/install/dynamixel_interfaces/local/lib/python3.10/dist-packages/dynamixel_interfaces/msg/_dynamixel_state.py
-- Symlinking: /home/etri/ros2_ws/install/dynamixel_interfaces/local/lib/python3.10/dist-packages/dynamixel_interfaces/msg/_dynamixel_state_s.c
-- Symlinking: /home/etri/ros2_ws/install/dynamixel_interfaces/local/lib/python3.10/dist-packages/dynamixel_interfaces/srv/__init__.py
-- Symlinking: /home/etri/ros2_ws/install/dynamixel_interfaces/local/lib/python3.10/dist-packages/dynamixel_interfaces/srv/_get_data_from_dxl.py
-- Symlinking: /home/etri/ros2_ws/install/dynamixel_interfaces/local/lib/python3.10/dist-packages/dynamixel_interfaces/srv/_get_data_from_dxl_s.c
-- Symlinking: /home/etri/ros2_ws/install/dynamixel_interfaces/local/lib/python3.10/dist-packages/dynamixel_interfaces/srv/_reboot_dxl.py
-- Symlinking: /home/etri/ros2_ws/install/dynamixel_interfaces/local/lib/python3.10/dist-packages/dynamixel_interfaces/srv/_reboot_dxl_s.c
-- Symlinking: /home/etri/ros2_ws/install/dynamixel_interfaces/local/lib/python3.10/dist-packages/dynamixel_interfaces/srv/_set_data_to_dxl.py
-- Symlinking: /home/etri/ros2_ws/install/dynamixel_interfaces/local/lib/python3.10/dist-packages/dynamixel_interfaces/srv/_set_data_to_dxl_s.c
-- Up-to-date symlink: /home/etri/ros2_ws/install/dynamixel_interfaces/local/lib/python3.10/dist-packages/dynamixel_interfaces/dynamixel_interfaces_s__rosidl_typesupport_fastrtps_c.cpython-310-x86_64-linux-gnu.so
-- Up-to-date symlink: /home/etri/ros2_ws/install/dynamixel_interfaces/local/lib/python3.10/dist-packages/dynamixel_interfaces/dynamixel_interfaces_s__rosidl_typesupport_introspection_c.cpython-310-x86_64-linux-gnu.so
-- Up-to-date symlink: /home/etri/ros2_ws/install/dynamixel_interfaces/local/lib/python3.10/dist-packages/dynamixel_interfaces/dynamixel_interfaces_s__rosidl_typesupport_c.cpython-310-x86_64-linux-gnu.so
-- Symlinking: /home/etri/ros2_ws/install/dynamixel_interfaces/share/dynamixel_interfaces/msg/DynamixelState.idl
-- Symlinking: /home/etri/ros2_ws/install/dynamixel_interfaces/share/dynamixel_interfaces/srv/GetDataFromDxl.idl
-- Symlinking: /home/etri/ros2_ws/install/dynamixel_interfaces/share/dynamixel_interfaces/srv/SetDataToDxl.idl
-- Symlinking: /home/etri/ros2_ws/install/dynamixel_interfaces/share/dynamixel_interfaces/srv/RebootDxl.idl
-- Symlinking: /home/etri/ros2_ws/install/dynamixel_interfaces/share/dynamixel_interfaces/msg/DynamixelState.msg
-- Symlinking: /home/etri/ros2_ws/install/dynamixel_interfaces/share/dynamixel_interfaces/srv/GetDataFromDxl.srv
-- Symlinking: /home/etri/ros2_ws/install/dynamixel_interfaces/share/dynamixel_interfaces/srv/GetDataFromDxl_Request.msg
-- Symlinking: /home/etri/ros2_ws/install/dynamixel_interfaces/share/dynamixel_interfaces/srv/GetDataFromDxl_Response.msg
-- Symlinking: /home/etri/ros2_ws/install/dynamixel_interfaces/share/dynamixel_interfaces/srv/SetDataToDxl.srv
-- Symlinking: /home/etri/ros2_ws/install/dynamixel_interfaces/share/dynamixel_interfaces/srv/SetDataToDxl_Request.msg
-- Symlinking: /home/etri/ros2_ws/install/dynamixel_interfaces/share/dynamixel_interfaces/srv/SetDataToDxl_Response.msg
-- Symlinking: /home/etri/ros2_ws/install/dynamixel_interfaces/share/dynamixel_interfaces/srv/RebootDxl.srv
-- Symlinking: /home/etri/ros2_ws/install/dynamixel_interfaces/share/dynamixel_interfaces/srv/RebootDxl_Request.msg
-- Symlinking: /home/etri/ros2_ws/install/dynamixel_interfaces/share/dynamixel_interfaces/srv/RebootDxl_Response.msg
-- Symlinking: /home/etri/ros2_ws/install/dynamixel_interfaces/share/ament_index/resource_index/package_run_dependencies/dynamixel_interfaces
-- Symlinking: /home/etri/ros2_ws/install/dynamixel_interfaces/share/ament_index/resource_index/parent_prefix_path/dynamixel_interfaces
-- Symlinking: /home/etri/ros2_ws/install/dynamixel_interfaces/share/dynamixel_interfaces/environment/ament_prefix_path.sh
-- Symlinking: /home/etri/ros2_ws/install/dynamixel_interfaces/share/dynamixel_interfaces/environment/ament_prefix_path.dsv
-- Symlinking: /home/etri/ros2_ws/install/dynamixel_interfaces/share/dynamixel_interfaces/environment/path.sh
-- Symlinking: /home/etri/ros2_ws/install/dynamixel_interfaces/share/dynamixel_interfaces/environment/path.dsv
-- Symlinking: /home/etri/ros2_ws/install/dynamixel_interfaces/share/dynamixel_interfaces/local_setup.bash
-- Symlinking: /home/etri/ros2_ws/install/dynamixel_interfaces/share/dynamixel_interfaces/local_setup.sh
-- Symlinking: /home/etri/ros2_ws/install/dynamixel_interfaces/share/dynamixel_interfaces/local_setup.zsh
-- Symlinking: /home/etri/ros2_ws/install/dynamixel_interfaces/share/dynamixel_interfaces/local_setup.dsv
-- Symlinking: /home/etri/ros2_ws/install/dynamixel_interfaces/share/dynamixel_interfaces/package.dsv
-- Symlinking: /home/etri/ros2_ws/install/dynamixel_interfaces/share/ament_index/resource_index/packages/dynamixel_interfaces
-- Symlinking: /home/etri/ros2_ws/install/dynamixel_interfaces/share/dynamixel_interfaces/cmake/rosidl_cmake-extras.cmake
-- Symlinking: /home/etri/ros2_ws/install/dynamixel_interfaces/share/dynamixel_interfaces/cmake/ament_cmake_export_dependencies-extras.cmake
-- Symlinking: /home/etri/ros2_ws/install/dynamixel_interfaces/share/dynamixel_interfaces/cmake/ament_cmake_export_include_directories-extras.cmake
-- Symlinking: /home/etri/ros2_ws/install/dynamixel_interfaces/share/dynamixel_interfaces/cmake/ament_cmake_export_libraries-extras.cmake
-- Symlinking: /home/etri/ros2_ws/install/dynamixel_interfaces/share/dynamixel_interfaces/cmake/ament_cmake_export_targets-extras.cmake
-- Symlinking: /home/etri/ros2_ws/install/dynamixel_interfaces/share/dynamixel_interfaces/cmake/rosidl_cmake_export_typesupport_targets-extras.cmake
-- Symlinking: /home/etri/ros2_ws/install/dynamixel_interfaces/share/dynamixel_interfaces/cmake/rosidl_cmake_export_typesupport_libraries-extras.cmake
-- Symlinking: /home/etri/ros2_ws/install/dynamixel_interfaces/share/dynamixel_interfaces/cmake/dynamixel_interfacesConfig.cmake
-- Symlinking: /home/etri/ros2_ws/install/dynamixel_interfaces/share/dynamixel_interfaces/cmake/dynamixel_interfacesConfig-version.cmake
-- Symlinking: /home/etri/ros2_ws/install/dynamixel_interfaces/share/dynamixel_interfaces/package.xml
-- Installing: /home/etri/ros2_ws/install/dynamixel_interfaces/lib/libdynamixel_interfaces__rosidl_generator_c.so
-- Set runtime path of "/home/etri/ros2_ws/install/dynamixel_interfaces/lib/libdynamixel_interfaces__rosidl_generator_c.so" to ""
-- Installing: /home/etri/ros2_ws/install/dynamixel_interfaces/lib/libdynamixel_interfaces__rosidl_typesupport_fastrtps_c.so
-- Set runtime path of "/home/etri/ros2_ws/install/dynamixel_interfaces/lib/libdynamixel_interfaces__rosidl_typesupport_fastrtps_c.so" to ""
-- Installing: /home/etri/ros2_ws/install/dynamixel_interfaces/lib/libdynamixel_interfaces__rosidl_typesupport_fastrtps_cpp.so
-- Set runtime path of "/home/etri/ros2_ws/install/dynamixel_interfaces/lib/libdynamixel_interfaces__rosidl_typesupport_fastrtps_cpp.so" to ""
-- Installing: /home/etri/ros2_ws/install/dynamixel_interfaces/lib/libdynamixel_interfaces__rosidl_typesupport_introspection_c.so
-- Set runtime path of "/home/etri/ros2_ws/install/dynamixel_interfaces/lib/libdynamixel_interfaces__rosidl_typesupport_introspection_c.so" to ""
-- Installing: /home/etri/ros2_ws/install/dynamixel_interfaces/lib/libdynamixel_interfaces__rosidl_typesupport_c.so
-- Set runtime path of "/home/etri/ros2_ws/install/dynamixel_interfaces/lib/libdynamixel_interfaces__rosidl_typesupport_c.so" to ""
-- Installing: /home/etri/ros2_ws/install/dynamixel_interfaces/lib/libdynamixel_interfaces__rosidl_typesupport_introspection_cpp.so
-- Set runtime path of "/home/etri/ros2_ws/install/dynamixel_interfaces/lib/libdynamixel_interfaces__rosidl_typesupport_introspection_cpp.so" to ""
-- Installing: /home/etri/ros2_ws/install/dynamixel_interfaces/lib/libdynamixel_interfaces__rosidl_typesupport_cpp.so
-- Set runtime path of "/home/etri/ros2_ws/install/dynamixel_interfaces/lib/libdynamixel_interfaces__rosidl_typesupport_cpp.so" to ""
Listing '/home/etri/ros2_ws/install/dynamixel_interfaces/local/lib/python3.10/dist-packages/dynamixel_interfaces'...
Compiling '/home/etri/ros2_ws/install/dynamixel_interfaces/local/lib/python3.10/dist-packages/dynamixel_interfaces/__init__.py'...
Listing '/home/etri/ros2_ws/install/dynamixel_interfaces/local/lib/python3.10/dist-packages/dynamixel_interfaces/msg'...
Compiling '/home/etri/ros2_ws/install/dynamixel_interfaces/local/lib/python3.10/dist-packages/dynamixel_interfaces/msg/__init__.py'...
Compiling '/home/etri/ros2_ws/install/dynamixel_interfaces/local/lib/python3.10/dist-packages/dynamixel_interfaces/msg/_dynamixel_state.py'...
Listing '/home/etri/ros2_ws/install/dynamixel_interfaces/local/lib/python3.10/dist-packages/dynamixel_interfaces/srv'...
Compiling '/home/etri/ros2_ws/install/dynamixel_interfaces/local/lib/python3.10/dist-packages/dynamixel_interfaces/srv/__init__.py'...
Compiling '/home/etri/ros2_ws/install/dynamixel_interfaces/local/lib/python3.10/dist-packages/dynamixel_interfaces/srv/_get_data_from_dxl.py'...
Compiling '/home/etri/ros2_ws/install/dynamixel_interfaces/local/lib/python3.10/dist-packages/dynamixel_interfaces/srv/_reboot_dxl.py'...
Compiling '/home/etri/ros2_ws/install/dynamixel_interfaces/local/lib/python3.10/dist-packages/dynamixel_interfaces/srv/_set_data_to_dxl.py'...
-- Installing: /home/etri/ros2_ws/install/dynamixel_interfaces/lib/libdynamixel_interfaces__rosidl_generator_py.so
-- Set runtime path of "/home/etri/ros2_ws/install/dynamixel_interfaces/lib/libdynamixel_interfaces__rosidl_generator_py.so" to ""
-- Installing: /home/etri/ros2_ws/install/dynamixel_interfaces/share/dynamixel_interfaces/cmake/export_dynamixel_interfaces__rosidl_generator_cExport.cmake
-- Installing: /home/etri/ros2_ws/install/dynamixel_interfaces/share/dynamixel_interfaces/cmake/export_dynamixel_interfaces__rosidl_generator_cExport-noconfig.cmake
-- Installing: /home/etri/ros2_ws/install/dynamixel_interfaces/share/dynamixel_interfaces/cmake/export_dynamixel_interfaces__rosidl_typesupport_fastrtps_cExport.cmake
-- Installing: /home/etri/ros2_ws/install/dynamixel_interfaces/share/dynamixel_interfaces/cmake/export_dynamixel_interfaces__rosidl_typesupport_fastrtps_cExport-noconfig.cmake
-- Installing: /home/etri/ros2_ws/install/dynamixel_interfaces/share/dynamixel_interfaces/cmake/export_dynamixel_interfaces__rosidl_generator_cppExport.cmake
-- Installing: /home/etri/ros2_ws/install/dynamixel_interfaces/share/dynamixel_interfaces/cmake/export_dynamixel_interfaces__rosidl_typesupport_fastrtps_cppExport.cmake
-- Installing: /home/etri/ros2_ws/install/dynamixel_interfaces/share/dynamixel_interfaces/cmake/export_dynamixel_interfaces__rosidl_typesupport_fastrtps_cppExport-noconfig.cmake
-- Installing: /home/etri/ros2_ws/install/dynamixel_interfaces/share/dynamixel_interfaces/cmake/dynamixel_interfaces__rosidl_typesupport_introspection_cExport.cmake
-- Installing: /home/etri/ros2_ws/install/dynamixel_interfaces/share/dynamixel_interfaces/cmake/dynamixel_interfaces__rosidl_typesupport_introspection_cExport-noconfig.cmake
-- Installing: /home/etri/ros2_ws/install/dynamixel_interfaces/share/dynamixel_interfaces/cmake/dynamixel_interfaces__rosidl_typesupport_cExport.cmake
-- Installing: /home/etri/ros2_ws/install/dynamixel_interfaces/share/dynamixel_interfaces/cmake/dynamixel_interfaces__rosidl_typesupport_cExport-noconfig.cmake
-- Installing: /home/etri/ros2_ws/install/dynamixel_interfaces/share/dynamixel_interfaces/cmake/dynamixel_interfaces__rosidl_typesupport_introspection_cppExport.cmake
-- Installing: /home/etri/ros2_ws/install/dynamixel_interfaces/share/dynamixel_interfaces/cmake/dynamixel_interfaces__rosidl_typesupport_introspection_cppExport-noconfig.cmake
-- Installing: /home/etri/ros2_ws/install/dynamixel_interfaces/share/dynamixel_interfaces/cmake/dynamixel_interfaces__rosidl_typesupport_cppExport.cmake
-- Installing: /home/etri/ros2_ws/install/dynamixel_interfaces/share/dynamixel_interfaces/cmake/dynamixel_interfaces__rosidl_typesupport_cppExport-noconfig.cmake
-- Installing: /home/etri/ros2_ws/install/dynamixel_interfaces/share/dynamixel_interfaces/cmake/export_dynamixel_interfaces__rosidl_generator_pyExport.cmake
-- Installing: /home/etri/ros2_ws/install/dynamixel_interfaces/share/dynamixel_interfaces/cmake/export_dynamixel_interfaces__rosidl_generator_pyExport-noconfig.cmake
