In file included from /home/etri/ros2_ws/open_manipulator/open_manipulator_gui/src/omy_3m/qnode.cpp:17:
/home/etri/ros2_ws/open_manipulator/open_manipulator_gui/include/omy_3m_gui/qnode.hpp:33:10: fatal error: moveit/move_group_interface/move_group_interface.hpp: 그런 파일이나 디렉터리가 없습니다
   33 | #include <moveit/move_group_interface/move_group_interface.hpp>
      |          ^~~~~~~~~~~~~~~~~~~~~~~~~~~~~~~~~~~~~~~~~~~~~~~~~~~~~~
compilation terminated.
gmake[2]: *** [CMakeFiles/omy_3m_gui_node.dir/build.make:130: CMakeFiles/omy_3m_gui_node.dir/src/omy_3m/qnode.cpp.o] 오류 1
gmake[2]: *** 끝나지 않은 작업을 기다리고 있습니다....
In file included from /home/etri/ros2_ws/build/open_manipulator_gui/include/omy_3m_gui/moc_qnode.cpp:10:
/home/etri/ros2_ws/build/open_manipulator_gui/include/omy_3m_gui/../../../../open_manipulator/open_manipulator_gui/include/omy_3m_gui/qnode.hpp:33:10: fatal error: moveit/move_group_interface/move_group_interface.hpp: 그런 파일이나 디렉터리가 없습니다
   33 | #include <moveit/move_group_interface/move_group_interface.hpp>
      |          ^~~~~~~~~~~~~~~~~~~~~~~~~~~~~~~~~~~~~~~~~~~~~~~~~~~~~~
compilation terminated.
gmake[2]: *** [CMakeFiles/omy_3m_gui_node.dir/build.make:158: CMakeFiles/omy_3m_gui_node.dir/include/omy_3m_gui/moc_qnode.cpp.o] 오류 1
In file included from /home/etri/ros2_ws/open_manipulator/open_manipulator_gui/src/open_manipulator_x/qnode.cpp:17:
/home/etri/ros2_ws/open_manipulator/open_manipulator_gui/include/open_manipulator_x_gui/qnode.hpp:33:10: fatal error: moveit/move_group_interface/move_group_interface.hpp: 그런 파일이나 디렉터리가 없습니다
   33 | #include <moveit/move_group_interface/move_group_interface.hpp>
      |          ^~~~~~~~~~~~~~~~~~~~~~~~~~~~~~~~~~~~~~~~~~~~~~~~~~~~~~
compilation terminated.
gmake[2]: *** [CMakeFiles/open_manipulator_x_gui_node.dir/build.make:130: CMakeFiles/open_manipulator_x_gui_node.dir/src/open_manipulator_x/qnode.cpp.o] 오류 1
gmake[2]: *** 끝나지 않은 작업을 기다리고 있습니다....
In file included from /home/etri/ros2_ws/build/open_manipulator_gui/include/open_manipulator_x_gui/moc_qnode.cpp:10:
/home/etri/ros2_ws/build/open_manipulator_gui/include/open_manipulator_x_gui/../../../../open_manipulator/open_manipulator_gui/include/open_manipulator_x_gui/qnode.hpp:33:10: fatal error: moveit/move_group_interface/move_group_interface.hpp: 그런 파일이나 디렉터리가 없습니다
   33 | #include <moveit/move_group_interface/move_group_interface.hpp>
      |          ^~~~~~~~~~~~~~~~~~~~~~~~~~~~~~~~~~~~~~~~~~~~~~~~~~~~~~
compilation terminated.
gmake[2]: *** [CMakeFiles/open_manipulator_x_gui_node.dir/build.make:158: CMakeFiles/open_manipulator_x_gui_node.dir/include/open_manipulator_x_gui/moc_qnode.cpp.o] 오류 1
In file included from /home/etri/ros2_ws/build/open_manipulator_gui/include/omx_f_gui/moc_qnode.cpp:10:
/home/etri/ros2_ws/build/open_manipulator_gui/include/omx_f_gui/../../../../open_manipulator/open_manipulator_gui/include/omx_f_gui/qnode.hpp:33:10: fatal error: moveit/move_group_interface/move_group_interface.hpp: 그런 파일이나 디렉터리가 없습니다
   33 | #include <moveit/move_group_interface/move_group_interface.hpp>
      |          ^~~~~~~~~~~~~~~~~~~~~~~~~~~~~~~~~~~~~~~~~~~~~~~~~~~~~~
compilation terminated.
gmake[2]: *** [CMakeFiles/omx_f_gui_node.dir/build.make:158: CMakeFiles/omx_f_gui_node.dir/include/omx_f_gui/moc_qnode.cpp.o] 오류 1
gmake[2]: *** 끝나지 않은 작업을 기다리고 있습니다....
In file included from /home/etri/ros2_ws/open_manipulator/open_manipulator_gui/src/omy_f3m/qnode.cpp:17:
/home/etri/ros2_ws/open_manipulator/open_manipulator_gui/include/omy_f3m_gui/qnode.hpp:33:10: fatal error: moveit/move_group_interface/move_group_interface.hpp: 그런 파일이나 디렉터리가 없습니다
   33 | #include <moveit/move_group_interface/move_group_interface.hpp>
      |          ^~~~~~~~~~~~~~~~~~~~~~~~~~~~~~~~~~~~~~~~~~~~~~~~~~~~~~
compilation terminated.
In file included from /home/etri/ros2_ws/open_manipulator/open_manipulator_gui/src/omx_f/qnode.cpp:17:
/home/etri/ros2_ws/open_manipulator/open_manipulator_gui/include/omx_f_gui/qnode.hpp:33:10: fatal error: moveit/move_group_interface/move_group_interface.hpp: 그런 파일이나 디렉터리가 없습니다
   33 | #include <moveit/move_group_interface/move_group_interface.hpp>
      |          ^~~~~~~~~~~~~~~~~~~~~~~~~~~~~~~~~~~~~~~~~~~~~~~~~~~~~~
compilation terminated.
gmake[2]: *** [CMakeFiles/omy_f3m_gui_node.dir/build.make:130: CMakeFiles/omy_f3m_gui_node.dir/src/omy_f3m/qnode.cpp.o] 오류 1
gmake[2]: *** 끝나지 않은 작업을 기다리고 있습니다....
gmake[2]: *** [CMakeFiles/omx_f_gui_node.dir/build.make:130: CMakeFiles/omx_f_gui_node.dir/src/omx_f/qnode.cpp.o] 오류 1
In file included from /home/etri/ros2_ws/build/open_manipulator_gui/include/omy_f3m_gui/moc_qnode.cpp:10:
/home/etri/ros2_ws/build/open_manipulator_gui/include/omy_f3m_gui/../../../../open_manipulator/open_manipulator_gui/include/omy_f3m_gui/qnode.hpp:33:10: fatal error: moveit/move_group_interface/move_group_interface.hpp: 그런 파일이나 디렉터리가 없습니다
   33 | #include <moveit/move_group_interface/move_group_interface.hpp>
      |          ^~~~~~~~~~~~~~~~~~~~~~~~~~~~~~~~~~~~~~~~~~~~~~~~~~~~~~
compilation terminated.
gmake[2]: *** [CMakeFiles/omy_f3m_gui_node.dir/build.make:158: CMakeFiles/omy_f3m_gui_node.dir/include/omy_f3m_gui/moc_qnode.cpp.o] 오류 1
In file included from /home/etri/ros2_ws/open_manipulator/open_manipulator_gui/include/../include/open_manipulator_x_gui/main_window.hpp:36,
                 from /home/etri/ros2_ws/open_manipulator/open_manipulator_gui/src/open_manipulator_x/main_window.cpp:26:
/home/etri/ros2_ws/open_manipulator/open_manipulator_gui/include/open_manipulator_x_gui/qnode.hpp:33:10: fatal error: moveit/move_group_interface/move_group_interface.hpp: 그런 파일이나 디렉터리가 없습니다
   33 | #include <moveit/move_group_interface/move_group_interface.hpp>
      |          ^~~~~~~~~~~~~~~~~~~~~~~~~~~~~~~~~~~~~~~~~~~~~~~~~~~~~~
compilation terminated.
gmake[2]: *** [CMakeFiles/open_manipulator_x_gui_node.dir/build.make:116: CMakeFiles/open_manipulator_x_gui_node.dir/src/open_manipulator_x/main_window.cpp.o] 오류 1
In file included from /home/etri/ros2_ws/build/open_manipulator_gui/include/open_manipulator_x_gui/../../../../open_manipulator/open_manipulator_gui/include/open_manipulator_x_gui/main_window.hpp:36,
                 from /home/etri/ros2_ws/build/open_manipulator_gui/include/open_manipulator_x_gui/moc_main_window.cpp:10:
/home/etri/ros2_ws/open_manipulator/open_manipulator_gui/include/open_manipulator_x_gui/qnode.hpp:33:10: fatal error: moveit/move_group_interface/move_group_interface.hpp: 그런 파일이나 디렉터리가 없습니다
   33 | #include <moveit/move_group_interface/move_group_interface.hpp>
      |          ^~~~~~~~~~~~~~~~~~~~~~~~~~~~~~~~~~~~~~~~~~~~~~~~~~~~~~
compilation terminated.
In file included from /home/etri/ros2_ws/build/open_manipulator_gui/include/omy_f3m_gui/../../../../open_manipulator/open_manipulator_gui/include/omy_f3m_gui/main_window.hpp:35,
                 from /home/etri/ros2_ws/build/open_manipulator_gui/include/omy_f3m_gui/moc_main_window.cpp:10:
/home/etri/ros2_ws/open_manipulator/open_manipulator_gui/include/omy_f3m_gui/qnode.hpp:33:10: fatal error: moveit/move_group_interface/move_group_interface.hpp: 그런 파일이나 디렉터리가 없습니다
   33 | #include <moveit/move_group_interface/move_group_interface.hpp>
      |          ^~~~~~~~~~~~~~~~~~~~~~~~~~~~~~~~~~~~~~~~~~~~~~~~~~~~~~
compilation terminated.
gmake[2]: *** [CMakeFiles/open_manipulator_x_gui_node.dir/build.make:144: CMakeFiles/open_manipulator_x_gui_node.dir/include/open_manipulator_x_gui/moc_main_window.cpp.o] 오류 1
In file included from /home/etri/ros2_ws/build/open_manipulator_gui/include/omx_f_gui/../../../../open_manipulator/open_manipulator_gui/include/omx_f_gui/main_window.hpp:36,
                 from /home/etri/ros2_ws/build/open_manipulator_gui/include/omx_f_gui/moc_main_window.cpp:10:
/home/etri/ros2_ws/open_manipulator/open_manipulator_gui/include/omx_f_gui/qnode.hpp:33:10: fatal error: moveit/move_group_interface/move_group_interface.hpp: 그런 파일이나 디렉터리가 없습니다
   33 | #include <moveit/move_group_interface/move_group_interface.hpp>
      |          ^~~~~~~~~~~~~~~~~~~~~~~~~~~~~~~~~~~~~~~~~~~~~~~~~~~~~~
compilation terminated.
gmake[2]: *** [CMakeFiles/omy_f3m_gui_node.dir/build.make:144: CMakeFiles/omy_f3m_gui_node.dir/include/omy_f3m_gui/moc_main_window.cpp.o] 오류 1
gmake[2]: *** [CMakeFiles/omx_f_gui_node.dir/build.make:144: CMakeFiles/omx_f_gui_node.dir/include/omx_f_gui/moc_main_window.cpp.o] 오류 1
In file included from /home/etri/ros2_ws/open_manipulator/open_manipulator_gui/include/../include/omy_3m_gui/main_window.hpp:35,
                 from /home/etri/ros2_ws/open_manipulator/open_manipulator_gui/src/omy_3m/main_window.cpp:26:
/home/etri/ros2_ws/open_manipulator/open_manipulator_gui/include/omy_3m_gui/qnode.hpp:33:10: fatal error: moveit/move_group_interface/move_group_interface.hpp: 그런 파일이나 디렉터리가 없습니다
   33 | #include <moveit/move_group_interface/move_group_interface.hpp>
      |          ^~~~~~~~~~~~~~~~~~~~~~~~~~~~~~~~~~~~~~~~~~~~~~~~~~~~~~
compilation terminated.
gmake[2]: *** [CMakeFiles/omy_3m_gui_node.dir/build.make:116: CMakeFiles/omy_3m_gui_node.dir/src/omy_3m/main_window.cpp.o] 오류 1
In file included from /home/etri/ros2_ws/open_manipulator/open_manipulator_gui/include/../include/omx_f_gui/main_window.hpp:36,
                 from /home/etri/ros2_ws/open_manipulator/open_manipulator_gui/src/omx_f/main_window.cpp:26:
/home/etri/ros2_ws/open_manipulator/open_manipulator_gui/include/omx_f_gui/qnode.hpp:33:10: fatal error: moveit/move_group_interface/move_group_interface.hpp: 그런 파일이나 디렉터리가 없습니다
   33 | #include <moveit/move_group_interface/move_group_interface.hpp>
      |          ^~~~~~~~~~~~~~~~~~~~~~~~~~~~~~~~~~~~~~~~~~~~~~~~~~~~~~
compilation terminated.
gmake[2]: *** [CMakeFiles/omx_f_gui_node.dir/build.make:116: CMakeFiles/omx_f_gui_node.dir/src/omx_f/main_window.cpp.o] 오류 1
In file included from /home/etri/ros2_ws/build/open_manipulator_gui/include/omy_3m_gui/../../../../open_manipulator/open_manipulator_gui/include/omy_3m_gui/main_window.hpp:35,
                 from /home/etri/ros2_ws/build/open_manipulator_gui/include/omy_3m_gui/moc_main_window.cpp:10:
/home/etri/ros2_ws/open_manipulator/open_manipulator_gui/include/omy_3m_gui/qnode.hpp:33:10: fatal error: moveit/move_group_interface/move_group_interface.hpp: 그런 파일이나 디렉터리가 없습니다
   33 | #include <moveit/move_group_interface/move_group_interface.hpp>
      |          ^~~~~~~~~~~~~~~~~~~~~~~~~~~~~~~~~~~~~~~~~~~~~~~~~~~~~~
compilation terminated.
In file included from /home/etri/ros2_ws/open_manipulator/open_manipulator_gui/include/../include/omy_f3m_gui/main_window.hpp:35,
                 from /home/etri/ros2_ws/open_manipulator/open_manipulator_gui/src/omy_f3m/main_window.cpp:26:
/home/etri/ros2_ws/open_manipulator/open_manipulator_gui/include/omy_f3m_gui/qnode.hpp:33:10: fatal error: moveit/move_group_interface/move_group_interface.hpp: 그런 파일이나 디렉터리가 없습니다
   33 | #include <moveit/move_group_interface/move_group_interface.hpp>
      |          ^~~~~~~~~~~~~~~~~~~~~~~~~~~~~~~~~~~~~~~~~~~~~~~~~~~~~~
compilation terminated.
gmake[2]: *** [CMakeFiles/omy_3m_gui_node.dir/build.make:144: CMakeFiles/omy_3m_gui_node.dir/include/omy_3m_gui/moc_main_window.cpp.o] 오류 1
gmake[2]: *** [CMakeFiles/omy_f3m_gui_node.dir/build.make:116: CMakeFiles/omy_f3m_gui_node.dir/src/omy_f3m/main_window.cpp.o] 오류 1
In file included from /home/etri/ros2_ws/open_manipulator/open_manipulator_gui/include/../include/open_manipulator_x_gui/main_window.hpp:36,
                 from /home/etri/ros2_ws/open_manipulator/open_manipulator_gui/src/open_manipulator_x/main.cpp:19:
/home/etri/ros2_ws/open_manipulator/open_manipulator_gui/include/open_manipulator_x_gui/qnode.hpp:33:10: fatal error: moveit/move_group_interface/move_group_interface.hpp: 그런 파일이나 디렉터리가 없습니다
   33 | #include <moveit/move_group_interface/move_group_interface.hpp>
      |          ^~~~~~~~~~~~~~~~~~~~~~~~~~~~~~~~~~~~~~~~~~~~~~~~~~~~~~
compilation terminated.
gmake[2]: *** [CMakeFiles/open_manipulator_x_gui_node.dir/build.make:102: CMakeFiles/open_manipulator_x_gui_node.dir/src/open_manipulator_x/main.cpp.o] 오류 1
gmake[1]: *** [CMakeFiles/Makefile2:150: CMakeFiles/open_manipulator_x_gui_node.dir/all] 오류 2
gmake[1]: *** 끝나지 않은 작업을 기다리고 있습니다....
In file included from /home/etri/ros2_ws/open_manipulator/open_manipulator_gui/include/../include/omy_3m_gui/main_window.hpp:35,
                 from /home/etri/ros2_ws/open_manipulator/open_manipulator_gui/src/omy_3m/main.cpp:19:
/home/etri/ros2_ws/open_manipulator/open_manipulator_gui/include/omy_3m_gui/qnode.hpp:33:10: fatal error: moveit/move_group_interface/move_group_interface.hpp: 그런 파일이나 디렉터리가 없습니다
   33 | #include <moveit/move_group_interface/move_group_interface.hpp>
      |          ^~~~~~~~~~~~~~~~~~~~~~~~~~~~~~~~~~~~~~~~~~~~~~~~~~~~~~
compilation terminated.
gmake[2]: *** [CMakeFiles/omy_3m_gui_node.dir/build.make:102: CMakeFiles/omy_3m_gui_node.dir/src/omy_3m/main.cpp.o] 오류 1
gmake[1]: *** [CMakeFiles/Makefile2:177: CMakeFiles/omy_3m_gui_node.dir/all] 오류 2
In file included from /home/etri/ros2_ws/open_manipulator/open_manipulator_gui/include/../include/omy_f3m_gui/main_window.hpp:35,
                 from /home/etri/ros2_ws/open_manipulator/open_manipulator_gui/src/omy_f3m/main.cpp:19:
/home/etri/ros2_ws/open_manipulator/open_manipulator_gui/include/omy_f3m_gui/qnode.hpp:33:10: fatal error: moveit/move_group_interface/move_group_interface.hpp: 그런 파일이나 디렉터리가 없습니다
   33 | #include <moveit/move_group_interface/move_group_interface.hpp>
      |          ^~~~~~~~~~~~~~~~~~~~~~~~~~~~~~~~~~~~~~~~~~~~~~~~~~~~~~
compilation terminated.
gmake[2]: *** [CMakeFiles/omy_f3m_gui_node.dir/build.make:102: CMakeFiles/omy_f3m_gui_node.dir/src/omy_f3m/main.cpp.o] 오류 1
gmake[1]: *** [CMakeFiles/Makefile2:204: CMakeFiles/omy_f3m_gui_node.dir/all] 오류 2
In file included from /home/etri/ros2_ws/open_manipulator/open_manipulator_gui/include/../include/omx_f_gui/main_window.hpp:36,
                 from /home/etri/ros2_ws/open_manipulator/open_manipulator_gui/src/omx_f/main.cpp:19:
/home/etri/ros2_ws/open_manipulator/open_manipulator_gui/include/omx_f_gui/qnode.hpp:33:10: fatal error: moveit/move_group_interface/move_group_interface.hpp: 그런 파일이나 디렉터리가 없습니다
   33 | #include <moveit/move_group_interface/move_group_interface.hpp>
      |          ^~~~~~~~~~~~~~~~~~~~~~~~~~~~~~~~~~~~~~~~~~~~~~~~~~~~~~
compilation terminated.
gmake[2]: *** [CMakeFiles/omx_f_gui_node.dir/build.make:102: CMakeFiles/omx_f_gui_node.dir/src/omx_f/main.cpp.o] 오류 1
gmake[1]: *** [CMakeFiles/Makefile2:231: CMakeFiles/omx_f_gui_node.dir/all] 오류 2
gmake: *** [Makefile:146: all] 오류 2
