[  1%] Generating ui_omy_f3m_main_window.h
[  5%] Generating ui_omx_f_main_window.h
[  5%] Generating ui_open_manipulator_x_main_window.h
[  7%] Generating ui_omy_3m_main_window.h
[  9%] Generating open_manipulator_x_gui/ui_open_manipulator_x_main_window.h
[ 13%] Generating omy_3m_gui/ui_omy_3m_main_window.h
[ 13%] Generating omx_f_gui/ui_omx_f_main_window.h
[ 15%] Generating omy_f3m_gui/ui_omy_f3m_main_window.h
[ 15%] Built target copy_ui_headers
[ 17%] Automatic MOC and UIC for target open_manipulator_x_gui_node
[ 19%] Automatic MOC and UIC for target omy_f3m_gui_node
[ 23%] Automatic MOC and UIC for target omx_f_gui_node
[ 23%] Automatic MOC and UIC for target omy_3m_gui_node
[ 23%] Built target omy_f3m_gui_node_autogen
[ 23%] Built target open_manipulator_x_gui_node_autogen
[ 23%] Built target omx_f_gui_node_autogen
[ 25%] Generating include/omy_f3m_gui/moc_qnode.cpp
[ 26%] Generating include/omy_f3m_gui/moc_main_window.cpp
[ 28%] Generating include/open_manipulator_x_gui/moc_main_window.cpp
[ 30%] Generating include/open_manipulator_x_gui/moc_qnode.cpp
[ 30%] Built target omy_3m_gui_node_autogen
[ 32%] Generating include/omx_f_gui/moc_qnode.cpp
[ 34%] Generating include/omx_f_gui/moc_main_window.cpp
[ 38%] Generating include/omy_3m_gui/moc_main_window.cpp
[ 38%] Generating include/omy_3m_gui/moc_qnode.cpp
[ 40%] Building CXX object CMakeFiles/omy_f3m_gui_node.dir/src/omy_f3m/main.cpp.o
[ 42%] Building CXX object CMakeFiles/omy_f3m_gui_node.dir/src/omy_f3m/main_window.cpp.o
[ 44%] Building CXX object CMakeFiles/omy_f3m_gui_node.dir/omy_f3m_gui_node_autogen/mocs_compilation.cpp.o
[ 48%] Building CXX object CMakeFiles/omy_f3m_gui_node.dir/include/omy_f3m_gui/moc_qnode.cpp.o
[ 48%] Building CXX object CMakeFiles/omy_f3m_gui_node.dir/include/omy_f3m_gui/moc_main_window.cpp.o
[ 50%] Building CXX object CMakeFiles/open_manipulator_x_gui_node.dir/include/open_manipulator_x_gui/moc_main_window.cpp.o
[ 51%] Building CXX object CMakeFiles/open_manipulator_x_gui_node.dir/src/open_manipulator_x/main_window.cpp.o
[ 53%] Building CXX object CMakeFiles/open_manipulator_x_gui_node.dir/src/open_manipulator_x/main.cpp.o
[ 55%] Building CXX object CMakeFiles/omy_f3m_gui_node.dir/src/omy_f3m/qnode.cpp.o
[ 57%] Building CXX object CMakeFiles/open_manipulator_x_gui_node.dir/open_manipulator_x_gui_node_autogen/mocs_compilation.cpp.o
[ 59%] Building CXX object CMakeFiles/open_manipulator_x_gui_node.dir/include/open_manipulator_x_gui/moc_qnode.cpp.o
[ 61%] Building CXX object CMakeFiles/open_manipulator_x_gui_node.dir/src/open_manipulator_x/qnode.cpp.o
[ 63%] Building CXX object CMakeFiles/omy_3m_gui_node.dir/omy_3m_gui_node_autogen/mocs_compilation.cpp.o
[ 65%] Building CXX object CMakeFiles/omx_f_gui_node.dir/omx_f_gui_node_autogen/mocs_compilation.cpp.o
[ 67%] Building CXX object CMakeFiles/omx_f_gui_node.dir/src/omx_f/main.cpp.o
[ 69%] Building CXX object CMakeFiles/omy_3m_gui_node.dir/src/omy_3m/main.cpp.o
[ 71%] Building CXX object CMakeFiles/omy_3m_gui_node.dir/src/omy_3m/qnode.cpp.o
[ 73%] Building CXX object CMakeFiles/omx_f_gui_node.dir/src/omx_f/qnode.cpp.o
[ 75%] Building CXX object CMakeFiles/omx_f_gui_node.dir/src/omx_f/main_window.cpp.o
[ 76%] Building CXX object CMakeFiles/omy_3m_gui_node.dir/src/omy_3m/main_window.cpp.o
[ 78%] Building CXX object CMakeFiles/omx_f_gui_node.dir/include/omx_f_gui/moc_qnode.cpp.o
[ 80%] Building CXX object CMakeFiles/omy_3m_gui_node.dir/include/omy_3m_gui/moc_main_window.cpp.o
[ 82%] Building CXX object CMakeFiles/omx_f_gui_node.dir/include/omx_f_gui/moc_main_window.cpp.o
[ 84%] Building CXX object CMakeFiles/omy_3m_gui_node.dir/include/omy_3m_gui/moc_qnode.cpp.o
