running egg_info
creating ../../build/open_manipulator_teleop/open_manipulator_teleop.egg-info
writing ../../build/open_manipulator_teleop/open_manipulator_teleop.egg-info/PKG-INFO
writing dependency_links to ../../build/open_manipulator_teleop/open_manipulator_teleop.egg-info/dependency_links.txt
writing entry points to ../../build/open_manipulator_teleop/open_manipulator_teleop.egg-info/entry_points.txt
writing requirements to ../../build/open_manipulator_teleop/open_manipulator_teleop.egg-info/requires.txt
writing top-level names to ../../build/open_manipulator_teleop/open_manipulator_teleop.egg-info/top_level.txt
writing manifest file '../../build/open_manipulator_teleop/open_manipulator_teleop.egg-info/SOURCES.txt'
reading manifest file '../../build/open_manipulator_teleop/open_manipulator_teleop.egg-info/SOURCES.txt'
writing manifest file '../../build/open_manipulator_teleop/open_manipulator_teleop.egg-info/SOURCES.txt'
running build
running build_py
creating /home/etri/ros2_ws/build/open_manipulator_teleop/build
creating /home/etri/ros2_ws/build/open_manipulator_teleop/build/lib
creating /home/etri/ros2_ws/build/open_manipulator_teleop/build/lib/open_manipulator_teleop
copying open_manipulator_teleop/omy_3m_teleop.py -> /home/etri/ros2_ws/build/open_manipulator_teleop/build/lib/open_manipulator_teleop
copying open_manipulator_teleop/omy_f3m_teleop.py -> /home/etri/ros2_ws/build/open_manipulator_teleop/build/lib/open_manipulator_teleop
copying open_manipulator_teleop/__init__.py -> /home/etri/ros2_ws/build/open_manipulator_teleop/build/lib/open_manipulator_teleop
copying open_manipulator_teleop/omx_f_teleop.py -> /home/etri/ros2_ws/build/open_manipulator_teleop/build/lib/open_manipulator_teleop
copying open_manipulator_teleop/open_manipulator_x_teleop.py -> /home/etri/ros2_ws/build/open_manipulator_teleop/build/lib/open_manipulator_teleop
running install
running install_lib
creating /home/etri/ros2_ws/install/open_manipulator_teleop/lib/python3.10/site-packages/open_manipulator_teleop
copying /home/etri/ros2_ws/build/open_manipulator_teleop/build/lib/open_manipulator_teleop/omy_3m_teleop.py -> /home/etri/ros2_ws/install/open_manipulator_teleop/lib/python3.10/site-packages/open_manipulator_teleop
copying /home/etri/ros2_ws/build/open_manipulator_teleop/build/lib/open_manipulator_teleop/omy_f3m_teleop.py -> /home/etri/ros2_ws/install/open_manipulator_teleop/lib/python3.10/site-packages/open_manipulator_teleop
copying /home/etri/ros2_ws/build/open_manipulator_teleop/build/lib/open_manipulator_teleop/__init__.py -> /home/etri/ros2_ws/install/open_manipulator_teleop/lib/python3.10/site-packages/open_manipulator_teleop
copying /home/etri/ros2_ws/build/open_manipulator_teleop/build/lib/open_manipulator_teleop/omx_f_teleop.py -> /home/etri/ros2_ws/install/open_manipulator_teleop/lib/python3.10/site-packages/open_manipulator_teleop
copying /home/etri/ros2_ws/build/open_manipulator_teleop/build/lib/open_manipulator_teleop/open_manipulator_x_teleop.py -> /home/etri/ros2_ws/install/open_manipulator_teleop/lib/python3.10/site-packages/open_manipulator_teleop
byte-compiling /home/etri/ros2_ws/install/open_manipulator_teleop/lib/python3.10/site-packages/open_manipulator_teleop/omy_3m_teleop.py to omy_3m_teleop.cpython-310.pyc
byte-compiling /home/etri/ros2_ws/install/open_manipulator_teleop/lib/python3.10/site-packages/open_manipulator_teleop/omy_f3m_teleop.py to omy_f3m_teleop.cpython-310.pyc
byte-compiling /home/etri/ros2_ws/install/open_manipulator_teleop/lib/python3.10/site-packages/open_manipulator_teleop/__init__.py to __init__.cpython-310.pyc
byte-compiling /home/etri/ros2_ws/install/open_manipulator_teleop/lib/python3.10/site-packages/open_manipulator_teleop/omx_f_teleop.py to omx_f_teleop.cpython-310.pyc
byte-compiling /home/etri/ros2_ws/install/open_manipulator_teleop/lib/python3.10/site-packages/open_manipulator_teleop/open_manipulator_x_teleop.py to open_manipulator_x_teleop.cpython-310.pyc
running install_data
creating /home/etri/ros2_ws/install/open_manipulator_teleop/share/ament_index
creating /home/etri/ros2_ws/install/open_manipulator_teleop/share/ament_index/resource_index
creating /home/etri/ros2_ws/install/open_manipulator_teleop/share/ament_index/resource_index/packages
copying resource/open_manipulator_teleop -> /home/etri/ros2_ws/install/open_manipulator_teleop/share/ament_index/resource_index/packages
copying package.xml -> /home/etri/ros2_ws/install/open_manipulator_teleop/share/open_manipulator_teleop
creating /home/etri/ros2_ws/install/open_manipulator_teleop/share/open_manipulator_teleop/launch
running install_egg_info
Copying ../../build/open_manipulator_teleop/open_manipulator_teleop.egg-info to /home/etri/ros2_ws/install/open_manipulator_teleop/lib/python3.10/site-packages/open_manipulator_teleop-4.1.2-py3.10.egg-info
running install_scripts
Installing omx_f_teleop script to /home/etri/ros2_ws/install/open_manipulator_teleop/lib/open_manipulator_teleop
Installing omy_3m_teleop script to /home/etri/ros2_ws/install/open_manipulator_teleop/lib/open_manipulator_teleop
Installing omy_f3m_teleop script to /home/etri/ros2_ws/install/open_manipulator_teleop/lib/open_manipulator_teleop
Installing open_manipulator_x_teleop script to /home/etri/ros2_ws/install/open_manipulator_teleop/lib/open_manipulator_teleop
writing list of installed files to '/home/etri/ros2_ws/build/open_manipulator_teleop/install.log'
