[0.295s] Invoking command in '/home/etri/ros2_ws/open_manipulator/open_manipulator_teleop': PYTHONPATH=/home/etri/ros2_ws/build/open_manipulator_teleop/prefix_override:/usr/lib/python3/dist-packages/colcon_core/task/python/colcon_distutils_commands:/home/etri/ros2_ws/install/open_manipulator_teleop/lib/python3.10/site-packages:${PYTHONPATH} /usr/bin/python3 -W ignore:setup.py install is deprecated -W ignore:easy_install command is deprecated setup.py egg_info --egg-base ../../build/open_manipulator_teleop build --build-base /home/etri/ros2_ws/build/open_manipulator_teleop/build install --record /home/etri/ros2_ws/build/open_manipulator_teleop/install.log --single-version-externally-managed install_data
[0.393s] running egg_info
[0.394s] creating ../../build/open_manipulator_teleop/open_manipulator_teleop.egg-info
[0.394s] writing ../../build/open_manipulator_teleop/open_manipulator_teleop.egg-info/PKG-INFO
[0.394s] writing dependency_links to ../../build/open_manipulator_teleop/open_manipulator_teleop.egg-info/dependency_links.txt
[0.394s] writing entry points to ../../build/open_manipulator_teleop/open_manipulator_teleop.egg-info/entry_points.txt
[0.394s] writing requirements to ../../build/open_manipulator_teleop/open_manipulator_teleop.egg-info/requires.txt
[0.394s] writing top-level names to ../../build/open_manipulator_teleop/open_manipulator_teleop.egg-info/top_level.txt
[0.394s] writing manifest file '../../build/open_manipulator_teleop/open_manipulator_teleop.egg-info/SOURCES.txt'
[0.394s] reading manifest file '../../build/open_manipulator_teleop/open_manipulator_teleop.egg-info/SOURCES.txt'
[0.395s] writing manifest file '../../build/open_manipulator_teleop/open_manipulator_teleop.egg-info/SOURCES.txt'
[0.395s] running build
[0.395s] running build_py
[0.395s] creating /home/etri/ros2_ws/build/open_manipulator_teleop/build
[0.395s] creating /home/etri/ros2_ws/build/open_manipulator_teleop/build/lib
[0.395s] creating /home/etri/ros2_ws/build/open_manipulator_teleop/build/lib/open_manipulator_teleop
[0.395s] copying open_manipulator_teleop/omy_3m_teleop.py -> /home/etri/ros2_ws/build/open_manipulator_teleop/build/lib/open_manipulator_teleop
[0.395s] copying open_manipulator_teleop/omy_f3m_teleop.py -> /home/etri/ros2_ws/build/open_manipulator_teleop/build/lib/open_manipulator_teleop
[0.395s] copying open_manipulator_teleop/__init__.py -> /home/etri/ros2_ws/build/open_manipulator_teleop/build/lib/open_manipulator_teleop
[0.395s] copying open_manipulator_teleop/omx_f_teleop.py -> /home/etri/ros2_ws/build/open_manipulator_teleop/build/lib/open_manipulator_teleop
[0.395s] copying open_manipulator_teleop/open_manipulator_x_teleop.py -> /home/etri/ros2_ws/build/open_manipulator_teleop/build/lib/open_manipulator_teleop
[0.395s] running install
[0.395s] running install_lib
[0.396s] creating /home/etri/ros2_ws/install/open_manipulator_teleop/lib/python3.10/site-packages/open_manipulator_teleop
[0.396s] copying /home/etri/ros2_ws/build/open_manipulator_teleop/build/lib/open_manipulator_teleop/omy_3m_teleop.py -> /home/etri/ros2_ws/install/open_manipulator_teleop/lib/python3.10/site-packages/open_manipulator_teleop
[0.396s] copying /home/etri/ros2_ws/build/open_manipulator_teleop/build/lib/open_manipulator_teleop/omy_f3m_teleop.py -> /home/etri/ros2_ws/install/open_manipulator_teleop/lib/python3.10/site-packages/open_manipulator_teleop
[0.396s] copying /home/etri/ros2_ws/build/open_manipulator_teleop/build/lib/open_manipulator_teleop/__init__.py -> /home/etri/ros2_ws/install/open_manipulator_teleop/lib/python3.10/site-packages/open_manipulator_teleop
[0.396s] copying /home/etri/ros2_ws/build/open_manipulator_teleop/build/lib/open_manipulator_teleop/omx_f_teleop.py -> /home/etri/ros2_ws/install/open_manipulator_teleop/lib/python3.10/site-packages/open_manipulator_teleop
[0.396s] copying /home/etri/ros2_ws/build/open_manipulator_teleop/build/lib/open_manipulator_teleop/open_manipulator_x_teleop.py -> /home/etri/ros2_ws/install/open_manipulator_teleop/lib/python3.10/site-packages/open_manipulator_teleop
[0.396s] byte-compiling /home/etri/ros2_ws/install/open_manipulator_teleop/lib/python3.10/site-packages/open_manipulator_teleop/omy_3m_teleop.py to omy_3m_teleop.cpython-310.pyc
[0.397s] byte-compiling /home/etri/ros2_ws/install/open_manipulator_teleop/lib/python3.10/site-packages/open_manipulator_teleop/omy_f3m_teleop.py to omy_f3m_teleop.cpython-310.pyc
[0.397s] byte-compiling /home/etri/ros2_ws/install/open_manipulator_teleop/lib/python3.10/site-packages/open_manipulator_teleop/__init__.py to __init__.cpython-310.pyc
[0.397s] byte-compiling /home/etri/ros2_ws/install/open_manipulator_teleop/lib/python3.10/site-packages/open_manipulator_teleop/omx_f_teleop.py to omx_f_teleop.cpython-310.pyc
[0.399s] byte-compiling /home/etri/ros2_ws/install/open_manipulator_teleop/lib/python3.10/site-packages/open_manipulator_teleop/open_manipulator_x_teleop.py to open_manipulator_x_teleop.cpython-310.pyc
[0.399s] running install_data
[0.399s] creating /home/etri/ros2_ws/install/open_manipulator_teleop/share/ament_index
[0.399s] creating /home/etri/ros2_ws/install/open_manipulator_teleop/share/ament_index/resource_index
[0.399s] creating /home/etri/ros2_ws/install/open_manipulator_teleop/share/ament_index/resource_index/packages
[0.399s] copying resource/open_manipulator_teleop -> /home/etri/ros2_ws/install/open_manipulator_teleop/share/ament_index/resource_index/packages
[0.399s] copying package.xml -> /home/etri/ros2_ws/install/open_manipulator_teleop/share/open_manipulator_teleop
[0.399s] creating /home/etri/ros2_ws/install/open_manipulator_teleop/share/open_manipulator_teleop/launch
[0.399s] running install_egg_info
[0.400s] Copying ../../build/open_manipulator_teleop/open_manipulator_teleop.egg-info to /home/etri/ros2_ws/install/open_manipulator_teleop/lib/python3.10/site-packages/open_manipulator_teleop-4.1.2-py3.10.egg-info
[0.400s] running install_scripts
[0.409s] Installing omx_f_teleop script to /home/etri/ros2_ws/install/open_manipulator_teleop/lib/open_manipulator_teleop
[0.409s] Installing omy_3m_teleop script to /home/etri/ros2_ws/install/open_manipulator_teleop/lib/open_manipulator_teleop
[0.410s] Installing omy_f3m_teleop script to /home/etri/ros2_ws/install/open_manipulator_teleop/lib/open_manipulator_teleop
[0.410s] Installing open_manipulator_x_teleop script to /home/etri/ros2_ws/install/open_manipulator_teleop/lib/open_manipulator_teleop
[0.410s] writing list of installed files to '/home/etri/ros2_ws/build/open_manipulator_teleop/install.log'
[0.425s] Invoked command in '/home/etri/ros2_ws/open_manipulator/open_manipulator_teleop' returned '0': PYTHONPATH=/home/etri/ros2_ws/build/open_manipulator_teleop/prefix_override:/usr/lib/python3/dist-packages/colcon_core/task/python/colcon_distutils_commands:/home/etri/ros2_ws/install/open_manipulator_teleop/lib/python3.10/site-packages:${PYTHONPATH} /usr/bin/python3 -W ignore:setup.py install is deprecated -W ignore:easy_install command is deprecated setup.py egg_info --egg-base ../../build/open_manipulator_teleop build --build-base /home/etri/ros2_ws/build/open_manipulator_teleop/build install --record /home/etri/ros2_ws/build/open_manipulator_teleop/install.log --single-version-externally-managed install_data
