[0.005s] Invoking command in '/home/etri/ros2_ws/build/open_manipulator_moveit_config': CMAKE_PREFIX_PATH=${CMAKE_PREFIX_PATH}:/home/etri/ros2_ws/install/open_manipulator_teleop:/home/etri/ros2_ws/install/open_manipulator_bringup:/opt/ros/humble /usr/bin/cmake /home/etri/ros2_ws/open_manipulator/open_manipulator_moveit_config -DCMAKE_INSTALL_PREFIX=/home/etri/ros2_ws/install/open_manipulator_moveit_config
[0.035s] -- The C compiler identification is GNU 11.4.0
[0.078s] -- The CXX compiler identification is GNU 11.4.0
[0.081s] -- Detecting C compiler ABI info
[0.117s] -- Detecting C compiler ABI info - done
[0.120s] -- Check for working C compiler: /usr/bin/cc - skipped
[0.120s] -- Detecting C compile features
[0.121s] -- Detecting C compile features - done
[0.124s] -- Detecting CXX compiler ABI info
[0.169s] -- Detecting CXX compiler ABI info - done
[0.174s] -- Check for working CXX compiler: /usr/bin/c++ - skipped
[0.174s] -- Detecting CXX compile features
[0.174s] -- Detecting CXX compile features - done
[0.175s] -- Found ament_cmake: 1.3.12 (/opt/ros/humble/share/ament_cmake/cmake)
[0.257s] -- Found Python3: /usr/bin/python3 (found version "3.10.12") found components: Interpreter 
[0.364s] -- Configuring done
[0.365s] -- Generating done
[0.367s] -- Build files have been written to: /home/etri/ros2_ws/build/open_manipulator_moveit_config
[0.369s] Invoked command in '/home/etri/ros2_ws/build/open_manipulator_moveit_config' returned '0': CMAKE_PREFIX_PATH=${CMAKE_PREFIX_PATH}:/home/etri/ros2_ws/install/open_manipulator_teleop:/home/etri/ros2_ws/install/open_manipulator_bringup:/opt/ros/humble /usr/bin/cmake /home/etri/ros2_ws/open_manipulator/open_manipulator_moveit_config -DCMAKE_INSTALL_PREFIX=/home/etri/ros2_ws/install/open_manipulator_moveit_config
[0.371s] Invoking command in '/home/etri/ros2_ws/build/open_manipulator_moveit_config': CMAKE_PREFIX_PATH=${CMAKE_PREFIX_PATH}:/home/etri/ros2_ws/install/open_manipulator_teleop:/home/etri/ros2_ws/install/open_manipulator_bringup:/opt/ros/humble /usr/bin/cmake --build /home/etri/ros2_ws/build/open_manipulator_moveit_config -- -j24 -l24
[0.396s] Invoked command in '/home/etri/ros2_ws/build/open_manipulator_moveit_config' returned '0': CMAKE_PREFIX_PATH=${CMAKE_PREFIX_PATH}:/home/etri/ros2_ws/install/open_manipulator_teleop:/home/etri/ros2_ws/install/open_manipulator_bringup:/opt/ros/humble /usr/bin/cmake --build /home/etri/ros2_ws/build/open_manipulator_moveit_config -- -j24 -l24
[0.397s] Invoking command in '/home/etri/ros2_ws/build/open_manipulator_moveit_config': CMAKE_PREFIX_PATH=${CMAKE_PREFIX_PATH}:/home/etri/ros2_ws/install/open_manipulator_teleop:/home/etri/ros2_ws/install/open_manipulator_bringup:/opt/ros/humble /usr/bin/cmake --install /home/etri/ros2_ws/build/open_manipulator_moveit_config
[0.400s] -- Install configuration: ""
[0.400s] -- Installing: /home/etri/ros2_ws/install/open_manipulator_moveit_config/share/open_manipulator_moveit_config/launch
[0.400s] -- Installing: /home/etri/ros2_ws/install/open_manipulator_moveit_config/share/open_manipulator_moveit_config/launch/omy_3m_moveit.launch.py
[0.401s] -- Installing: /home/etri/ros2_ws/install/open_manipulator_moveit_config/share/open_manipulator_moveit_config/launch/open_manipulator_x_moveit.launch.py
[0.401s] -- Installing: /home/etri/ros2_ws/install/open_manipulator_moveit_config/share/open_manipulator_moveit_config/launch/omx_f_moveit.launch.py
[0.401s] -- Installing: /home/etri/ros2_ws/install/open_manipulator_moveit_config/share/open_manipulator_moveit_config/launch/omy_f3m_moveit.launch.py
[0.401s] -- Installing: /home/etri/ros2_ws/install/open_manipulator_moveit_config/share/open_manipulator_moveit_config/config
[0.401s] -- Installing: /home/etri/ros2_ws/install/open_manipulator_moveit_config/share/open_manipulator_moveit_config/config/pilz_industrial_motion_planner_planning.yaml
[0.401s] -- Installing: /home/etri/ros2_ws/install/open_manipulator_moveit_config/share/open_manipulator_moveit_config/config/open_manipulator_x
[0.401s] -- Installing: /home/etri/ros2_ws/install/open_manipulator_moveit_config/share/open_manipulator_moveit_config/config/open_manipulator_x/kinematics.yaml
[0.401s] -- Installing: /home/etri/ros2_ws/install/open_manipulator_moveit_config/share/open_manipulator_moveit_config/config/open_manipulator_x/joint_limits.yaml
[0.401s] -- Installing: /home/etri/ros2_ws/install/open_manipulator_moveit_config/share/open_manipulator_moveit_config/config/open_manipulator_x/open_manipulator_x.srdf
[0.401s] -- Installing: /home/etri/ros2_ws/install/open_manipulator_moveit_config/share/open_manipulator_moveit_config/config/open_manipulator_x/moveit_controllers.yaml
[0.401s] -- Installing: /home/etri/ros2_ws/install/open_manipulator_moveit_config/share/open_manipulator_moveit_config/config/kinematics.yaml
[0.401s] -- Installing: /home/etri/ros2_ws/install/open_manipulator_moveit_config/share/open_manipulator_moveit_config/config/chomp_planning.yaml
[0.401s] -- Installing: /home/etri/ros2_ws/install/open_manipulator_moveit_config/share/open_manipulator_moveit_config/config/omy_3m
[0.401s] -- Installing: /home/etri/ros2_ws/install/open_manipulator_moveit_config/share/open_manipulator_moveit_config/config/omy_3m/joint_limits.yaml
[0.401s] -- Installing: /home/etri/ros2_ws/install/open_manipulator_moveit_config/share/open_manipulator_moveit_config/config/omy_3m/omy_3m.srdf
[0.401s] -- Installing: /home/etri/ros2_ws/install/open_manipulator_moveit_config/share/open_manipulator_moveit_config/config/omy_3m/moveit_controllers.yaml
[0.401s] -- Installing: /home/etri/ros2_ws/install/open_manipulator_moveit_config/share/open_manipulator_moveit_config/config/pilz_cartesian_limits.yaml
[0.401s] -- Installing: /home/etri/ros2_ws/install/open_manipulator_moveit_config/share/open_manipulator_moveit_config/config/omx_f
[0.401s] -- Installing: /home/etri/ros2_ws/install/open_manipulator_moveit_config/share/open_manipulator_moveit_config/config/omx_f/omx_f.srdf
[0.401s] -- Installing: /home/etri/ros2_ws/install/open_manipulator_moveit_config/share/open_manipulator_moveit_config/config/omx_f/kinematics.yaml
[0.402s] -- Installing: /home/etri/ros2_ws/install/open_manipulator_moveit_config/share/open_manipulator_moveit_config/config/omx_f/joint_limits.yaml
[0.402s] -- Installing: /home/etri/ros2_ws/install/open_manipulator_moveit_config/share/open_manipulator_moveit_config/config/omx_f/moveit_controllers.yaml
[0.402s] -- Installing: /home/etri/ros2_ws/install/open_manipulator_moveit_config/share/open_manipulator_moveit_config/config/ompl_planning.yaml
[0.402s] -- Installing: /home/etri/ros2_ws/install/open_manipulator_moveit_config/share/open_manipulator_moveit_config/config/moveit.rviz
[0.402s] -- Installing: /home/etri/ros2_ws/install/open_manipulator_moveit_config/share/open_manipulator_moveit_config/config/omy_f3m
[0.402s] -- Installing: /home/etri/ros2_ws/install/open_manipulator_moveit_config/share/open_manipulator_moveit_config/config/omy_f3m/joint_limits.yaml
[0.402s] -- Installing: /home/etri/ros2_ws/install/open_manipulator_moveit_config/share/open_manipulator_moveit_config/config/omy_f3m/moveit_controllers.yaml
[0.402s] -- Installing: /home/etri/ros2_ws/install/open_manipulator_moveit_config/share/open_manipulator_moveit_config/config/omy_f3m/omy_f3m.srdf
[0.402s] -- Installing: /home/etri/ros2_ws/install/open_manipulator_moveit_config/share/ament_index/resource_index/package_run_dependencies/open_manipulator_moveit_config
[0.402s] -- Installing: /home/etri/ros2_ws/install/open_manipulator_moveit_config/share/ament_index/resource_index/parent_prefix_path/open_manipulator_moveit_config
[0.402s] -- Installing: /home/etri/ros2_ws/install/open_manipulator_moveit_config/share/open_manipulator_moveit_config/environment/ament_prefix_path.sh
[0.402s] -- Installing: /home/etri/ros2_ws/install/open_manipulator_moveit_config/share/open_manipulator_moveit_config/environment/ament_prefix_path.dsv
[0.402s] -- Installing: /home/etri/ros2_ws/install/open_manipulator_moveit_config/share/open_manipulator_moveit_config/environment/path.sh
[0.402s] -- Installing: /home/etri/ros2_ws/install/open_manipulator_moveit_config/share/open_manipulator_moveit_config/environment/path.dsv
[0.402s] -- Installing: /home/etri/ros2_ws/install/open_manipulator_moveit_config/share/open_manipulator_moveit_config/local_setup.bash
[0.402s] -- Installing: /home/etri/ros2_ws/install/open_manipulator_moveit_config/share/open_manipulator_moveit_config/local_setup.sh
[0.402s] -- Installing: /home/etri/ros2_ws/install/open_manipulator_moveit_config/share/open_manipulator_moveit_config/local_setup.zsh
[0.402s] -- Installing: /home/etri/ros2_ws/install/open_manipulator_moveit_config/share/open_manipulator_moveit_config/local_setup.dsv
[0.402s] -- Installing: /home/etri/ros2_ws/install/open_manipulator_moveit_config/share/open_manipulator_moveit_config/package.dsv
[0.402s] -- Installing: /home/etri/ros2_ws/install/open_manipulator_moveit_config/share/ament_index/resource_index/packages/open_manipulator_moveit_config
[0.402s] -- Installing: /home/etri/ros2_ws/install/open_manipulator_moveit_config/share/open_manipulator_moveit_config/cmake/open_manipulator_moveit_configConfig.cmake
[0.402s] -- Installing: /home/etri/ros2_ws/install/open_manipulator_moveit_config/share/open_manipulator_moveit_config/cmake/open_manipulator_moveit_configConfig-version.cmake
[0.402s] -- Installing: /home/etri/ros2_ws/install/open_manipulator_moveit_config/share/open_manipulator_moveit_config/package.xml
[0.404s] Invoked command in '/home/etri/ros2_ws/build/open_manipulator_moveit_config' returned '0': CMAKE_PREFIX_PATH=${CMAKE_PREFIX_PATH}:/home/etri/ros2_ws/install/open_manipulator_teleop:/home/etri/ros2_ws/install/open_manipulator_bringup:/opt/ros/humble /usr/bin/cmake --install /home/etri/ros2_ws/build/open_manipulator_moveit_config
