/home/etri/ros2_ws/install/open_manipulator_bringup/lib/python3.10/site-packages/open_manipulator_bringup/__init__.py
/home/etri/ros2_ws/install/open_manipulator_bringup/lib/python3.10/site-packages/open_manipulator_bringup/joint_trajectory_executor.py
/home/etri/ros2_ws/install/open_manipulator_bringup/lib/python3.10/site-packages/open_manipulator_bringup/om_create_udev_rules.py
/home/etri/ros2_ws/install/open_manipulator_bringup/lib/python3.10/site-packages/open_manipulator_bringup/__pycache__/__init__.cpython-310.pyc
/home/etri/ros2_ws/install/open_manipulator_bringup/lib/python3.10/site-packages/open_manipulator_bringup/__pycache__/joint_trajectory_executor.cpython-310.pyc
/home/etri/ros2_ws/install/open_manipulator_bringup/lib/python3.10/site-packages/open_manipulator_bringup/__pycache__/om_create_udev_rules.cpython-310.pyc
/home/etri/ros2_ws/install/open_manipulator_bringup/share/ament_index/resource_index/packages/open_manipulator_bringup
/home/etri/ros2_ws/install/open_manipulator_bringup/share/open_manipulator_bringup/package.xml
/home/etri/ros2_ws/install/open_manipulator_bringup/share/open_manipulator_bringup/launch/omx_ai.launch.py
/home/etri/ros2_ws/install/open_manipulator_bringup/share/open_manipulator_bringup/launch/omy_f3m_follower_ai.launch.py
/home/etri/ros2_ws/install/open_manipulator_bringup/share/open_manipulator_bringup/launch/omy_f3m_gazebo.launch.py
/home/etri/ros2_ws/install/open_manipulator_bringup/share/open_manipulator_bringup/launch/camera_usb_cam.launch.py
/home/etri/ros2_ws/install/open_manipulator_bringup/share/open_manipulator_bringup/launch/omx_f_follower_ai.launch.py
/home/etri/ros2_ws/install/open_manipulator_bringup/share/open_manipulator_bringup/launch/camera_realsense.launch.py
/home/etri/ros2_ws/install/open_manipulator_bringup/share/open_manipulator_bringup/launch/omy_f3m_leader_ai.launch.py
/home/etri/ros2_ws/install/open_manipulator_bringup/share/open_manipulator_bringup/launch/omx_f_gazebo.launch.py
/home/etri/ros2_ws/install/open_manipulator_bringup/share/open_manipulator_bringup/launch/omy_l100_follower_ai.launch.py
/home/etri/ros2_ws/install/open_manipulator_bringup/share/open_manipulator_bringup/launch/omy_3m_gazebo.launch.py
/home/etri/ros2_ws/install/open_manipulator_bringup/share/open_manipulator_bringup/launch/omx_f_follower_ai_gazebo.launch.py
/home/etri/ros2_ws/install/open_manipulator_bringup/share/open_manipulator_bringup/launch/omx_l_leader_ai.launch.py
/home/etri/ros2_ws/install/open_manipulator_bringup/share/open_manipulator_bringup/launch/omy_f3m_follower_ai_gazebo.launch.py
/home/etri/ros2_ws/install/open_manipulator_bringup/share/open_manipulator_bringup/launch/omy_3m_pack.launch.py
/home/etri/ros2_ws/install/open_manipulator_bringup/share/open_manipulator_bringup/launch/omy_ai_reverse.launch.py
/home/etri/ros2_ws/install/open_manipulator_bringup/share/open_manipulator_bringup/launch/open_manipulator_x.launch.py
/home/etri/ros2_ws/install/open_manipulator_bringup/share/open_manipulator_bringup/launch/open_manipulator_x_gazebo.launch.py
/home/etri/ros2_ws/install/open_manipulator_bringup/share/open_manipulator_bringup/launch/omx_f.launch.py
/home/etri/ros2_ws/install/open_manipulator_bringup/share/open_manipulator_bringup/launch/omy_f3m.launch.py
/home/etri/ros2_ws/install/open_manipulator_bringup/share/open_manipulator_bringup/launch/omy_3m.launch.py
/home/etri/ros2_ws/install/open_manipulator_bringup/share/open_manipulator_bringup/launch/omy_l100_leader_ai.launch.py
/home/etri/ros2_ws/install/open_manipulator_bringup/share/open_manipulator_bringup/launch/omy_ai.launch.py
/home/etri/ros2_ws/install/open_manipulator_bringup/share/open_manipulator_bringup/launch/omy_3m_unpack.launch.py
/home/etri/ros2_ws/install/open_manipulator_bringup/share/open_manipulator_bringup/config/open_manipulator_x/initial_positions.yaml
/home/etri/ros2_ws/install/open_manipulator_bringup/share/open_manipulator_bringup/config/open_manipulator_x/hardware_controller_manager.yaml
/home/etri/ros2_ws/install/open_manipulator_bringup/share/open_manipulator_bringup/config/omy_3m/qc_positions.yaml
/home/etri/ros2_ws/install/open_manipulator_bringup/share/open_manipulator_bringup/config/omy_3m/initial_positions.yaml
/home/etri/ros2_ws/install/open_manipulator_bringup/share/open_manipulator_bringup/config/omy_3m/pack_positions.yaml
/home/etri/ros2_ws/install/open_manipulator_bringup/share/open_manipulator_bringup/config/omy_3m/hardware_controller_manager.yaml
/home/etri/ros2_ws/install/open_manipulator_bringup/share/open_manipulator_bringup/config/omy_f3m/initial_positions.yaml
/home/etri/ros2_ws/install/open_manipulator_bringup/share/open_manipulator_bringup/config/omy_f3m/hardware_controller_manager.yaml
/home/etri/ros2_ws/install/open_manipulator_bringup/share/open_manipulator_bringup/config/omy_f3m_follower_ai/qc_positions.yaml
/home/etri/ros2_ws/install/open_manipulator_bringup/share/open_manipulator_bringup/config/omy_f3m_follower_ai/initial_positions.yaml
/home/etri/ros2_ws/install/open_manipulator_bringup/share/open_manipulator_bringup/config/omy_f3m_follower_ai/hardware_controller_manager.yaml
/home/etri/ros2_ws/install/open_manipulator_bringup/share/open_manipulator_bringup/config/omy_f3m_leader_ai/hardware_controller_manager.yaml
/home/etri/ros2_ws/install/open_manipulator_bringup/share/open_manipulator_bringup/config/omy_l100_follower_ai/initial_positions.yaml
/home/etri/ros2_ws/install/open_manipulator_bringup/share/open_manipulator_bringup/config/omy_l100_follower_ai/hardware_controller_manager.yaml
/home/etri/ros2_ws/install/open_manipulator_bringup/share/open_manipulator_bringup/config/omy_l100_leader_ai/hardware_controller_manager.yaml
/home/etri/ros2_ws/install/open_manipulator_bringup/share/open_manipulator_bringup/config/omx_f/initial_positions.yaml
/home/etri/ros2_ws/install/open_manipulator_bringup/share/open_manipulator_bringup/config/omx_f/hardware_controller_manager.yaml
/home/etri/ros2_ws/install/open_manipulator_bringup/share/open_manipulator_bringup/config/omx_f_follower_ai/initial_positions.yaml
/home/etri/ros2_ws/install/open_manipulator_bringup/share/open_manipulator_bringup/config/omx_f_follower_ai/hardware_controller_manager.yaml
/home/etri/ros2_ws/install/open_manipulator_bringup/share/open_manipulator_bringup/config/omx_l_leader_ai/hardware_controller_manager.yaml
/home/etri/ros2_ws/install/open_manipulator_bringup/share/open_manipulator_bringup/worlds/empty_world.sdf
/home/etri/ros2_ws/install/open_manipulator_bringup/share/open_manipulator_bringup/open-manipulator-cdc.rules
/home/etri/ros2_ws/install/open_manipulator_bringup/lib/python3.10/site-packages/open_manipulator_bringup-4.1.2-py3.10.egg-info/SOURCES.txt
/home/etri/ros2_ws/install/open_manipulator_bringup/lib/python3.10/site-packages/open_manipulator_bringup-4.1.2-py3.10.egg-info/PKG-INFO
/home/etri/ros2_ws/install/open_manipulator_bringup/lib/python3.10/site-packages/open_manipulator_bringup-4.1.2-py3.10.egg-info/top_level.txt
/home/etri/ros2_ws/install/open_manipulator_bringup/lib/python3.10/site-packages/open_manipulator_bringup-4.1.2-py3.10.egg-info/entry_points.txt
/home/etri/ros2_ws/install/open_manipulator_bringup/lib/python3.10/site-packages/open_manipulator_bringup-4.1.2-py3.10.egg-info/zip-safe
/home/etri/ros2_ws/install/open_manipulator_bringup/lib/python3.10/site-packages/open_manipulator_bringup-4.1.2-py3.10.egg-info/requires.txt
/home/etri/ros2_ws/install/open_manipulator_bringup/lib/python3.10/site-packages/open_manipulator_bringup-4.1.2-py3.10.egg-info/dependency_links.txt
/home/etri/ros2_ws/install/open_manipulator_bringup/lib/open_manipulator_bringup/joint_trajectory_executor
/home/etri/ros2_ws/install/open_manipulator_bringup/lib/open_manipulator_bringup/om_create_udev_rules
