[0.008s] Invoking command in '/home/etri/ros2_ws/build/dynamixel_interfaces': CMAKE_PREFIX_PATH=/opt/ros/humble /usr/bin/cmake --build /home/etri/ros2_ws/build/dynamixel_interfaces -- -j24 -l24
[0.032s] [35m[1mConsolidate compiler generated dependencies of target dynamixel_interfaces__rosidl_generator_c[0m
[0.034s] [  1%] Built target dynamixel_interfaces__cpp
[0.040s] [  1%] Built target ament_cmake_python_symlink_dynamixel_interfaces
[0.041s] [35m[1mConsolidate compiler generated dependencies of target dynamixel_interfaces__rosidl_typesupport_cpp[0m
[0.041s] [35m[1mConsolidate compiler generated dependencies of target dynamixel_interfaces__rosidl_typesupport_fastrtps_cpp[0m
[0.041s] [35m[1mConsolidate compiler generated dependencies of target dynamixel_interfaces__rosidl_typesupport_introspection_cpp[0m
[0.045s] [  3%] [32mBuilding C object CMakeFiles/dynamixel_interfaces__rosidl_generator_c.dir/rosidl_generator_c/dynamixel_interfaces/msg/detail/dynamixel_state__functions.c.o[0m
[0.045s] [  5%] [32mBuilding C object CMakeFiles/dynamixel_interfaces__rosidl_generator_c.dir/rosidl_generator_c/dynamixel_interfaces/srv/detail/get_data_from_dxl__functions.c.o[0m
[0.046s] [  7%] [32mBuilding C object CMakeFiles/dynamixel_interfaces__rosidl_generator_c.dir/rosidl_generator_c/dynamixel_interfaces/srv/detail/reboot_dxl__functions.c.o[0m
[0.046s] [  9%] [32mBuilding C object CMakeFiles/dynamixel_interfaces__rosidl_generator_c.dir/rosidl_generator_c/dynamixel_interfaces/srv/detail/set_data_to_dxl__functions.c.o[0m
[0.052s] [ 14%] [32mBuilding CXX object CMakeFiles/dynamixel_interfaces__rosidl_typesupport_fastrtps_cpp.dir/rosidl_typesupport_fastrtps_cpp/dynamixel_interfaces/srv/detail/dds_fastrtps/get_data_from_dxl__type_support.cpp.o[0m
[0.052s] [ 14%] [32mBuilding CXX object CMakeFiles/dynamixel_interfaces__rosidl_typesupport_cpp.dir/rosidl_typesupport_cpp/dynamixel_interfaces/srv/get_data_from_dxl__type_support.cpp.o[0m
[0.052s] [ 14%] [32mBuilding CXX object CMakeFiles/dynamixel_interfaces__rosidl_typesupport_cpp.dir/rosidl_typesupport_cpp/dynamixel_interfaces/srv/set_data_to_dxl__type_support.cpp.o[0m
[0.052s] [ 16%] [32mBuilding CXX object CMakeFiles/dynamixel_interfaces__rosidl_typesupport_cpp.dir/rosidl_typesupport_cpp/dynamixel_interfaces/srv/reboot_dxl__type_support.cpp.o[0m
[0.052s] [ 20%] [32mBuilding CXX object CMakeFiles/dynamixel_interfaces__rosidl_typesupport_introspection_cpp.dir/rosidl_typesupport_introspection_cpp/dynamixel_interfaces/msg/detail/dynamixel_state__type_support.cpp.o[0m
[0.052s] [ 20%] [32mBuilding CXX object CMakeFiles/dynamixel_interfaces__rosidl_typesupport_cpp.dir/rosidl_typesupport_cpp/dynamixel_interfaces/msg/dynamixel_state__type_support.cpp.o[0m
[0.052s] [ 21%] [32mBuilding CXX object CMakeFiles/dynamixel_interfaces__rosidl_typesupport_fastrtps_cpp.dir/rosidl_typesupport_fastrtps_cpp/dynamixel_interfaces/srv/detail/dds_fastrtps/set_data_to_dxl__type_support.cpp.o[0m
[0.052s] [ 25%] [32mBuilding CXX object CMakeFiles/dynamixel_interfaces__rosidl_typesupport_fastrtps_cpp.dir/rosidl_typesupport_fastrtps_cpp/dynamixel_interfaces/srv/detail/dds_fastrtps/reboot_dxl__type_support.cpp.o[0m
[0.052s] [ 25%] [32mBuilding CXX object CMakeFiles/dynamixel_interfaces__rosidl_typesupport_fastrtps_cpp.dir/rosidl_typesupport_fastrtps_cpp/dynamixel_interfaces/msg/detail/dds_fastrtps/dynamixel_state__type_support.cpp.o[0m
[0.057s] [ 27%] [32mBuilding CXX object CMakeFiles/dynamixel_interfaces__rosidl_typesupport_introspection_cpp.dir/rosidl_typesupport_introspection_cpp/dynamixel_interfaces/srv/detail/set_data_to_dxl__type_support.cpp.o[0m
[0.057s] [ 29%] [32mBuilding CXX object CMakeFiles/dynamixel_interfaces__rosidl_typesupport_introspection_cpp.dir/rosidl_typesupport_introspection_cpp/dynamixel_interfaces/srv/detail/get_data_from_dxl__type_support.cpp.o[0m
[0.057s] [ 30%] [32mBuilding CXX object CMakeFiles/dynamixel_interfaces__rosidl_typesupport_introspection_cpp.dir/rosidl_typesupport_introspection_cpp/dynamixel_interfaces/srv/detail/reboot_dxl__type_support.cpp.o[0m
[0.138s] [ 32%] [32m[1mLinking C shared library libdynamixel_interfaces__rosidl_generator_c.so[0m
[0.144s] running egg_info
[0.144s] writing dynamixel_interfaces.egg-info/PKG-INFO
[0.144s] writing dependency_links to dynamixel_interfaces.egg-info/dependency_links.txt
[0.145s] writing top-level names to dynamixel_interfaces.egg-info/top_level.txt
[0.147s] reading manifest file 'dynamixel_interfaces.egg-info/SOURCES.txt'
[0.147s] writing manifest file 'dynamixel_interfaces.egg-info/SOURCES.txt'
[0.169s] [ 34%] Built target dynamixel_interfaces__rosidl_generator_c
[0.169s] [ 34%] Built target ament_cmake_python_build_dynamixel_interfaces_egg
[0.176s] [35m[1mConsolidate compiler generated dependencies of target dynamixel_interfaces__rosidl_typesupport_fastrtps_c[0m
[0.176s] [35m[1mConsolidate compiler generated dependencies of target dynamixel_interfaces__rosidl_typesupport_c[0m
[0.176s] [35m[1mConsolidate compiler generated dependencies of target dynamixel_interfaces__rosidl_typesupport_introspection_c[0m
[0.184s] [ 43%] [32mBuilding CXX object CMakeFiles/dynamixel_interfaces__rosidl_typesupport_fastrtps_c.dir/rosidl_typesupport_fastrtps_c/dynamixel_interfaces/srv/detail/get_data_from_dxl__type_support_c.cpp.o[0m
[0.185s] [ 43%] [32mBuilding CXX object CMakeFiles/dynamixel_interfaces__rosidl_typesupport_c.dir/rosidl_typesupport_c/dynamixel_interfaces/srv/get_data_from_dxl__type_support.cpp.o[0m
[0.185s] [ 43%] [32mBuilding C object CMakeFiles/dynamixel_interfaces__rosidl_typesupport_introspection_c.dir/rosidl_typesupport_introspection_c/dynamixel_interfaces/srv/detail/get_data_from_dxl__type_support.c.o[0m
[0.185s] [ 43%] [32mBuilding CXX object CMakeFiles/dynamixel_interfaces__rosidl_typesupport_fastrtps_c.dir/rosidl_typesupport_fastrtps_c/dynamixel_interfaces/msg/detail/dynamixel_state__type_support_c.cpp.o[0m
[0.189s] [ 43%] [32mBuilding C object CMakeFiles/dynamixel_interfaces__rosidl_typesupport_introspection_c.dir/rosidl_typesupport_introspection_c/dynamixel_interfaces/msg/detail/dynamixel_state__type_support.c.o[0m
[0.190s] [ 45%] [32mBuilding CXX object CMakeFiles/dynamixel_interfaces__rosidl_typesupport_fastrtps_c.dir/rosidl_typesupport_fastrtps_c/dynamixel_interfaces/srv/detail/set_data_to_dxl__type_support_c.cpp.o[0m
[0.192s] [ 47%] [32mBuilding CXX object CMakeFiles/dynamixel_interfaces__rosidl_typesupport_fastrtps_c.dir/rosidl_typesupport_fastrtps_c/dynamixel_interfaces/srv/detail/reboot_dxl__type_support_c.cpp.o[0m
[0.192s] [ 49%] [32mBuilding CXX object CMakeFiles/dynamixel_interfaces__rosidl_typesupport_c.dir/rosidl_typesupport_c/dynamixel_interfaces/srv/set_data_to_dxl__type_support.cpp.o[0m
[0.195s] [ 50%] [32mBuilding C object CMakeFiles/dynamixel_interfaces__rosidl_typesupport_introspection_c.dir/rosidl_typesupport_introspection_c/dynamixel_interfaces/srv/detail/reboot_dxl__type_support.c.o[0m
[0.196s] [ 54%] [32mBuilding CXX object CMakeFiles/dynamixel_interfaces__rosidl_typesupport_c.dir/rosidl_typesupport_c/dynamixel_interfaces/srv/reboot_dxl__type_support.cpp.o[0m
[0.196s] [ 54%] [32mBuilding CXX object CMakeFiles/dynamixel_interfaces__rosidl_typesupport_c.dir/rosidl_typesupport_c/dynamixel_interfaces/msg/dynamixel_state__type_support.cpp.o[0m
[0.197s] [ 56%] [32mBuilding C object CMakeFiles/dynamixel_interfaces__rosidl_typesupport_introspection_c.dir/rosidl_typesupport_introspection_c/dynamixel_interfaces/srv/detail/set_data_to_dxl__type_support.c.o[0m
[0.225s] [ 60%] [32m[1mLinking CXX shared library libdynamixel_interfaces__rosidl_typesupport_c.so[0m
[0.225s] [ 60%] [32m[1mLinking C shared library libdynamixel_interfaces__rosidl_typesupport_introspection_c.so[0m
[0.246s] [ 61%] [32m[1mLinking CXX shared library libdynamixel_interfaces__rosidl_typesupport_cpp.so[0m
[0.251s] [ 63%] Built target dynamixel_interfaces__rosidl_typesupport_introspection_c
[0.256s] [ 65%] Built target dynamixel_interfaces__rosidl_typesupport_c
[0.275s] [ 67%] Built target dynamixel_interfaces__rosidl_typesupport_cpp
[0.316s] [ 69%] [32m[1mLinking CXX shared library libdynamixel_interfaces__rosidl_typesupport_fastrtps_cpp.so[0m
[0.343s] [ 70%] [32m[1mLinking CXX shared library libdynamixel_interfaces__rosidl_typesupport_introspection_cpp.so[0m
[0.358s] [ 72%] [32m[1mLinking CXX shared library libdynamixel_interfaces__rosidl_typesupport_fastrtps_c.so[0m
[0.360s] [ 74%] Built target dynamixel_interfaces__rosidl_typesupport_fastrtps_cpp
[0.385s] [ 76%] Built target dynamixel_interfaces__rosidl_typesupport_introspection_cpp
[0.396s] [ 78%] Built target dynamixel_interfaces__rosidl_typesupport_fastrtps_c
[0.405s] [ 78%] Built target dynamixel_interfaces
[0.420s] [ 80%] Built target dynamixel_interfaces__py
[0.425s] [35m[1mConsolidate compiler generated dependencies of target dynamixel_interfaces__rosidl_generator_py[0m
[0.453s] [ 85%] [32mBuilding C object CMakeFiles/dynamixel_interfaces__rosidl_generator_py.dir/rosidl_generator_py/dynamixel_interfaces/srv/_get_data_from_dxl_s.c.o[0m
[0.453s] [ 85%] [32mBuilding C object CMakeFiles/dynamixel_interfaces__rosidl_generator_py.dir/rosidl_generator_py/dynamixel_interfaces/msg/_dynamixel_state_s.c.o[0m
[0.453s] [ 85%] [32mBuilding C object CMakeFiles/dynamixel_interfaces__rosidl_generator_py.dir/rosidl_generator_py/dynamixel_interfaces/srv/_set_data_to_dxl_s.c.o[0m
[0.454s] [ 87%] [32mBuilding C object CMakeFiles/dynamixel_interfaces__rosidl_generator_py.dir/rosidl_generator_py/dynamixel_interfaces/srv/_reboot_dxl_s.c.o[0m
[0.521s] [ 89%] [32m[1mLinking C shared library rosidl_generator_py/dynamixel_interfaces/libdynamixel_interfaces__rosidl_generator_py.so[0m
[0.546s] [ 89%] Built target dynamixel_interfaces__rosidl_generator_py
[0.553s] [35m[1mConsolidate compiler generated dependencies of target dynamixel_interfaces__rosidl_typesupport_c__pyext[0m
[0.553s] [35m[1mConsolidate compiler generated dependencies of target dynamixel_interfaces__rosidl_typesupport_fastrtps_c__pyext[0m
[0.553s] [35m[1mConsolidate compiler generated dependencies of target dynamixel_interfaces__rosidl_typesupport_introspection_c__pyext[0m
[0.559s] [ 92%] [32mBuilding C object CMakeFiles/dynamixel_interfaces__rosidl_typesupport_c__pyext.dir/rosidl_generator_py/dynamixel_interfaces/_dynamixel_interfaces_s.ep.rosidl_typesupport_c.c.o[0m
[0.559s] [ 92%] [32mBuilding C object CMakeFiles/dynamixel_interfaces__rosidl_typesupport_introspection_c__pyext.dir/rosidl_generator_py/dynamixel_interfaces/_dynamixel_interfaces_s.ep.rosidl_typesupport_introspection_c.c.o[0m
[0.559s] [ 94%] [32mBuilding C object CMakeFiles/dynamixel_interfaces__rosidl_typesupport_fastrtps_c__pyext.dir/rosidl_generator_py/dynamixel_interfaces/_dynamixel_interfaces_s.ep.rosidl_typesupport_fastrtps_c.c.o[0m
[0.617s] [ 98%] [32m[1mLinking C shared library rosidl_generator_py/dynamixel_interfaces/dynamixel_interfaces_s__rosidl_typesupport_fastrtps_c.cpython-310-x86_64-linux-gnu.so[0m
[0.617s] [ 98%] [32m[1mLinking C shared library rosidl_generator_py/dynamixel_interfaces/dynamixel_interfaces_s__rosidl_typesupport_c.cpython-310-x86_64-linux-gnu.so[0m
[0.623s] [100%] [32m[1mLinking C shared library rosidl_generator_py/dynamixel_interfaces/dynamixel_interfaces_s__rosidl_typesupport_introspection_c.cpython-310-x86_64-linux-gnu.so[0m
[0.640s] [100%] Built target dynamixel_interfaces__rosidl_typesupport_fastrtps_c__pyext
[0.640s] [100%] Built target dynamixel_interfaces__rosidl_typesupport_c__pyext
[0.646s] [100%] Built target dynamixel_interfaces__rosidl_typesupport_introspection_c__pyext
[0.653s] Invoked command in '/home/etri/ros2_ws/build/dynamixel_interfaces' returned '0': CMAKE_PREFIX_PATH=/opt/ros/humble /usr/bin/cmake --build /home/etri/ros2_ws/build/dynamixel_interfaces -- -j24 -l24
[0.654s] Invoking command in '/home/etri/ros2_ws/build/dynamixel_interfaces': CMAKE_PREFIX_PATH=/opt/ros/humble /usr/bin/cmake --install /home/etri/ros2_ws/build/dynamixel_interfaces
[0.659s] -- Install configuration: ""
[0.659s] -- Execute custom install script
[0.659s] -- Up-to-date symlink: /home/etri/ros2_ws/install/dynamixel_interfaces/share/ament_index/resource_index/rosidl_interfaces/dynamixel_interfaces
[0.662s] -- Up-to-date symlink: /home/etri/ros2_ws/install/dynamixel_interfaces/include/dynamixel_interfaces/dynamixel_interfaces/msg/detail/dynamixel_state__functions.h
[0.662s] -- Up-to-date symlink: /home/etri/ros2_ws/install/dynamixel_interfaces/include/dynamixel_interfaces/dynamixel_interfaces/msg/detail/dynamixel_state__struct.h
[0.662s] -- Up-to-date symlink: /home/etri/ros2_ws/install/dynamixel_interfaces/include/dynamixel_interfaces/dynamixel_interfaces/msg/detail/dynamixel_state__type_support.h
[0.662s] -- Up-to-date symlink: /home/etri/ros2_ws/install/dynamixel_interfaces/include/dynamixel_interfaces/dynamixel_interfaces/msg/dynamixel_state.h
[0.662s] -- Up-to-date symlink: /home/etri/ros2_ws/install/dynamixel_interfaces/include/dynamixel_interfaces/dynamixel_interfaces/msg/rosidl_generator_c__visibility_control.h
[0.662s] -- Up-to-date symlink: /home/etri/ros2_ws/install/dynamixel_interfaces/include/dynamixel_interfaces/dynamixel_interfaces/srv/detail/get_data_from_dxl__functions.h
[0.662s] -- Up-to-date symlink: /home/etri/ros2_ws/install/dynamixel_interfaces/include/dynamixel_interfaces/dynamixel_interfaces/srv/detail/get_data_from_dxl__struct.h
[0.662s] -- Up-to-date symlink: /home/etri/ros2_ws/install/dynamixel_interfaces/include/dynamixel_interfaces/dynamixel_interfaces/srv/detail/get_data_from_dxl__type_support.h
[0.662s] -- Up-to-date symlink: /home/etri/ros2_ws/install/dynamixel_interfaces/include/dynamixel_interfaces/dynamixel_interfaces/srv/detail/reboot_dxl__functions.h
[0.662s] -- Up-to-date symlink: /home/etri/ros2_ws/install/dynamixel_interfaces/include/dynamixel_interfaces/dynamixel_interfaces/srv/detail/reboot_dxl__struct.h
[0.662s] -- Up-to-date symlink: /home/etri/ros2_ws/install/dynamixel_interfaces/include/dynamixel_interfaces/dynamixel_interfaces/srv/detail/reboot_dxl__type_support.h
[0.662s] -- Up-to-date symlink: /home/etri/ros2_ws/install/dynamixel_interfaces/include/dynamixel_interfaces/dynamixel_interfaces/srv/detail/set_data_to_dxl__functions.h
[0.662s] -- Up-to-date symlink: /home/etri/ros2_ws/install/dynamixel_interfaces/include/dynamixel_interfaces/dynamixel_interfaces/srv/detail/set_data_to_dxl__struct.h
[0.662s] -- Up-to-date symlink: /home/etri/ros2_ws/install/dynamixel_interfaces/include/dynamixel_interfaces/dynamixel_interfaces/srv/detail/set_data_to_dxl__type_support.h
[0.662s] -- Up-to-date symlink: /home/etri/ros2_ws/install/dynamixel_interfaces/include/dynamixel_interfaces/dynamixel_interfaces/srv/get_data_from_dxl.h
[0.662s] -- Up-to-date symlink: /home/etri/ros2_ws/install/dynamixel_interfaces/include/dynamixel_interfaces/dynamixel_interfaces/srv/reboot_dxl.h
[0.662s] -- Up-to-date symlink: /home/etri/ros2_ws/install/dynamixel_interfaces/include/dynamixel_interfaces/dynamixel_interfaces/srv/set_data_to_dxl.h
[0.662s] -- Up-to-date symlink: /home/etri/ros2_ws/install/dynamixel_interfaces/share/dynamixel_interfaces/environment/library_path.sh
[0.662s] -- Up-to-date symlink: /home/etri/ros2_ws/install/dynamixel_interfaces/share/dynamixel_interfaces/environment/library_path.dsv
[0.662s] -- Up-to-date symlink: /home/etri/ros2_ws/install/dynamixel_interfaces/include/dynamixel_interfaces/dynamixel_interfaces/msg/detail/dynamixel_state__rosidl_typesupport_fastrtps_c.h
[0.662s] -- Up-to-date symlink: /home/etri/ros2_ws/install/dynamixel_interfaces/include/dynamixel_interfaces/dynamixel_interfaces/msg/rosidl_typesupport_fastrtps_c__visibility_control.h
[0.666s] -- Up-to-date symlink: /home/etri/ros2_ws/install/dynamixel_interfaces/include/dynamixel_interfaces/dynamixel_interfaces/srv/detail/get_data_from_dxl__rosidl_typesupport_fastrtps_c.h
[0.666s] -- Up-to-date symlink: /home/etri/ros2_ws/install/dynamixel_interfaces/include/dynamixel_interfaces/dynamixel_interfaces/srv/detail/reboot_dxl__rosidl_typesupport_fastrtps_c.h
[0.666s] -- Up-to-date symlink: /home/etri/ros2_ws/install/dynamixel_interfaces/include/dynamixel_interfaces/dynamixel_interfaces/srv/detail/set_data_to_dxl__rosidl_typesupport_fastrtps_c.h
[0.666s] -- Up-to-date symlink: /home/etri/ros2_ws/install/dynamixel_interfaces/include/dynamixel_interfaces/dynamixel_interfaces/msg/detail/dynamixel_state__builder.hpp
[0.666s] -- Up-to-date symlink: /home/etri/ros2_ws/install/dynamixel_interfaces/include/dynamixel_interfaces/dynamixel_interfaces/msg/detail/dynamixel_state__struct.hpp
[0.666s] -- Up-to-date symlink: /home/etri/ros2_ws/install/dynamixel_interfaces/include/dynamixel_interfaces/dynamixel_interfaces/msg/detail/dynamixel_state__traits.hpp
[0.666s] -- Up-to-date symlink: /home/etri/ros2_ws/install/dynamixel_interfaces/include/dynamixel_interfaces/dynamixel_interfaces/msg/detail/dynamixel_state__type_support.hpp
[0.666s] -- Up-to-date symlink: /home/etri/ros2_ws/install/dynamixel_interfaces/include/dynamixel_interfaces/dynamixel_interfaces/msg/dynamixel_state.hpp
[0.666s] -- Up-to-date symlink: /home/etri/ros2_ws/install/dynamixel_interfaces/include/dynamixel_interfaces/dynamixel_interfaces/msg/rosidl_generator_cpp__visibility_control.hpp
[0.666s] -- Up-to-date symlink: /home/etri/ros2_ws/install/dynamixel_interfaces/include/dynamixel_interfaces/dynamixel_interfaces/srv/detail/get_data_from_dxl__builder.hpp
[0.666s] -- Up-to-date symlink: /home/etri/ros2_ws/install/dynamixel_interfaces/include/dynamixel_interfaces/dynamixel_interfaces/srv/detail/get_data_from_dxl__struct.hpp
[0.666s] -- Up-to-date symlink: /home/etri/ros2_ws/install/dynamixel_interfaces/include/dynamixel_interfaces/dynamixel_interfaces/srv/detail/get_data_from_dxl__traits.hpp
[0.666s] -- Up-to-date symlink: /home/etri/ros2_ws/install/dynamixel_interfaces/include/dynamixel_interfaces/dynamixel_interfaces/srv/detail/get_data_from_dxl__type_support.hpp
[0.666s] -- Up-to-date symlink: /home/etri/ros2_ws/install/dynamixel_interfaces/include/dynamixel_interfaces/dynamixel_interfaces/srv/detail/reboot_dxl__builder.hpp
[0.666s] -- Up-to-date symlink: /home/etri/ros2_ws/install/dynamixel_interfaces/include/dynamixel_interfaces/dynamixel_interfaces/srv/detail/reboot_dxl__struct.hpp
[0.666s] -- Up-to-date symlink: /home/etri/ros2_ws/install/dynamixel_interfaces/include/dynamixel_interfaces/dynamixel_interfaces/srv/detail/reboot_dxl__traits.hpp
[0.666s] -- Up-to-date symlink: /home/etri/ros2_ws/install/dynamixel_interfaces/include/dynamixel_interfaces/dynamixel_interfaces/srv/detail/reboot_dxl__type_support.hpp
[0.666s] -- Up-to-date symlink: /home/etri/ros2_ws/install/dynamixel_interfaces/include/dynamixel_interfaces/dynamixel_interfaces/srv/detail/set_data_to_dxl__builder.hpp
[0.666s] -- Up-to-date symlink: /home/etri/ros2_ws/install/dynamixel_interfaces/include/dynamixel_interfaces/dynamixel_interfaces/srv/detail/set_data_to_dxl__struct.hpp
[0.666s] -- Up-to-date symlink: /home/etri/ros2_ws/install/dynamixel_interfaces/include/dynamixel_interfaces/dynamixel_interfaces/srv/detail/set_data_to_dxl__traits.hpp
[0.666s] -- Up-to-date symlink: /home/etri/ros2_ws/install/dynamixel_interfaces/include/dynamixel_interfaces/dynamixel_interfaces/srv/detail/set_data_to_dxl__type_support.hpp
[0.666s] -- Up-to-date symlink: /home/etri/ros2_ws/install/dynamixel_interfaces/include/dynamixel_interfaces/dynamixel_interfaces/srv/get_data_from_dxl.hpp
[0.666s] -- Up-to-date symlink: /home/etri/ros2_ws/install/dynamixel_interfaces/include/dynamixel_interfaces/dynamixel_interfaces/srv/reboot_dxl.hpp
[0.666s] -- Up-to-date symlink: /home/etri/ros2_ws/install/dynamixel_interfaces/include/dynamixel_interfaces/dynamixel_interfaces/srv/set_data_to_dxl.hpp
[0.666s] -- Up-to-date symlink: /home/etri/ros2_ws/install/dynamixel_interfaces/include/dynamixel_interfaces/dynamixel_interfaces/msg/detail/dynamixel_state__rosidl_typesupport_fastrtps_cpp.hpp
[0.666s] -- Up-to-date symlink: /home/etri/ros2_ws/install/dynamixel_interfaces/include/dynamixel_interfaces/dynamixel_interfaces/msg/rosidl_typesupport_fastrtps_cpp__visibility_control.h
[0.666s] -- Up-to-date symlink: /home/etri/ros2_ws/install/dynamixel_interfaces/include/dynamixel_interfaces/dynamixel_interfaces/srv/detail/get_data_from_dxl__rosidl_typesupport_fastrtps_cpp.hpp
[0.666s] -- Up-to-date symlink: /home/etri/ros2_ws/install/dynamixel_interfaces/include/dynamixel_interfaces/dynamixel_interfaces/srv/detail/reboot_dxl__rosidl_typesupport_fastrtps_cpp.hpp
[0.666s] -- Up-to-date symlink: /home/etri/ros2_ws/install/dynamixel_interfaces/include/dynamixel_interfaces/dynamixel_interfaces/srv/detail/set_data_to_dxl__rosidl_typesupport_fastrtps_cpp.hpp
[0.666s] -- Up-to-date symlink: /home/etri/ros2_ws/install/dynamixel_interfaces/include/dynamixel_interfaces/dynamixel_interfaces/msg/detail/dynamixel_state__rosidl_typesupport_introspection_c.h
[0.666s] -- Up-to-date symlink: /home/etri/ros2_ws/install/dynamixel_interfaces/include/dynamixel_interfaces/dynamixel_interfaces/msg/rosidl_typesupport_introspection_c__visibility_control.h
[0.666s] -- Up-to-date symlink: /home/etri/ros2_ws/install/dynamixel_interfaces/include/dynamixel_interfaces/dynamixel_interfaces/srv/detail/get_data_from_dxl__rosidl_typesupport_introspection_c.h
[0.666s] -- Up-to-date symlink: /home/etri/ros2_ws/install/dynamixel_interfaces/include/dynamixel_interfaces/dynamixel_interfaces/srv/detail/reboot_dxl__rosidl_typesupport_introspection_c.h
[0.666s] -- Up-to-date symlink: /home/etri/ros2_ws/install/dynamixel_interfaces/include/dynamixel_interfaces/dynamixel_interfaces/srv/detail/set_data_to_dxl__rosidl_typesupport_introspection_c.h
[0.666s] -- Up-to-date symlink: /home/etri/ros2_ws/install/dynamixel_interfaces/include/dynamixel_interfaces/dynamixel_interfaces/msg/detail/dynamixel_state__rosidl_typesupport_introspection_cpp.hpp
[0.666s] -- Up-to-date symlink: /home/etri/ros2_ws/install/dynamixel_interfaces/include/dynamixel_interfaces/dynamixel_interfaces/srv/detail/get_data_from_dxl__rosidl_typesupport_introspection_cpp.hpp
[0.666s] -- Up-to-date symlink: /home/etri/ros2_ws/install/dynamixel_interfaces/include/dynamixel_interfaces/dynamixel_interfaces/srv/detail/reboot_dxl__rosidl_typesupport_introspection_cpp.hpp
[0.667s] -- Up-to-date symlink: /home/etri/ros2_ws/install/dynamixel_interfaces/include/dynamixel_interfaces/dynamixel_interfaces/srv/detail/set_data_to_dxl__rosidl_typesupport_introspection_cpp.hpp
[0.667s] -- Up-to-date symlink: /home/etri/ros2_ws/install/dynamixel_interfaces/share/dynamixel_interfaces/environment/pythonpath.sh
[0.667s] -- Up-to-date symlink: /home/etri/ros2_ws/install/dynamixel_interfaces/share/dynamixel_interfaces/environment/pythonpath.dsv
[0.667s] -- Up-to-date symlink: /home/etri/ros2_ws/install/dynamixel_interfaces/local/lib/python3.10/dist-packages/dynamixel_interfaces-1.0.1-py3.10.egg-info/PKG-INFO
[0.667s] -- Up-to-date symlink: /home/etri/ros2_ws/install/dynamixel_interfaces/local/lib/python3.10/dist-packages/dynamixel_interfaces-1.0.1-py3.10.egg-info/SOURCES.txt
[0.667s] -- Up-to-date symlink: /home/etri/ros2_ws/install/dynamixel_interfaces/local/lib/python3.10/dist-packages/dynamixel_interfaces-1.0.1-py3.10.egg-info/dependency_links.txt
[0.667s] -- Up-to-date symlink: /home/etri/ros2_ws/install/dynamixel_interfaces/local/lib/python3.10/dist-packages/dynamixel_interfaces-1.0.1-py3.10.egg-info/top_level.txt
[0.667s] -- Up-to-date symlink: /home/etri/ros2_ws/install/dynamixel_interfaces/local/lib/python3.10/dist-packages/dynamixel_interfaces/__init__.py
[0.667s] -- Up-to-date symlink: /home/etri/ros2_ws/install/dynamixel_interfaces/local/lib/python3.10/dist-packages/dynamixel_interfaces/_dynamixel_interfaces_s.ep.rosidl_typesupport_c.c
[0.667s] -- Up-to-date symlink: /home/etri/ros2_ws/install/dynamixel_interfaces/local/lib/python3.10/dist-packages/dynamixel_interfaces/_dynamixel_interfaces_s.ep.rosidl_typesupport_fastrtps_c.c
[0.667s] -- Up-to-date symlink: /home/etri/ros2_ws/install/dynamixel_interfaces/local/lib/python3.10/dist-packages/dynamixel_interfaces/_dynamixel_interfaces_s.ep.rosidl_typesupport_introspection_c.c
[0.667s] -- Up-to-date symlink: /home/etri/ros2_ws/install/dynamixel_interfaces/local/lib/python3.10/dist-packages/dynamixel_interfaces/dynamixel_interfaces_s__rosidl_typesupport_c.cpython-310-x86_64-linux-gnu.so
[0.667s] -- Up-to-date symlink: /home/etri/ros2_ws/install/dynamixel_interfaces/local/lib/python3.10/dist-packages/dynamixel_interfaces/dynamixel_interfaces_s__rosidl_typesupport_fastrtps_c.cpython-310-x86_64-linux-gnu.so
[0.667s] -- Up-to-date symlink: /home/etri/ros2_ws/install/dynamixel_interfaces/local/lib/python3.10/dist-packages/dynamixel_interfaces/dynamixel_interfaces_s__rosidl_typesupport_introspection_c.cpython-310-x86_64-linux-gnu.so
[0.667s] -- Up-to-date symlink: /home/etri/ros2_ws/install/dynamixel_interfaces/local/lib/python3.10/dist-packages/dynamixel_interfaces/libdynamixel_interfaces__rosidl_generator_py.so
[0.667s] -- Up-to-date symlink: /home/etri/ros2_ws/install/dynamixel_interfaces/local/lib/python3.10/dist-packages/dynamixel_interfaces/msg/__init__.py
[0.667s] -- Up-to-date symlink: /home/etri/ros2_ws/install/dynamixel_interfaces/local/lib/python3.10/dist-packages/dynamixel_interfaces/msg/_dynamixel_state.py
[0.667s] -- Up-to-date symlink: /home/etri/ros2_ws/install/dynamixel_interfaces/local/lib/python3.10/dist-packages/dynamixel_interfaces/msg/_dynamixel_state_s.c
[0.667s] -- Up-to-date symlink: /home/etri/ros2_ws/install/dynamixel_interfaces/local/lib/python3.10/dist-packages/dynamixel_interfaces/srv/__init__.py
[0.667s] -- Up-to-date symlink: /home/etri/ros2_ws/install/dynamixel_interfaces/local/lib/python3.10/dist-packages/dynamixel_interfaces/srv/_get_data_from_dxl.py
[0.667s] -- Up-to-date symlink: /home/etri/ros2_ws/install/dynamixel_interfaces/local/lib/python3.10/dist-packages/dynamixel_interfaces/srv/_get_data_from_dxl_s.c
[0.667s] -- Up-to-date symlink: /home/etri/ros2_ws/install/dynamixel_interfaces/local/lib/python3.10/dist-packages/dynamixel_interfaces/srv/_reboot_dxl.py
[0.667s] -- Up-to-date symlink: /home/etri/ros2_ws/install/dynamixel_interfaces/local/lib/python3.10/dist-packages/dynamixel_interfaces/srv/_reboot_dxl_s.c
[0.667s] -- Up-to-date symlink: /home/etri/ros2_ws/install/dynamixel_interfaces/local/lib/python3.10/dist-packages/dynamixel_interfaces/srv/_set_data_to_dxl.py
[0.667s] -- Up-to-date symlink: /home/etri/ros2_ws/install/dynamixel_interfaces/local/lib/python3.10/dist-packages/dynamixel_interfaces/srv/_set_data_to_dxl_s.c
[0.667s] -- Up-to-date symlink: /home/etri/ros2_ws/install/dynamixel_interfaces/local/lib/python3.10/dist-packages/dynamixel_interfaces/dynamixel_interfaces_s__rosidl_typesupport_fastrtps_c.cpython-310-x86_64-linux-gnu.so
[0.667s] -- Up-to-date symlink: /home/etri/ros2_ws/install/dynamixel_interfaces/local/lib/python3.10/dist-packages/dynamixel_interfaces/dynamixel_interfaces_s__rosidl_typesupport_introspection_c.cpython-310-x86_64-linux-gnu.so
[0.667s] -- Up-to-date symlink: /home/etri/ros2_ws/install/dynamixel_interfaces/local/lib/python3.10/dist-packages/dynamixel_interfaces/dynamixel_interfaces_s__rosidl_typesupport_c.cpython-310-x86_64-linux-gnu.so
[0.667s] -- Up-to-date symlink: /home/etri/ros2_ws/install/dynamixel_interfaces/share/dynamixel_interfaces/msg/DynamixelState.idl
[0.667s] -- Up-to-date symlink: /home/etri/ros2_ws/install/dynamixel_interfaces/share/dynamixel_interfaces/srv/GetDataFromDxl.idl
[0.667s] -- Up-to-date symlink: /home/etri/ros2_ws/install/dynamixel_interfaces/share/dynamixel_interfaces/srv/SetDataToDxl.idl
[0.667s] -- Up-to-date symlink: /home/etri/ros2_ws/install/dynamixel_interfaces/share/dynamixel_interfaces/srv/RebootDxl.idl
[0.667s] -- Up-to-date symlink: /home/etri/ros2_ws/install/dynamixel_interfaces/share/dynamixel_interfaces/msg/DynamixelState.msg
[0.667s] -- Up-to-date symlink: /home/etri/ros2_ws/install/dynamixel_interfaces/share/dynamixel_interfaces/srv/GetDataFromDxl.srv
[0.667s] -- Up-to-date symlink: /home/etri/ros2_ws/install/dynamixel_interfaces/share/dynamixel_interfaces/srv/GetDataFromDxl_Request.msg
[0.667s] -- Up-to-date symlink: /home/etri/ros2_ws/install/dynamixel_interfaces/share/dynamixel_interfaces/srv/GetDataFromDxl_Response.msg
[0.667s] -- Up-to-date symlink: /home/etri/ros2_ws/install/dynamixel_interfaces/share/dynamixel_interfaces/srv/SetDataToDxl.srv
[0.667s] -- Up-to-date symlink: /home/etri/ros2_ws/install/dynamixel_interfaces/share/dynamixel_interfaces/srv/SetDataToDxl_Request.msg
[0.667s] -- Up-to-date symlink: /home/etri/ros2_ws/install/dynamixel_interfaces/share/dynamixel_interfaces/srv/SetDataToDxl_Response.msg
[0.667s] -- Up-to-date symlink: /home/etri/ros2_ws/install/dynamixel_interfaces/share/dynamixel_interfaces/srv/RebootDxl.srv
[0.667s] -- Up-to-date symlink: /home/etri/ros2_ws/install/dynamixel_interfaces/share/dynamixel_interfaces/srv/RebootDxl_Request.msg
[0.667s] -- Up-to-date symlink: /home/etri/ros2_ws/install/dynamixel_interfaces/share/dynamixel_interfaces/srv/RebootDxl_Response.msg
[0.667s] -- Up-to-date symlink: /home/etri/ros2_ws/install/dynamixel_interfaces/share/ament_index/resource_index/package_run_dependencies/dynamixel_interfaces
[0.667s] -- Up-to-date symlink: /home/etri/ros2_ws/install/dynamixel_interfaces/share/ament_index/resource_index/parent_prefix_path/dynamixel_interfaces
[0.667s] -- Up-to-date symlink: /home/etri/ros2_ws/install/dynamixel_interfaces/share/dynamixel_interfaces/environment/ament_prefix_path.sh
[0.667s] -- Up-to-date symlink: /home/etri/ros2_ws/install/dynamixel_interfaces/share/dynamixel_interfaces/environment/ament_prefix_path.dsv
[0.667s] -- Up-to-date symlink: /home/etri/ros2_ws/install/dynamixel_interfaces/share/dynamixel_interfaces/environment/path.sh
[0.667s] -- Up-to-date symlink: /home/etri/ros2_ws/install/dynamixel_interfaces/share/dynamixel_interfaces/environment/path.dsv
[0.667s] -- Up-to-date symlink: /home/etri/ros2_ws/install/dynamixel_interfaces/share/dynamixel_interfaces/local_setup.bash
[0.667s] -- Up-to-date symlink: /home/etri/ros2_ws/install/dynamixel_interfaces/share/dynamixel_interfaces/local_setup.sh
[0.667s] -- Up-to-date symlink: /home/etri/ros2_ws/install/dynamixel_interfaces/share/dynamixel_interfaces/local_setup.zsh
[0.667s] -- Up-to-date symlink: /home/etri/ros2_ws/install/dynamixel_interfaces/share/dynamixel_interfaces/local_setup.dsv
[0.667s] -- Symlinking: /home/etri/ros2_ws/install/dynamixel_interfaces/share/dynamixel_interfaces/package.dsv
[0.669s] -- Up-to-date symlink: /home/etri/ros2_ws/install/dynamixel_interfaces/share/ament_index/resource_index/packages/dynamixel_interfaces
[0.669s] -- Up-to-date symlink: /home/etri/ros2_ws/install/dynamixel_interfaces/share/dynamixel_interfaces/cmake/rosidl_cmake-extras.cmake
[0.669s] -- Up-to-date symlink: /home/etri/ros2_ws/install/dynamixel_interfaces/share/dynamixel_interfaces/cmake/ament_cmake_export_dependencies-extras.cmake
[0.670s] -- Up-to-date symlink: /home/etri/ros2_ws/install/dynamixel_interfaces/share/dynamixel_interfaces/cmake/ament_cmake_export_include_directories-extras.cmake
[0.670s] -- Up-to-date symlink: /home/etri/ros2_ws/install/dynamixel_interfaces/share/dynamixel_interfaces/cmake/ament_cmake_export_libraries-extras.cmake
[0.670s] -- Up-to-date symlink: /home/etri/ros2_ws/install/dynamixel_interfaces/share/dynamixel_interfaces/cmake/ament_cmake_export_targets-extras.cmake
[0.670s] -- Up-to-date symlink: /home/etri/ros2_ws/install/dynamixel_interfaces/share/dynamixel_interfaces/cmake/rosidl_cmake_export_typesupport_targets-extras.cmake
[0.670s] -- Up-to-date symlink: /home/etri/ros2_ws/install/dynamixel_interfaces/share/dynamixel_interfaces/cmake/rosidl_cmake_export_typesupport_libraries-extras.cmake
[0.670s] -- Up-to-date symlink: /home/etri/ros2_ws/install/dynamixel_interfaces/share/dynamixel_interfaces/cmake/dynamixel_interfacesConfig.cmake
[0.670s] -- Up-to-date symlink: /home/etri/ros2_ws/install/dynamixel_interfaces/share/dynamixel_interfaces/cmake/dynamixel_interfacesConfig-version.cmake
[0.670s] -- Up-to-date symlink: /home/etri/ros2_ws/install/dynamixel_interfaces/share/dynamixel_interfaces/package.xml
[0.670s] -- Installing: /home/etri/ros2_ws/install/dynamixel_interfaces/lib/libdynamixel_interfaces__rosidl_generator_c.so
[0.670s] -- Set runtime path of "/home/etri/ros2_ws/install/dynamixel_interfaces/lib/libdynamixel_interfaces__rosidl_generator_c.so" to ""
[0.670s] -- Installing: /home/etri/ros2_ws/install/dynamixel_interfaces/lib/libdynamixel_interfaces__rosidl_typesupport_fastrtps_c.so
[0.670s] -- Set runtime path of "/home/etri/ros2_ws/install/dynamixel_interfaces/lib/libdynamixel_interfaces__rosidl_typesupport_fastrtps_c.so" to ""
[0.671s] -- Installing: /home/etri/ros2_ws/install/dynamixel_interfaces/lib/libdynamixel_interfaces__rosidl_typesupport_fastrtps_cpp.so
[0.672s] -- Set runtime path of "/home/etri/ros2_ws/install/dynamixel_interfaces/lib/libdynamixel_interfaces__rosidl_typesupport_fastrtps_cpp.so" to ""
[0.672s] -- Installing: /home/etri/ros2_ws/install/dynamixel_interfaces/lib/libdynamixel_interfaces__rosidl_typesupport_introspection_c.so
[0.672s] -- Set runtime path of "/home/etri/ros2_ws/install/dynamixel_interfaces/lib/libdynamixel_interfaces__rosidl_typesupport_introspection_c.so" to ""
[0.672s] -- Installing: /home/etri/ros2_ws/install/dynamixel_interfaces/lib/libdynamixel_interfaces__rosidl_typesupport_c.so
[0.672s] -- Set runtime path of "/home/etri/ros2_ws/install/dynamixel_interfaces/lib/libdynamixel_interfaces__rosidl_typesupport_c.so" to ""
[0.672s] -- Installing: /home/etri/ros2_ws/install/dynamixel_interfaces/lib/libdynamixel_interfaces__rosidl_typesupport_introspection_cpp.so
[0.672s] -- Set runtime path of "/home/etri/ros2_ws/install/dynamixel_interfaces/lib/libdynamixel_interfaces__rosidl_typesupport_introspection_cpp.so" to ""
[0.672s] -- Installing: /home/etri/ros2_ws/install/dynamixel_interfaces/lib/libdynamixel_interfaces__rosidl_typesupport_cpp.so
[0.672s] -- Set runtime path of "/home/etri/ros2_ws/install/dynamixel_interfaces/lib/libdynamixel_interfaces__rosidl_typesupport_cpp.so" to ""
[0.694s] Listing '/home/etri/ros2_ws/install/dynamixel_interfaces/local/lib/python3.10/dist-packages/dynamixel_interfaces'...
[0.694s] Compiling '/home/etri/ros2_ws/install/dynamixel_interfaces/local/lib/python3.10/dist-packages/dynamixel_interfaces/__init__.py'...
[0.694s] Listing '/home/etri/ros2_ws/install/dynamixel_interfaces/local/lib/python3.10/dist-packages/dynamixel_interfaces/msg'...
[0.694s] Compiling '/home/etri/ros2_ws/install/dynamixel_interfaces/local/lib/python3.10/dist-packages/dynamixel_interfaces/msg/__init__.py'...
[0.694s] Compiling '/home/etri/ros2_ws/install/dynamixel_interfaces/local/lib/python3.10/dist-packages/dynamixel_interfaces/msg/_dynamixel_state.py'...
[0.694s] Listing '/home/etri/ros2_ws/install/dynamixel_interfaces/local/lib/python3.10/dist-packages/dynamixel_interfaces/srv'...
[0.694s] Compiling '/home/etri/ros2_ws/install/dynamixel_interfaces/local/lib/python3.10/dist-packages/dynamixel_interfaces/srv/__init__.py'...
[0.694s] Compiling '/home/etri/ros2_ws/install/dynamixel_interfaces/local/lib/python3.10/dist-packages/dynamixel_interfaces/srv/_get_data_from_dxl.py'...
[0.694s] Compiling '/home/etri/ros2_ws/install/dynamixel_interfaces/local/lib/python3.10/dist-packages/dynamixel_interfaces/srv/_reboot_dxl.py'...
[0.694s] Compiling '/home/etri/ros2_ws/install/dynamixel_interfaces/local/lib/python3.10/dist-packages/dynamixel_interfaces/srv/_set_data_to_dxl.py'...
[0.696s] -- Installing: /home/etri/ros2_ws/install/dynamixel_interfaces/lib/libdynamixel_interfaces__rosidl_generator_py.so
[0.697s] -- Set runtime path of "/home/etri/ros2_ws/install/dynamixel_interfaces/lib/libdynamixel_interfaces__rosidl_generator_py.so" to ""
[0.697s] -- Up-to-date: /home/etri/ros2_ws/install/dynamixel_interfaces/share/dynamixel_interfaces/cmake/export_dynamixel_interfaces__rosidl_generator_cExport.cmake
[0.697s] -- Up-to-date: /home/etri/ros2_ws/install/dynamixel_interfaces/share/dynamixel_interfaces/cmake/export_dynamixel_interfaces__rosidl_generator_cExport-noconfig.cmake
[0.697s] -- Up-to-date: /home/etri/ros2_ws/install/dynamixel_interfaces/share/dynamixel_interfaces/cmake/export_dynamixel_interfaces__rosidl_typesupport_fastrtps_cExport.cmake
[0.698s] -- Up-to-date: /home/etri/ros2_ws/install/dynamixel_interfaces/share/dynamixel_interfaces/cmake/export_dynamixel_interfaces__rosidl_typesupport_fastrtps_cExport-noconfig.cmake
[0.698s] -- Up-to-date: /home/etri/ros2_ws/install/dynamixel_interfaces/share/dynamixel_interfaces/cmake/export_dynamixel_interfaces__rosidl_generator_cppExport.cmake
[0.699s] -- Up-to-date: /home/etri/ros2_ws/install/dynamixel_interfaces/share/dynamixel_interfaces/cmake/export_dynamixel_interfaces__rosidl_typesupport_fastrtps_cppExport.cmake
[0.699s] -- Up-to-date: /home/etri/ros2_ws/install/dynamixel_interfaces/share/dynamixel_interfaces/cmake/export_dynamixel_interfaces__rosidl_typesupport_fastrtps_cppExport-noconfig.cmake
[0.699s] -- Up-to-date: /home/etri/ros2_ws/install/dynamixel_interfaces/share/dynamixel_interfaces/cmake/dynamixel_interfaces__rosidl_typesupport_introspection_cExport.cmake
[0.699s] -- Up-to-date: /home/etri/ros2_ws/install/dynamixel_interfaces/share/dynamixel_interfaces/cmake/dynamixel_interfaces__rosidl_typesupport_introspection_cExport-noconfig.cmake
[0.699s] -- Up-to-date: /home/etri/ros2_ws/install/dynamixel_interfaces/share/dynamixel_interfaces/cmake/dynamixel_interfaces__rosidl_typesupport_cExport.cmake
[0.699s] -- Up-to-date: /home/etri/ros2_ws/install/dynamixel_interfaces/share/dynamixel_interfaces/cmake/dynamixel_interfaces__rosidl_typesupport_cExport-noconfig.cmake
[0.699s] -- Up-to-date: /home/etri/ros2_ws/install/dynamixel_interfaces/share/dynamixel_interfaces/cmake/dynamixel_interfaces__rosidl_typesupport_introspection_cppExport.cmake
[0.699s] -- Up-to-date: /home/etri/ros2_ws/install/dynamixel_interfaces/share/dynamixel_interfaces/cmake/dynamixel_interfaces__rosidl_typesupport_introspection_cppExport-noconfig.cmake
[0.699s] -- Up-to-date: /home/etri/ros2_ws/install/dynamixel_interfaces/share/dynamixel_interfaces/cmake/dynamixel_interfaces__rosidl_typesupport_cppExport.cmake
[0.699s] -- Up-to-date: /home/etri/ros2_ws/install/dynamixel_interfaces/share/dynamixel_interfaces/cmake/dynamixel_interfaces__rosidl_typesupport_cppExport-noconfig.cmake
[0.699s] -- Up-to-date: /home/etri/ros2_ws/install/dynamixel_interfaces/share/dynamixel_interfaces/cmake/export_dynamixel_interfaces__rosidl_generator_pyExport.cmake
[0.699s] -- Up-to-date: /home/etri/ros2_ws/install/dynamixel_interfaces/share/dynamixel_interfaces/cmake/export_dynamixel_interfaces__rosidl_generator_pyExport-noconfig.cmake
[0.700s] Invoked command in '/home/etri/ros2_ws/build/dynamixel_interfaces' returned '0': CMAKE_PREFIX_PATH=/opt/ros/humble /usr/bin/cmake --install /home/etri/ros2_ws/build/dynamixel_interfaces
