-- Found ament_cmake: 1.3.12 (/opt/ros/humble/share/ament_cmake/cmake)
-- Override CMake install command with custom implementation using symlinks instead of copying resources
-- Found rclcpp: 16.0.17 (/opt/ros/humble/share/rclcpp/cmake)
-- Found rosidl_generator_c: 3.1.8 (/opt/ros/humble/share/rosidl_generator_c/cmake)
-- Found rosidl_adapter: 3.1.8 (/opt/ros/humble/share/rosidl_adapter/cmake)
-- Found rosidl_generator_cpp: 3.1.8 (/opt/ros/humble/share/rosidl_generator_cpp/cmake)
-- Using all available rosidl_typesupport_c: rosidl_typesupport_fastrtps_c;rosidl_typesupport_introspection_c
-- Using all available rosidl_typesupport_cpp: rosidl_typesupport_fastrtps_cpp;rosidl_typesupport_introspection_cpp
-- Found rmw_implementation_cmake: 6.1.2 (/opt/ros/humble/share/rmw_implementation_cmake/cmake)
-- Found rmw_fastrtps_cpp: 6.2.9 (/opt/ros/humble/share/rmw_fastrtps_cpp/cmake)
-- Using RMW implementation 'rmw_fastrtps_cpp' as default
-- Found sensor_msgs: 4.9.0 (/opt/ros/humble/share/sensor_msgs/cmake)
-- Found visualization_msgs: 4.9.0 (/opt/ros/humble/share/visualization_msgs/cmake)
-- Found kdl_parser: 2.6.4 (/opt/ros/humble/share/kdl_parser/cmake)
-- Found eigen3_cmake_module: 0.1.1 (/opt/ros/humble/share/eigen3_cmake_module/cmake)
-- Ensuring Eigen3 include directory is part of orocos-kdl CMake target
-- Found urdf: 2.6.1 (/opt/ros/humble/share/urdf/cmake)
-- Configuring done
-- Generating done
-- Build files have been written to: /home/etri/ros2_ws/build/open_manipulator_collision
[ 50%] [32mBuilding CXX object CMakeFiles/self_collision_node.dir/src/self_collision_node.cpp.o[0m
[100%] [32m[1mLinking CXX executable self_collision_node[0m
[100%] Built target self_collision_node
-- Install configuration: ""
-- Execute custom install script
-- Symlinking: /home/etri/ros2_ws/install/open_manipulator_collision/lib/open_manipulator_collision/self_collision_node
-- Symlinking: /home/etri/ros2_ws/install/open_manipulator_collision/include//open_manipulator_collision/self_collision_node.hpp
-- Symlinking: /home/etri/ros2_ws/install/open_manipulator_collision/share/open_manipulator_collision/self_collision.launch.py
-- Symlinking: /home/etri/ros2_ws/install/open_manipulator_collision/share/open_manipulator_collision/environment/library_path.sh
-- Symlinking: /home/etri/ros2_ws/install/open_manipulator_collision/share/open_manipulator_collision/environment/library_path.dsv
-- Symlinking: /home/etri/ros2_ws/install/open_manipulator_collision/share/ament_index/resource_index/package_run_dependencies/open_manipulator_collision
-- Symlinking: /home/etri/ros2_ws/install/open_manipulator_collision/share/ament_index/resource_index/parent_prefix_path/open_manipulator_collision
-- Symlinking: /home/etri/ros2_ws/install/open_manipulator_collision/share/open_manipulator_collision/environment/ament_prefix_path.sh
-- Symlinking: /home/etri/ros2_ws/install/open_manipulator_collision/share/open_manipulator_collision/environment/ament_prefix_path.dsv
-- Symlinking: /home/etri/ros2_ws/install/open_manipulator_collision/share/open_manipulator_collision/environment/path.sh
-- Symlinking: /home/etri/ros2_ws/install/open_manipulator_collision/share/open_manipulator_collision/environment/path.dsv
-- Symlinking: /home/etri/ros2_ws/install/open_manipulator_collision/share/open_manipulator_collision/local_setup.bash
-- Symlinking: /home/etri/ros2_ws/install/open_manipulator_collision/share/open_manipulator_collision/local_setup.sh
-- Symlinking: /home/etri/ros2_ws/install/open_manipulator_collision/share/open_manipulator_collision/local_setup.zsh
-- Symlinking: /home/etri/ros2_ws/install/open_manipulator_collision/share/open_manipulator_collision/local_setup.dsv
-- Symlinking: /home/etri/ros2_ws/install/open_manipulator_collision/share/open_manipulator_collision/package.dsv
-- Symlinking: /home/etri/ros2_ws/install/open_manipulator_collision/share/ament_index/resource_index/packages/open_manipulator_collision
-- Symlinking: /home/etri/ros2_ws/install/open_manipulator_collision/share/open_manipulator_collision/cmake/ament_cmake_export_dependencies-extras.cmake
-- Symlinking: /home/etri/ros2_ws/install/open_manipulator_collision/share/open_manipulator_collision/cmake/ament_cmake_export_include_directories-extras.cmake
-- Symlinking: /home/etri/ros2_ws/install/open_manipulator_collision/share/open_manipulator_collision/cmake/ament_cmake_export_libraries-extras.cmake
-- Symlinking: /home/etri/ros2_ws/install/open_manipulator_collision/share/open_manipulator_collision/cmake/open_manipulator_collisionConfig.cmake
-- Symlinking: /home/etri/ros2_ws/install/open_manipulator_collision/share/open_manipulator_collision/cmake/open_manipulator_collisionConfig-version.cmake
-- Symlinking: /home/etri/ros2_ws/install/open_manipulator_collision/share/open_manipulator_collision/package.xml
