[0.012s] Invoking command in '/home/etri/ros2_ws/build/panda_teleop_omy_l100': AMENT_PREFIX_PATH=/home/etri/ros2_ws/install/open_manipulator_bringup:/home/etri/ros2_ws/install/open_manipulator_teleop:/home/etri/ros2_ws/install/open_manipulator_description:/home/etri/ros2_ws/install/open_manipulator_collision:/home/etri/ros2_ws/install/om_joint_trajectory_command_broadcaster:/home/etri/ros2_ws/install/dynamixel_hardware_interface:/home/etri/ros2_ws/install/dynamixel_sdk:/home/etri/ros2_ws/install/dynamixel_interfaces:/home/etri/ros2_ws/install/custom_panda_description:/home/etri/ws_ros2/install/inspire_hand:/home/etri/ws_ros2/install/service_interfaces:/opt/ros/humble CMAKE_PREFIX_PATH=/home/etri/ros2_ws/install/dynamixel_hardware_interface:/home/etri/ros2_ws/install/open_manipulator_description:/home/etri/ros2_ws/install/dynamixel_sdk:/home/etri/ros2_ws/install/dynamixel_interfaces:/home/etri/ros2_ws/install/custom_panda_description:/home/etri/ros2_ws/install/open_manipulator_collision:/home/etri/ros2_ws/install/om_joint_trajectory_command_broadcaster:/home/etri/ws_ros2/install/inspire_hand:/home/etri/ws_ros2/install/service_interfaces:/home/etri/ros2_ws/install/open_manipulator_teleop:/home/etri/ros2_ws/install/open_manipulator_bringup:/opt/ros/humble LD_LIBRARY_PATH=/home/etri/ros2_ws/install/dynamixel_hardware_interface/lib:/home/etri/ros2_ws/install/dynamixel_sdk/lib:/home/etri/ros2_ws/install/dynamixel_interfaces/lib:/home/etri/ros2_ws/install/open_manipulator_collision/lib:/home/etri/ros2_ws/install/om_joint_trajectory_command_broadcaster/lib:/home/etri/ws_ros2/install/service_interfaces/lib:/opt/ros/humble/opt/rviz_ogre_vendor/lib:/opt/ros/humble/lib/x86_64-linux-gnu:/opt/ros/humble/lib PYTHONPATH=/home/etri/ros2_ws/install/open_manipulator_bringup/lib/python3.10/site-packages:/home/etri/ros2_ws/build/open_manipulator_teleop:/home/etri/ros2_ws/install/open_manipulator_teleop/lib/python3.10/site-packages:/home/etri/ros2_ws/build/open_manipulator_bringup:/home/etri/ros2_ws/install/dynamixel_sdk/local/lib/python3.10/dist-packages:/home/etri/ros2_ws/install/dynamixel_interfaces/local/lib/python3.10/dist-packages:/home/etri/ws_ros2/install/service_interfaces/local/lib/python3.10/dist-packages:/opt/ros/humble/lib/python3.10/site-packages:/opt/ros/humble/local/lib/python3.10/dist-packages /usr/bin/cmake /home/etri/ros2_ws/panda_teleop_omy_l100 -DCMAKE_INSTALL_PREFIX=/home/etri/ros2_ws/install/panda_teleop_omy_l100
[0.104s] -- The C compiler identification is GNU 11.4.0
[0.134s] -- The CXX compiler identification is GNU 11.4.0
[0.137s] -- Detecting C compiler ABI info
[0.175s] -- Detecting C compiler ABI info - done
[0.178s] -- Check for working C compiler: /usr/bin/cc - skipped
[0.178s] -- Detecting C compile features
[0.178s] -- Detecting C compile features - done
[0.179s] -- Detecting CXX compiler ABI info
[0.223s] -- Detecting CXX compiler ABI info - done
[0.226s] -- Check for working CXX compiler: /usr/bin/c++ - skipped
[0.226s] -- Detecting CXX compile features
[0.226s] -- Detecting CXX compile features - done
[0.227s] -- Found ament_cmake: 1.3.12 (/opt/ros/humble/share/ament_cmake/cmake)
[0.301s] -- Found Python3: /usr/bin/python3 (found version "3.10.12") found components: Interpreter 
[0.344s] -- Found rclpy: 3.3.19 (/opt/ros/humble/share/rclpy/cmake)
[0.345s] -- Found sensor_msgs: 4.9.0 (/opt/ros/humble/share/sensor_msgs/cmake)
[0.362s] -- Found rosidl_generator_c: 3.1.8 (/opt/ros/humble/share/rosidl_generator_c/cmake)
[0.364s] -- Found rosidl_adapter: 3.1.8 (/opt/ros/humble/share/rosidl_adapter/cmake)
[0.368s] -- Found rosidl_generator_cpp: 3.1.8 (/opt/ros/humble/share/rosidl_generator_cpp/cmake)
[0.374s] -- Using all available rosidl_typesupport_c: rosidl_typesupport_fastrtps_c;rosidl_typesupport_introspection_c
[0.381s] -- Using all available rosidl_typesupport_cpp: rosidl_typesupport_fastrtps_cpp;rosidl_typesupport_introspection_cpp
[0.406s] -- Found trajectory_msgs: 4.9.0 (/opt/ros/humble/share/trajectory_msgs/cmake)
[0.414s] -- Found moveit_servo: 2.5.9 (/opt/ros/humble/share/moveit_servo/cmake)
[0.460s] -- Found rmw_implementation_cmake: 6.1.2 (/opt/ros/humble/share/rmw_implementation_cmake/cmake)
[0.462s] -- Found rmw_fastrtps_cpp: 6.2.9 (/opt/ros/humble/share/rmw_fastrtps_cpp/cmake)
[0.512s] -- Found OpenSSL: /usr/lib/x86_64-linux-gnu/libcrypto.so (found version "3.0.2")  
[0.525s] -- Found FastRTPS: /opt/ros/humble/include  
[0.545s] -- Using RMW implementation 'rmw_fastrtps_cpp' as default
[0.549s] -- Looking for pthread.h
[0.585s] -- Looking for pthread.h - found
[0.585s] -- Performing Test CMAKE_HAVE_LIBC_PTHREAD
[0.689s] -- Performing Test CMAKE_HAVE_LIBC_PTHREAD - Success
[0.689s] -- Found Threads: TRUE  
[0.767s] -- Found Boost: /usr/lib/x86_64-linux-gnu/cmake/Boost-1.74.0/BoostConfig.cmake (found version "1.74.0") found components: chrono date_time filesystem iostreams program_options regex serialization system thread 
[0.784s] -- Found Boost: /usr/lib/x86_64-linux-gnu/cmake/Boost-1.74.0/BoostConfig.cmake (found version "1.74.0") found components: filesystem 
[0.832s] -- library: /usr/lib/x86_64-linux-gnu/libcurl.so
[0.853s] -- Found Eigen3: TRUE (found version "3.4.0") 
[0.853s] -- Ensuring Eigen3 include directory is part of orocos-kdl CMake target
[0.933s] -- Found Boost: /usr/lib/x86_64-linux-gnu/cmake/Boost-1.74.0/BoostConfig.cmake (found version "1.74.0") found components: system filesystem date_time program_options thread chrono 
[0.952s] -- Found robot_state_publisher: 3.0.3 (/opt/ros/humble/share/robot_state_publisher/cmake)
[0.956s] -- Found xacro: 2.1.1 (/opt/ros/humble/share/xacro/cmake)
[0.957s] -- Found ament_lint_auto: 0.12.14 (/opt/ros/humble/share/ament_lint_auto/cmake)
[0.994s] -- Added test 'flake8' to check Python code syntax and style conventions
[0.994s] -- Added test 'lint_cmake' to check CMake code style
[0.994s] -- Added test 'pep257' to check Python code against some of the docstring style conventions in PEP 257
[0.995s] -- Added test 'xmllint' to check XML markup files
[0.995s] -- Configuring done
[0.999s] -- Generating done
[1.000s] -- Build files have been written to: /home/etri/ros2_ws/build/panda_teleop_omy_l100
[1.007s] Invoked command in '/home/etri/ros2_ws/build/panda_teleop_omy_l100' returned '0': AMENT_PREFIX_PATH=/home/etri/ros2_ws/install/open_manipulator_bringup:/home/etri/ros2_ws/install/open_manipulator_teleop:/home/etri/ros2_ws/install/open_manipulator_description:/home/etri/ros2_ws/install/open_manipulator_collision:/home/etri/ros2_ws/install/om_joint_trajectory_command_broadcaster:/home/etri/ros2_ws/install/dynamixel_hardware_interface:/home/etri/ros2_ws/install/dynamixel_sdk:/home/etri/ros2_ws/install/dynamixel_interfaces:/home/etri/ros2_ws/install/custom_panda_description:/home/etri/ws_ros2/install/inspire_hand:/home/etri/ws_ros2/install/service_interfaces:/opt/ros/humble CMAKE_PREFIX_PATH=/home/etri/ros2_ws/install/dynamixel_hardware_interface:/home/etri/ros2_ws/install/open_manipulator_description:/home/etri/ros2_ws/install/dynamixel_sdk:/home/etri/ros2_ws/install/dynamixel_interfaces:/home/etri/ros2_ws/install/custom_panda_description:/home/etri/ros2_ws/install/open_manipulator_collision:/home/etri/ros2_ws/install/om_joint_trajectory_command_broadcaster:/home/etri/ws_ros2/install/inspire_hand:/home/etri/ws_ros2/install/service_interfaces:/home/etri/ros2_ws/install/open_manipulator_teleop:/home/etri/ros2_ws/install/open_manipulator_bringup:/opt/ros/humble LD_LIBRARY_PATH=/home/etri/ros2_ws/install/dynamixel_hardware_interface/lib:/home/etri/ros2_ws/install/dynamixel_sdk/lib:/home/etri/ros2_ws/install/dynamixel_interfaces/lib:/home/etri/ros2_ws/install/open_manipulator_collision/lib:/home/etri/ros2_ws/install/om_joint_trajectory_command_broadcaster/lib:/home/etri/ws_ros2/install/service_interfaces/lib:/opt/ros/humble/opt/rviz_ogre_vendor/lib:/opt/ros/humble/lib/x86_64-linux-gnu:/opt/ros/humble/lib PYTHONPATH=/home/etri/ros2_ws/install/open_manipulator_bringup/lib/python3.10/site-packages:/home/etri/ros2_ws/build/open_manipulator_teleop:/home/etri/ros2_ws/install/open_manipulator_teleop/lib/python3.10/site-packages:/home/etri/ros2_ws/build/open_manipulator_bringup:/home/etri/ros2_ws/install/dynamixel_sdk/local/lib/python3.10/dist-packages:/home/etri/ros2_ws/install/dynamixel_interfaces/local/lib/python3.10/dist-packages:/home/etri/ws_ros2/install/service_interfaces/local/lib/python3.10/dist-packages:/opt/ros/humble/lib/python3.10/site-packages:/opt/ros/humble/local/lib/python3.10/dist-packages /usr/bin/cmake /home/etri/ros2_ws/panda_teleop_omy_l100 -DCMAKE_INSTALL_PREFIX=/home/etri/ros2_ws/install/panda_teleop_omy_l100
[1.008s] Invoking command in '/home/etri/ros2_ws/build/panda_teleop_omy_l100': AMENT_PREFIX_PATH=/home/etri/ros2_ws/install/open_manipulator_bringup:/home/etri/ros2_ws/install/open_manipulator_teleop:/home/etri/ros2_ws/install/open_manipulator_description:/home/etri/ros2_ws/install/open_manipulator_collision:/home/etri/ros2_ws/install/om_joint_trajectory_command_broadcaster:/home/etri/ros2_ws/install/dynamixel_hardware_interface:/home/etri/ros2_ws/install/dynamixel_sdk:/home/etri/ros2_ws/install/dynamixel_interfaces:/home/etri/ros2_ws/install/custom_panda_description:/home/etri/ws_ros2/install/inspire_hand:/home/etri/ws_ros2/install/service_interfaces:/opt/ros/humble CMAKE_PREFIX_PATH=/home/etri/ros2_ws/install/dynamixel_hardware_interface:/home/etri/ros2_ws/install/open_manipulator_description:/home/etri/ros2_ws/install/dynamixel_sdk:/home/etri/ros2_ws/install/dynamixel_interfaces:/home/etri/ros2_ws/install/custom_panda_description:/home/etri/ros2_ws/install/open_manipulator_collision:/home/etri/ros2_ws/install/om_joint_trajectory_command_broadcaster:/home/etri/ws_ros2/install/inspire_hand:/home/etri/ws_ros2/install/service_interfaces:/home/etri/ros2_ws/install/open_manipulator_teleop:/home/etri/ros2_ws/install/open_manipulator_bringup:/opt/ros/humble LD_LIBRARY_PATH=/home/etri/ros2_ws/install/dynamixel_hardware_interface/lib:/home/etri/ros2_ws/install/dynamixel_sdk/lib:/home/etri/ros2_ws/install/dynamixel_interfaces/lib:/home/etri/ros2_ws/install/open_manipulator_collision/lib:/home/etri/ros2_ws/install/om_joint_trajectory_command_broadcaster/lib:/home/etri/ws_ros2/install/service_interfaces/lib:/opt/ros/humble/opt/rviz_ogre_vendor/lib:/opt/ros/humble/lib/x86_64-linux-gnu:/opt/ros/humble/lib PYTHONPATH=/home/etri/ros2_ws/install/open_manipulator_bringup/lib/python3.10/site-packages:/home/etri/ros2_ws/build/open_manipulator_teleop:/home/etri/ros2_ws/install/open_manipulator_teleop/lib/python3.10/site-packages:/home/etri/ros2_ws/build/open_manipulator_bringup:/home/etri/ros2_ws/install/dynamixel_sdk/local/lib/python3.10/dist-packages:/home/etri/ros2_ws/install/dynamixel_interfaces/local/lib/python3.10/dist-packages:/home/etri/ws_ros2/install/service_interfaces/local/lib/python3.10/dist-packages:/opt/ros/humble/lib/python3.10/site-packages:/opt/ros/humble/local/lib/python3.10/dist-packages /usr/bin/cmake --build /home/etri/ros2_ws/build/panda_teleop_omy_l100 -- -j24 -l24
[1.031s] Invoked command in '/home/etri/ros2_ws/build/panda_teleop_omy_l100' returned '0': AMENT_PREFIX_PATH=/home/etri/ros2_ws/install/open_manipulator_bringup:/home/etri/ros2_ws/install/open_manipulator_teleop:/home/etri/ros2_ws/install/open_manipulator_description:/home/etri/ros2_ws/install/open_manipulator_collision:/home/etri/ros2_ws/install/om_joint_trajectory_command_broadcaster:/home/etri/ros2_ws/install/dynamixel_hardware_interface:/home/etri/ros2_ws/install/dynamixel_sdk:/home/etri/ros2_ws/install/dynamixel_interfaces:/home/etri/ros2_ws/install/custom_panda_description:/home/etri/ws_ros2/install/inspire_hand:/home/etri/ws_ros2/install/service_interfaces:/opt/ros/humble CMAKE_PREFIX_PATH=/home/etri/ros2_ws/install/dynamixel_hardware_interface:/home/etri/ros2_ws/install/open_manipulator_description:/home/etri/ros2_ws/install/dynamixel_sdk:/home/etri/ros2_ws/install/dynamixel_interfaces:/home/etri/ros2_ws/install/custom_panda_description:/home/etri/ros2_ws/install/open_manipulator_collision:/home/etri/ros2_ws/install/om_joint_trajectory_command_broadcaster:/home/etri/ws_ros2/install/inspire_hand:/home/etri/ws_ros2/install/service_interfaces:/home/etri/ros2_ws/install/open_manipulator_teleop:/home/etri/ros2_ws/install/open_manipulator_bringup:/opt/ros/humble LD_LIBRARY_PATH=/home/etri/ros2_ws/install/dynamixel_hardware_interface/lib:/home/etri/ros2_ws/install/dynamixel_sdk/lib:/home/etri/ros2_ws/install/dynamixel_interfaces/lib:/home/etri/ros2_ws/install/open_manipulator_collision/lib:/home/etri/ros2_ws/install/om_joint_trajectory_command_broadcaster/lib:/home/etri/ws_ros2/install/service_interfaces/lib:/opt/ros/humble/opt/rviz_ogre_vendor/lib:/opt/ros/humble/lib/x86_64-linux-gnu:/opt/ros/humble/lib PYTHONPATH=/home/etri/ros2_ws/install/open_manipulator_bringup/lib/python3.10/site-packages:/home/etri/ros2_ws/build/open_manipulator_teleop:/home/etri/ros2_ws/install/open_manipulator_teleop/lib/python3.10/site-packages:/home/etri/ros2_ws/build/open_manipulator_bringup:/home/etri/ros2_ws/install/dynamixel_sdk/local/lib/python3.10/dist-packages:/home/etri/ros2_ws/install/dynamixel_interfaces/local/lib/python3.10/dist-packages:/home/etri/ws_ros2/install/service_interfaces/local/lib/python3.10/dist-packages:/opt/ros/humble/lib/python3.10/site-packages:/opt/ros/humble/local/lib/python3.10/dist-packages /usr/bin/cmake --build /home/etri/ros2_ws/build/panda_teleop_omy_l100 -- -j24 -l24
[1.031s] Invoking command in '/home/etri/ros2_ws/build/panda_teleop_omy_l100': AMENT_PREFIX_PATH=/home/etri/ros2_ws/install/open_manipulator_bringup:/home/etri/ros2_ws/install/open_manipulator_teleop:/home/etri/ros2_ws/install/open_manipulator_description:/home/etri/ros2_ws/install/open_manipulator_collision:/home/etri/ros2_ws/install/om_joint_trajectory_command_broadcaster:/home/etri/ros2_ws/install/dynamixel_hardware_interface:/home/etri/ros2_ws/install/dynamixel_sdk:/home/etri/ros2_ws/install/dynamixel_interfaces:/home/etri/ros2_ws/install/custom_panda_description:/home/etri/ws_ros2/install/inspire_hand:/home/etri/ws_ros2/install/service_interfaces:/opt/ros/humble CMAKE_PREFIX_PATH=/home/etri/ros2_ws/install/dynamixel_hardware_interface:/home/etri/ros2_ws/install/open_manipulator_description:/home/etri/ros2_ws/install/dynamixel_sdk:/home/etri/ros2_ws/install/dynamixel_interfaces:/home/etri/ros2_ws/install/custom_panda_description:/home/etri/ros2_ws/install/open_manipulator_collision:/home/etri/ros2_ws/install/om_joint_trajectory_command_broadcaster:/home/etri/ws_ros2/install/inspire_hand:/home/etri/ws_ros2/install/service_interfaces:/home/etri/ros2_ws/install/open_manipulator_teleop:/home/etri/ros2_ws/install/open_manipulator_bringup:/opt/ros/humble LD_LIBRARY_PATH=/home/etri/ros2_ws/install/dynamixel_hardware_interface/lib:/home/etri/ros2_ws/install/dynamixel_sdk/lib:/home/etri/ros2_ws/install/dynamixel_interfaces/lib:/home/etri/ros2_ws/install/open_manipulator_collision/lib:/home/etri/ros2_ws/install/om_joint_trajectory_command_broadcaster/lib:/home/etri/ws_ros2/install/service_interfaces/lib:/opt/ros/humble/opt/rviz_ogre_vendor/lib:/opt/ros/humble/lib/x86_64-linux-gnu:/opt/ros/humble/lib PYTHONPATH=/home/etri/ros2_ws/install/open_manipulator_bringup/lib/python3.10/site-packages:/home/etri/ros2_ws/build/open_manipulator_teleop:/home/etri/ros2_ws/install/open_manipulator_teleop/lib/python3.10/site-packages:/home/etri/ros2_ws/build/open_manipulator_bringup:/home/etri/ros2_ws/install/dynamixel_sdk/local/lib/python3.10/dist-packages:/home/etri/ros2_ws/install/dynamixel_interfaces/local/lib/python3.10/dist-packages:/home/etri/ws_ros2/install/service_interfaces/local/lib/python3.10/dist-packages:/opt/ros/humble/lib/python3.10/site-packages:/opt/ros/humble/local/lib/python3.10/dist-packages /usr/bin/cmake --install /home/etri/ros2_ws/build/panda_teleop_omy_l100
[1.035s] -- Install configuration: ""
[1.035s] -- Installing: /home/etri/ros2_ws/install/panda_teleop_omy_l100/share/panda_teleop_omy_l100/config
[1.035s] -- Installing: /home/etri/ros2_ws/install/panda_teleop_omy_l100/share/panda_teleop_omy_l100/config/servo_config.yaml
[1.035s] -- Installing: /home/etri/ros2_ws/install/panda_teleop_omy_l100/share/panda_teleop_omy_l100/config/kinematics.yaml
[1.035s] -- Installing: /home/etri/ros2_ws/install/panda_teleop_omy_l100/share/panda_teleop_omy_l100/launch
[1.035s] -- Installing: /home/etri/ros2_ws/install/panda_teleop_omy_l100/share/panda_teleop_omy_l100/launch/panda_teleop_omy_l100.launch.py
[1.035s] -- Installing: /home/etri/ros2_ws/install/panda_teleop_omy_l100/lib/panda_teleop_omy_l100/trajectory_to_joint_states.py
[1.035s] -- Installing: /home/etri/ros2_ws/install/panda_teleop_omy_l100/lib/panda_teleop_omy_l100/omy_l100_to_twist_node.py
[1.035s] -- Installing: /home/etri/ros2_ws/install/panda_teleop_omy_l100/lib/panda_teleop_omy_l100/omy_l100_to_gripper_node.py
[1.035s] -- Installing: /home/etri/ros2_ws/install/panda_teleop_omy_l100/share/ament_index/resource_index/package_run_dependencies/panda_teleop_omy_l100
[1.035s] -- Installing: /home/etri/ros2_ws/install/panda_teleop_omy_l100/share/ament_index/resource_index/parent_prefix_path/panda_teleop_omy_l100
[1.036s] -- Installing: /home/etri/ros2_ws/install/panda_teleop_omy_l100/share/panda_teleop_omy_l100/environment/ament_prefix_path.sh
[1.036s] -- Installing: /home/etri/ros2_ws/install/panda_teleop_omy_l100/share/panda_teleop_omy_l100/environment/ament_prefix_path.dsv
[1.036s] -- Installing: /home/etri/ros2_ws/install/panda_teleop_omy_l100/share/panda_teleop_omy_l100/environment/path.sh
[1.036s] -- Installing: /home/etri/ros2_ws/install/panda_teleop_omy_l100/share/panda_teleop_omy_l100/environment/path.dsv
[1.036s] -- Installing: /home/etri/ros2_ws/install/panda_teleop_omy_l100/share/panda_teleop_omy_l100/local_setup.bash
[1.036s] -- Installing: /home/etri/ros2_ws/install/panda_teleop_omy_l100/share/panda_teleop_omy_l100/local_setup.sh
[1.036s] -- Installing: /home/etri/ros2_ws/install/panda_teleop_omy_l100/share/panda_teleop_omy_l100/local_setup.zsh
[1.036s] -- Installing: /home/etri/ros2_ws/install/panda_teleop_omy_l100/share/panda_teleop_omy_l100/local_setup.dsv
[1.036s] -- Installing: /home/etri/ros2_ws/install/panda_teleop_omy_l100/share/panda_teleop_omy_l100/package.dsv
[1.036s] -- Installing: /home/etri/ros2_ws/install/panda_teleop_omy_l100/share/ament_index/resource_index/packages/panda_teleop_omy_l100
[1.036s] -- Installing: /home/etri/ros2_ws/install/panda_teleop_omy_l100/share/panda_teleop_omy_l100/cmake/panda_teleop_omy_l100Config.cmake
[1.036s] -- Installing: /home/etri/ros2_ws/install/panda_teleop_omy_l100/share/panda_teleop_omy_l100/cmake/panda_teleop_omy_l100Config-version.cmake
[1.036s] -- Installing: /home/etri/ros2_ws/install/panda_teleop_omy_l100/share/panda_teleop_omy_l100/package.xml
[1.038s] Invoked command in '/home/etri/ros2_ws/build/panda_teleop_omy_l100' returned '0': AMENT_PREFIX_PATH=/home/etri/ros2_ws/install/open_manipulator_bringup:/home/etri/ros2_ws/install/open_manipulator_teleop:/home/etri/ros2_ws/install/open_manipulator_description:/home/etri/ros2_ws/install/open_manipulator_collision:/home/etri/ros2_ws/install/om_joint_trajectory_command_broadcaster:/home/etri/ros2_ws/install/dynamixel_hardware_interface:/home/etri/ros2_ws/install/dynamixel_sdk:/home/etri/ros2_ws/install/dynamixel_interfaces:/home/etri/ros2_ws/install/custom_panda_description:/home/etri/ws_ros2/install/inspire_hand:/home/etri/ws_ros2/install/service_interfaces:/opt/ros/humble CMAKE_PREFIX_PATH=/home/etri/ros2_ws/install/dynamixel_hardware_interface:/home/etri/ros2_ws/install/open_manipulator_description:/home/etri/ros2_ws/install/dynamixel_sdk:/home/etri/ros2_ws/install/dynamixel_interfaces:/home/etri/ros2_ws/install/custom_panda_description:/home/etri/ros2_ws/install/open_manipulator_collision:/home/etri/ros2_ws/install/om_joint_trajectory_command_broadcaster:/home/etri/ws_ros2/install/inspire_hand:/home/etri/ws_ros2/install/service_interfaces:/home/etri/ros2_ws/install/open_manipulator_teleop:/home/etri/ros2_ws/install/open_manipulator_bringup:/opt/ros/humble LD_LIBRARY_PATH=/home/etri/ros2_ws/install/dynamixel_hardware_interface/lib:/home/etri/ros2_ws/install/dynamixel_sdk/lib:/home/etri/ros2_ws/install/dynamixel_interfaces/lib:/home/etri/ros2_ws/install/open_manipulator_collision/lib:/home/etri/ros2_ws/install/om_joint_trajectory_command_broadcaster/lib:/home/etri/ws_ros2/install/service_interfaces/lib:/opt/ros/humble/opt/rviz_ogre_vendor/lib:/opt/ros/humble/lib/x86_64-linux-gnu:/opt/ros/humble/lib PYTHONPATH=/home/etri/ros2_ws/install/open_manipulator_bringup/lib/python3.10/site-packages:/home/etri/ros2_ws/build/open_manipulator_teleop:/home/etri/ros2_ws/install/open_manipulator_teleop/lib/python3.10/site-packages:/home/etri/ros2_ws/build/open_manipulator_bringup:/home/etri/ros2_ws/install/dynamixel_sdk/local/lib/python3.10/dist-packages:/home/etri/ros2_ws/install/dynamixel_interfaces/local/lib/python3.10/dist-packages:/home/etri/ws_ros2/install/service_interfaces/local/lib/python3.10/dist-packages:/opt/ros/humble/lib/python3.10/site-packages:/opt/ros/humble/local/lib/python3.10/dist-packages /usr/bin/cmake --install /home/etri/ros2_ws/build/panda_teleop_omy_l100
