-- Found ament_cmake: 1.3.12 (/opt/ros/humble/share/ament_cmake/cmake)
-- Override CMake install command with custom implementation using symlinks instead of copying resources
-- Found rclcpp: 16.0.17 (/opt/ros/humble/share/rclcpp/cmake)
-- Found rosidl_generator_c: 3.1.8 (/opt/ros/humble/share/rosidl_generator_c/cmake)
-- Found rosidl_adapter: 3.1.8 (/opt/ros/humble/share/rosidl_adapter/cmake)
-- Found rosidl_generator_cpp: 3.1.8 (/opt/ros/humble/share/rosidl_generator_cpp/cmake)
-- Using all available rosidl_typesupport_c: rosidl_typesupport_fastrtps_c;rosidl_typesupport_introspection_c
-- Using all available rosidl_typesupport_cpp: rosidl_typesupport_fastrtps_cpp;rosidl_typesupport_introspection_cpp
-- Found rmw_implementation_cmake: 6.1.2 (/opt/ros/humble/share/rmw_implementation_cmake/cmake)
-- Found rmw_fastrtps_cpp: 6.2.9 (/opt/ros/humble/share/rmw_fastrtps_cpp/cmake)
-- Using RMW implementation 'rmw_fastrtps_cpp' as default
-- Found rclcpp_action: 16.0.17 (/opt/ros/humble/share/rclcpp_action/cmake)
-- Found ament_cmake_gmock: 1.3.12 (/opt/ros/humble/share/ament_cmake_gmock/cmake)
-- Found lifecycle_msgs: 1.2.2 (/opt/ros/humble/share/lifecycle_msgs/cmake)
-- Found rclcpp_lifecycle: 16.0.17 (/opt/ros/humble/share/rclcpp_lifecycle/cmake)
-- Found test_msgs: 1.2.2 (/opt/ros/humble/share/test_msgs/cmake)
-- Found gmock sources under '/opt/ros/humble/src/gmock_vendor': C++ tests using 'Google Mock' will be built
-- The C compiler identification is GNU 11.4.0
-- Detecting C compiler ABI info
-- Detecting C compiler ABI info - done
-- Check for working C compiler: /usr/bin/cc - skipped
-- Detecting C compile features
-- Detecting C compile features - done
-- Found ament_cmake_gtest: 1.3.12 (/opt/ros/humble/share/ament_cmake_gtest/cmake)
-- Found gtest sources under '/opt/ros/humble/src/gtest_vendor': C++ tests using 'Google Test' will be built
-- Configuring done
-- Generating done
-- Build files have been written to: /home/etri/ros2_ws/build/realtime_tools
[  3%] [32mBuilding CXX object CMakeFiles/realtime_tools.dir/src/realtime_clock.cpp.o[0m
[  6%] [32mBuilding CXX object CMakeFiles/realtime_tools.dir/src/realtime_helpers.cpp.o[0m
[ 10%] [32mBuilding CXX object gmock/CMakeFiles/gmock.dir/opt/ros/humble/src/gtest_vendor/src/gtest-all.cc.o[0m
[ 13%] [32mBuilding CXX object gmock/CMakeFiles/gmock.dir/src/gmock-all.cc.o[0m
[ 16%] [32mBuilding CXX object gmock/CMakeFiles/gmock_main.dir/src/gmock_main.cc.o[0m
[ 20%] [32mBuilding CXX object CMakeFiles/thread_priority.dir/src/realtime_helpers.cpp.o[0m
[ 23%] [32m[1mLinking CXX shared library libthread_priority.so[0m
[ 23%] Built target thread_priority
[ 26%] [32m[1mLinking CXX shared library librealtime_tools.so[0m
[ 26%] Built target realtime_tools
[ 30%] [32m[1mLinking CXX static library libgmock_main.a[0m
[ 30%] Built target gmock_main
[ 33%] [32m[1mLinking CXX static library libgmock.a[0m
[ 33%] Built target gmock
[ 36%] [32mBuilding CXX object CMakeFiles/realtime_buffer_tests.dir/test/realtime_buffer_tests.cpp.o[0m
[ 40%] [32mBuilding CXX object CMakeFiles/realtime_clock_tests.dir/test/realtime_clock_tests.cpp.o[0m
[ 43%] [32mBuilding CXX object CMakeFiles/realtime_box_tests.dir/test/realtime_box_tests.cpp.o[0m
[ 50%] [32mBuilding CXX object CMakeFiles/lock_free_queue_tests.dir/test/lock_free_queue_tests.cpp.o[0m
[ 50%] [32mBuilding CXX object CMakeFiles/realtime_publisher_tests.dir/test/realtime_publisher_tests.cpp.o[0m
[ 53%] [32mBuilding CXX object CMakeFiles/realtime_server_goal_handle_tests.dir/test/realtime_server_goal_handle_tests.cpp.o[0m
[ 56%] [32mBuilding CXX object CMakeFiles/thread_priority_tests.dir/test/thread_priority_tests.cpp.o[0m
[ 60%] [32mBuilding CXX object CMakeFiles/realtime_box_best_effort_tests.dir/test/realtime_box_best_effort_tests.cpp.o[0m
[ 63%] [32mBuilding CXX object CMakeFiles/test_async_function_handler.dir/test/test_async_function_handler.cpp.o[0m
[ 66%] [32mBuilding CXX object CMakeFiles/realtime_mutex_tests.dir/test/realtime_mutex_tests.cpp.o[0m
[ 70%] [32m[1mLinking CXX executable realtime_box_tests[0m
[ 73%] [32m[1mLinking CXX executable realtime_buffer_tests[0m
[ 76%] [32m[1mLinking CXX executable thread_priority_tests[0m
[ 80%] [32m[1mLinking CXX executable realtime_clock_tests[0m
[ 80%] Built target realtime_buffer_tests
[ 80%] Built target realtime_box_tests
[ 80%] Built target thread_priority_tests
[ 80%] Built target realtime_clock_tests
[ 83%] [32m[1mLinking CXX executable realtime_mutex_tests[0m
[ 83%] Built target realtime_mutex_tests
[ 86%] [32m[1mLinking CXX executable realtime_box_best_effort_tests[0m
[01m[K/home/etri/ros2_ws/realtime_tools/test/realtime_publisher_tests.cpp:[m[K In member function ‘[01m[Kvirtual void RealtimePublisher_construct_destruct_Test::TestBody()[m[K’:
[01m[K/home/etri/ros2_ws/realtime_tools/test/realtime_publisher_tests.cpp:45:76:[m[K [01;35m[Kwarning: [m[K‘[01m[Krealtime_tools::RealtimePublisher<MessageT>::RealtimePublisher() [with MessageT = test_msgs::msg::Strings_<std::allocator<void> >][m[K’ is deprecated: Use constructor with rclcpp::Publisher<T>::SharedPtr instead - this class does not make sense without a real publisher [[01;35m[K]8;;https://gcc.gnu.org/onlinedocs/gcc/Warning-Options.html#index-Wdeprecated-declarations-Wdeprecated-declarations]8;;[m[K]
   45 | TEST(RealtimePublisher, construct_destruct) { RealtimePublisher<StringMsg> [01;35m[Krt_pub[m[K; }
      |                                                                            [01;35m[K^~~~~~[m[K
In file included from [01m[K/home/etri/ros2_ws/realtime_tools/test/realtime_publisher_tests.cpp:39[m[K:
[01m[K/home/etri/ros2_ws/realtime_tools/include/realtime_tools/realtime_publisher.hpp:94:3:[m[K [01;36m[Knote: [m[Kdeclared here
   94 |   [01;36m[KRealtimePublisher[m[K()
      |   [01;36m[K^~~~~~~~~~~~~~~~~[m[K
[ 86%] Built target realtime_box_best_effort_tests
[ 90%] [32m[1mLinking CXX executable lock_free_queue_tests[0m
[ 90%] Built target lock_free_queue_tests
[ 93%] [32m[1mLinking CXX executable test_async_function_handler[0m
[ 96%] [32m[1mLinking CXX executable realtime_server_goal_handle_tests[0m
[ 96%] Built target test_async_function_handler
[ 96%] Built target realtime_server_goal_handle_tests
[100%] [32m[1mLinking CXX executable realtime_publisher_tests[0m
[100%] Built target realtime_publisher_tests
-- Install configuration: ""
-- Execute custom install script
-- Symlinking: /home/etri/ros2_ws/install/realtime_tools/include/realtime_tools/realtime_tools/async_function_handler.hpp
-- Symlinking: /home/etri/ros2_ws/install/realtime_tools/include/realtime_tools/realtime_tools/lock_free_queue.hpp
-- Symlinking: /home/etri/ros2_ws/install/realtime_tools/include/realtime_tools/realtime_tools/mutex.hpp
-- Symlinking: /home/etri/ros2_ws/install/realtime_tools/include/realtime_tools/realtime_tools/realtime_box.h
-- Symlinking: /home/etri/ros2_ws/install/realtime_tools/include/realtime_tools/realtime_tools/realtime_box.hpp
-- Symlinking: /home/etri/ros2_ws/install/realtime_tools/include/realtime_tools/realtime_tools/realtime_box_best_effort.h
-- Symlinking: /home/etri/ros2_ws/install/realtime_tools/include/realtime_tools/realtime_tools/realtime_box_best_effort.hpp
-- Symlinking: /home/etri/ros2_ws/install/realtime_tools/include/realtime_tools/realtime_tools/realtime_buffer.h
-- Symlinking: /home/etri/ros2_ws/install/realtime_tools/include/realtime_tools/realtime_tools/realtime_buffer.hpp
-- Symlinking: /home/etri/ros2_ws/install/realtime_tools/include/realtime_tools/realtime_tools/realtime_clock.h
-- Symlinking: /home/etri/ros2_ws/install/realtime_tools/include/realtime_tools/realtime_tools/realtime_clock.hpp
-- Symlinking: /home/etri/ros2_ws/install/realtime_tools/include/realtime_tools/realtime_tools/realtime_helpers.hpp
-- Symlinking: /home/etri/ros2_ws/install/realtime_tools/include/realtime_tools/realtime_tools/realtime_publisher.h
-- Symlinking: /home/etri/ros2_ws/install/realtime_tools/include/realtime_tools/realtime_tools/realtime_publisher.hpp
-- Symlinking: /home/etri/ros2_ws/install/realtime_tools/include/realtime_tools/realtime_tools/realtime_server_goal_handle.h
-- Symlinking: /home/etri/ros2_ws/install/realtime_tools/include/realtime_tools/realtime_tools/realtime_server_goal_handle.hpp
-- Symlinking: /home/etri/ros2_ws/install/realtime_tools/include/realtime_tools/realtime_tools/thread_priority.hpp
-- Symlinking: /home/etri/ros2_ws/install/realtime_tools/share/realtime_tools/environment/library_path.sh
-- Symlinking: /home/etri/ros2_ws/install/realtime_tools/share/realtime_tools/environment/library_path.dsv
-- Symlinking: /home/etri/ros2_ws/install/realtime_tools/share/ament_index/resource_index/package_run_dependencies/realtime_tools
-- Symlinking: /home/etri/ros2_ws/install/realtime_tools/share/ament_index/resource_index/parent_prefix_path/realtime_tools
-- Symlinking: /home/etri/ros2_ws/install/realtime_tools/share/realtime_tools/environment/ament_prefix_path.sh
-- Symlinking: /home/etri/ros2_ws/install/realtime_tools/share/realtime_tools/environment/ament_prefix_path.dsv
-- Symlinking: /home/etri/ros2_ws/install/realtime_tools/share/realtime_tools/environment/path.sh
-- Symlinking: /home/etri/ros2_ws/install/realtime_tools/share/realtime_tools/environment/path.dsv
-- Symlinking: /home/etri/ros2_ws/install/realtime_tools/share/realtime_tools/local_setup.bash
-- Symlinking: /home/etri/ros2_ws/install/realtime_tools/share/realtime_tools/local_setup.sh
-- Symlinking: /home/etri/ros2_ws/install/realtime_tools/share/realtime_tools/local_setup.zsh
-- Symlinking: /home/etri/ros2_ws/install/realtime_tools/share/realtime_tools/local_setup.dsv
-- Symlinking: /home/etri/ros2_ws/install/realtime_tools/share/realtime_tools/package.dsv
-- Symlinking: /home/etri/ros2_ws/install/realtime_tools/share/ament_index/resource_index/packages/realtime_tools
-- Symlinking: /home/etri/ros2_ws/install/realtime_tools/share/realtime_tools/cmake/ament_cmake_export_targets-extras.cmake
-- Symlinking: /home/etri/ros2_ws/install/realtime_tools/share/realtime_tools/cmake/ament_cmake_export_dependencies-extras.cmake
-- Symlinking: /home/etri/ros2_ws/install/realtime_tools/share/realtime_tools/cmake/realtime_toolsConfig.cmake
-- Symlinking: /home/etri/ros2_ws/install/realtime_tools/share/realtime_tools/cmake/realtime_toolsConfig-version.cmake
-- Symlinking: /home/etri/ros2_ws/install/realtime_tools/share/realtime_tools/package.xml
-- Installing: /home/etri/ros2_ws/install/realtime_tools/lib/librealtime_tools.so
-- Set runtime path of "/home/etri/ros2_ws/install/realtime_tools/lib/librealtime_tools.so" to ""
-- Installing: /home/etri/ros2_ws/install/realtime_tools/lib/libthread_priority.so
-- Set runtime path of "/home/etri/ros2_ws/install/realtime_tools/lib/libthread_priority.so" to ""
-- Installing: /home/etri/ros2_ws/install/realtime_tools/share/realtime_tools/cmake/export_realtime_toolsExport.cmake
-- Installing: /home/etri/ros2_ws/install/realtime_tools/share/realtime_tools/cmake/export_realtime_toolsExport-noconfig.cmake
