[0.015s] Invoking command in '/home/etri/ros2_ws/build/realtime_tools': CMAKE_PREFIX_PATH=/opt/ros/humble /usr/bin/cmake /home/etri/ros2_ws/realtime_tools -DCMAKE_INSTALL_PREFIX=/home/etri/ros2_ws/install/realtime_tools
[0.018s] -- Found ament_cmake: 1.3.12 (/opt/ros/humble/share/ament_cmake/cmake)
[0.082s] -- Override CMake install command with custom implementation using symlinks instead of copying resources
[0.084s] -- Found rclcpp: 16.0.17 (/opt/ros/humble/share/rclcpp/cmake)
[0.099s] -- Found rosidl_generator_c: 3.1.8 (/opt/ros/humble/share/rosidl_generator_c/cmake)
[0.100s] -- Found rosidl_adapter: 3.1.8 (/opt/ros/humble/share/rosidl_adapter/cmake)
[0.103s] -- Found rosidl_generator_cpp: 3.1.8 (/opt/ros/humble/share/rosidl_generator_cpp/cmake)
[0.105s] -- Using all available rosidl_typesupport_c: rosidl_typesupport_fastrtps_c;rosidl_typesupport_introspection_c
[0.110s] -- Using all available rosidl_typesupport_cpp: rosidl_typesupport_fastrtps_cpp;rosidl_typesupport_introspection_cpp
[0.126s] -- Found rmw_implementation_cmake: 6.1.2 (/opt/ros/humble/share/rmw_implementation_cmake/cmake)
[0.126s] -- Found rmw_fastrtps_cpp: 6.2.9 (/opt/ros/humble/share/rmw_fastrtps_cpp/cmake)
[0.181s] -- Using RMW implementation 'rmw_fastrtps_cpp' as default
[0.201s] -- Found rclcpp_action: 16.0.17 (/opt/ros/humble/share/rclcpp_action/cmake)
[0.215s] -- Found ament_cmake_gmock: 1.3.12 (/opt/ros/humble/share/ament_cmake_gmock/cmake)
[0.215s] -- Found lifecycle_msgs: 1.2.2 (/opt/ros/humble/share/lifecycle_msgs/cmake)
[0.219s] -- Found rclcpp_lifecycle: 16.0.17 (/opt/ros/humble/share/rclcpp_lifecycle/cmake)
[0.223s] -- Found test_msgs: 1.2.2 (/opt/ros/humble/share/test_msgs/cmake)
[0.233s] -- Found gmock sources under '/opt/ros/humble/src/gmock_vendor': C++ tests using 'Google Mock' will be built
[0.264s] -- The C compiler identification is GNU 11.4.0
[0.271s] -- Detecting C compiler ABI info
[0.314s] -- Detecting C compiler ABI info - done
[0.316s] -- Check for working C compiler: /usr/bin/cc - skipped
[0.317s] -- Detecting C compile features
[0.317s] -- Detecting C compile features - done
[0.321s] -- Found ament_cmake_gtest: 1.3.12 (/opt/ros/humble/share/ament_cmake_gtest/cmake)
[0.321s] -- Found gtest sources under '/opt/ros/humble/src/gtest_vendor': C++ tests using 'Google Test' will be built
[0.361s] -- Configuring done
[0.380s] -- Generating done
[0.387s] -- Build files have been written to: /home/etri/ros2_ws/build/realtime_tools
[0.399s] Invoked command in '/home/etri/ros2_ws/build/realtime_tools' returned '0': CMAKE_PREFIX_PATH=/opt/ros/humble /usr/bin/cmake /home/etri/ros2_ws/realtime_tools -DCMAKE_INSTALL_PREFIX=/home/etri/ros2_ws/install/realtime_tools
[0.399s] Invoking command in '/home/etri/ros2_ws/build/realtime_tools': CMAKE_PREFIX_PATH=/opt/ros/humble /usr/bin/cmake --build /home/etri/ros2_ws/build/realtime_tools -- -j24 -l24
[0.420s] [  3%] [32mBuilding CXX object CMakeFiles/realtime_tools.dir/src/realtime_clock.cpp.o[0m
[0.421s] [  6%] [32mBuilding CXX object CMakeFiles/realtime_tools.dir/src/realtime_helpers.cpp.o[0m
[0.421s] [ 10%] [32mBuilding CXX object gmock/CMakeFiles/gmock.dir/opt/ros/humble/src/gtest_vendor/src/gtest-all.cc.o[0m
[0.422s] [ 13%] [32mBuilding CXX object gmock/CMakeFiles/gmock.dir/src/gmock-all.cc.o[0m
[0.422s] [ 16%] [32mBuilding CXX object gmock/CMakeFiles/gmock_main.dir/src/gmock_main.cc.o[0m
[0.422s] [ 20%] [32mBuilding CXX object CMakeFiles/thread_priority.dir/src/realtime_helpers.cpp.o[0m
[0.666s] [ 23%] [32m[1mLinking CXX shared library libthread_priority.so[0m
[0.735s] [ 23%] Built target thread_priority
[0.839s] [ 26%] [32m[1mLinking CXX shared library librealtime_tools.so[0m
[0.898s] [ 26%] Built target realtime_tools
[0.950s] [ 30%] [32m[1mLinking CXX static library libgmock_main.a[0m
[0.988s] [ 30%] Built target gmock_main
[1.780s] [ 33%] [32m[1mLinking CXX static library libgmock.a[0m
[1.813s] [ 33%] Built target gmock
[1.826s] [ 36%] [32mBuilding CXX object CMakeFiles/realtime_buffer_tests.dir/test/realtime_buffer_tests.cpp.o[0m
[1.827s] [ 40%] [32mBuilding CXX object CMakeFiles/realtime_clock_tests.dir/test/realtime_clock_tests.cpp.o[0m
[1.827s] [ 43%] [32mBuilding CXX object CMakeFiles/realtime_box_tests.dir/test/realtime_box_tests.cpp.o[0m
[1.827s] [ 50%] [32mBuilding CXX object CMakeFiles/lock_free_queue_tests.dir/test/lock_free_queue_tests.cpp.o[0m
[1.827s] [ 50%] [32mBuilding CXX object CMakeFiles/realtime_publisher_tests.dir/test/realtime_publisher_tests.cpp.o[0m
[1.828s] [ 53%] [32mBuilding CXX object CMakeFiles/realtime_server_goal_handle_tests.dir/test/realtime_server_goal_handle_tests.cpp.o[0m
[1.828s] [ 56%] [32mBuilding CXX object CMakeFiles/thread_priority_tests.dir/test/thread_priority_tests.cpp.o[0m
[1.829s] [ 60%] [32mBuilding CXX object CMakeFiles/realtime_box_best_effort_tests.dir/test/realtime_box_best_effort_tests.cpp.o[0m
[1.829s] [ 63%] [32mBuilding CXX object CMakeFiles/test_async_function_handler.dir/test/test_async_function_handler.cpp.o[0m
[1.832s] [ 66%] [32mBuilding CXX object CMakeFiles/realtime_mutex_tests.dir/test/realtime_mutex_tests.cpp.o[0m
[2.386s] [ 70%] [32m[1mLinking CXX executable realtime_box_tests[0m
[2.408s] [ 73%] [32m[1mLinking CXX executable realtime_buffer_tests[0m
[2.443s] [ 76%] [32m[1mLinking CXX executable thread_priority_tests[0m
[2.500s] [ 80%] [32m[1mLinking CXX executable realtime_clock_tests[0m
[2.501s] [ 80%] Built target realtime_buffer_tests
[2.502s] [ 80%] Built target realtime_box_tests
[2.542s] [ 80%] Built target thread_priority_tests
[2.607s] [ 80%] Built target realtime_clock_tests
[2.619s] [ 83%] [32m[1mLinking CXX executable realtime_mutex_tests[0m
[2.705s] [ 83%] Built target realtime_mutex_tests
[2.862s] [ 86%] [32m[1mLinking CXX executable realtime_box_best_effort_tests[0m
[2.866s] [01m[K/home/etri/ros2_ws/realtime_tools/test/realtime_publisher_tests.cpp:[m[K In member function ‘[01m[Kvirtual void RealtimePublisher_construct_destruct_Test::TestBody()[m[K’:
[2.866s] [01m[K/home/etri/ros2_ws/realtime_tools/test/realtime_publisher_tests.cpp:45:76:[m[K [01;35m[Kwarning: [m[K‘[01m[Krealtime_tools::RealtimePublisher<MessageT>::RealtimePublisher() [with MessageT = test_msgs::msg::Strings_<std::allocator<void> >][m[K’ is deprecated: Use constructor with rclcpp::Publisher<T>::SharedPtr instead - this class does not make sense without a real publisher [[01;35m[K]8;;https://gcc.gnu.org/onlinedocs/gcc/Warning-Options.html#index-Wdeprecated-declarations-Wdeprecated-declarations]8;;[m[K]
[2.866s]    45 | TEST(RealtimePublisher, construct_destruct) { RealtimePublisher<StringMsg> [01;35m[Krt_pub[m[K; }
[2.866s]       |                                                                            [01;35m[K^~~~~~[m[K
[2.866s] In file included from [01m[K/home/etri/ros2_ws/realtime_tools/test/realtime_publisher_tests.cpp:39[m[K:
[2.866s] [01m[K/home/etri/ros2_ws/realtime_tools/include/realtime_tools/realtime_publisher.hpp:94:3:[m[K [01;36m[Knote: [m[Kdeclared here
[2.866s]    94 |   [01;36m[KRealtimePublisher[m[K()
[2.866s]       |   [01;36m[K^~~~~~~~~~~~~~~~~[m[K
[2.974s] [ 86%] Built target realtime_box_best_effort_tests
[3.371s] [ 90%] [32m[1mLinking CXX executable lock_free_queue_tests[0m
[3.466s] [ 90%] Built target lock_free_queue_tests
[3.961s] [ 93%] [32m[1mLinking CXX executable test_async_function_handler[0m
[4.060s] [ 96%] [32m[1mLinking CXX executable realtime_server_goal_handle_tests[0m
[4.084s] [ 96%] Built target test_async_function_handler
[4.204s] [ 96%] Built target realtime_server_goal_handle_tests
[5.477s] [100%] [32m[1mLinking CXX executable realtime_publisher_tests[0m
[5.688s] [100%] Built target realtime_publisher_tests
[5.697s] Invoked command in '/home/etri/ros2_ws/build/realtime_tools' returned '0': CMAKE_PREFIX_PATH=/opt/ros/humble /usr/bin/cmake --build /home/etri/ros2_ws/build/realtime_tools -- -j24 -l24
[5.697s] Invoking command in '/home/etri/ros2_ws/build/realtime_tools': CMAKE_PREFIX_PATH=/opt/ros/humble /usr/bin/cmake --install /home/etri/ros2_ws/build/realtime_tools
[5.698s] -- Install configuration: ""
[5.698s] -- Execute custom install script
[5.698s] -- Symlinking: /home/etri/ros2_ws/install/realtime_tools/include/realtime_tools/realtime_tools/async_function_handler.hpp
[5.702s] -- Symlinking: /home/etri/ros2_ws/install/realtime_tools/include/realtime_tools/realtime_tools/lock_free_queue.hpp
[5.705s] -- Symlinking: /home/etri/ros2_ws/install/realtime_tools/include/realtime_tools/realtime_tools/mutex.hpp
[5.708s] -- Symlinking: /home/etri/ros2_ws/install/realtime_tools/include/realtime_tools/realtime_tools/realtime_box.h
[5.713s] -- Symlinking: /home/etri/ros2_ws/install/realtime_tools/include/realtime_tools/realtime_tools/realtime_box.hpp
[5.716s] -- Symlinking: /home/etri/ros2_ws/install/realtime_tools/include/realtime_tools/realtime_tools/realtime_box_best_effort.h
[5.719s] -- Symlinking: /home/etri/ros2_ws/install/realtime_tools/include/realtime_tools/realtime_tools/realtime_box_best_effort.hpp
[5.723s] -- Symlinking: /home/etri/ros2_ws/install/realtime_tools/include/realtime_tools/realtime_tools/realtime_buffer.h
[5.726s] -- Symlinking: /home/etri/ros2_ws/install/realtime_tools/include/realtime_tools/realtime_tools/realtime_buffer.hpp
[5.729s] -- Symlinking: /home/etri/ros2_ws/install/realtime_tools/include/realtime_tools/realtime_tools/realtime_clock.h
[5.733s] -- Symlinking: /home/etri/ros2_ws/install/realtime_tools/include/realtime_tools/realtime_tools/realtime_clock.hpp
[5.739s] -- Symlinking: /home/etri/ros2_ws/install/realtime_tools/include/realtime_tools/realtime_tools/realtime_helpers.hpp
[5.742s] -- Symlinking: /home/etri/ros2_ws/install/realtime_tools/include/realtime_tools/realtime_tools/realtime_publisher.h
[5.745s] -- Symlinking: /home/etri/ros2_ws/install/realtime_tools/include/realtime_tools/realtime_tools/realtime_publisher.hpp
[5.749s] -- Symlinking: /home/etri/ros2_ws/install/realtime_tools/include/realtime_tools/realtime_tools/realtime_server_goal_handle.h
[5.752s] -- Symlinking: /home/etri/ros2_ws/install/realtime_tools/include/realtime_tools/realtime_tools/realtime_server_goal_handle.hpp
[5.756s] -- Symlinking: /home/etri/ros2_ws/install/realtime_tools/include/realtime_tools/realtime_tools/thread_priority.hpp
[5.759s] -- Symlinking: /home/etri/ros2_ws/install/realtime_tools/share/realtime_tools/environment/library_path.sh
[5.764s] -- Symlinking: /home/etri/ros2_ws/install/realtime_tools/share/realtime_tools/environment/library_path.dsv
[5.768s] -- Symlinking: /home/etri/ros2_ws/install/realtime_tools/share/ament_index/resource_index/package_run_dependencies/realtime_tools
[5.772s] -- Symlinking: /home/etri/ros2_ws/install/realtime_tools/share/ament_index/resource_index/parent_prefix_path/realtime_tools
[5.775s] -- Symlinking: /home/etri/ros2_ws/install/realtime_tools/share/realtime_tools/environment/ament_prefix_path.sh
[5.779s] -- Symlinking: /home/etri/ros2_ws/install/realtime_tools/share/realtime_tools/environment/ament_prefix_path.dsv
[5.782s] -- Symlinking: /home/etri/ros2_ws/install/realtime_tools/share/realtime_tools/environment/path.sh
[5.786s] -- Symlinking: /home/etri/ros2_ws/install/realtime_tools/share/realtime_tools/environment/path.dsv
[5.790s] -- Symlinking: /home/etri/ros2_ws/install/realtime_tools/share/realtime_tools/local_setup.bash
[5.796s] -- Symlinking: /home/etri/ros2_ws/install/realtime_tools/share/realtime_tools/local_setup.sh
[5.800s] -- Symlinking: /home/etri/ros2_ws/install/realtime_tools/share/realtime_tools/local_setup.zsh
[5.803s] -- Symlinking: /home/etri/ros2_ws/install/realtime_tools/share/realtime_tools/local_setup.dsv
[5.807s] -- Symlinking: /home/etri/ros2_ws/install/realtime_tools/share/realtime_tools/package.dsv
[5.810s] -- Symlinking: /home/etri/ros2_ws/install/realtime_tools/share/ament_index/resource_index/packages/realtime_tools
[5.813s] -- Symlinking: /home/etri/ros2_ws/install/realtime_tools/share/realtime_tools/cmake/ament_cmake_export_targets-extras.cmake
[5.816s] -- Symlinking: /home/etri/ros2_ws/install/realtime_tools/share/realtime_tools/cmake/ament_cmake_export_dependencies-extras.cmake
[5.821s] -- Symlinking: /home/etri/ros2_ws/install/realtime_tools/share/realtime_tools/cmake/realtime_toolsConfig.cmake
[5.824s] -- Symlinking: /home/etri/ros2_ws/install/realtime_tools/share/realtime_tools/cmake/realtime_toolsConfig-version.cmake
[5.828s] -- Symlinking: /home/etri/ros2_ws/install/realtime_tools/share/realtime_tools/package.xml
[5.832s] -- Installing: /home/etri/ros2_ws/install/realtime_tools/lib/librealtime_tools.so
[5.832s] -- Set runtime path of "/home/etri/ros2_ws/install/realtime_tools/lib/librealtime_tools.so" to ""
[5.832s] -- Installing: /home/etri/ros2_ws/install/realtime_tools/lib/libthread_priority.so
[5.832s] -- Set runtime path of "/home/etri/ros2_ws/install/realtime_tools/lib/libthread_priority.so" to ""
[5.832s] -- Installing: /home/etri/ros2_ws/install/realtime_tools/share/realtime_tools/cmake/export_realtime_toolsExport.cmake
[5.832s] -- Installing: /home/etri/ros2_ws/install/realtime_tools/share/realtime_tools/cmake/export_realtime_toolsExport-noconfig.cmake
[5.834s] Invoked command in '/home/etri/ros2_ws/build/realtime_tools' returned '0': CMAKE_PREFIX_PATH=/opt/ros/humble /usr/bin/cmake --install /home/etri/ros2_ws/build/realtime_tools
