[0.024s] Invoking command in '/home/etri/ros2_ws/build/custom_panda_description': CMAKE_PREFIX_PATH=${CMAKE_PREFIX_PATH}:/home/etri/ros2_ws/install/open_manipulator_bringup:/home/etri/ros2_ws/install/open_manipulator_teleop:/opt/ros/humble /usr/bin/cmake /home/etri/ros2_ws/custom_panda_description -DAMENT_CMAKE_SYMLINK_INSTALL=1 -DCMAKE_INSTALL_PREFIX=/home/etri/ros2_ws/install/custom_panda_description
[0.034s] -- Found ament_cmake: 1.3.12 (/opt/ros/humble/share/ament_cmake/cmake)
[0.148s] -- Override CMake install command with custom implementation using symlinks instead of copying resources
[0.148s] -- Found urdf: 2.6.1 (/opt/ros/humble/share/urdf/cmake)
[0.148s] -- Found xacro: 2.1.1 (/opt/ros/humble/share/xacro/cmake)
[0.148s] -- Found ament_lint_auto: 0.12.14 (/opt/ros/humble/share/ament_lint_auto/cmake)
[0.150s] -- Added test 'flake8' to check Python code syntax and style conventions
[0.150s] -- Added test 'lint_cmake' to check CMake code style
[0.150s] -- Added test 'pep257' to check Python code against some of the docstring style conventions in PEP 257
[0.150s] -- Added test 'xmllint' to check XML markup files
[0.150s] -- Configuring done
[0.150s] -- Generating done
[0.150s] -- Build files have been written to: /home/etri/ros2_ws/build/custom_panda_description
[0.154s] Invoked command in '/home/etri/ros2_ws/build/custom_panda_description' returned '0': CMAKE_PREFIX_PATH=${CMAKE_PREFIX_PATH}:/home/etri/ros2_ws/install/open_manipulator_bringup:/home/etri/ros2_ws/install/open_manipulator_teleop:/opt/ros/humble /usr/bin/cmake /home/etri/ros2_ws/custom_panda_description -DAMENT_CMAKE_SYMLINK_INSTALL=1 -DCMAKE_INSTALL_PREFIX=/home/etri/ros2_ws/install/custom_panda_description
[0.154s] Invoking command in '/home/etri/ros2_ws/build/custom_panda_description': CMAKE_PREFIX_PATH=${CMAKE_PREFIX_PATH}:/home/etri/ros2_ws/install/open_manipulator_bringup:/home/etri/ros2_ws/install/open_manipulator_teleop:/opt/ros/humble /usr/bin/cmake --build /home/etri/ros2_ws/build/custom_panda_description -- -j24 -l24
[0.180s] Invoked command in '/home/etri/ros2_ws/build/custom_panda_description' returned '0': CMAKE_PREFIX_PATH=${CMAKE_PREFIX_PATH}:/home/etri/ros2_ws/install/open_manipulator_bringup:/home/etri/ros2_ws/install/open_manipulator_teleop:/opt/ros/humble /usr/bin/cmake --build /home/etri/ros2_ws/build/custom_panda_description -- -j24 -l24
[0.180s] Invoking command in '/home/etri/ros2_ws/build/custom_panda_description': CMAKE_PREFIX_PATH=${CMAKE_PREFIX_PATH}:/home/etri/ros2_ws/install/open_manipulator_bringup:/home/etri/ros2_ws/install/open_manipulator_teleop:/opt/ros/humble /usr/bin/cmake --install /home/etri/ros2_ws/build/custom_panda_description
[0.184s] -- Install configuration: ""
[0.184s] -- Execute custom install script
[0.184s] -- Symlinking: /home/etri/ros2_ws/install/custom_panda_description/share/custom_panda_description/urdf/panda_with_robotiq.urdf
[0.189s] -- Symlinking: /home/etri/ros2_ws/install/custom_panda_description/share/custom_panda_description/meshes/inner_finger_coarse.STL
[0.194s] -- Symlinking: /home/etri/ros2_ws/install/custom_panda_description/share/custom_panda_description/meshes/inner_finger_fine.STL
[0.199s] -- Symlinking: /home/etri/ros2_ws/install/custom_panda_description/share/custom_panda_description/meshes/inner_knuckle_coarse.STL
[0.204s] -- Symlinking: /home/etri/ros2_ws/install/custom_panda_description/share/custom_panda_description/meshes/inner_knuckle_fine.STL
[0.211s] -- Symlinking: /home/etri/ros2_ws/install/custom_panda_description/share/custom_panda_description/meshes/outer_finger_coarse.STL
[0.212s] -- Symlinking: /home/etri/ros2_ws/install/custom_panda_description/share/custom_panda_description/meshes/outer_finger_fine.STL
[0.217s] -- Symlinking: /home/etri/ros2_ws/install/custom_panda_description/share/custom_panda_description/meshes/outer_knuckle_coarse.STL
[0.222s] -- Symlinking: /home/etri/ros2_ws/install/custom_panda_description/share/custom_panda_description/meshes/outer_knuckle_fine.STL
[0.225s] -- Symlinking: /home/etri/ros2_ws/install/custom_panda_description/share/custom_panda_description/meshes/robotiq_85_base_link_coarse.STL
[0.229s] -- Symlinking: /home/etri/ros2_ws/install/custom_panda_description/share/custom_panda_description/meshes/robotiq_85_base_link_fine.STL
[0.233s] -- Symlinking: /home/etri/ros2_ws/install/custom_panda_description/share/custom_panda_description/config/kinematics.yaml
[0.239s] -- Symlinking: /home/etri/ros2_ws/install/custom_panda_description/share/custom_panda_description/config/panda_robotiq.ros2_control.xacro
[0.242s] -- Symlinking: /home/etri/ros2_ws/install/custom_panda_description/share/custom_panda_description/config/panda_robotiq.srdf
[0.248s] -- Symlinking: /home/etri/ros2_ws/install/custom_panda_description/share/custom_panda_description/config/ros2_controllers.yaml
[0.253s] -- Symlinking: /home/etri/ros2_ws/install/custom_panda_description/share/custom_panda_description/config/servo_config.yaml
[0.257s] -- Symlinking: /home/etri/ros2_ws/install/custom_panda_description/share/custom_panda_description/config/view_robot.rviz
[0.263s] -- Symlinking: /home/etri/ros2_ws/install/custom_panda_description/share/custom_panda_description/launch/servo_complete.launch.py
[0.268s] -- Symlinking: /home/etri/ros2_ws/install/custom_panda_description/lib/custom_panda_description/joy_to_twist_node.py
[0.272s] -- Symlinking: /home/etri/ros2_ws/install/custom_panda_description/lib/custom_panda_description/trajectory_to_joint_states.py
[0.278s] -- Symlinking: /home/etri/ros2_ws/install/custom_panda_description/lib/custom_panda_description/joy_to_gripper_node.py
[0.283s] -- Symlinking: /home/etri/ros2_ws/install/custom_panda_description/share/ament_index/resource_index/package_run_dependencies/custom_panda_description
[0.288s] -- Symlinking: /home/etri/ros2_ws/install/custom_panda_description/share/ament_index/resource_index/parent_prefix_path/custom_panda_description
[0.293s] -- Symlinking: /home/etri/ros2_ws/install/custom_panda_description/share/custom_panda_description/environment/ament_prefix_path.sh
[0.297s] -- Symlinking: /home/etri/ros2_ws/install/custom_panda_description/share/custom_panda_description/environment/ament_prefix_path.dsv
[0.302s] -- Symlinking: /home/etri/ros2_ws/install/custom_panda_description/share/custom_panda_description/environment/path.sh
[0.306s] -- Symlinking: /home/etri/ros2_ws/install/custom_panda_description/share/custom_panda_description/environment/path.dsv
[0.310s] -- Symlinking: /home/etri/ros2_ws/install/custom_panda_description/share/custom_panda_description/local_setup.bash
[0.314s] -- Symlinking: /home/etri/ros2_ws/install/custom_panda_description/share/custom_panda_description/local_setup.sh
[0.319s] -- Symlinking: /home/etri/ros2_ws/install/custom_panda_description/share/custom_panda_description/local_setup.zsh
[0.325s] -- Symlinking: /home/etri/ros2_ws/install/custom_panda_description/share/custom_panda_description/local_setup.dsv
[0.330s] -- Symlinking: /home/etri/ros2_ws/install/custom_panda_description/share/custom_panda_description/package.dsv
[0.333s] -- Symlinking: /home/etri/ros2_ws/install/custom_panda_description/share/ament_index/resource_index/packages/custom_panda_description
[0.337s] -- Symlinking: /home/etri/ros2_ws/install/custom_panda_description/share/custom_panda_description/cmake/custom_panda_descriptionConfig.cmake
[0.341s] -- Symlinking: /home/etri/ros2_ws/install/custom_panda_description/share/custom_panda_description/cmake/custom_panda_descriptionConfig-version.cmake
[0.348s] -- Symlinking: /home/etri/ros2_ws/install/custom_panda_description/share/custom_panda_description/package.xml
