[0.000000] (-) TimerEvent: {}
[0.000034] (-) JobUnselected: {'identifier': 'custom_panda_description'}
[0.000045] (-) JobUnselected: {'identifier': 'dynamixel_interfaces'}
[0.000051] (-) JobUnselected: {'identifier': 'dynamixel_sdk'}
[0.000056] (-) JobUnselected: {'identifier': 'dynamixel_sdk_custom_interfaces'}
[0.000061] (-) JobUnselected: {'identifier': 'om_spring_actuator_controller'}
[0.000065] (-) JobUnselected: {'identifier': 'open_manipulator_collision'}
[0.000069] (-) JobUnselected: {'identifier': 'open_manipulator_gui'}
[0.000074] (-) JobUnselected: {'identifier': 'open_manipulator_moveit_config'}
[0.000078] (-) JobUnselected: {'identifier': 'open_manipulator_playground'}
[0.000082] (-) JobUnselected: {'identifier': 'realtime_tools'}
[0.000087] (open_manipulator_description) JobQueued: {'identifier': 'open_manipulator_description', 'dependencies': OrderedDict()}
[0.000093] (open_manipulator_teleop) JobQueued: {'identifier': 'open_manipulator_teleop', 'dependencies': OrderedDict()}
[0.000100] (dynamixel_hardware_interface) JobQueued: {'identifier': 'dynamixel_hardware_interface', 'dependencies': OrderedDict([('dynamixel_interfaces', '/home/etri/ros2_ws/install/dynamixel_interfaces'), ('dynamixel_sdk', '/home/etri/ros2_ws/install/dynamixel_sdk'), ('realtime_tools', '/home/etri/ros2_ws/install/realtime_tools')])}
[0.000107] (dynamixel_sdk_examples) JobQueued: {'identifier': 'dynamixel_sdk_examples', 'dependencies': OrderedDict([('dynamixel_sdk', '/home/etri/ros2_ws/install/dynamixel_sdk'), ('dynamixel_sdk_custom_interfaces', '/home/etri/ros2_ws/install/dynamixel_sdk_custom_interfaces')])}
[0.000113] (om_gravity_compensation_controller) JobQueued: {'identifier': 'om_gravity_compensation_controller', 'dependencies': OrderedDict([('realtime_tools', '/home/etri/ros2_ws/install/realtime_tools')])}
[0.000119] (om_joint_trajectory_command_broadcaster) JobQueued: {'identifier': 'om_joint_trajectory_command_broadcaster', 'dependencies': OrderedDict([('realtime_tools', '/home/etri/ros2_ws/install/realtime_tools')])}
[0.000123] (open_manipulator_bringup) JobQueued: {'identifier': 'open_manipulator_bringup', 'dependencies': OrderedDict([('dynamixel_interfaces', '/home/etri/ros2_ws/install/dynamixel_interfaces'), ('dynamixel_sdk', '/home/etri/ros2_ws/install/dynamixel_sdk'), ('open_manipulator_description', '/home/etri/ros2_ws/install/open_manipulator_description'), ('realtime_tools', '/home/etri/ros2_ws/install/realtime_tools'), ('dynamixel_hardware_interface', '/home/etri/ros2_ws/install/dynamixel_hardware_interface')])}
[0.000130] (open_manipulator) JobQueued: {'identifier': 'open_manipulator', 'dependencies': OrderedDict([('dynamixel_interfaces', '/home/etri/ros2_ws/install/dynamixel_interfaces'), ('dynamixel_sdk', '/home/etri/ros2_ws/install/dynamixel_sdk'), ('om_spring_actuator_controller', '/home/etri/ros2_ws/install/om_spring_actuator_controller'), ('open_manipulator_collision', '/home/etri/ros2_ws/install/open_manipulator_collision'), ('open_manipulator_description', '/home/etri/ros2_ws/install/open_manipulator_description'), ('open_manipulator_gui', '/home/etri/ros2_ws/install/open_manipulator_gui'), ('open_manipulator_playground', '/home/etri/ros2_ws/install/open_manipulator_playground'), ('open_manipulator_teleop', '/home/etri/ros2_ws/install/open_manipulator_teleop'), ('realtime_tools', '/home/etri/ros2_ws/install/realtime_tools'), ('dynamixel_hardware_interface', '/home/etri/ros2_ws/install/dynamixel_hardware_interface'), ('om_gravity_compensation_controller', '/home/etri/ros2_ws/install/om_gravity_compensation_controller'), ('om_joint_trajectory_command_broadcaster', '/home/etri/ros2_ws/install/om_joint_trajectory_command_broadcaster'), ('open_manipulator_moveit_config', '/home/etri/ros2_ws/install/open_manipulator_moveit_config'), ('open_manipulator_bringup', '/home/etri/ros2_ws/install/open_manipulator_bringup')])}
[0.000141] (panda_teleop_omy_l100) JobQueued: {'identifier': 'panda_teleop_omy_l100', 'dependencies': OrderedDict([('custom_panda_description', '/home/etri/ros2_ws/install/custom_panda_description'), ('dynamixel_interfaces', '/home/etri/ros2_ws/install/dynamixel_interfaces'), ('dynamixel_sdk', '/home/etri/ros2_ws/install/dynamixel_sdk'), ('open_manipulator_description', '/home/etri/ros2_ws/install/open_manipulator_description'), ('realtime_tools', '/home/etri/ros2_ws/install/realtime_tools'), ('dynamixel_hardware_interface', '/home/etri/ros2_ws/install/dynamixel_hardware_interface'), ('open_manipulator_bringup', '/home/etri/ros2_ws/install/open_manipulator_bringup')])}
[0.000153] (open_manipulator_description) JobStarted: {'identifier': 'open_manipulator_description'}
[0.003655] (dynamixel_hardware_interface) JobStarted: {'identifier': 'dynamixel_hardware_interface'}
[0.007298] (dynamixel_hardware_interface) JobEnded: {'identifier': 'dynamixel_hardware_interface', 'rc': 1}
[0.007452] (open_manipulator_teleop) JobStarted: {'identifier': 'open_manipulator_teleop'}
[0.010040] (om_gravity_compensation_controller) JobStarted: {'identifier': 'om_gravity_compensation_controller'}
[0.012109] (om_joint_trajectory_command_broadcaster) JobStarted: {'identifier': 'om_joint_trajectory_command_broadcaster'}
[0.013801] (dynamixel_sdk_examples) JobStarted: {'identifier': 'dynamixel_sdk_examples'}
[0.016460] (dynamixel_sdk_examples) JobEnded: {'identifier': 'dynamixel_sdk_examples', 'rc': 1}
[0.016957] (open_manipulator_description) JobEnded: {'identifier': 'open_manipulator_description', 'rc': 'SIGINT'}
[0.017076] (open_manipulator_teleop) JobEnded: {'identifier': 'open_manipulator_teleop', 'rc': 'SIGINT'}
[0.017141] (om_gravity_compensation_controller) JobEnded: {'identifier': 'om_gravity_compensation_controller', 'rc': 'SIGINT'}
[0.017199] (om_joint_trajectory_command_broadcaster) JobEnded: {'identifier': 'om_joint_trajectory_command_broadcaster', 'rc': 'SIGINT'}
[0.027439] (open_manipulator_bringup) JobSkipped: {'identifier': 'open_manipulator_bringup'}
[0.027473] (open_manipulator) JobSkipped: {'identifier': 'open_manipulator'}
[0.027483] (panda_teleop_omy_l100) JobSkipped: {'identifier': 'panda_teleop_omy_l100'}
[0.027490] (-) EventReactorShutdown: {}
