[0.266s] Invoking command in '/home/etri/ros2_ws/open_manipulator/open_manipulator_bringup': CMAKE_PREFIX_PATH=/home/etri/ros2_ws/install/dynamixel_hardware_interface:/home/etri/ros2_ws/install/open_manipulator_description:/home/etri/ros2_ws/install/dynamixel_sdk:/home/etri/ros2_ws/install/dynamixel_interfaces:/home/etri/ros2_ws/install/open_manipulator_collision:/home/etri/ros2_ws/install/om_joint_trajectory_command_broadcaster:/home/etri/ros2_ws/install/custom_panda_description:/home/etri/ws_ros2/install/inspire_hand:/home/etri/ws_ros2/install/service_interfaces LD_LIBRARY_PATH=/home/etri/ros2_ws/install/dynamixel_hardware_interface/lib:/home/etri/ros2_ws/install/dynamixel_sdk/lib:/home/etri/ros2_ws/install/dynamixel_interfaces/lib:/home/etri/ros2_ws/install/open_manipulator_collision/lib:/home/etri/ros2_ws/install/om_joint_trajectory_command_broadcaster/lib:/home/etri/ws_ros2/install/service_interfaces/lib:/opt/ros/humble/opt/rviz_ogre_vendor/lib:/opt/ros/humble/lib/x86_64-linux-gnu:/opt/ros/humble/lib PYTHONPATH=/home/etri/ros2_ws/build/open_manipulator_bringup/prefix_override:/usr/lib/python3/dist-packages/colcon_core/task/python/colcon_distutils_commands:/home/etri/ros2_ws/install/open_manipulator_bringup/lib/python3.10/site-packages:${PYTHONPATH} /usr/bin/python3 -W ignore:setup.py install is deprecated -W ignore:easy_install command is deprecated setup.py egg_info --egg-base ../../build/open_manipulator_bringup build --build-base /home/etri/ros2_ws/build/open_manipulator_bringup/build install --record /home/etri/ros2_ws/build/open_manipulator_bringup/install.log --single-version-externally-managed install_data
[0.361s] running egg_info
[0.362s] creating ../../build/open_manipulator_bringup/open_manipulator_bringup.egg-info
[0.362s] writing ../../build/open_manipulator_bringup/open_manipulator_bringup.egg-info/PKG-INFO
[0.362s] writing dependency_links to ../../build/open_manipulator_bringup/open_manipulator_bringup.egg-info/dependency_links.txt
[0.362s] writing entry points to ../../build/open_manipulator_bringup/open_manipulator_bringup.egg-info/entry_points.txt
[0.362s] writing requirements to ../../build/open_manipulator_bringup/open_manipulator_bringup.egg-info/requires.txt
[0.362s] writing top-level names to ../../build/open_manipulator_bringup/open_manipulator_bringup.egg-info/top_level.txt
[0.362s] writing manifest file '../../build/open_manipulator_bringup/open_manipulator_bringup.egg-info/SOURCES.txt'
[0.362s] reading manifest file '../../build/open_manipulator_bringup/open_manipulator_bringup.egg-info/SOURCES.txt'
[0.363s] writing manifest file '../../build/open_manipulator_bringup/open_manipulator_bringup.egg-info/SOURCES.txt'
[0.363s] running build
[0.363s] running build_py
[0.363s] creating /home/etri/ros2_ws/build/open_manipulator_bringup/build
[0.363s] creating /home/etri/ros2_ws/build/open_manipulator_bringup/build/lib
[0.363s] creating /home/etri/ros2_ws/build/open_manipulator_bringup/build/lib/open_manipulator_bringup
[0.363s] copying open_manipulator_bringup/__init__.py -> /home/etri/ros2_ws/build/open_manipulator_bringup/build/lib/open_manipulator_bringup
[0.363s] copying open_manipulator_bringup/joint_trajectory_executor.py -> /home/etri/ros2_ws/build/open_manipulator_bringup/build/lib/open_manipulator_bringup
[0.363s] copying open_manipulator_bringup/om_create_udev_rules.py -> /home/etri/ros2_ws/build/open_manipulator_bringup/build/lib/open_manipulator_bringup
[0.363s] running install
[0.364s] running install_lib
[0.364s] creating /home/etri/ros2_ws/install/open_manipulator_bringup/lib/python3.10/site-packages/open_manipulator_bringup
[0.364s] copying /home/etri/ros2_ws/build/open_manipulator_bringup/build/lib/open_manipulator_bringup/__init__.py -> /home/etri/ros2_ws/install/open_manipulator_bringup/lib/python3.10/site-packages/open_manipulator_bringup
[0.364s] copying /home/etri/ros2_ws/build/open_manipulator_bringup/build/lib/open_manipulator_bringup/joint_trajectory_executor.py -> /home/etri/ros2_ws/install/open_manipulator_bringup/lib/python3.10/site-packages/open_manipulator_bringup
[0.364s] copying /home/etri/ros2_ws/build/open_manipulator_bringup/build/lib/open_manipulator_bringup/om_create_udev_rules.py -> /home/etri/ros2_ws/install/open_manipulator_bringup/lib/python3.10/site-packages/open_manipulator_bringup
[0.364s] byte-compiling /home/etri/ros2_ws/install/open_manipulator_bringup/lib/python3.10/site-packages/open_manipulator_bringup/__init__.py to __init__.cpython-310.pyc
[0.364s] byte-compiling /home/etri/ros2_ws/install/open_manipulator_bringup/lib/python3.10/site-packages/open_manipulator_bringup/joint_trajectory_executor.py to joint_trajectory_executor.cpython-310.pyc
[0.365s] byte-compiling /home/etri/ros2_ws/install/open_manipulator_bringup/lib/python3.10/site-packages/open_manipulator_bringup/om_create_udev_rules.py to om_create_udev_rules.cpython-310.pyc
[0.365s] running install_data
[0.365s] creating /home/etri/ros2_ws/install/open_manipulator_bringup/share/ament_index
[0.365s] creating /home/etri/ros2_ws/install/open_manipulator_bringup/share/ament_index/resource_index
[0.365s] creating /home/etri/ros2_ws/install/open_manipulator_bringup/share/ament_index/resource_index/packages
[0.365s] copying resource/open_manipulator_bringup -> /home/etri/ros2_ws/install/open_manipulator_bringup/share/ament_index/resource_index/packages
[0.365s] copying package.xml -> /home/etri/ros2_ws/install/open_manipulator_bringup/share/open_manipulator_bringup
[0.365s] creating /home/etri/ros2_ws/install/open_manipulator_bringup/share/open_manipulator_bringup/launch
[0.365s] copying launch/omx_ai.launch.py -> /home/etri/ros2_ws/install/open_manipulator_bringup/share/open_manipulator_bringup/launch
[0.365s] copying launch/omy_f3m_follower_ai.launch.py -> /home/etri/ros2_ws/install/open_manipulator_bringup/share/open_manipulator_bringup/launch
[0.365s] copying launch/omy_f3m_gazebo.launch.py -> /home/etri/ros2_ws/install/open_manipulator_bringup/share/open_manipulator_bringup/launch
[0.365s] copying launch/camera_usb_cam.launch.py -> /home/etri/ros2_ws/install/open_manipulator_bringup/share/open_manipulator_bringup/launch
[0.365s] copying launch/omx_f_follower_ai.launch.py -> /home/etri/ros2_ws/install/open_manipulator_bringup/share/open_manipulator_bringup/launch
[0.365s] copying launch/camera_realsense.launch.py -> /home/etri/ros2_ws/install/open_manipulator_bringup/share/open_manipulator_bringup/launch
[0.365s] copying launch/omy_f3m_leader_ai.launch.py -> /home/etri/ros2_ws/install/open_manipulator_bringup/share/open_manipulator_bringup/launch
[0.365s] copying launch/omx_f_gazebo.launch.py -> /home/etri/ros2_ws/install/open_manipulator_bringup/share/open_manipulator_bringup/launch
[0.365s] copying launch/omy_l100_follower_ai.launch.py -> /home/etri/ros2_ws/install/open_manipulator_bringup/share/open_manipulator_bringup/launch
[0.365s] copying launch/omy_3m_gazebo.launch.py -> /home/etri/ros2_ws/install/open_manipulator_bringup/share/open_manipulator_bringup/launch
[0.365s] copying launch/omx_f_follower_ai_gazebo.launch.py -> /home/etri/ros2_ws/install/open_manipulator_bringup/share/open_manipulator_bringup/launch
[0.365s] copying launch/omx_l_leader_ai.launch.py -> /home/etri/ros2_ws/install/open_manipulator_bringup/share/open_manipulator_bringup/launch
[0.365s] copying launch/omy_f3m_follower_ai_gazebo.launch.py -> /home/etri/ros2_ws/install/open_manipulator_bringup/share/open_manipulator_bringup/launch
[0.365s] copying launch/omy_3m_pack.launch.py -> /home/etri/ros2_ws/install/open_manipulator_bringup/share/open_manipulator_bringup/launch
[0.365s] copying launch/omy_ai_reverse.launch.py -> /home/etri/ros2_ws/install/open_manipulator_bringup/share/open_manipulator_bringup/launch
[0.365s] copying launch/open_manipulator_x.launch.py -> /home/etri/ros2_ws/install/open_manipulator_bringup/share/open_manipulator_bringup/launch
[0.369s] copying launch/open_manipulator_x_gazebo.launch.py -> /home/etri/ros2_ws/install/open_manipulator_bringup/share/open_manipulator_bringup/launch
[0.369s] copying launch/omx_f.launch.py -> /home/etri/ros2_ws/install/open_manipulator_bringup/share/open_manipulator_bringup/launch
[0.369s] copying launch/omy_f3m.launch.py -> /home/etri/ros2_ws/install/open_manipulator_bringup/share/open_manipulator_bringup/launch
[0.369s] copying launch/omy_3m.launch.py -> /home/etri/ros2_ws/install/open_manipulator_bringup/share/open_manipulator_bringup/launch
[0.369s] copying launch/omy_l100_leader_ai.launch.py -> /home/etri/ros2_ws/install/open_manipulator_bringup/share/open_manipulator_bringup/launch
[0.369s] copying launch/omy_ai.launch.py -> /home/etri/ros2_ws/install/open_manipulator_bringup/share/open_manipulator_bringup/launch
[0.369s] copying launch/omy_3m_unpack.launch.py -> /home/etri/ros2_ws/install/open_manipulator_bringup/share/open_manipulator_bringup/launch
[0.369s] creating /home/etri/ros2_ws/install/open_manipulator_bringup/share/open_manipulator_bringup/config
[0.369s] creating /home/etri/ros2_ws/install/open_manipulator_bringup/share/open_manipulator_bringup/config/open_manipulator_x
[0.369s] copying config/open_manipulator_x/initial_positions.yaml -> /home/etri/ros2_ws/install/open_manipulator_bringup/share/open_manipulator_bringup/config/open_manipulator_x
[0.369s] copying config/open_manipulator_x/hardware_controller_manager.yaml -> /home/etri/ros2_ws/install/open_manipulator_bringup/share/open_manipulator_bringup/config/open_manipulator_x
[0.369s] creating /home/etri/ros2_ws/install/open_manipulator_bringup/share/open_manipulator_bringup/config/omy_3m
[0.369s] copying config/omy_3m/qc_positions.yaml -> /home/etri/ros2_ws/install/open_manipulator_bringup/share/open_manipulator_bringup/config/omy_3m
[0.369s] copying config/omy_3m/initial_positions.yaml -> /home/etri/ros2_ws/install/open_manipulator_bringup/share/open_manipulator_bringup/config/omy_3m
[0.369s] copying config/omy_3m/pack_positions.yaml -> /home/etri/ros2_ws/install/open_manipulator_bringup/share/open_manipulator_bringup/config/omy_3m
[0.369s] copying config/omy_3m/hardware_controller_manager.yaml -> /home/etri/ros2_ws/install/open_manipulator_bringup/share/open_manipulator_bringup/config/omy_3m
[0.369s] creating /home/etri/ros2_ws/install/open_manipulator_bringup/share/open_manipulator_bringup/config/omy_f3m
[0.369s] copying config/omy_f3m/initial_positions.yaml -> /home/etri/ros2_ws/install/open_manipulator_bringup/share/open_manipulator_bringup/config/omy_f3m
[0.369s] copying config/omy_f3m/hardware_controller_manager.yaml -> /home/etri/ros2_ws/install/open_manipulator_bringup/share/open_manipulator_bringup/config/omy_f3m
[0.369s] creating /home/etri/ros2_ws/install/open_manipulator_bringup/share/open_manipulator_bringup/config/omy_f3m_follower_ai
[0.369s] copying config/omy_f3m_follower_ai/qc_positions.yaml -> /home/etri/ros2_ws/install/open_manipulator_bringup/share/open_manipulator_bringup/config/omy_f3m_follower_ai
[0.369s] copying config/omy_f3m_follower_ai/initial_positions.yaml -> /home/etri/ros2_ws/install/open_manipulator_bringup/share/open_manipulator_bringup/config/omy_f3m_follower_ai
[0.369s] copying config/omy_f3m_follower_ai/hardware_controller_manager.yaml -> /home/etri/ros2_ws/install/open_manipulator_bringup/share/open_manipulator_bringup/config/omy_f3m_follower_ai
[0.369s] creating /home/etri/ros2_ws/install/open_manipulator_bringup/share/open_manipulator_bringup/config/omy_f3m_leader_ai
[0.369s] copying config/omy_f3m_leader_ai/hardware_controller_manager.yaml -> /home/etri/ros2_ws/install/open_manipulator_bringup/share/open_manipulator_bringup/config/omy_f3m_leader_ai
[0.369s] creating /home/etri/ros2_ws/install/open_manipulator_bringup/share/open_manipulator_bringup/config/omy_l100_follower_ai
[0.369s] copying config/omy_l100_follower_ai/initial_positions.yaml -> /home/etri/ros2_ws/install/open_manipulator_bringup/share/open_manipulator_bringup/config/omy_l100_follower_ai
[0.369s] copying config/omy_l100_follower_ai/hardware_controller_manager.yaml -> /home/etri/ros2_ws/install/open_manipulator_bringup/share/open_manipulator_bringup/config/omy_l100_follower_ai
[0.369s] creating /home/etri/ros2_ws/install/open_manipulator_bringup/share/open_manipulator_bringup/config/omy_l100_leader_ai
[0.369s] copying config/omy_l100_leader_ai/hardware_controller_manager.yaml -> /home/etri/ros2_ws/install/open_manipulator_bringup/share/open_manipulator_bringup/config/omy_l100_leader_ai
[0.369s] creating /home/etri/ros2_ws/install/open_manipulator_bringup/share/open_manipulator_bringup/config/omx_f
[0.369s] copying config/omx_f/initial_positions.yaml -> /home/etri/ros2_ws/install/open_manipulator_bringup/share/open_manipulator_bringup/config/omx_f
[0.369s] copying config/omx_f/hardware_controller_manager.yaml -> /home/etri/ros2_ws/install/open_manipulator_bringup/share/open_manipulator_bringup/config/omx_f
[0.369s] creating /home/etri/ros2_ws/install/open_manipulator_bringup/share/open_manipulator_bringup/config/omx_f_follower_ai
[0.369s] copying config/omx_f_follower_ai/initial_positions.yaml -> /home/etri/ros2_ws/install/open_manipulator_bringup/share/open_manipulator_bringup/config/omx_f_follower_ai
[0.369s] copying config/omx_f_follower_ai/hardware_controller_manager.yaml -> /home/etri/ros2_ws/install/open_manipulator_bringup/share/open_manipulator_bringup/config/omx_f_follower_ai
[0.369s] creating /home/etri/ros2_ws/install/open_manipulator_bringup/share/open_manipulator_bringup/config/omx_l_leader_ai
[0.369s] copying config/omx_l_leader_ai/hardware_controller_manager.yaml -> /home/etri/ros2_ws/install/open_manipulator_bringup/share/open_manipulator_bringup/config/omx_l_leader_ai
[0.369s] creating /home/etri/ros2_ws/install/open_manipulator_bringup/share/open_manipulator_bringup/worlds
[0.369s] copying worlds/empty_world.sdf -> /home/etri/ros2_ws/install/open_manipulator_bringup/share/open_manipulator_bringup/worlds
[0.369s] copying open-manipulator-cdc.rules -> /home/etri/ros2_ws/install/open_manipulator_bringup/share/open_manipulator_bringup
[0.369s] running install_egg_info
[0.369s] Copying ../../build/open_manipulator_bringup/open_manipulator_bringup.egg-info to /home/etri/ros2_ws/install/open_manipulator_bringup/lib/python3.10/site-packages/open_manipulator_bringup-4.1.2-py3.10.egg-info
[0.369s] running install_scripts
[0.376s] Installing joint_trajectory_executor script to /home/etri/ros2_ws/install/open_manipulator_bringup/lib/open_manipulator_bringup
[0.376s] Installing om_create_udev_rules script to /home/etri/ros2_ws/install/open_manipulator_bringup/lib/open_manipulator_bringup
[0.376s] writing list of installed files to '/home/etri/ros2_ws/build/open_manipulator_bringup/install.log'
[0.387s] Invoked command in '/home/etri/ros2_ws/open_manipulator/open_manipulator_bringup' returned '0': CMAKE_PREFIX_PATH=/home/etri/ros2_ws/install/dynamixel_hardware_interface:/home/etri/ros2_ws/install/open_manipulator_description:/home/etri/ros2_ws/install/dynamixel_sdk:/home/etri/ros2_ws/install/dynamixel_interfaces:/home/etri/ros2_ws/install/open_manipulator_collision:/home/etri/ros2_ws/install/om_joint_trajectory_command_broadcaster:/home/etri/ros2_ws/install/custom_panda_description:/home/etri/ws_ros2/install/inspire_hand:/home/etri/ws_ros2/install/service_interfaces LD_LIBRARY_PATH=/home/etri/ros2_ws/install/dynamixel_hardware_interface/lib:/home/etri/ros2_ws/install/dynamixel_sdk/lib:/home/etri/ros2_ws/install/dynamixel_interfaces/lib:/home/etri/ros2_ws/install/open_manipulator_collision/lib:/home/etri/ros2_ws/install/om_joint_trajectory_command_broadcaster/lib:/home/etri/ws_ros2/install/service_interfaces/lib:/opt/ros/humble/opt/rviz_ogre_vendor/lib:/opt/ros/humble/lib/x86_64-linux-gnu:/opt/ros/humble/lib PYTHONPATH=/home/etri/ros2_ws/build/open_manipulator_bringup/prefix_override:/usr/lib/python3/dist-packages/colcon_core/task/python/colcon_distutils_commands:/home/etri/ros2_ws/install/open_manipulator_bringup/lib/python3.10/site-packages:${PYTHONPATH} /usr/bin/python3 -W ignore:setup.py install is deprecated -W ignore:easy_install command is deprecated setup.py egg_info --egg-base ../../build/open_manipulator_bringup build --build-base /home/etri/ros2_ws/build/open_manipulator_bringup/build install --record /home/etri/ros2_ws/build/open_manipulator_bringup/install.log --single-version-externally-managed install_data
