[0.003s] Invoking command in '/home/etri/ros2_ws/build/panda_teleop_omy_l100': AMENT_PREFIX_PATH=/home/etri/ros2_ws/install/custom_panda_description:${AMENT_PREFIX_PATH} CMAKE_PREFIX_PATH=/home/etri/ros2_ws/install/custom_panda_description:/opt/ros/humble /usr/bin/cmake /home/etri/ros2_ws/panda_teleop_omy_l100 -DCMAKE_INSTALL_PREFIX=/home/etri/ros2_ws/install/panda_teleop_omy_l100
[0.009s] -- Found ament_cmake: 1.3.12 (/opt/ros/humble/share/ament_cmake/cmake)
[0.067s] -- Override CMake install command with custom implementation using symlinks instead of copying resources
[0.068s] -- Found rclpy: 3.3.19 (/opt/ros/humble/share/rclpy/cmake)
[0.068s] -- Found sensor_msgs: 4.9.0 (/opt/ros/humble/share/sensor_msgs/cmake)
[0.079s] -- Found rosidl_generator_c: 3.1.8 (/opt/ros/humble/share/rosidl_generator_c/cmake)
[0.080s] -- Found rosidl_adapter: 3.1.8 (/opt/ros/humble/share/rosidl_adapter/cmake)
[0.083s] -- Found rosidl_generator_cpp: 3.1.8 (/opt/ros/humble/share/rosidl_generator_cpp/cmake)
[0.086s] -- Using all available rosidl_typesupport_c: rosidl_typesupport_fastrtps_c;rosidl_typesupport_introspection_c
[0.093s] -- Using all available rosidl_typesupport_cpp: rosidl_typesupport_fastrtps_cpp;rosidl_typesupport_introspection_cpp
[0.116s] -- Found trajectory_msgs: 4.9.0 (/opt/ros/humble/share/trajectory_msgs/cmake)
[0.125s] -- Found moveit_servo: 2.5.9 (/opt/ros/humble/share/moveit_servo/cmake)
[0.162s] -- Found rmw_implementation_cmake: 6.1.2 (/opt/ros/humble/share/rmw_implementation_cmake/cmake)
[0.162s] -- Found rmw_fastrtps_cpp: 6.2.9 (/opt/ros/humble/share/rmw_fastrtps_cpp/cmake)
[0.207s] -- Using RMW implementation 'rmw_fastrtps_cpp' as default
[0.276s] -- Found Boost: /usr/lib/x86_64-linux-gnu/cmake/Boost-1.74.0/BoostConfig.cmake (found version "1.74.0") found components: chrono date_time filesystem iostreams program_options regex serialization system thread 
[0.294s] -- Found Boost: /usr/lib/x86_64-linux-gnu/cmake/Boost-1.74.0/BoostConfig.cmake (found version "1.74.0") found components: filesystem 
[0.318s] -- library: /usr/lib/x86_64-linux-gnu/libcurl.so
[0.344s] -- Ensuring Eigen3 include directory is part of orocos-kdl CMake target
[0.440s] -- Found Boost: /usr/lib/x86_64-linux-gnu/cmake/Boost-1.74.0/BoostConfig.cmake (found version "1.74.0") found components: system filesystem date_time program_options thread chrono 
[0.460s] -- Found robot_state_publisher: 3.0.3 (/opt/ros/humble/share/robot_state_publisher/cmake)
[0.463s] -- Found xacro: 2.1.1 (/opt/ros/humble/share/xacro/cmake)
[0.464s] -- Found ament_lint_auto: 0.12.14 (/opt/ros/humble/share/ament_lint_auto/cmake)
[0.495s] -- Added test 'flake8' to check Python code syntax and style conventions
[0.495s] -- Added test 'lint_cmake' to check CMake code style
[0.495s] -- Added test 'pep257' to check Python code against some of the docstring style conventions in PEP 257
[0.495s] -- Added test 'xmllint' to check XML markup files
[0.496s] -- Configuring done
[0.498s] -- Generating done
[0.499s] -- Build files have been written to: /home/etri/ros2_ws/build/panda_teleop_omy_l100
