[0.006s] Invoking command in '/home/etri/ros2_ws/build/custom_panda_description': CMAKE_PREFIX_PATH=/opt/ros/humble /usr/bin/cmake /home/etri/ros2_ws/custom_panda_description -DAMENT_CMAKE_SYMLINK_INSTALL=1 -DCMAKE_INSTALL_PREFIX=/home/etri/ros2_ws/install/custom_panda_description
[0.036s] -- The C compiler identification is GNU 11.4.0
[0.060s] -- The CXX compiler identification is GNU 11.4.0
[0.063s] -- Detecting C compiler ABI info
[0.100s] -- Detecting C compiler ABI info - done
[0.103s] -- Check for working C compiler: /usr/bin/cc - skipped
[0.103s] -- Detecting C compile features
[0.103s] -- Detecting C compile features - done
[0.104s] -- Detecting CXX compiler ABI info
[0.145s] -- Detecting CXX compiler ABI info - done
[0.148s] -- Check for working CXX compiler: /usr/bin/c++ - skipped
[0.148s] -- Detecting CXX compile features
[0.148s] -- Detecting CXX compile features - done
[0.149s] -- Found ament_cmake: 1.3.12 (/opt/ros/humble/share/ament_cmake/cmake)
[0.223s] -- Found Python3: /usr/bin/python3 (found version "3.10.12") found components: Interpreter 
[0.250s] -- Override CMake install command with custom implementation using symlinks instead of copying resources
[0.261s] -- Found urdf: 2.6.1 (/opt/ros/humble/share/urdf/cmake)
[0.282s] -- Found xacro: 2.1.1 (/opt/ros/humble/share/xacro/cmake)
[0.283s] -- Found ament_lint_auto: 0.12.14 (/opt/ros/humble/share/ament_lint_auto/cmake)
[0.317s] -- Added test 'flake8' to check Python code syntax and style conventions
[0.317s] -- Added test 'lint_cmake' to check CMake code style
[0.318s] -- Added test 'pep257' to check Python code against some of the docstring style conventions in PEP 257
[0.318s] -- Added test 'xmllint' to check XML markup files
[0.318s] -- Configuring done
[0.320s] -- Generating done
[0.320s] -- Build files have been written to: /home/etri/ros2_ws/build/custom_panda_description
