[0.006s] Invoking command in '/home/etri/ros2_ws/build/panda_teleop_omy_l100': AMENT_PREFIX_PATH=/home/etri/ros2_ws/install/custom_panda_description:${AMENT_PREFIX_PATH} CMAKE_PREFIX_PATH=/home/etri/ros2_ws/install/custom_panda_description:/opt/ros/humble /usr/bin/cmake /home/etri/ros2_ws/panda_teleop_omy_l100 -DCMAKE_INSTALL_PREFIX=/home/etri/ros2_ws/install/panda_teleop_omy_l100
[0.012s] -- Found ament_cmake: 1.3.12 (/opt/ros/humble/share/ament_cmake/cmake)
[0.069s] -- Override CMake install command with custom implementation using symlinks instead of copying resources
[0.073s] -- Found rclpy: 3.3.19 (/opt/ros/humble/share/rclpy/cmake)
[0.073s] -- Found sensor_msgs: 4.9.0 (/opt/ros/humble/share/sensor_msgs/cmake)
[0.082s] -- Found rosidl_generator_c: 3.1.8 (/opt/ros/humble/share/rosidl_generator_c/cmake)
[0.083s] -- Found rosidl_adapter: 3.1.8 (/opt/ros/humble/share/rosidl_adapter/cmake)
[0.085s] -- Found rosidl_generator_cpp: 3.1.8 (/opt/ros/humble/share/rosidl_generator_cpp/cmake)
[0.089s] -- Using all available rosidl_typesupport_c: rosidl_typesupport_fastrtps_c;rosidl_typesupport_introspection_c
[0.094s] -- Using all available rosidl_typesupport_cpp: rosidl_typesupport_fastrtps_cpp;rosidl_typesupport_introspection_cpp
[0.116s] -- Found trajectory_msgs: 4.9.0 (/opt/ros/humble/share/trajectory_msgs/cmake)
[0.122s] -- Found moveit_servo: 2.5.9 (/opt/ros/humble/share/moveit_servo/cmake)
[0.155s] -- Found rmw_implementation_cmake: 6.1.2 (/opt/ros/humble/share/rmw_implementation_cmake/cmake)
[0.155s] -- Found rmw_fastrtps_cpp: 6.2.9 (/opt/ros/humble/share/rmw_fastrtps_cpp/cmake)
[0.200s] -- Using RMW implementation 'rmw_fastrtps_cpp' as default
[0.253s] -- Found Boost: /usr/lib/x86_64-linux-gnu/cmake/Boost-1.74.0/BoostConfig.cmake (found version "1.74.0") found components: chrono date_time filesystem iostreams program_options regex serialization system thread 
[0.263s] -- Found Boost: /usr/lib/x86_64-linux-gnu/cmake/Boost-1.74.0/BoostConfig.cmake (found version "1.74.0") found components: filesystem 
[0.278s] -- library: /usr/lib/x86_64-linux-gnu/libcurl.so
[0.294s] -- Ensuring Eigen3 include directory is part of orocos-kdl CMake target
[0.357s] -- Found Boost: /usr/lib/x86_64-linux-gnu/cmake/Boost-1.74.0/BoostConfig.cmake (found version "1.74.0") found components: system filesystem date_time program_options thread chrono 
[0.374s] -- Found robot_state_publisher: 3.0.3 (/opt/ros/humble/share/robot_state_publisher/cmake)
[0.378s] -- Found xacro: 2.1.1 (/opt/ros/humble/share/xacro/cmake)
[0.378s] -- Found ament_lint_auto: 0.12.14 (/opt/ros/humble/share/ament_lint_auto/cmake)
[0.408s] -- Added test 'flake8' to check Python code syntax and style conventions
[0.408s] -- Added test 'lint_cmake' to check CMake code style
[0.408s] -- Added test 'pep257' to check Python code against some of the docstring style conventions in PEP 257
[0.409s] -- Added test 'xmllint' to check XML markup files
[0.409s] -- Configuring done
[0.414s] -- Generating done
[0.414s] -- Build files have been written to: /home/etri/ros2_ws/build/panda_teleop_omy_l100
[0.419s] Invoked command in '/home/etri/ros2_ws/build/panda_teleop_omy_l100' returned '0': AMENT_PREFIX_PATH=/home/etri/ros2_ws/install/custom_panda_description:${AMENT_PREFIX_PATH} CMAKE_PREFIX_PATH=/home/etri/ros2_ws/install/custom_panda_description:/opt/ros/humble /usr/bin/cmake /home/etri/ros2_ws/panda_teleop_omy_l100 -DCMAKE_INSTALL_PREFIX=/home/etri/ros2_ws/install/panda_teleop_omy_l100
[0.419s] Invoking command in '/home/etri/ros2_ws/build/panda_teleop_omy_l100': AMENT_PREFIX_PATH=/home/etri/ros2_ws/install/custom_panda_description:${AMENT_PREFIX_PATH} CMAKE_PREFIX_PATH=/home/etri/ros2_ws/install/custom_panda_description:/opt/ros/humble /usr/bin/cmake --build /home/etri/ros2_ws/build/panda_teleop_omy_l100 -- -j24 -l24
[0.446s] Invoked command in '/home/etri/ros2_ws/build/panda_teleop_omy_l100' returned '0': AMENT_PREFIX_PATH=/home/etri/ros2_ws/install/custom_panda_description:${AMENT_PREFIX_PATH} CMAKE_PREFIX_PATH=/home/etri/ros2_ws/install/custom_panda_description:/opt/ros/humble /usr/bin/cmake --build /home/etri/ros2_ws/build/panda_teleop_omy_l100 -- -j24 -l24
[0.451s] Invoking command in '/home/etri/ros2_ws/build/panda_teleop_omy_l100': AMENT_PREFIX_PATH=/home/etri/ros2_ws/install/custom_panda_description:${AMENT_PREFIX_PATH} CMAKE_PREFIX_PATH=/home/etri/ros2_ws/install/custom_panda_description:/opt/ros/humble /usr/bin/cmake --install /home/etri/ros2_ws/build/panda_teleop_omy_l100
[0.455s] -- Install configuration: ""
[0.455s] -- Execute custom install script
[0.456s] -- Up-to-date symlink: /home/etri/ros2_ws/install/panda_teleop_omy_l100/share/panda_teleop_omy_l100/config/kinematics.yaml
[0.457s] -- Up-to-date symlink: /home/etri/ros2_ws/install/panda_teleop_omy_l100/share/panda_teleop_omy_l100/config/servo_config.yaml
[0.457s] -- Up-to-date symlink: /home/etri/ros2_ws/install/panda_teleop_omy_l100/share/panda_teleop_omy_l100/launch/omy_l100_leader_ai/omy_l100_leader_ai.launch.py
[0.457s] -- Up-to-date symlink: /home/etri/ros2_ws/install/panda_teleop_omy_l100/share/panda_teleop_omy_l100/launch/panda_teleop_omy_l100.launch.py
[0.457s] -- Up-to-date symlink: /home/etri/ros2_ws/install/panda_teleop_omy_l100/lib/panda_teleop_omy_l100/trajectory_to_joint_states.py
[0.457s] -- Up-to-date symlink: /home/etri/ros2_ws/install/panda_teleop_omy_l100/lib/panda_teleop_omy_l100/omy_l100_to_twist_node.py
[0.457s] -- Up-to-date symlink: /home/etri/ros2_ws/install/panda_teleop_omy_l100/lib/panda_teleop_omy_l100/omy_l100_to_gripper_node.py
[0.457s] -- Up-to-date symlink: /home/etri/ros2_ws/install/panda_teleop_omy_l100/share/ament_index/resource_index/package_run_dependencies/panda_teleop_omy_l100
[0.457s] -- Up-to-date symlink: /home/etri/ros2_ws/install/panda_teleop_omy_l100/share/ament_index/resource_index/parent_prefix_path/panda_teleop_omy_l100
[0.457s] -- Up-to-date symlink: /home/etri/ros2_ws/install/panda_teleop_omy_l100/share/panda_teleop_omy_l100/environment/ament_prefix_path.sh
[0.457s] -- Up-to-date symlink: /home/etri/ros2_ws/install/panda_teleop_omy_l100/share/panda_teleop_omy_l100/environment/ament_prefix_path.dsv
[0.457s] -- Up-to-date symlink: /home/etri/ros2_ws/install/panda_teleop_omy_l100/share/panda_teleop_omy_l100/environment/path.sh
[0.457s] -- Up-to-date symlink: /home/etri/ros2_ws/install/panda_teleop_omy_l100/share/panda_teleop_omy_l100/environment/path.dsv
[0.457s] -- Up-to-date symlink: /home/etri/ros2_ws/install/panda_teleop_omy_l100/share/panda_teleop_omy_l100/local_setup.bash
[0.457s] -- Up-to-date symlink: /home/etri/ros2_ws/install/panda_teleop_omy_l100/share/panda_teleop_omy_l100/local_setup.sh
[0.457s] -- Up-to-date symlink: /home/etri/ros2_ws/install/panda_teleop_omy_l100/share/panda_teleop_omy_l100/local_setup.zsh
[0.457s] -- Up-to-date symlink: /home/etri/ros2_ws/install/panda_teleop_omy_l100/share/panda_teleop_omy_l100/local_setup.dsv
[0.457s] -- Symlinking: /home/etri/ros2_ws/install/panda_teleop_omy_l100/share/panda_teleop_omy_l100/package.dsv
[0.463s] -- Up-to-date symlink: /home/etri/ros2_ws/install/panda_teleop_omy_l100/share/ament_index/resource_index/packages/panda_teleop_omy_l100
[0.463s] -- Up-to-date symlink: /home/etri/ros2_ws/install/panda_teleop_omy_l100/share/panda_teleop_omy_l100/cmake/panda_teleop_omy_l100Config.cmake
[0.463s] -- Up-to-date symlink: /home/etri/ros2_ws/install/panda_teleop_omy_l100/share/panda_teleop_omy_l100/cmake/panda_teleop_omy_l100Config-version.cmake
[0.463s] -- Up-to-date symlink: /home/etri/ros2_ws/install/panda_teleop_omy_l100/share/panda_teleop_omy_l100/package.xml
[0.463s] Invoked command in '/home/etri/ros2_ws/build/panda_teleop_omy_l100' returned '0': AMENT_PREFIX_PATH=/home/etri/ros2_ws/install/custom_panda_description:${AMENT_PREFIX_PATH} CMAKE_PREFIX_PATH=/home/etri/ros2_ws/install/custom_panda_description:/opt/ros/humble /usr/bin/cmake --install /home/etri/ros2_ws/build/panda_teleop_omy_l100
