[0.021s] Invoking command in '/home/etri/ros2_ws/build/om_spring_actuator_controller': CMAKE_PREFIX_PATH=${CMAKE_PREFIX_PATH}:/home/etri/ros2_ws/install/open_manipulator_bringup:/home/etri/ros2_ws/install/open_manipulator_teleop:/opt/ros/humble /usr/bin/cmake /home/etri/ros2_ws/open_manipulator/ros2_controller/om_spring_actuator_controller -DCMAKE_INSTALL_PREFIX=/home/etri/ros2_ws/install/om_spring_actuator_controller
[0.147s] -- The CXX compiler identification is GNU 11.4.0
[0.150s] -- Detecting CXX compiler ABI info
[0.150s] -- Detecting CXX compiler ABI info - done
[0.150s] -- Check for working CXX compiler: /usr/bin/c++ - skipped
[0.150s] -- Detecting CXX compile features
[0.150s] -- Detecting CXX compile features - done
[0.150s] -- Found ament_cmake: 1.3.12 (/opt/ros/humble/share/ament_cmake/cmake)
[0.203s] -- Found Python3: /usr/bin/python3 (found version "3.10.12") found components: Interpreter 
[0.250s] -- Found controller_interface: 2.53.0 (/opt/ros/humble/share/controller_interface/cmake)
[0.276s] -- Found rosidl_generator_c: 3.1.8 (/opt/ros/humble/share/rosidl_generator_c/cmake)
[0.279s] -- Found rosidl_adapter: 3.1.8 (/opt/ros/humble/share/rosidl_adapter/cmake)
[0.283s] -- Found rosidl_generator_cpp: 3.1.8 (/opt/ros/humble/share/rosidl_generator_cpp/cmake)
[0.289s] -- Using all available rosidl_typesupport_c: rosidl_typesupport_fastrtps_c;rosidl_typesupport_introspection_c
[0.298s] -- Using all available rosidl_typesupport_cpp: rosidl_typesupport_fastrtps_cpp;rosidl_typesupport_introspection_cpp
[0.386s] -- Found rmw_implementation_cmake: 6.1.2 (/opt/ros/humble/share/rmw_implementation_cmake/cmake)
[0.389s] -- Found rmw_fastrtps_cpp: 6.2.9 (/opt/ros/humble/share/rmw_fastrtps_cpp/cmake)
[0.401s] -- Found TinyXML2 via Config file: TinyXML2_DIR-NOTFOUND
[0.431s] -- Found OpenSSL: /usr/lib/x86_64-linux-gnu/libcrypto.so (found version "3.0.2")  
[0.432s] -- Found TinyXML2 via Config file: TinyXML2_DIR-NOTFOUND
[0.443s] -- Found FastRTPS: /opt/ros/humble/include  
[0.445s] -- Found TinyXML2 via Config file: TinyXML2_DIR-NOTFOUND
[0.455s] -- Found TinyXML2 via Config file: TinyXML2_DIR-NOTFOUND
[0.455s] -- Using RMW implementation 'rmw_fastrtps_cpp' as default
[0.456s] -- Looking for C++ include pthread.h
[0.514s] -- Looking for C++ include pthread.h - found
[0.514s] -- Performing Test CMAKE_HAVE_LIBC_PTHREAD
[0.608s] -- Performing Test CMAKE_HAVE_LIBC_PTHREAD - Success
[0.610s] -- Found Threads: TRUE  
[0.639s] -- Found generate_parameter_library: 0.6.0 (/opt/ros/humble/share/generate_parameter_library/cmake)
[0.640s] -- Found parameter_traits: 0.6.0 (/opt/ros/humble/share/parameter_traits/cmake)
[0.653s] -- Found realtime_tools: 2.15.0 (/opt/ros/humble/share/realtime_tools/cmake)
[0.711s] -- Configuring done
[0.718s] -- Generating done
[0.720s] -- Build files have been written to: /home/etri/ros2_ws/build/om_spring_actuator_controller
