-- Install configuration: ""
-- Execute custom install script
-- Up-to-date symlink: /home/etri/ros2_ws/install/custom_panda_description/share/custom_panda_description/urdf/panda_with_robotiq.urdf
-- Up-to-date symlink: /home/etri/ros2_ws/install/custom_panda_description/share/custom_panda_description/meshes/inner_finger_coarse.STL
-- Up-to-date symlink: /home/etri/ros2_ws/install/custom_panda_description/share/custom_panda_description/meshes/inner_finger_fine.STL
-- Up-to-date symlink: /home/etri/ros2_ws/install/custom_panda_description/share/custom_panda_description/meshes/inner_knuckle_coarse.STL
-- Up-to-date symlink: /home/etri/ros2_ws/install/custom_panda_description/share/custom_panda_description/meshes/inner_knuckle_fine.STL
-- Up-to-date symlink: /home/etri/ros2_ws/install/custom_panda_description/share/custom_panda_description/meshes/outer_finger_coarse.STL
-- Up-to-date symlink: /home/etri/ros2_ws/install/custom_panda_description/share/custom_panda_description/meshes/outer_finger_fine.STL
-- Up-to-date symlink: /home/etri/ros2_ws/install/custom_panda_description/share/custom_panda_description/meshes/outer_knuckle_coarse.STL
-- Up-to-date symlink: /home/etri/ros2_ws/install/custom_panda_description/share/custom_panda_description/meshes/outer_knuckle_fine.STL
-- Up-to-date symlink: /home/etri/ros2_ws/install/custom_panda_description/share/custom_panda_description/meshes/robotiq_85_base_link_coarse.STL
-- Up-to-date symlink: /home/etri/ros2_ws/install/custom_panda_description/share/custom_panda_description/meshes/robotiq_85_base_link_fine.STL
-- Up-to-date symlink: /home/etri/ros2_ws/install/custom_panda_description/share/custom_panda_description/config/kinematics.yaml
-- Up-to-date symlink: /home/etri/ros2_ws/install/custom_panda_description/share/custom_panda_description/config/panda_robotiq.ros2_control.xacro
-- Up-to-date symlink: /home/etri/ros2_ws/install/custom_panda_description/share/custom_panda_description/config/panda_robotiq.srdf
-- Up-to-date symlink: /home/etri/ros2_ws/install/custom_panda_description/share/custom_panda_description/config/ros2_controllers.yaml
-- Up-to-date symlink: /home/etri/ros2_ws/install/custom_panda_description/share/custom_panda_description/config/servo_config.yaml
-- Up-to-date symlink: /home/etri/ros2_ws/install/custom_panda_description/share/custom_panda_description/config/view_robot.rviz
-- Up-to-date symlink: /home/etri/ros2_ws/install/custom_panda_description/share/custom_panda_description/launch/servo_complete.launch.py
-- Up-to-date symlink: /home/etri/ros2_ws/install/custom_panda_description/lib/custom_panda_description/joy_to_twist_node.py
-- Up-to-date symlink: /home/etri/ros2_ws/install/custom_panda_description/lib/custom_panda_description/trajectory_to_joint_states.py
-- Up-to-date symlink: /home/etri/ros2_ws/install/custom_panda_description/lib/custom_panda_description/joy_to_gripper_node.py
-- Up-to-date symlink: /home/etri/ros2_ws/install/custom_panda_description/share/ament_index/resource_index/package_run_dependencies/custom_panda_description
-- Up-to-date symlink: /home/etri/ros2_ws/install/custom_panda_description/share/ament_index/resource_index/parent_prefix_path/custom_panda_description
-- Up-to-date symlink: /home/etri/ros2_ws/install/custom_panda_description/share/custom_panda_description/environment/ament_prefix_path.sh
-- Up-to-date symlink: /home/etri/ros2_ws/install/custom_panda_description/share/custom_panda_description/environment/ament_prefix_path.dsv
-- Up-to-date symlink: /home/etri/ros2_ws/install/custom_panda_description/share/custom_panda_description/environment/path.sh
-- Up-to-date symlink: /home/etri/ros2_ws/install/custom_panda_description/share/custom_panda_description/environment/path.dsv
-- Up-to-date symlink: /home/etri/ros2_ws/install/custom_panda_description/share/custom_panda_description/local_setup.bash
-- Up-to-date symlink: /home/etri/ros2_ws/install/custom_panda_description/share/custom_panda_description/local_setup.sh
-- Up-to-date symlink: /home/etri/ros2_ws/install/custom_panda_description/share/custom_panda_description/local_setup.zsh
-- Up-to-date symlink: /home/etri/ros2_ws/install/custom_panda_description/share/custom_panda_description/local_setup.dsv
-- Symlinking: /home/etri/ros2_ws/install/custom_panda_description/share/custom_panda_description/package.dsv
-- Up-to-date symlink: /home/etri/ros2_ws/install/custom_panda_description/share/ament_index/resource_index/packages/custom_panda_description
-- Up-to-date symlink: /home/etri/ros2_ws/install/custom_panda_description/share/custom_panda_description/cmake/custom_panda_descriptionConfig.cmake
-- Up-to-date symlink: /home/etri/ros2_ws/install/custom_panda_description/share/custom_panda_description/cmake/custom_panda_descriptionConfig-version.cmake
-- Up-to-date symlink: /home/etri/ros2_ws/install/custom_panda_description/share/custom_panda_description/package.xml
