[0.000000] (-) TimerEvent: {}
[0.001211] (-) JobUnselected: {'identifier': 'dynamixel_hardware_interface'}
[0.001263] (-) JobUnselected: {'identifier': 'dynamixel_sdk_custom_interfaces'}
[0.001272] (-) JobUnselected: {'identifier': 'dynamixel_sdk_examples'}
[0.001278] (-) JobUnselected: {'identifier': 'om_gravity_compensation_controller'}
[0.001283] (-) JobUnselected: {'identifier': 'om_joint_trajectory_command_broadcaster'}
[0.001288] (-) JobUnselected: {'identifier': 'om_spring_actuator_controller'}
[0.001292] (-) JobUnselected: {'identifier': 'open_manipulator'}
[0.001297] (-) JobUnselected: {'identifier': 'open_manipulator_collision'}
[0.001302] (-) JobUnselected: {'identifier': 'open_manipulator_description'}
[0.001306] (-) JobUnselected: {'identifier': 'open_manipulator_gui'}
[0.001311] (-) JobUnselected: {'identifier': 'open_manipulator_moveit_config'}
[0.001316] (-) JobUnselected: {'identifier': 'open_manipulator_playground'}
[0.001321] (-) JobUnselected: {'identifier': 'open_manipulator_teleop'}
[0.001326] (-) JobUnselected: {'identifier': 'realtime_tools'}
[0.001332] (custom_panda_description) JobQueued: {'identifier': 'custom_panda_description', 'dependencies': OrderedDict()}
[0.001339] (dynamixel_interfaces) JobQueued: {'identifier': 'dynamixel_interfaces', 'dependencies': OrderedDict()}
[0.001345] (dynamixel_sdk) JobQueued: {'identifier': 'dynamixel_sdk', 'dependencies': OrderedDict()}
[0.001350] (open_manipulator_bringup) JobQueued: {'identifier': 'open_manipulator_bringup', 'dependencies': OrderedDict([('dynamixel_interfaces', '/home/etri/ros2_ws/install/dynamixel_interfaces'), ('dynamixel_sdk', '/home/etri/ros2_ws/install/dynamixel_sdk'), ('open_manipulator_description', '/home/etri/ros2_ws/install/open_manipulator_description'), ('realtime_tools', '/home/etri/ros2_ws/install/realtime_tools'), ('dynamixel_hardware_interface', '/home/etri/ros2_ws/install/dynamixel_hardware_interface')])}
[0.001360] (panda_teleop_omy_l100) JobQueued: {'identifier': 'panda_teleop_omy_l100', 'dependencies': OrderedDict([('custom_panda_description', '/home/etri/ros2_ws/install/custom_panda_description'), ('dynamixel_interfaces', '/home/etri/ros2_ws/install/dynamixel_interfaces'), ('dynamixel_sdk', '/home/etri/ros2_ws/install/dynamixel_sdk'), ('open_manipulator_description', '/home/etri/ros2_ws/install/open_manipulator_description'), ('realtime_tools', '/home/etri/ros2_ws/install/realtime_tools'), ('dynamixel_hardware_interface', '/home/etri/ros2_ws/install/dynamixel_hardware_interface'), ('open_manipulator_bringup', '/home/etri/ros2_ws/install/open_manipulator_bringup')])}
[0.001373] (dynamixel_interfaces) JobStarted: {'identifier': 'dynamixel_interfaces'}
[0.002855] (dynamixel_sdk) JobStarted: {'identifier': 'dynamixel_sdk'}
[0.004338] (custom_panda_description) JobStarted: {'identifier': 'custom_panda_description'}
[0.006216] (dynamixel_interfaces) JobProgress: {'identifier': 'dynamixel_interfaces', 'progress': 'cmake'}
[0.006885] (dynamixel_interfaces) Command: {'cmd': ['/usr/bin/cmake', '/home/etri/ros2_ws/dynamixel_interfaces', '-DAMENT_CMAKE_SYMLINK_INSTALL=1', '-DCMAKE_INSTALL_PREFIX=/home/etri/ros2_ws/install/dynamixel_interfaces'], 'cwd': '/home/etri/ros2_ws/build/dynamixel_interfaces', 'env': OrderedDict([('GJS_DEBUG_TOPICS', 'JS ERROR;JS LOG'), ('LESSOPEN', '| /usr/bin/lesspipe %s'), ('VSCODE_CWD', '/home/etri'), ('CURSOR_EXTENSION_HOST_ROLE', 'retrieval-always-local'), ('VSCODE_ESM_ENTRYPOINT', 'vs/workbench/api/node/extensionHostProcess'), ('LANGUAGE', 'ko:en_US:en'), ('USER', 'etri'), ('LC_TIME', 'ko_KR.UTF-8'), ('VSCODE_NLS_CONFIG', '{"userLocale":"ko","osLocale":"ko","resolvedLanguage":"en","defaultMessagesFile":"/usr/share/cursor/resources/app/out/nls.messages.json","locale":"ko","availableLanguages":{}}'), ('VSCODE_HANDLES_UNCAUGHT_ERRORS', 'true'), ('XDG_SESSION_TYPE', 'x11'), ('SHLVL', '1'), ('LD_LIBRARY_PATH', '/opt/ros/humble/opt/rviz_ogre_vendor/lib:/opt/ros/humble/lib/x86_64-linux-gnu:/opt/ros/humble/lib'), ('HOME', '/home/etri'), ('CHROME_DESKTOP', 'cursor.desktop'), ('OLDPWD', '/home/etri/ros2_ws'), ('DESKTOP_SESSION', 'ubuntu'), ('NVM_BIN', '/home/etri/.nvm/versions/node/v24.13.0/bin'), ('NVM_INC', '/home/etri/.nvm/versions/node/v24.13.0/include/node'), ('VSCODE_IPC_HOOK', '/run/user/1000/vscode-30070241-2.3.-main.sock'), ('GIO_LAUNCHED_DESKTOP_FILE', '/usr/share/applications/cursor.desktop'), ('ROS_PYTHON_VERSION', '3'), ('GNOME_SHELL_SESSION_MODE', 'ubuntu'), ('GTK_MODULES', 'gail:atk-bridge'), ('LC_MONETARY', 'ko_KR.UTF-8'), ('MANAGERPID', '2142'), ('SYSTEMD_EXEC_PID', '2428'), ('NO_COLOR', '1'), ('DBUS_SESSION_BUS_ADDRESS', 'unix:path=/run/user/1000/bus'), ('GIO_LAUNCHED_DESKTOP_FILE_PID', '29612'), ('NVM_DIR', '/home/etri/.nvm'), ('VSCODE_CRASH_REPORTER_PROCESS_TYPE', 'extensionHost'), ('ROS_DISTRO', 'humble'), ('GTK_IM_MODULE', 'ibus'), ('LOGNAME', 'etri'), ('FORCE_COLOR', '0'), ('JOURNAL_STREAM', '8:8319'), ('_', '/usr/bin/colcon'), ('ROS_VERSION', '2'), ('XDG_SESSION_CLASS', 'user'), ('USERNAME', 'etri'), ('TERM', 'dumb'), ('EVERYSPHERE_RIPGREP_PATH', '/usr/share/cursor/resources/app/node_modules/@vscode/ripgrep/bin/rg'), ('GNOME_DESKTOP_SESSION_ID', 'this-is-deprecated'), ('ROS_LOCALHOST_ONLY', '1'), ('COMPOSER_NO_INTERACTION', '1'), ('WINDOWPATH', '2'), ('PATH', '/home/etri/.local/bin:/home/etri/.nvm/versions/node/v24.13.0/bin:/home/etri/.local/bin:/home/etri/.nvm/versions/node/v24.13.0/bin:/opt/ros/humble/bin:/home/etri/.local/bin:/usr/local/sbin:/usr/local/bin:/usr/sbin:/usr/bin:/sbin:/bin:/usr/games:/usr/local/games:/snap/bin:/snap/bin:/usr/local/bin:/home/etri/.nvm/versions/node/v24.13.0/bin'), ('SESSION_MANAGER', 'local/etri-HP-Z2-Tower-G1i:@/tmp/.ICE-unix/2403,unix/etri-HP-Z2-Tower-G1i:/tmp/.ICE-unix/2403'), ('INVOCATION_ID', '90718fe7d6874e0191d8e730bcee1657'), ('PAPERSIZE', 'a4'), ('XDG_MENU_PREFIX', 'gnome-'), ('LC_ADDRESS', 'ko_KR.UTF-8'), ('VSCODE_PROCESS_TITLE', 'extension-host (retrieval-always-local) [1-2]'), ('XDG_RUNTIME_DIR', '/run/user/1000'), ('GDK_BACKEND', 'x11'), ('CURSOR_AGENT', '1'), ('DISPLAY', ':1'), ('LANG', 'ko_KR.UTF-8'), ('XDG_CURRENT_DESKTOP', 'Unity'), ('LC_TELEPHONE', 'ko_KR.UTF-8'), ('XMODIFIERS', '@im=ibus'), ('XDG_SESSION_DESKTOP', 'ubuntu'), ('XAUTHORITY', '/run/user/1000/gdm/Xauthority'), ('LS_COLORS', ''), ('CURSOR_TRACE_ID', '1765c2c3a468439bac1af10ffe8e9ef5'), ('SSH_AGENT_LAUNCHER', 'gnome-keyring'), ('SSH_AUTH_SOCK', '/run/user/1000/keyring/ssh'), ('ROS_DOMAIN_ID', '0'), ('AMENT_PREFIX_PATH', '/opt/ros/humble'), ('ORIGINAL_XDG_CURRENT_DESKTOP', 'ubuntu:GNOME'), ('SHELL', '/bin/bash'), ('LC_NAME', 'ko_KR.UTF-8'), ('QT_ACCESSIBILITY', '1'), ('GDMSESSION', 'ubuntu'), ('LESSCLOSE', '/usr/bin/lesspipe %s %s'), ('LC_MEASUREMENT', 'ko_KR.UTF-8'), ('GPG_AGENT_INFO', '/run/user/1000/gnupg/S.gpg-agent:0:1'), ('GJS_DEBUG_OUTPUT', 'stderr'), ('LC_IDENTIFICATION', 'ko_KR.UTF-8'), ('QT_IM_MODULE', 'ibus'), ('PWD', '/home/etri/ros2_ws/build/dynamixel_interfaces'), ('LC_ALL', 'en_US.UTF-8'), ('XDG_CONFIG_DIRS', '/etc/xdg/xdg-ubuntu:/etc/xdg'), ('VSCODE_CODE_CACHE_PATH', '/home/etri/.config/Cursor/CachedData/643ba67cd252e2888e296dd0cf34a0c5d7625b90'), ('NVM_CD_FLAGS', ''), ('XDG_DATA_DIRS', '/usr/share/ubuntu:/usr/share/gnome:/usr/local/share/:/usr/share/:/var/lib/snapd/desktop'), ('PYTHONPATH', '/opt/ros/humble/lib/python3.10/site-packages:/opt/ros/humble/local/lib/python3.10/dist-packages'), ('LC_NUMERIC', 'ko_KR.UTF-8'), ('LC_PAPER', 'ko_KR.UTF-8'), ('COLCON', '1'), ('_ZO_DOCTOR', '0'), ('VSCODE_PID', '29612'), ('CMAKE_PREFIX_PATH', '/opt/ros/humble')]), 'shell': False}
[0.007682] (dynamixel_sdk) JobProgress: {'identifier': 'dynamixel_sdk', 'progress': 'cmake'}
[0.007884] (dynamixel_sdk) Command: {'cmd': ['/usr/bin/cmake', '/home/etri/ros2_ws/DynamixelSDK/ros/dynamixel_sdk', '-DAMENT_CMAKE_SYMLINK_INSTALL=1', '-DCMAKE_INSTALL_PREFIX=/home/etri/ros2_ws/install/dynamixel_sdk'], 'cwd': '/home/etri/ros2_ws/build/dynamixel_sdk', 'env': OrderedDict([('GJS_DEBUG_TOPICS', 'JS ERROR;JS LOG'), ('LESSOPEN', '| /usr/bin/lesspipe %s'), ('VSCODE_CWD', '/home/etri'), ('CURSOR_EXTENSION_HOST_ROLE', 'retrieval-always-local'), ('VSCODE_ESM_ENTRYPOINT', 'vs/workbench/api/node/extensionHostProcess'), ('LANGUAGE', 'ko:en_US:en'), ('USER', 'etri'), ('LC_TIME', 'ko_KR.UTF-8'), ('VSCODE_NLS_CONFIG', '{"userLocale":"ko","osLocale":"ko","resolvedLanguage":"en","defaultMessagesFile":"/usr/share/cursor/resources/app/out/nls.messages.json","locale":"ko","availableLanguages":{}}'), ('VSCODE_HANDLES_UNCAUGHT_ERRORS', 'true'), ('XDG_SESSION_TYPE', 'x11'), ('SHLVL', '1'), ('LD_LIBRARY_PATH', '/opt/ros/humble/opt/rviz_ogre_vendor/lib:/opt/ros/humble/lib/x86_64-linux-gnu:/opt/ros/humble/lib'), ('HOME', '/home/etri'), ('CHROME_DESKTOP', 'cursor.desktop'), ('OLDPWD', '/home/etri/ros2_ws'), ('DESKTOP_SESSION', 'ubuntu'), ('NVM_BIN', '/home/etri/.nvm/versions/node/v24.13.0/bin'), ('NVM_INC', '/home/etri/.nvm/versions/node/v24.13.0/include/node'), ('VSCODE_IPC_HOOK', '/run/user/1000/vscode-30070241-2.3.-main.sock'), ('GIO_LAUNCHED_DESKTOP_FILE', '/usr/share/applications/cursor.desktop'), ('ROS_PYTHON_VERSION', '3'), ('GNOME_SHELL_SESSION_MODE', 'ubuntu'), ('GTK_MODULES', 'gail:atk-bridge'), ('LC_MONETARY', 'ko_KR.UTF-8'), ('MANAGERPID', '2142'), ('SYSTEMD_EXEC_PID', '2428'), ('NO_COLOR', '1'), ('DBUS_SESSION_BUS_ADDRESS', 'unix:path=/run/user/1000/bus'), ('GIO_LAUNCHED_DESKTOP_FILE_PID', '29612'), ('NVM_DIR', '/home/etri/.nvm'), ('VSCODE_CRASH_REPORTER_PROCESS_TYPE', 'extensionHost'), ('ROS_DISTRO', 'humble'), ('GTK_IM_MODULE', 'ibus'), ('LOGNAME', 'etri'), ('FORCE_COLOR', '0'), ('JOURNAL_STREAM', '8:8319'), ('_', '/usr/bin/colcon'), ('ROS_VERSION', '2'), ('XDG_SESSION_CLASS', 'user'), ('USERNAME', 'etri'), ('TERM', 'dumb'), ('EVERYSPHERE_RIPGREP_PATH', '/usr/share/cursor/resources/app/node_modules/@vscode/ripgrep/bin/rg'), ('GNOME_DESKTOP_SESSION_ID', 'this-is-deprecated'), ('ROS_LOCALHOST_ONLY', '1'), ('COMPOSER_NO_INTERACTION', '1'), ('WINDOWPATH', '2'), ('PATH', '/home/etri/.local/bin:/home/etri/.nvm/versions/node/v24.13.0/bin:/home/etri/.local/bin:/home/etri/.nvm/versions/node/v24.13.0/bin:/opt/ros/humble/bin:/home/etri/.local/bin:/usr/local/sbin:/usr/local/bin:/usr/sbin:/usr/bin:/sbin:/bin:/usr/games:/usr/local/games:/snap/bin:/snap/bin:/usr/local/bin:/home/etri/.nvm/versions/node/v24.13.0/bin'), ('SESSION_MANAGER', 'local/etri-HP-Z2-Tower-G1i:@/tmp/.ICE-unix/2403,unix/etri-HP-Z2-Tower-G1i:/tmp/.ICE-unix/2403'), ('INVOCATION_ID', '90718fe7d6874e0191d8e730bcee1657'), ('PAPERSIZE', 'a4'), ('XDG_MENU_PREFIX', 'gnome-'), ('LC_ADDRESS', 'ko_KR.UTF-8'), ('VSCODE_PROCESS_TITLE', 'extension-host (retrieval-always-local) [1-2]'), ('XDG_RUNTIME_DIR', '/run/user/1000'), ('GDK_BACKEND', 'x11'), ('CURSOR_AGENT', '1'), ('DISPLAY', ':1'), ('LANG', 'ko_KR.UTF-8'), ('XDG_CURRENT_DESKTOP', 'Unity'), ('LC_TELEPHONE', 'ko_KR.UTF-8'), ('XMODIFIERS', '@im=ibus'), ('XDG_SESSION_DESKTOP', 'ubuntu'), ('XAUTHORITY', '/run/user/1000/gdm/Xauthority'), ('LS_COLORS', ''), ('CURSOR_TRACE_ID', '1765c2c3a468439bac1af10ffe8e9ef5'), ('SSH_AGENT_LAUNCHER', 'gnome-keyring'), ('SSH_AUTH_SOCK', '/run/user/1000/keyring/ssh'), ('ROS_DOMAIN_ID', '0'), ('AMENT_PREFIX_PATH', '/opt/ros/humble'), ('ORIGINAL_XDG_CURRENT_DESKTOP', 'ubuntu:GNOME'), ('SHELL', '/bin/bash'), ('LC_NAME', 'ko_KR.UTF-8'), ('QT_ACCESSIBILITY', '1'), ('GDMSESSION', 'ubuntu'), ('LESSCLOSE', '/usr/bin/lesspipe %s %s'), ('LC_MEASUREMENT', 'ko_KR.UTF-8'), ('GPG_AGENT_INFO', '/run/user/1000/gnupg/S.gpg-agent:0:1'), ('GJS_DEBUG_OUTPUT', 'stderr'), ('LC_IDENTIFICATION', 'ko_KR.UTF-8'), ('QT_IM_MODULE', 'ibus'), ('PWD', '/home/etri/ros2_ws/build/dynamixel_sdk'), ('LC_ALL', 'en_US.UTF-8'), ('XDG_CONFIG_DIRS', '/etc/xdg/xdg-ubuntu:/etc/xdg'), ('VSCODE_CODE_CACHE_PATH', '/home/etri/.config/Cursor/CachedData/643ba67cd252e2888e296dd0cf34a0c5d7625b90'), ('NVM_CD_FLAGS', ''), ('XDG_DATA_DIRS', '/usr/share/ubuntu:/usr/share/gnome:/usr/local/share/:/usr/share/:/var/lib/snapd/desktop'), ('PYTHONPATH', '/opt/ros/humble/lib/python3.10/site-packages:/opt/ros/humble/local/lib/python3.10/dist-packages'), ('LC_NUMERIC', 'ko_KR.UTF-8'), ('LC_PAPER', 'ko_KR.UTF-8'), ('COLCON', '1'), ('_ZO_DOCTOR', '0'), ('VSCODE_PID', '29612'), ('CMAKE_PREFIX_PATH', '/opt/ros/humble')]), 'shell': False}
[0.009164] (custom_panda_description) JobProgress: {'identifier': 'custom_panda_description', 'progress': 'cmake'}
[0.009929] (custom_panda_description) Command: {'cmd': ['/usr/bin/cmake', '/home/etri/ros2_ws/custom_panda_description', '-DAMENT_CMAKE_SYMLINK_INSTALL=1', '-DCMAKE_INSTALL_PREFIX=/home/etri/ros2_ws/install/custom_panda_description'], 'cwd': '/home/etri/ros2_ws/build/custom_panda_description', 'env': OrderedDict([('GJS_DEBUG_TOPICS', 'JS ERROR;JS LOG'), ('LESSOPEN', '| /usr/bin/lesspipe %s'), ('VSCODE_CWD', '/home/etri'), ('CURSOR_EXTENSION_HOST_ROLE', 'retrieval-always-local'), ('VSCODE_ESM_ENTRYPOINT', 'vs/workbench/api/node/extensionHostProcess'), ('LANGUAGE', 'ko:en_US:en'), ('USER', 'etri'), ('LC_TIME', 'ko_KR.UTF-8'), ('VSCODE_NLS_CONFIG', '{"userLocale":"ko","osLocale":"ko","resolvedLanguage":"en","defaultMessagesFile":"/usr/share/cursor/resources/app/out/nls.messages.json","locale":"ko","availableLanguages":{}}'), ('VSCODE_HANDLES_UNCAUGHT_ERRORS', 'true'), ('XDG_SESSION_TYPE', 'x11'), ('SHLVL', '1'), ('LD_LIBRARY_PATH', '/opt/ros/humble/opt/rviz_ogre_vendor/lib:/opt/ros/humble/lib/x86_64-linux-gnu:/opt/ros/humble/lib'), ('HOME', '/home/etri'), ('CHROME_DESKTOP', 'cursor.desktop'), ('OLDPWD', '/home/etri/ros2_ws'), ('DESKTOP_SESSION', 'ubuntu'), ('NVM_BIN', '/home/etri/.nvm/versions/node/v24.13.0/bin'), ('NVM_INC', '/home/etri/.nvm/versions/node/v24.13.0/include/node'), ('VSCODE_IPC_HOOK', '/run/user/1000/vscode-30070241-2.3.-main.sock'), ('GIO_LAUNCHED_DESKTOP_FILE', '/usr/share/applications/cursor.desktop'), ('ROS_PYTHON_VERSION', '3'), ('GNOME_SHELL_SESSION_MODE', 'ubuntu'), ('GTK_MODULES', 'gail:atk-bridge'), ('LC_MONETARY', 'ko_KR.UTF-8'), ('MANAGERPID', '2142'), ('SYSTEMD_EXEC_PID', '2428'), ('NO_COLOR', '1'), ('DBUS_SESSION_BUS_ADDRESS', 'unix:path=/run/user/1000/bus'), ('GIO_LAUNCHED_DESKTOP_FILE_PID', '29612'), ('NVM_DIR', '/home/etri/.nvm'), ('VSCODE_CRASH_REPORTER_PROCESS_TYPE', 'extensionHost'), ('ROS_DISTRO', 'humble'), ('GTK_IM_MODULE', 'ibus'), ('LOGNAME', 'etri'), ('FORCE_COLOR', '0'), ('JOURNAL_STREAM', '8:8319'), ('_', '/usr/bin/colcon'), ('ROS_VERSION', '2'), ('XDG_SESSION_CLASS', 'user'), ('USERNAME', 'etri'), ('TERM', 'dumb'), ('EVERYSPHERE_RIPGREP_PATH', '/usr/share/cursor/resources/app/node_modules/@vscode/ripgrep/bin/rg'), ('GNOME_DESKTOP_SESSION_ID', 'this-is-deprecated'), ('ROS_LOCALHOST_ONLY', '1'), ('COMPOSER_NO_INTERACTION', '1'), ('WINDOWPATH', '2'), ('PATH', '/home/etri/.local/bin:/home/etri/.nvm/versions/node/v24.13.0/bin:/home/etri/.local/bin:/home/etri/.nvm/versions/node/v24.13.0/bin:/opt/ros/humble/bin:/home/etri/.local/bin:/usr/local/sbin:/usr/local/bin:/usr/sbin:/usr/bin:/sbin:/bin:/usr/games:/usr/local/games:/snap/bin:/snap/bin:/usr/local/bin:/home/etri/.nvm/versions/node/v24.13.0/bin'), ('SESSION_MANAGER', 'local/etri-HP-Z2-Tower-G1i:@/tmp/.ICE-unix/2403,unix/etri-HP-Z2-Tower-G1i:/tmp/.ICE-unix/2403'), ('INVOCATION_ID', '90718fe7d6874e0191d8e730bcee1657'), ('PAPERSIZE', 'a4'), ('XDG_MENU_PREFIX', 'gnome-'), ('LC_ADDRESS', 'ko_KR.UTF-8'), ('VSCODE_PROCESS_TITLE', 'extension-host (retrieval-always-local) [1-2]'), ('XDG_RUNTIME_DIR', '/run/user/1000'), ('GDK_BACKEND', 'x11'), ('CURSOR_AGENT', '1'), ('DISPLAY', ':1'), ('LANG', 'ko_KR.UTF-8'), ('XDG_CURRENT_DESKTOP', 'Unity'), ('LC_TELEPHONE', 'ko_KR.UTF-8'), ('XMODIFIERS', '@im=ibus'), ('XDG_SESSION_DESKTOP', 'ubuntu'), ('XAUTHORITY', '/run/user/1000/gdm/Xauthority'), ('LS_COLORS', ''), ('CURSOR_TRACE_ID', '1765c2c3a468439bac1af10ffe8e9ef5'), ('SSH_AGENT_LAUNCHER', 'gnome-keyring'), ('SSH_AUTH_SOCK', '/run/user/1000/keyring/ssh'), ('ROS_DOMAIN_ID', '0'), ('AMENT_PREFIX_PATH', '/opt/ros/humble'), ('ORIGINAL_XDG_CURRENT_DESKTOP', 'ubuntu:GNOME'), ('SHELL', '/bin/bash'), ('LC_NAME', 'ko_KR.UTF-8'), ('QT_ACCESSIBILITY', '1'), ('GDMSESSION', 'ubuntu'), ('LESSCLOSE', '/usr/bin/lesspipe %s %s'), ('LC_MEASUREMENT', 'ko_KR.UTF-8'), ('GPG_AGENT_INFO', '/run/user/1000/gnupg/S.gpg-agent:0:1'), ('GJS_DEBUG_OUTPUT', 'stderr'), ('LC_IDENTIFICATION', 'ko_KR.UTF-8'), ('QT_IM_MODULE', 'ibus'), ('PWD', '/home/etri/ros2_ws/build/custom_panda_description'), ('LC_ALL', 'en_US.UTF-8'), ('XDG_CONFIG_DIRS', '/etc/xdg/xdg-ubuntu:/etc/xdg'), ('VSCODE_CODE_CACHE_PATH', '/home/etri/.config/Cursor/CachedData/643ba67cd252e2888e296dd0cf34a0c5d7625b90'), ('NVM_CD_FLAGS', ''), ('XDG_DATA_DIRS', '/usr/share/ubuntu:/usr/share/gnome:/usr/local/share/:/usr/share/:/var/lib/snapd/desktop'), ('PYTHONPATH', '/opt/ros/humble/lib/python3.10/site-packages:/opt/ros/humble/local/lib/python3.10/dist-packages'), ('LC_NUMERIC', 'ko_KR.UTF-8'), ('LC_PAPER', 'ko_KR.UTF-8'), ('COLCON', '1'), ('_ZO_DOCTOR', '0'), ('VSCODE_PID', '29612'), ('CMAKE_PREFIX_PATH', '/opt/ros/humble')]), 'shell': False}
[0.015040] (dynamixel_sdk) StdoutLine: {'line': b'-- Found ament_cmake: 1.3.12 (/opt/ros/humble/share/ament_cmake/cmake)\n'}
[0.015120] (dynamixel_interfaces) StdoutLine: {'line': b'-- Found ament_cmake: 1.3.12 (/opt/ros/humble/share/ament_cmake/cmake)\n'}
[0.039931] (custom_panda_description) StdoutLine: {'line': b'-- The C compiler identification is GNU 11.4.0\n'}
[0.064258] (custom_panda_description) StdoutLine: {'line': b'-- The CXX compiler identification is GNU 11.4.0\n'}
[0.067752] (custom_panda_description) StdoutLine: {'line': b'-- Detecting C compiler ABI info\n'}
[0.071073] (dynamixel_interfaces) StdoutLine: {'line': b'-- Override CMake install command with custom implementation using symlinks instead of copying resources\n'}
[0.071469] (dynamixel_sdk) StdoutLine: {'line': b'-- Override CMake install command with custom implementation using symlinks instead of copying resources\n'}
[0.073960] (dynamixel_interfaces) StdoutLine: {'line': b'-- Found std_msgs: 4.9.0 (/opt/ros/humble/share/std_msgs/cmake)\n'}
[0.085152] (dynamixel_interfaces) StdoutLine: {'line': b'-- Found rosidl_generator_c: 3.1.8 (/opt/ros/humble/share/rosidl_generator_c/cmake)\n'}
[0.085246] (dynamixel_interfaces) StdoutLine: {'line': b'-- Found rosidl_adapter: 3.1.8 (/opt/ros/humble/share/rosidl_adapter/cmake)\n'}
[0.087531] (dynamixel_interfaces) StdoutLine: {'line': b'-- Found rosidl_generator_cpp: 3.1.8 (/opt/ros/humble/share/rosidl_generator_cpp/cmake)\n'}
[0.091243] (dynamixel_interfaces) StdoutLine: {'line': b'-- Using all available rosidl_typesupport_c: rosidl_typesupport_fastrtps_c;rosidl_typesupport_introspection_c\n'}
[0.096183] (dynamixel_interfaces) StdoutLine: {'line': b'-- Using all available rosidl_typesupport_cpp: rosidl_typesupport_fastrtps_cpp;rosidl_typesupport_introspection_cpp\n'}
[0.100013] (-) TimerEvent: {}
[0.104013] (custom_panda_description) StdoutLine: {'line': b'-- Detecting C compiler ABI info - done\n'}
[0.105053] (dynamixel_interfaces) StdoutLine: {'line': b'-- Found geometry_msgs: 4.9.0 (/opt/ros/humble/share/geometry_msgs/cmake)\n'}
[0.107006] (custom_panda_description) StdoutLine: {'line': b'-- Check for working C compiler: /usr/bin/cc - skipped\n'}
[0.107063] (custom_panda_description) StdoutLine: {'line': b'-- Detecting C compile features\n'}
[0.107312] (custom_panda_description) StdoutLine: {'line': b'-- Detecting C compile features - done\n'}
[0.108585] (custom_panda_description) StdoutLine: {'line': b'-- Detecting CXX compiler ABI info\n'}
[0.109987] (dynamixel_interfaces) StdoutLine: {'line': b'-- Found rosidl_default_generators: 1.2.0 (/opt/ros/humble/share/rosidl_default_generators/cmake)\n'}
[0.149522] (custom_panda_description) StdoutLine: {'line': b'-- Detecting CXX compiler ABI info - done\n'}
[0.152592] (custom_panda_description) StdoutLine: {'line': b'-- Check for working CXX compiler: /usr/bin/c++ - skipped\n'}
[0.152645] (custom_panda_description) StdoutLine: {'line': b'-- Detecting CXX compile features\n'}
[0.152761] (custom_panda_description) StdoutLine: {'line': b'-- Detecting CXX compile features - done\n'}
[0.153888] (custom_panda_description) StdoutLine: {'line': b'-- Found ament_cmake: 1.3.12 (/opt/ros/humble/share/ament_cmake/cmake)\n'}
[0.161133] (dynamixel_sdk) StdoutLine: {'line': b'-- Configuring done\n'}
[0.163840] (dynamixel_sdk) StdoutLine: {'line': b'-- Generating done\n'}
[0.164892] (dynamixel_sdk) StdoutLine: {'line': b'-- Build files have been written to: /home/etri/ros2_ws/build/dynamixel_sdk\n'}
[0.169121] (dynamixel_sdk) CommandEnded: {'returncode': 0}
[0.169430] (dynamixel_sdk) JobProgress: {'identifier': 'dynamixel_sdk', 'progress': 'build'}
[0.169444] (dynamixel_sdk) Command: {'cmd': ['/usr/bin/cmake', '--build', '/home/etri/ros2_ws/build/dynamixel_sdk', '--', '-j24', '-l24'], 'cwd': '/home/etri/ros2_ws/build/dynamixel_sdk', 'env': OrderedDict([('GJS_DEBUG_TOPICS', 'JS ERROR;JS LOG'), ('LESSOPEN', '| /usr/bin/lesspipe %s'), ('VSCODE_CWD', '/home/etri'), ('CURSOR_EXTENSION_HOST_ROLE', 'retrieval-always-local'), ('VSCODE_ESM_ENTRYPOINT', 'vs/workbench/api/node/extensionHostProcess'), ('LANGUAGE', 'ko:en_US:en'), ('USER', 'etri'), ('LC_TIME', 'ko_KR.UTF-8'), ('VSCODE_NLS_CONFIG', '{"userLocale":"ko","osLocale":"ko","resolvedLanguage":"en","defaultMessagesFile":"/usr/share/cursor/resources/app/out/nls.messages.json","locale":"ko","availableLanguages":{}}'), ('VSCODE_HANDLES_UNCAUGHT_ERRORS', 'true'), ('XDG_SESSION_TYPE', 'x11'), ('SHLVL', '1'), ('LD_LIBRARY_PATH', '/opt/ros/humble/opt/rviz_ogre_vendor/lib:/opt/ros/humble/lib/x86_64-linux-gnu:/opt/ros/humble/lib'), ('HOME', '/home/etri'), ('CHROME_DESKTOP', 'cursor.desktop'), ('OLDPWD', '/home/etri/ros2_ws'), ('DESKTOP_SESSION', 'ubuntu'), ('NVM_BIN', '/home/etri/.nvm/versions/node/v24.13.0/bin'), ('NVM_INC', '/home/etri/.nvm/versions/node/v24.13.0/include/node'), ('VSCODE_IPC_HOOK', '/run/user/1000/vscode-30070241-2.3.-main.sock'), ('GIO_LAUNCHED_DESKTOP_FILE', '/usr/share/applications/cursor.desktop'), ('ROS_PYTHON_VERSION', '3'), ('GNOME_SHELL_SESSION_MODE', 'ubuntu'), ('GTK_MODULES', 'gail:atk-bridge'), ('LC_MONETARY', 'ko_KR.UTF-8'), ('MANAGERPID', '2142'), ('SYSTEMD_EXEC_PID', '2428'), ('NO_COLOR', '1'), ('DBUS_SESSION_BUS_ADDRESS', 'unix:path=/run/user/1000/bus'), ('GIO_LAUNCHED_DESKTOP_FILE_PID', '29612'), ('NVM_DIR', '/home/etri/.nvm'), ('VSCODE_CRASH_REPORTER_PROCESS_TYPE', 'extensionHost'), ('ROS_DISTRO', 'humble'), ('GTK_IM_MODULE', 'ibus'), ('LOGNAME', 'etri'), ('FORCE_COLOR', '0'), ('JOURNAL_STREAM', '8:8319'), ('_', '/usr/bin/colcon'), ('ROS_VERSION', '2'), ('XDG_SESSION_CLASS', 'user'), ('USERNAME', 'etri'), ('TERM', 'dumb'), ('EVERYSPHERE_RIPGREP_PATH', '/usr/share/cursor/resources/app/node_modules/@vscode/ripgrep/bin/rg'), ('GNOME_DESKTOP_SESSION_ID', 'this-is-deprecated'), ('ROS_LOCALHOST_ONLY', '1'), ('COMPOSER_NO_INTERACTION', '1'), ('WINDOWPATH', '2'), ('PATH', '/home/etri/.local/bin:/home/etri/.nvm/versions/node/v24.13.0/bin:/home/etri/.local/bin:/home/etri/.nvm/versions/node/v24.13.0/bin:/opt/ros/humble/bin:/home/etri/.local/bin:/usr/local/sbin:/usr/local/bin:/usr/sbin:/usr/bin:/sbin:/bin:/usr/games:/usr/local/games:/snap/bin:/snap/bin:/usr/local/bin:/home/etri/.nvm/versions/node/v24.13.0/bin'), ('SESSION_MANAGER', 'local/etri-HP-Z2-Tower-G1i:@/tmp/.ICE-unix/2403,unix/etri-HP-Z2-Tower-G1i:/tmp/.ICE-unix/2403'), ('INVOCATION_ID', '90718fe7d6874e0191d8e730bcee1657'), ('PAPERSIZE', 'a4'), ('XDG_MENU_PREFIX', 'gnome-'), ('LC_ADDRESS', 'ko_KR.UTF-8'), ('VSCODE_PROCESS_TITLE', 'extension-host (retrieval-always-local) [1-2]'), ('XDG_RUNTIME_DIR', '/run/user/1000'), ('GDK_BACKEND', 'x11'), ('CURSOR_AGENT', '1'), ('DISPLAY', ':1'), ('LANG', 'ko_KR.UTF-8'), ('XDG_CURRENT_DESKTOP', 'Unity'), ('LC_TELEPHONE', 'ko_KR.UTF-8'), ('XMODIFIERS', '@im=ibus'), ('XDG_SESSION_DESKTOP', 'ubuntu'), ('XAUTHORITY', '/run/user/1000/gdm/Xauthority'), ('LS_COLORS', ''), ('CURSOR_TRACE_ID', '1765c2c3a468439bac1af10ffe8e9ef5'), ('SSH_AGENT_LAUNCHER', 'gnome-keyring'), ('SSH_AUTH_SOCK', '/run/user/1000/keyring/ssh'), ('ROS_DOMAIN_ID', '0'), ('AMENT_PREFIX_PATH', '/opt/ros/humble'), ('ORIGINAL_XDG_CURRENT_DESKTOP', 'ubuntu:GNOME'), ('SHELL', '/bin/bash'), ('LC_NAME', 'ko_KR.UTF-8'), ('QT_ACCESSIBILITY', '1'), ('GDMSESSION', 'ubuntu'), ('LESSCLOSE', '/usr/bin/lesspipe %s %s'), ('LC_MEASUREMENT', 'ko_KR.UTF-8'), ('GPG_AGENT_INFO', '/run/user/1000/gnupg/S.gpg-agent:0:1'), ('GJS_DEBUG_OUTPUT', 'stderr'), ('LC_IDENTIFICATION', 'ko_KR.UTF-8'), ('QT_IM_MODULE', 'ibus'), ('PWD', '/home/etri/ros2_ws/build/dynamixel_sdk'), ('LC_ALL', 'en_US.UTF-8'), ('XDG_CONFIG_DIRS', '/etc/xdg/xdg-ubuntu:/etc/xdg'), ('VSCODE_CODE_CACHE_PATH', '/home/etri/.config/Cursor/CachedData/643ba67cd252e2888e296dd0cf34a0c5d7625b90'), ('NVM_CD_FLAGS', ''), ('XDG_DATA_DIRS', '/usr/share/ubuntu:/usr/share/gnome:/usr/local/share/:/usr/share/:/var/lib/snapd/desktop'), ('PYTHONPATH', '/opt/ros/humble/lib/python3.10/site-packages:/opt/ros/humble/local/lib/python3.10/dist-packages'), ('LC_NUMERIC', 'ko_KR.UTF-8'), ('LC_PAPER', 'ko_KR.UTF-8'), ('COLCON', '1'), ('_ZO_DOCTOR', '0'), ('VSCODE_PID', '29612'), ('CMAKE_PREFIX_PATH', '/opt/ros/humble')]), 'shell': False}
[0.190220] (dynamixel_sdk) StderrLine: {'line': b"failed to create symbolic link '/home/etri/ros2_ws/build/dynamixel_sdk/ament_cmake_python/dynamixel_sdk/dynamixel_sdk' because existing path cannot be removed: Is a directory\n"}
[0.190325] (dynamixel_sdk) StderrLine: {'line': b'gmake[2]: *** [CMakeFiles/ament_cmake_python_symlink_dynamixel_sdk.dir/build.make:70: CMakeFiles/ament_cmake_python_symlink_dynamixel_sdk] \xec\x98\xa4\xeb\xa5\x98 1\n'}
[0.190350] (dynamixel_sdk) StderrLine: {'line': b'gmake[1]: *** [CMakeFiles/Makefile2:169: CMakeFiles/ament_cmake_python_symlink_dynamixel_sdk.dir/all] \xec\x98\xa4\xeb\xa5\x98 2\n'}
[0.190370] (dynamixel_sdk) StderrLine: {'line': b'gmake[1]: *** \xeb\x81\x9d\xeb\x82\x98\xec\xa7\x80 \xec\x95\x8a\xec\x9d\x80 \xec\x9e\x91\xec\x97\x85\xec\x9d\x84 \xea\xb8\xb0\xeb\x8b\xa4\xeb\xa6\xac\xea\xb3\xa0 \xec\x9e\x88\xec\x8a\xb5\xeb\x8b\x88\xeb\x8b\xa4....\n'}
[0.190389] (dynamixel_sdk) StdoutLine: {'line': b'Consolidate compiler generated dependencies of target dynamixel_sdk\n'}
[0.192264] (dynamixel_sdk) StderrLine: {'line': b"failed to create symbolic link '/home/etri/ros2_ws/build/dynamixel_sdk/ament_cmake_python/dynamixel_easy_sdk/dynamixel_easy_sdk' because existing path cannot be removed: Is a directory\n"}
[0.192803] (dynamixel_sdk) StderrLine: {'line': b'gmake[2]: *** [CMakeFiles/ament_cmake_python_symlink_dynamixel_easy_sdk.dir/build.make:70: CMakeFiles/ament_cmake_python_symlink_dynamixel_easy_sdk] \xec\x98\xa4\xeb\xa5\x98 1\n'}
[0.193228] (dynamixel_sdk) StderrLine: {'line': b'gmake[1]: *** [CMakeFiles/Makefile2:221: CMakeFiles/ament_cmake_python_symlink_dynamixel_easy_sdk.dir/all] \xec\x98\xa4\xeb\xa5\x98 2\n'}
[0.196595] (dynamixel_sdk) StdoutLine: {'line': b'[100%] Built target dynamixel_sdk\n'}
[0.197821] (dynamixel_sdk) StderrLine: {'line': b'gmake: *** [Makefile:146: all] \xec\x98\xa4\xeb\xa5\x98 2\n'}
[0.198919] (dynamixel_sdk) CommandEnded: {'returncode': 2}
[0.200309] (-) TimerEvent: {}
[0.203852] (dynamixel_sdk) JobEnded: {'identifier': 'dynamixel_sdk', 'rc': 2}
[0.227119] (custom_panda_description) StdoutLine: {'line': b'-- Found Python3: /usr/bin/python3 (found version "3.10.12") found components: Interpreter \n'}
[0.250214] (dynamixel_interfaces) StdoutLine: {'line': b'-- Found ament_cmake_ros: 0.10.0 (/opt/ros/humble/share/ament_cmake_ros/cmake)\n'}
[0.254163] (custom_panda_description) StdoutLine: {'line': b'-- Override CMake install command with custom implementation using symlinks instead of copying resources\n'}
[0.265344] (custom_panda_description) StdoutLine: {'line': b'-- Found urdf: 2.6.1 (/opt/ros/humble/share/urdf/cmake)\n'}
[0.286665] (custom_panda_description) StdoutLine: {'line': b'-- Found xacro: 2.1.1 (/opt/ros/humble/share/xacro/cmake)\n'}
[0.287386] (custom_panda_description) StdoutLine: {'line': b'-- Found ament_lint_auto: 0.12.14 (/opt/ros/humble/share/ament_lint_auto/cmake)\n'}
[0.300386] (-) TimerEvent: {}
[0.321580] (custom_panda_description) StdoutLine: {'line': b"-- Added test 'flake8' to check Python code syntax and style conventions\n"}
[0.321709] (custom_panda_description) StdoutLine: {'line': b"-- Added test 'lint_cmake' to check CMake code style\n"}
[0.322053] (custom_panda_description) StdoutLine: {'line': b"-- Added test 'pep257' to check Python code against some of the docstring style conventions in PEP 257\n"}
[0.322436] (custom_panda_description) StdoutLine: {'line': b"-- Added test 'xmllint' to check XML markup files\n"}
[0.322869] (custom_panda_description) StdoutLine: {'line': b'-- Configuring done\n'}
[0.324002] (custom_panda_description) StdoutLine: {'line': b'-- Generating done\n'}
[0.324577] (custom_panda_description) StdoutLine: {'line': b'-- Build files have been written to: /home/etri/ros2_ws/build/custom_panda_description\n'}
[0.328460] (custom_panda_description) JobEnded: {'identifier': 'custom_panda_description', 'rc': 'SIGINT'}
[0.400489] (-) TimerEvent: {}
[0.450038] (dynamixel_interfaces) StdoutLine: {'line': b'-- Using all available rosidl_typesupport_c: rosidl_typesupport_fastrtps_c;rosidl_typesupport_introspection_c\n'}
[0.500650] (-) TimerEvent: {}
[0.520804] (dynamixel_interfaces) StdoutLine: {'line': b'-- Using all available rosidl_typesupport_cpp: rosidl_typesupport_fastrtps_cpp;rosidl_typesupport_introspection_cpp\n'}
[0.535831] (dynamixel_interfaces) StdoutLine: {'line': b'-- Found python_cmake_module: 0.10.0 (/opt/ros/humble/share/python_cmake_module/cmake)\n'}
[0.547326] (dynamixel_interfaces) StdoutLine: {'line': b'-- Using PYTHON_EXECUTABLE: /usr/bin/python3\n'}
[0.547435] (dynamixel_interfaces) StdoutLine: {'line': b'-- Using PYTHON_INCLUDE_DIRS: /usr/include/python3.10\n'}
[0.547462] (dynamixel_interfaces) StdoutLine: {'line': b'-- Using PYTHON_LIBRARIES: /usr/lib/x86_64-linux-gnu/libpython3.10.so\n'}
[0.562469] (dynamixel_interfaces) StdoutLine: {'line': b'-- Found ament_lint_auto: 0.12.14 (/opt/ros/humble/share/ament_lint_auto/cmake)\n'}
[0.566184] (dynamixel_interfaces) StdoutLine: {'line': b"-- Added test 'copyright' to check source files copyright and LICENSE\n"}
[0.568065] (dynamixel_interfaces) StdoutLine: {'line': b"-- Added test 'lint_cmake' to check CMake code style\n"}
[0.569056] (dynamixel_interfaces) StdoutLine: {'line': b"-- Added test 'xmllint' to check XML markup files\n"}
[0.569930] (dynamixel_interfaces) StdoutLine: {'line': b'-- Configuring done\n'}
[0.584485] (dynamixel_interfaces) StdoutLine: {'line': b'-- Generating done\n'}
[0.589303] (dynamixel_interfaces) StdoutLine: {'line': b'-- Build files have been written to: /home/etri/ros2_ws/build/dynamixel_interfaces\n'}
[0.593328] (dynamixel_interfaces) JobEnded: {'identifier': 'dynamixel_interfaces', 'rc': 'SIGINT'}
[0.600722] (-) TimerEvent: {}
[0.603625] (open_manipulator_bringup) JobSkipped: {'identifier': 'open_manipulator_bringup'}
[0.603641] (panda_teleop_omy_l100) JobSkipped: {'identifier': 'panda_teleop_omy_l100'}
[0.603648] (-) EventReactorShutdown: {}
