[0.033s] Invoking command in '/home/etri/ros2_ws/build/om_spring_actuator_controller': CMAKE_PREFIX_PATH=${CMAKE_PREFIX_PATH}:/home/etri/ros2_ws/install/open_manipulator_bringup:/home/etri/ros2_ws/install/open_manipulator_teleop:/opt/ros/humble /usr/bin/cmake /home/etri/ros2_ws/open_manipulator/ros2_controller/om_spring_actuator_controller -DAMENT_CMAKE_SYMLINK_INSTALL=1 -DCMAKE_INSTALL_PREFIX=/home/etri/ros2_ws/install/om_spring_actuator_controller
[0.068s] -- The CXX compiler identification is GNU 11.4.0
[0.080s] -- Detecting CXX compiler ABI info
[0.130s] -- Detecting CXX compiler ABI info - done
[0.136s] -- Check for working CXX compiler: /usr/bin/c++ - skipped
[0.136s] -- Detecting CXX compile features
[0.136s] -- Detecting CXX compile features - done
[0.139s] -- Found ament_cmake: 1.3.12 (/opt/ros/humble/share/ament_cmake/cmake)
[0.220s] -- Found Python3: /usr/bin/python3 (found version "3.10.12") found components: Interpreter 
[0.254s] -- Override CMake install command with custom implementation using symlinks instead of copying resources
[0.272s] -- Found controller_interface: 2.53.0 (/opt/ros/humble/share/controller_interface/cmake)
[0.291s] -- Found rosidl_generator_c: 3.1.8 (/opt/ros/humble/share/rosidl_generator_c/cmake)
[0.293s] -- Found rosidl_adapter: 3.1.8 (/opt/ros/humble/share/rosidl_adapter/cmake)
[0.297s] -- Found rosidl_generator_cpp: 3.1.8 (/opt/ros/humble/share/rosidl_generator_cpp/cmake)
[0.303s] -- Using all available rosidl_typesupport_c: rosidl_typesupport_fastrtps_c;rosidl_typesupport_introspection_c
[0.312s] -- Using all available rosidl_typesupport_cpp: rosidl_typesupport_fastrtps_cpp;rosidl_typesupport_introspection_cpp
[0.405s] -- Found rmw_implementation_cmake: 6.1.2 (/opt/ros/humble/share/rmw_implementation_cmake/cmake)
[0.410s] -- Found rmw_fastrtps_cpp: 6.2.9 (/opt/ros/humble/share/rmw_fastrtps_cpp/cmake)
[0.420s] -- Found TinyXML2 via Config file: TinyXML2_DIR-NOTFOUND
[0.451s] -- Found OpenSSL: /usr/lib/x86_64-linux-gnu/libcrypto.so (found version "3.0.2")  
[0.451s] -- Found TinyXML2 via Config file: TinyXML2_DIR-NOTFOUND
[0.460s] -- Found FastRTPS: /opt/ros/humble/include  
[0.467s] -- Found TinyXML2 via Config file: TinyXML2_DIR-NOTFOUND
[0.467s] -- Found TinyXML2 via Config file: TinyXML2_DIR-NOTFOUND
[0.471s] -- Using RMW implementation 'rmw_fastrtps_cpp' as default
[0.476s] -- Looking for C++ include pthread.h
[0.554s] -- Looking for C++ include pthread.h - found
[0.554s] -- Performing Test CMAKE_HAVE_LIBC_PTHREAD
[0.616s] -- Performing Test CMAKE_HAVE_LIBC_PTHREAD - Success
[0.616s] -- Found Threads: TRUE  
[0.638s] -- Found generate_parameter_library: 0.6.0 (/opt/ros/humble/share/generate_parameter_library/cmake)
[0.639s] -- Found parameter_traits: 0.6.0 (/opt/ros/humble/share/parameter_traits/cmake)
[0.648s] -- Found realtime_tools: 2.15.0 (/opt/ros/humble/share/realtime_tools/cmake)
[0.702s] -- Configuring done
[0.710s] -- Generating done
[0.712s] -- Build files have been written to: /home/etri/ros2_ws/build/om_spring_actuator_controller
