[0.023s] Invoking command in '/home/etri/ros2_ws/build/realtime_tools': CMAKE_PREFIX_PATH=${CMAKE_PREFIX_PATH}:/home/etri/ros2_ws/install/open_manipulator_teleop:/home/etri/ros2_ws/install/open_manipulator_bringup:/opt/ros/humble /usr/bin/cmake /home/etri/ros2_ws/realtime_tools -DCMAKE_INSTALL_PREFIX=/home/etri/ros2_ws/install/realtime_tools
[0.152s] -- The CXX compiler identification is GNU 11.4.0
[0.153s] -- Detecting CXX compiler ABI info
[0.153s] -- Detecting CXX compiler ABI info - done
[0.153s] -- Check for working CXX compiler: /usr/bin/c++ - skipped
[0.153s] -- Detecting CXX compile features
[0.153s] -- Detecting CXX compile features - done
[0.153s] -- Found ament_cmake: 1.3.12 (/opt/ros/humble/share/ament_cmake/cmake)
[0.204s] -- Found Python3: /usr/bin/python3 (found version "3.10.12") found components: Interpreter 
[0.255s] -- Found rclcpp: 16.0.17 (/opt/ros/humble/share/rclcpp/cmake)
[0.275s] -- Found rosidl_generator_c: 3.1.8 (/opt/ros/humble/share/rosidl_generator_c/cmake)
[0.278s] -- Found rosidl_adapter: 3.1.8 (/opt/ros/humble/share/rosidl_adapter/cmake)
[0.281s] -- Found rosidl_generator_cpp: 3.1.8 (/opt/ros/humble/share/rosidl_generator_cpp/cmake)
[0.287s] -- Using all available rosidl_typesupport_c: rosidl_typesupport_fastrtps_c;rosidl_typesupport_introspection_c
[0.294s] -- Using all available rosidl_typesupport_cpp: rosidl_typesupport_fastrtps_cpp;rosidl_typesupport_introspection_cpp
[0.315s] -- Found rmw_implementation_cmake: 6.1.2 (/opt/ros/humble/share/rmw_implementation_cmake/cmake)
[0.317s] -- Found rmw_fastrtps_cpp: 6.2.9 (/opt/ros/humble/share/rmw_fastrtps_cpp/cmake)
[0.359s] -- Found OpenSSL: /usr/lib/x86_64-linux-gnu/libcrypto.so (found version "3.0.2")  
[0.374s] -- Found FastRTPS: /opt/ros/humble/include  
[0.400s] -- Using RMW implementation 'rmw_fastrtps_cpp' as default
[0.405s] -- Looking for C++ include pthread.h
[0.458s] -- Looking for C++ include pthread.h - found
[0.458s] -- Performing Test CMAKE_HAVE_LIBC_PTHREAD
[0.540s] -- Performing Test CMAKE_HAVE_LIBC_PTHREAD - Success
[0.541s] -- Found Threads: TRUE  
[0.572s] -- Found rclcpp_action: 16.0.17 (/opt/ros/humble/share/rclcpp_action/cmake)
[0.603s] -- Found Boost: /usr/lib/x86_64-linux-gnu/cmake/Boost-1.74.0/BoostConfig.cmake (found version "1.74.0") found components: headers 
[0.603s] -- Found ament_cmake_gmock: 1.3.12 (/opt/ros/humble/share/ament_cmake_gmock/cmake)
[0.603s] -- Found lifecycle_msgs: 1.2.2 (/opt/ros/humble/share/lifecycle_msgs/cmake)
[0.608s] -- Found rclcpp_lifecycle: 16.0.17 (/opt/ros/humble/share/rclcpp_lifecycle/cmake)
[0.618s] CMake Error at CMakeLists.txt:74 (find_package):
[0.618s]   By not providing "Findtest_msgs.cmake" in CMAKE_MODULE_PATH this project
[0.618s]   has asked CMake to find a package configuration file provided by
[0.618s]   "test_msgs", but CMake did not find one.
[0.618s] 
[0.618s]   Could not find a package configuration file provided by "test_msgs" with
[0.618s]   any of the following names:
[0.618s] 
[0.618s]     test_msgsConfig.cmake
[0.618s]     test_msgs-config.cmake
[0.618s] 
[0.618s]   Add the installation prefix of "test_msgs" to CMAKE_PREFIX_PATH or set
[0.618s]   "test_msgs_DIR" to a directory containing one of the above files.  If
[0.618s]   "test_msgs" provides a separate development package or SDK, be sure it has
[0.618s]   been installed.
[0.618s] 
[0.618s] 
[0.618s] -- Configuring incomplete, errors occurred!
[0.618s] See also "/home/etri/ros2_ws/build/realtime_tools/CMakeFiles/CMakeOutput.log".
[0.625s] Invoked command in '/home/etri/ros2_ws/build/realtime_tools' returned '1': CMAKE_PREFIX_PATH=${CMAKE_PREFIX_PATH}:/home/etri/ros2_ws/install/open_manipulator_teleop:/home/etri/ros2_ws/install/open_manipulator_bringup:/opt/ros/humble /usr/bin/cmake /home/etri/ros2_ws/realtime_tools -DCMAKE_INSTALL_PREFIX=/home/etri/ros2_ws/install/realtime_tools
