[0.000000] (-) TimerEvent: {}
[0.000153] (-) JobUnselected: {'identifier': 'custom_panda_description'}
[0.000173] (-) JobUnselected: {'identifier': 'dynamixel_hardware_interface'}
[0.000181] (-) JobUnselected: {'identifier': 'dynamixel_interfaces'}
[0.000187] (-) JobUnselected: {'identifier': 'dynamixel_sdk'}
[0.000192] (-) JobUnselected: {'identifier': 'dynamixel_sdk_custom_interfaces'}
[0.000197] (-) JobUnselected: {'identifier': 'dynamixel_sdk_examples'}
[0.000202] (-) JobUnselected: {'identifier': 'om_gravity_compensation_controller'}
[0.000207] (-) JobUnselected: {'identifier': 'om_joint_trajectory_command_broadcaster'}
[0.000211] (-) JobUnselected: {'identifier': 'om_spring_actuator_controller'}
[0.000216] (-) JobUnselected: {'identifier': 'open_manipulator_collision'}
[0.000220] (-) JobUnselected: {'identifier': 'open_manipulator_description'}
[0.000228] (-) JobUnselected: {'identifier': 'open_manipulator_gui'}
[0.000232] (-) JobUnselected: {'identifier': 'open_manipulator_moveit_config'}
[0.000237] (-) JobUnselected: {'identifier': 'open_manipulator_playground'}
[0.000242] (-) JobUnselected: {'identifier': 'open_manipulator_teleop'}
[0.000246] (-) JobUnselected: {'identifier': 'realtime_tools'}
[0.000252] (open_manipulator_bringup) JobQueued: {'identifier': 'open_manipulator_bringup', 'dependencies': OrderedDict([('dynamixel_interfaces', '/home/etri/ros2_ws/install/dynamixel_interfaces'), ('dynamixel_sdk', '/home/etri/ros2_ws/install/dynamixel_sdk'), ('open_manipulator_description', '/home/etri/ros2_ws/install/open_manipulator_description'), ('realtime_tools', '/home/etri/ros2_ws/install/realtime_tools'), ('dynamixel_hardware_interface', '/home/etri/ros2_ws/install/dynamixel_hardware_interface')])}
[0.000264] (open_manipulator) JobQueued: {'identifier': 'open_manipulator', 'dependencies': OrderedDict([('dynamixel_interfaces', '/home/etri/ros2_ws/install/dynamixel_interfaces'), ('dynamixel_sdk', '/home/etri/ros2_ws/install/dynamixel_sdk'), ('om_spring_actuator_controller', '/home/etri/ros2_ws/install/om_spring_actuator_controller'), ('open_manipulator_collision', '/home/etri/ros2_ws/install/open_manipulator_collision'), ('open_manipulator_description', '/home/etri/ros2_ws/install/open_manipulator_description'), ('open_manipulator_gui', '/home/etri/ros2_ws/install/open_manipulator_gui'), ('open_manipulator_playground', '/home/etri/ros2_ws/install/open_manipulator_playground'), ('open_manipulator_teleop', '/home/etri/ros2_ws/install/open_manipulator_teleop'), ('realtime_tools', '/home/etri/ros2_ws/install/realtime_tools'), ('dynamixel_hardware_interface', '/home/etri/ros2_ws/install/dynamixel_hardware_interface'), ('om_gravity_compensation_controller', '/home/etri/ros2_ws/install/om_gravity_compensation_controller'), ('om_joint_trajectory_command_broadcaster', '/home/etri/ros2_ws/install/om_joint_trajectory_command_broadcaster'), ('open_manipulator_moveit_config', '/home/etri/ros2_ws/install/open_manipulator_moveit_config'), ('open_manipulator_bringup', '/home/etri/ros2_ws/install/open_manipulator_bringup')])}
[0.000280] (panda_teleop_omy_l100) JobQueued: {'identifier': 'panda_teleop_omy_l100', 'dependencies': OrderedDict([('custom_panda_description', '/home/etri/ros2_ws/install/custom_panda_description'), ('dynamixel_interfaces', '/home/etri/ros2_ws/install/dynamixel_interfaces'), ('dynamixel_sdk', '/home/etri/ros2_ws/install/dynamixel_sdk'), ('open_manipulator_description', '/home/etri/ros2_ws/install/open_manipulator_description'), ('realtime_tools', '/home/etri/ros2_ws/install/realtime_tools'), ('dynamixel_hardware_interface', '/home/etri/ros2_ws/install/dynamixel_hardware_interface'), ('open_manipulator_bringup', '/home/etri/ros2_ws/install/open_manipulator_bringup')])}
[0.000410] (open_manipulator_bringup) JobStarted: {'identifier': 'open_manipulator_bringup'}
[0.002940] (open_manipulator_bringup) JobEnded: {'identifier': 'open_manipulator_bringup', 'rc': 1}
[0.013198] (open_manipulator) JobSkipped: {'identifier': 'open_manipulator'}
[0.013233] (panda_teleop_omy_l100) JobSkipped: {'identifier': 'panda_teleop_omy_l100'}
[0.013246] (-) EventReactorShutdown: {}
