[0.022s] Invoking command in '/home/etri/ros2_ws/build/dynamixel_interfaces': CMAKE_PREFIX_PATH=/opt/ros/humble /usr/bin/cmake --build /home/etri/ros2_ws/build/dynamixel_interfaces -- -j24 -l24
[0.149s] [  1%] Generating C code for ROS interfaces
[0.149s] [  3%] Generating C++ code for ROS interfaces
[0.149s] [  3%] Built target ament_cmake_python_copy_dynamixel_interfaces
[0.187s] running egg_info
[0.187s] creating dynamixel_interfaces.egg-info
[0.188s] writing dynamixel_interfaces.egg-info/PKG-INFO
[0.188s] writing dependency_links to dynamixel_interfaces.egg-info/dependency_links.txt
[0.188s] writing top-level names to dynamixel_interfaces.egg-info/top_level.txt
[0.188s] writing manifest file 'dynamixel_interfaces.egg-info/SOURCES.txt'
[0.188s] reading manifest file 'dynamixel_interfaces.egg-info/SOURCES.txt'
[0.188s] writing manifest file 'dynamixel_interfaces.egg-info/SOURCES.txt'
[0.190s] [  3%] Built target ament_cmake_python_build_dynamixel_interfaces_egg
[0.399s] [  3%] Built target dynamixel_interfaces__cpp
[0.410s] [  5%] Generating C++ introspection for ROS interfaces
[0.410s] [  7%] Generating C++ type support for eProsima Fast-RTPS
[0.417s] [  9%] Generating C++ type support dispatch for ROS interfaces
[0.437s] [ 10%] Building C object CMakeFiles/dynamixel_interfaces__rosidl_generator_c.dir/rosidl_generator_c/dynamixel_interfaces/msg/detail/dynamixel_state__functions.c.o
[0.439s] [ 12%] Building C object CMakeFiles/dynamixel_interfaces__rosidl_generator_c.dir/rosidl_generator_c/dynamixel_interfaces/srv/detail/get_data_from_dxl__functions.c.o
[0.440s] [ 14%] Building C object CMakeFiles/dynamixel_interfaces__rosidl_generator_c.dir/rosidl_generator_c/dynamixel_interfaces/srv/detail/set_data_to_dxl__functions.c.o
[0.441s] [ 16%] Building C object CMakeFiles/dynamixel_interfaces__rosidl_generator_c.dir/rosidl_generator_c/dynamixel_interfaces/srv/detail/reboot_dxl__functions.c.o
[0.527s] [ 18%] Linking C shared library libdynamixel_interfaces__rosidl_generator_c.so
[0.577s] [ 18%] Built target dynamixel_interfaces__rosidl_generator_c
[0.590s] [ 20%] Generating C type support for eProsima Fast-RTPS
[0.595s] [ 21%] Generating C introspection for ROS interfaces
[0.595s] [ 23%] Generating C type support dispatch for ROS interfaces
[0.753s] [ 25%] Building CXX object CMakeFiles/dynamixel_interfaces__rosidl_typesupport_introspection_cpp.dir/rosidl_typesupport_introspection_cpp/dynamixel_interfaces/msg/detail/dynamixel_state__type_support.cpp.o
[0.753s] [ 27%] Building CXX object CMakeFiles/dynamixel_interfaces__rosidl_typesupport_introspection_cpp.dir/rosidl_typesupport_introspection_cpp/dynamixel_interfaces/srv/detail/get_data_from_dxl__type_support.cpp.o
[0.755s] [ 29%] Building CXX object CMakeFiles/dynamixel_interfaces__rosidl_typesupport_introspection_cpp.dir/rosidl_typesupport_introspection_cpp/dynamixel_interfaces/srv/detail/set_data_to_dxl__type_support.cpp.o
[0.759s] [ 30%] Building CXX object CMakeFiles/dynamixel_interfaces__rosidl_typesupport_introspection_cpp.dir/rosidl_typesupport_introspection_cpp/dynamixel_interfaces/srv/detail/reboot_dxl__type_support.cpp.o
[0.795s] [ 34%] Building CXX object CMakeFiles/dynamixel_interfaces__rosidl_typesupport_cpp.dir/rosidl_typesupport_cpp/dynamixel_interfaces/srv/get_data_from_dxl__type_support.cpp.o
[0.795s] [ 34%] Building CXX object CMakeFiles/dynamixel_interfaces__rosidl_typesupport_cpp.dir/rosidl_typesupport_cpp/dynamixel_interfaces/msg/dynamixel_state__type_support.cpp.o
[0.796s] [ 36%] Building CXX object CMakeFiles/dynamixel_interfaces__rosidl_typesupport_cpp.dir/rosidl_typesupport_cpp/dynamixel_interfaces/srv/set_data_to_dxl__type_support.cpp.o
[0.798s] [ 38%] Building CXX object CMakeFiles/dynamixel_interfaces__rosidl_typesupport_cpp.dir/rosidl_typesupport_cpp/dynamixel_interfaces/srv/reboot_dxl__type_support.cpp.o
[0.882s] [ 40%] Building CXX object CMakeFiles/dynamixel_interfaces__rosidl_typesupport_c.dir/rosidl_typesupport_c/dynamixel_interfaces/msg/dynamixel_state__type_support.cpp.o
[0.889s] [ 41%] Building CXX object CMakeFiles/dynamixel_interfaces__rosidl_typesupport_c.dir/rosidl_typesupport_c/dynamixel_interfaces/srv/set_data_to_dxl__type_support.cpp.o
[0.890s] [ 43%] Building CXX object CMakeFiles/dynamixel_interfaces__rosidl_typesupport_c.dir/rosidl_typesupport_c/dynamixel_interfaces/srv/reboot_dxl__type_support.cpp.o
[0.890s] [ 45%] Building CXX object CMakeFiles/dynamixel_interfaces__rosidl_typesupport_c.dir/rosidl_typesupport_c/dynamixel_interfaces/srv/get_data_from_dxl__type_support.cpp.o
[0.900s] [ 47%] Building C object CMakeFiles/dynamixel_interfaces__rosidl_typesupport_introspection_c.dir/rosidl_typesupport_introspection_c/dynamixel_interfaces/msg/detail/dynamixel_state__type_support.c.o
[0.901s] [ 49%] Building C object CMakeFiles/dynamixel_interfaces__rosidl_typesupport_introspection_c.dir/rosidl_typesupport_introspection_c/dynamixel_interfaces/srv/detail/get_data_from_dxl__type_support.c.o
[0.902s] [ 50%] Building C object CMakeFiles/dynamixel_interfaces__rosidl_typesupport_introspection_c.dir/rosidl_typesupport_introspection_c/dynamixel_interfaces/srv/detail/reboot_dxl__type_support.c.o
[0.904s] [ 52%] Building C object CMakeFiles/dynamixel_interfaces__rosidl_typesupport_introspection_c.dir/rosidl_typesupport_introspection_c/dynamixel_interfaces/srv/detail/set_data_to_dxl__type_support.c.o
[0.930s] [ 54%] Linking CXX shared library libdynamixel_interfaces__rosidl_typesupport_c.so
[0.939s] [ 56%] Building CXX object CMakeFiles/dynamixel_interfaces__rosidl_typesupport_fastrtps_cpp.dir/rosidl_typesupport_fastrtps_cpp/dynamixel_interfaces/srv/detail/dds_fastrtps/get_data_from_dxl__type_support.cpp.o
[0.939s] [ 58%] Building CXX object CMakeFiles/dynamixel_interfaces__rosidl_typesupport_fastrtps_cpp.dir/rosidl_typesupport_fastrtps_cpp/dynamixel_interfaces/srv/detail/dds_fastrtps/set_data_to_dxl__type_support.cpp.o
[0.939s] [ 60%] Building CXX object CMakeFiles/dynamixel_interfaces__rosidl_typesupport_fastrtps_cpp.dir/rosidl_typesupport_fastrtps_cpp/dynamixel_interfaces/srv/detail/dds_fastrtps/reboot_dxl__type_support.cpp.o
[0.940s] [ 61%] Building CXX object CMakeFiles/dynamixel_interfaces__rosidl_typesupport_fastrtps_cpp.dir/rosidl_typesupport_fastrtps_cpp/dynamixel_interfaces/msg/detail/dds_fastrtps/dynamixel_state__type_support.cpp.o
[0.944s] [ 63%] Linking C shared library libdynamixel_interfaces__rosidl_typesupport_introspection_c.so
[0.961s] [ 63%] Built target dynamixel_interfaces__rosidl_typesupport_c
[0.971s] [ 63%] Built target dynamixel_interfaces__rosidl_typesupport_introspection_c
[0.990s] [ 67%] Building CXX object CMakeFiles/dynamixel_interfaces__rosidl_typesupport_fastrtps_c.dir/rosidl_typesupport_fastrtps_c/dynamixel_interfaces/srv/detail/set_data_to_dxl__type_support_c.cpp.o
[0.990s] [ 67%] Building CXX object CMakeFiles/dynamixel_interfaces__rosidl_typesupport_fastrtps_c.dir/rosidl_typesupport_fastrtps_c/dynamixel_interfaces/srv/detail/get_data_from_dxl__type_support_c.cpp.o
[0.991s] [ 69%] Building CXX object CMakeFiles/dynamixel_interfaces__rosidl_typesupport_fastrtps_c.dir/rosidl_typesupport_fastrtps_c/dynamixel_interfaces/srv/detail/reboot_dxl__type_support_c.cpp.o
[0.991s] [ 70%] Building CXX object CMakeFiles/dynamixel_interfaces__rosidl_typesupport_fastrtps_c.dir/rosidl_typesupport_fastrtps_c/dynamixel_interfaces/msg/detail/dynamixel_state__type_support_c.cpp.o
[1.011s] [ 72%] Linking CXX shared library libdynamixel_interfaces__rosidl_typesupport_cpp.so
[1.015s] [ 74%] Linking CXX shared library libdynamixel_interfaces__rosidl_typesupport_introspection_cpp.so
[1.037s] [ 74%] Built target dynamixel_interfaces__rosidl_typesupport_cpp
[1.065s] [ 74%] Built target dynamixel_interfaces__rosidl_typesupport_introspection_cpp
[1.181s] [ 76%] Linking CXX shared library libdynamixel_interfaces__rosidl_typesupport_fastrtps_c.so
[1.187s] [ 78%] Linking CXX shared library libdynamixel_interfaces__rosidl_typesupport_fastrtps_cpp.so
[1.222s] [ 78%] Built target dynamixel_interfaces__rosidl_typesupport_fastrtps_c
[1.227s] [ 78%] Built target dynamixel_interfaces__rosidl_typesupport_fastrtps_cpp
[1.238s] [ 78%] Built target dynamixel_interfaces
[1.249s] [ 80%] Generating Python code for ROS interfaces
[1.631s] [ 80%] Built target dynamixel_interfaces__py
[1.644s] [ 85%] Building C object CMakeFiles/dynamixel_interfaces__rosidl_generator_py.dir/rosidl_generator_py/dynamixel_interfaces/srv/_reboot_dxl_s.c.o
[1.645s] [ 85%] Building C object CMakeFiles/dynamixel_interfaces__rosidl_generator_py.dir/rosidl_generator_py/dynamixel_interfaces/msg/_dynamixel_state_s.c.o
[1.645s] [ 85%] Building C object CMakeFiles/dynamixel_interfaces__rosidl_generator_py.dir/rosidl_generator_py/dynamixel_interfaces/srv/_get_data_from_dxl_s.c.o
[1.645s] [ 87%] Building C object CMakeFiles/dynamixel_interfaces__rosidl_generator_py.dir/rosidl_generator_py/dynamixel_interfaces/srv/_set_data_to_dxl_s.c.o
[1.702s] [ 89%] Linking C shared library rosidl_generator_py/dynamixel_interfaces/libdynamixel_interfaces__rosidl_generator_py.so
[1.728s] [ 89%] Built target dynamixel_interfaces__rosidl_generator_py
[1.740s] [ 90%] Building C object CMakeFiles/dynamixel_interfaces__rosidl_typesupport_introspection_c__pyext.dir/rosidl_generator_py/dynamixel_interfaces/_dynamixel_interfaces_s.ep.rosidl_typesupport_introspection_c.c.o
[1.741s] [ 92%] Building C object CMakeFiles/dynamixel_interfaces__rosidl_typesupport_c__pyext.dir/rosidl_generator_py/dynamixel_interfaces/_dynamixel_interfaces_s.ep.rosidl_typesupport_c.c.o
[1.741s] [ 94%] Building C object CMakeFiles/dynamixel_interfaces__rosidl_typesupport_fastrtps_c__pyext.dir/rosidl_generator_py/dynamixel_interfaces/_dynamixel_interfaces_s.ep.rosidl_typesupport_fastrtps_c.c.o
[1.791s] [ 96%] Linking C shared library rosidl_generator_py/dynamixel_interfaces/dynamixel_interfaces_s__rosidl_typesupport_fastrtps_c.cpython-310-x86_64-linux-gnu.so
[1.794s] [ 98%] Linking C shared library rosidl_generator_py/dynamixel_interfaces/dynamixel_interfaces_s__rosidl_typesupport_introspection_c.cpython-310-x86_64-linux-gnu.so
[1.796s] [100%] Linking C shared library rosidl_generator_py/dynamixel_interfaces/dynamixel_interfaces_s__rosidl_typesupport_c.cpython-310-x86_64-linux-gnu.so
[1.817s] [100%] Built target dynamixel_interfaces__rosidl_typesupport_fastrtps_c__pyext
[1.817s] [100%] Built target dynamixel_interfaces__rosidl_typesupport_c__pyext
[1.817s] [100%] Built target dynamixel_interfaces__rosidl_typesupport_introspection_c__pyext
