[0.043s] DEBUG:colcon:Command line arguments: ['/usr/bin/colcon', 'build', '--packages-select', 'panda_teleop_omy_l100', '--symlink-install']
[0.043s] DEBUG:colcon:Parsed command line arguments: Namespace(log_base=None, log_level=None, verb_name='build', build_base='build', install_base='install', merge_install=False, symlink_install=True, test_result_base=None, continue_on_error=False, executor='parallel', parallel_workers=24, event_handlers=None, ignore_user_meta=False, metas=['./colcon.meta'], base_paths=['.'], packages_ignore=None, packages_ignore_regex=None, paths=None, packages_up_to=None, packages_up_to_regex=None, packages_above=None, packages_above_and_dependencies=None, packages_above_depth=None, packages_select_by_dep=None, packages_skip_by_dep=None, packages_skip_up_to=None, packages_select_build_failed=False, packages_skip_build_finished=False, packages_select_test_failures=False, packages_skip_test_passed=False, packages_select=['panda_teleop_omy_l100'], packages_skip=None, packages_select_regex=None, packages_skip_regex=None, packages_start=None, packages_end=None, allow_overriding=[], cmake_args=None, cmake_target=None, cmake_target_skip_unavailable=False, cmake_clean_cache=False, cmake_clean_first=False, cmake_force_configure=False, ament_cmake_args=None, catkin_cmake_args=None, catkin_skip_building_tests=False, mixin_files=None, mixin=None, verb_parser=<colcon_mixin.mixin.mixin_argument.MixinArgumentDecorator object at 0x779703b47b50>, verb_extension=<colcon_core.verb.build.BuildVerb object at 0x779703c90a60>, main=<bound method BuildVerb.main of <colcon_core.verb.build.BuildVerb object at 0x779703c90a60>>, mixin_verb=('build',))
[0.103s] Level 1:colcon.colcon_core.package_discovery:discover_packages(colcon_meta) check parameters
[0.103s] Level 1:colcon.colcon_core.package_discovery:discover_packages(recursive) check parameters
[0.103s] Level 1:colcon.colcon_core.package_discovery:discover_packages(ignore) check parameters
[0.103s] Level 1:colcon.colcon_core.package_discovery:discover_packages(path) check parameters
[0.103s] Level 1:colcon.colcon_core.package_discovery:discover_packages(colcon_meta) discover
[0.103s] Level 1:colcon.colcon_core.package_discovery:discover_packages(recursive) discover
[0.103s] INFO:colcon.colcon_core.package_discovery:Crawling recursively for packages in '/home/etri/ros2_ws'
[0.103s] Level 1:colcon.colcon_core.package_identification:_identify(.) by extensions ['ignore', 'ignore_ament_install']
[0.103s] Level 1:colcon.colcon_core.package_identification:_identify(.) by extension 'ignore'
[0.103s] Level 1:colcon.colcon_core.package_identification:_identify(.) by extension 'ignore_ament_install'
[0.103s] Level 1:colcon.colcon_core.package_identification:_identify(.) by extensions ['colcon_pkg']
[0.103s] Level 1:colcon.colcon_core.package_identification:_identify(.) by extension 'colcon_pkg'
[0.103s] Level 1:colcon.colcon_core.package_identification:_identify(.) by extensions ['colcon_meta']
[0.103s] Level 1:colcon.colcon_core.package_identification:_identify(.) by extension 'colcon_meta'
[0.103s] Level 1:colcon.colcon_core.package_identification:_identify(.) by extensions ['ros']
[0.104s] Level 1:colcon.colcon_core.package_identification:_identify(.) by extension 'ros'
[0.108s] Level 1:colcon.colcon_core.package_identification:_identify(.) by extensions ['cmake', 'python']
[0.108s] Level 1:colcon.colcon_core.package_identification:_identify(.) by extension 'cmake'
[0.108s] Level 1:colcon.colcon_core.package_identification:_identify(.) by extension 'python'
[0.108s] Level 1:colcon.colcon_core.package_identification:_identify(.) by extensions ['python_setup_py']
[0.108s] Level 1:colcon.colcon_core.package_identification:_identify(.) by extension 'python_setup_py'
[0.108s] Level 1:colcon.colcon_core.package_identification:_identify(DynamixelSDK) by extensions ['ignore', 'ignore_ament_install']
[0.108s] Level 1:colcon.colcon_core.package_identification:_identify(DynamixelSDK) by extension 'ignore'
[0.108s] Level 1:colcon.colcon_core.package_identification:_identify(DynamixelSDK) ignored
[0.108s] Level 1:colcon.colcon_core.package_identification:_identify(build) by extensions ['ignore', 'ignore_ament_install']
[0.108s] Level 1:colcon.colcon_core.package_identification:_identify(build) by extension 'ignore'
[0.108s] Level 1:colcon.colcon_core.package_identification:_identify(build) ignored
[0.108s] Level 1:colcon.colcon_core.package_identification:_identify(custom_panda_description) by extensions ['ignore', 'ignore_ament_install']
[0.108s] Level 1:colcon.colcon_core.package_identification:_identify(custom_panda_description) by extension 'ignore'
[0.108s] Level 1:colcon.colcon_core.package_identification:_identify(custom_panda_description) by extension 'ignore_ament_install'
[0.108s] Level 1:colcon.colcon_core.package_identification:_identify(custom_panda_description) by extensions ['colcon_pkg']
[0.108s] Level 1:colcon.colcon_core.package_identification:_identify(custom_panda_description) by extension 'colcon_pkg'
[0.108s] Level 1:colcon.colcon_core.package_identification:_identify(custom_panda_description) by extensions ['colcon_meta']
[0.108s] Level 1:colcon.colcon_core.package_identification:_identify(custom_panda_description) by extension 'colcon_meta'
[0.108s] Level 1:colcon.colcon_core.package_identification:_identify(custom_panda_description) by extensions ['ros']
[0.108s] Level 1:colcon.colcon_core.package_identification:_identify(custom_panda_description) by extension 'ros'
[0.109s] DEBUG:colcon.colcon_core.package_identification:Package 'custom_panda_description' with type 'ros.ament_cmake' and name 'custom_panda_description'
[0.109s] Level 1:colcon.colcon_core.package_identification:_identify(dynamixel_hardware_interface) by extensions ['ignore', 'ignore_ament_install']
[0.109s] Level 1:colcon.colcon_core.package_identification:_identify(dynamixel_hardware_interface) by extension 'ignore'
[0.109s] Level 1:colcon.colcon_core.package_identification:_identify(dynamixel_hardware_interface) ignored
[0.109s] Level 1:colcon.colcon_core.package_identification:_identify(dynamixel_interfaces) by extensions ['ignore', 'ignore_ament_install']
[0.109s] Level 1:colcon.colcon_core.package_identification:_identify(dynamixel_interfaces) by extension 'ignore'
[0.109s] Level 1:colcon.colcon_core.package_identification:_identify(dynamixel_interfaces) by extension 'ignore_ament_install'
[0.109s] Level 1:colcon.colcon_core.package_identification:_identify(dynamixel_interfaces) by extensions ['colcon_pkg']
[0.110s] Level 1:colcon.colcon_core.package_identification:_identify(dynamixel_interfaces) by extension 'colcon_pkg'
[0.110s] Level 1:colcon.colcon_core.package_identification:_identify(dynamixel_interfaces) by extensions ['colcon_meta']
[0.110s] Level 1:colcon.colcon_core.package_identification:_identify(dynamixel_interfaces) by extension 'colcon_meta'
[0.110s] Level 1:colcon.colcon_core.package_identification:_identify(dynamixel_interfaces) by extensions ['ros']
[0.110s] Level 1:colcon.colcon_core.package_identification:_identify(dynamixel_interfaces) by extension 'ros'
[0.110s] DEBUG:colcon.colcon_core.package_identification:Package 'dynamixel_interfaces' with type 'ros.ament_cmake' and name 'dynamixel_interfaces'
[0.110s] Level 1:colcon.colcon_core.package_identification:_identify(install) by extensions ['ignore', 'ignore_ament_install']
[0.110s] Level 1:colcon.colcon_core.package_identification:_identify(install) by extension 'ignore'
[0.110s] Level 1:colcon.colcon_core.package_identification:_identify(install) ignored
[0.110s] Level 1:colcon.colcon_core.package_identification:_identify(log) by extensions ['ignore', 'ignore_ament_install']
[0.110s] Level 1:colcon.colcon_core.package_identification:_identify(log) by extension 'ignore'
[0.110s] Level 1:colcon.colcon_core.package_identification:_identify(log) ignored
[0.110s] Level 1:colcon.colcon_core.package_identification:_identify(open_manipulator) by extensions ['ignore', 'ignore_ament_install']
[0.110s] Level 1:colcon.colcon_core.package_identification:_identify(open_manipulator) by extension 'ignore'
[0.110s] Level 1:colcon.colcon_core.package_identification:_identify(open_manipulator) ignored
[0.110s] Level 1:colcon.colcon_core.package_identification:_identify(panda_teleop_omy_l100) by extensions ['ignore', 'ignore_ament_install']
[0.110s] Level 1:colcon.colcon_core.package_identification:_identify(panda_teleop_omy_l100) by extension 'ignore'
[0.110s] Level 1:colcon.colcon_core.package_identification:_identify(panda_teleop_omy_l100) by extension 'ignore_ament_install'
[0.110s] Level 1:colcon.colcon_core.package_identification:_identify(panda_teleop_omy_l100) by extensions ['colcon_pkg']
[0.110s] Level 1:colcon.colcon_core.package_identification:_identify(panda_teleop_omy_l100) by extension 'colcon_pkg'
[0.110s] Level 1:colcon.colcon_core.package_identification:_identify(panda_teleop_omy_l100) by extensions ['colcon_meta']
[0.110s] Level 1:colcon.colcon_core.package_identification:_identify(panda_teleop_omy_l100) by extension 'colcon_meta'
[0.110s] Level 1:colcon.colcon_core.package_identification:_identify(panda_teleop_omy_l100) by extensions ['ros']
[0.110s] Level 1:colcon.colcon_core.package_identification:_identify(panda_teleop_omy_l100) by extension 'ros'
[0.111s] DEBUG:colcon.colcon_core.package_identification:Package 'panda_teleop_omy_l100' with type 'ros.ament_cmake' and name 'panda_teleop_omy_l100'
[0.111s] Level 1:colcon.colcon_core.package_identification:_identify(realtime_tools) by extensions ['ignore', 'ignore_ament_install']
[0.111s] Level 1:colcon.colcon_core.package_identification:_identify(realtime_tools) by extension 'ignore'
[0.111s] Level 1:colcon.colcon_core.package_identification:_identify(realtime_tools) by extension 'ignore_ament_install'
[0.111s] Level 1:colcon.colcon_core.package_identification:_identify(realtime_tools) by extensions ['colcon_pkg']
[0.111s] Level 1:colcon.colcon_core.package_identification:_identify(realtime_tools) by extension 'colcon_pkg'
[0.111s] Level 1:colcon.colcon_core.package_identification:_identify(realtime_tools) by extensions ['colcon_meta']
[0.111s] Level 1:colcon.colcon_core.package_identification:_identify(realtime_tools) by extension 'colcon_meta'
[0.111s] Level 1:colcon.colcon_core.package_identification:_identify(realtime_tools) by extensions ['ros']
[0.111s] Level 1:colcon.colcon_core.package_identification:_identify(realtime_tools) by extension 'ros'
[0.111s] DEBUG:colcon.colcon_core.package_identification:Package 'realtime_tools' with type 'ros.ament_cmake' and name 'realtime_tools'
[0.111s] Level 1:colcon.colcon_core.package_discovery:discover_packages(recursive) using defaults
[0.111s] Level 1:colcon.colcon_core.package_discovery:discover_packages(ignore) discover
[0.111s] Level 1:colcon.colcon_core.package_discovery:discover_packages(ignore) using defaults
[0.111s] Level 1:colcon.colcon_core.package_discovery:discover_packages(path) discover
[0.111s] Level 1:colcon.colcon_core.package_discovery:discover_packages(path) using defaults
[0.124s] INFO:colcon.colcon_core.package_selection:Skipping not selected package 'custom_panda_description' in 'custom_panda_description'
[0.124s] INFO:colcon.colcon_core.package_selection:Skipping not selected package 'dynamixel_interfaces' in 'dynamixel_interfaces'
[0.124s] INFO:colcon.colcon_core.package_selection:Skipping not selected package 'realtime_tools' in 'realtime_tools'
[0.124s] Level 1:colcon.colcon_core.package_discovery:discover_packages(prefix_path) check parameters
[0.124s] Level 1:colcon.colcon_core.package_discovery:discover_packages(prefix_path) discover
[0.125s] DEBUG:colcon.colcon_installed_package_information.package_discovery:Found 12 installed packages in /home/etri/ros2_ws/install
[0.125s] DEBUG:colcon.colcon_installed_package_information.package_discovery:Found 400 installed packages in /opt/ros/humble
[0.126s] Level 1:colcon.colcon_core.package_discovery:discover_packages(prefix_path) using defaults
[0.143s] Level 5:colcon.colcon_core.verb:set package 'panda_teleop_omy_l100' build argument 'cmake_args' from command line to 'None'
[0.143s] Level 5:colcon.colcon_core.verb:set package 'panda_teleop_omy_l100' build argument 'cmake_target' from command line to 'None'
[0.143s] Level 5:colcon.colcon_core.verb:set package 'panda_teleop_omy_l100' build argument 'cmake_target_skip_unavailable' from command line to 'False'
[0.143s] Level 5:colcon.colcon_core.verb:set package 'panda_teleop_omy_l100' build argument 'cmake_clean_cache' from command line to 'False'
[0.143s] Level 5:colcon.colcon_core.verb:set package 'panda_teleop_omy_l100' build argument 'cmake_clean_first' from command line to 'False'
[0.143s] Level 5:colcon.colcon_core.verb:set package 'panda_teleop_omy_l100' build argument 'cmake_force_configure' from command line to 'False'
[0.143s] Level 5:colcon.colcon_core.verb:set package 'panda_teleop_omy_l100' build argument 'ament_cmake_args' from command line to 'None'
[0.143s] Level 5:colcon.colcon_core.verb:set package 'panda_teleop_omy_l100' build argument 'catkin_cmake_args' from command line to 'None'
[0.143s] Level 5:colcon.colcon_core.verb:set package 'panda_teleop_omy_l100' build argument 'catkin_skip_building_tests' from command line to 'False'
[0.143s] DEBUG:colcon.colcon_core.verb:Building package 'panda_teleop_omy_l100' with the following arguments: {'ament_cmake_args': None, 'build_base': '/home/etri/ros2_ws/build/panda_teleop_omy_l100', 'catkin_cmake_args': None, 'catkin_skip_building_tests': False, 'cmake_args': None, 'cmake_clean_cache': False, 'cmake_clean_first': False, 'cmake_force_configure': False, 'cmake_target': None, 'cmake_target_skip_unavailable': False, 'install_base': '/home/etri/ros2_ws/install/panda_teleop_omy_l100', 'merge_install': False, 'path': '/home/etri/ros2_ws/panda_teleop_omy_l100', 'symlink_install': True, 'test_result_base': None}
[0.143s] INFO:colcon.colcon_core.executor:Executing jobs using 'parallel' executor
[0.144s] DEBUG:colcon.colcon_parallel_executor.executor.parallel:run_until_complete
[0.144s] INFO:colcon.colcon_ros.task.ament_cmake.build:Building ROS package in '/home/etri/ros2_ws/panda_teleop_omy_l100' with build type 'ament_cmake'
[0.144s] INFO:colcon.colcon_cmake.task.cmake.build:Building CMake package in '/home/etri/ros2_ws/panda_teleop_omy_l100'
[0.145s] INFO:colcon.colcon_core.plugin_system:Skipping extension 'colcon_core.shell.bat': Not used on non-Windows systems
[0.145s] INFO:colcon.colcon_core.shell:Skip shell extension 'powershell' for command environment: Not usable outside of PowerShell
[0.145s] DEBUG:colcon.colcon_core.shell:Skip shell extension 'dsv' for command environment
[0.150s] DEBUG:colcon.colcon_core.event_handler.log_command:Invoking command in '/home/etri/ros2_ws/build/panda_teleop_omy_l100': CMAKE_PREFIX_PATH=/home/etri/ros2_ws/install/custom_panda_description:/home/etri/ros2_ws/install/panda_teleop_omy_l100:/home/etri/ros2_ws/install/dynamixel_hardware_interface:/home/etri/ros2_ws/install/open_manipulator_moveit_config:/home/etri/ros2_ws/install/open_manipulator_description:/home/etri/ros2_ws/install/open_manipulator_collision:/home/etri/ros2_ws/install/dynamixel_sdk:/home/etri/ros2_ws/install/dynamixel_interfaces:/home/etri/ros2_ws/install/open_manipulator_bringup:/home/etri/ros2_ws/install/open_manipulator_teleop:/opt/ros/humble /usr/bin/cmake /home/etri/ros2_ws/panda_teleop_omy_l100 -DAMENT_CMAKE_SYMLINK_INSTALL=1 -DCMAKE_INSTALL_PREFIX=/home/etri/ros2_ws/install/panda_teleop_omy_l100
[0.549s] DEBUG:colcon.colcon_core.event_handler.log_command:Invoked command in '/home/etri/ros2_ws/build/panda_teleop_omy_l100' returned '0': CMAKE_PREFIX_PATH=/home/etri/ros2_ws/install/custom_panda_description:/home/etri/ros2_ws/install/panda_teleop_omy_l100:/home/etri/ros2_ws/install/dynamixel_hardware_interface:/home/etri/ros2_ws/install/open_manipulator_moveit_config:/home/etri/ros2_ws/install/open_manipulator_description:/home/etri/ros2_ws/install/open_manipulator_collision:/home/etri/ros2_ws/install/dynamixel_sdk:/home/etri/ros2_ws/install/dynamixel_interfaces:/home/etri/ros2_ws/install/open_manipulator_bringup:/home/etri/ros2_ws/install/open_manipulator_teleop:/opt/ros/humble /usr/bin/cmake /home/etri/ros2_ws/panda_teleop_omy_l100 -DAMENT_CMAKE_SYMLINK_INSTALL=1 -DCMAKE_INSTALL_PREFIX=/home/etri/ros2_ws/install/panda_teleop_omy_l100
[0.550s] DEBUG:colcon.colcon_core.event_handler.log_command:Invoking command in '/home/etri/ros2_ws/build/panda_teleop_omy_l100': CMAKE_PREFIX_PATH=/home/etri/ros2_ws/install/custom_panda_description:/home/etri/ros2_ws/install/panda_teleop_omy_l100:/home/etri/ros2_ws/install/dynamixel_hardware_interface:/home/etri/ros2_ws/install/open_manipulator_moveit_config:/home/etri/ros2_ws/install/open_manipulator_description:/home/etri/ros2_ws/install/open_manipulator_collision:/home/etri/ros2_ws/install/dynamixel_sdk:/home/etri/ros2_ws/install/dynamixel_interfaces:/home/etri/ros2_ws/install/open_manipulator_bringup:/home/etri/ros2_ws/install/open_manipulator_teleop:/opt/ros/humble /usr/bin/cmake --build /home/etri/ros2_ws/build/panda_teleop_omy_l100 -- -j24 -l24
[0.571s] DEBUG:colcon.colcon_core.event_handler.log_command:Invoked command in '/home/etri/ros2_ws/build/panda_teleop_omy_l100' returned '0': CMAKE_PREFIX_PATH=/home/etri/ros2_ws/install/custom_panda_description:/home/etri/ros2_ws/install/panda_teleop_omy_l100:/home/etri/ros2_ws/install/dynamixel_hardware_interface:/home/etri/ros2_ws/install/open_manipulator_moveit_config:/home/etri/ros2_ws/install/open_manipulator_description:/home/etri/ros2_ws/install/open_manipulator_collision:/home/etri/ros2_ws/install/dynamixel_sdk:/home/etri/ros2_ws/install/dynamixel_interfaces:/home/etri/ros2_ws/install/open_manipulator_bringup:/home/etri/ros2_ws/install/open_manipulator_teleop:/opt/ros/humble /usr/bin/cmake --build /home/etri/ros2_ws/build/panda_teleop_omy_l100 -- -j24 -l24
[0.576s] DEBUG:colcon.colcon_core.event_handler.log_command:Invoking command in '/home/etri/ros2_ws/build/panda_teleop_omy_l100': CMAKE_PREFIX_PATH=/home/etri/ros2_ws/install/custom_panda_description:/home/etri/ros2_ws/install/panda_teleop_omy_l100:/home/etri/ros2_ws/install/dynamixel_hardware_interface:/home/etri/ros2_ws/install/open_manipulator_moveit_config:/home/etri/ros2_ws/install/open_manipulator_description:/home/etri/ros2_ws/install/open_manipulator_collision:/home/etri/ros2_ws/install/dynamixel_sdk:/home/etri/ros2_ws/install/dynamixel_interfaces:/home/etri/ros2_ws/install/open_manipulator_bringup:/home/etri/ros2_ws/install/open_manipulator_teleop:/opt/ros/humble /usr/bin/cmake --install /home/etri/ros2_ws/build/panda_teleop_omy_l100
[0.586s] Level 1:colcon.colcon_core.environment:create_environment_scripts_only(panda_teleop_omy_l100)
[0.586s] DEBUG:colcon.colcon_core.event_handler.log_command:Invoked command in '/home/etri/ros2_ws/build/panda_teleop_omy_l100' returned '0': CMAKE_PREFIX_PATH=/home/etri/ros2_ws/install/custom_panda_description:/home/etri/ros2_ws/install/panda_teleop_omy_l100:/home/etri/ros2_ws/install/dynamixel_hardware_interface:/home/etri/ros2_ws/install/open_manipulator_moveit_config:/home/etri/ros2_ws/install/open_manipulator_description:/home/etri/ros2_ws/install/open_manipulator_collision:/home/etri/ros2_ws/install/dynamixel_sdk:/home/etri/ros2_ws/install/dynamixel_interfaces:/home/etri/ros2_ws/install/open_manipulator_bringup:/home/etri/ros2_ws/install/open_manipulator_teleop:/opt/ros/humble /usr/bin/cmake --install /home/etri/ros2_ws/build/panda_teleop_omy_l100
[0.587s] Level 1:colcon.colcon_core.environment:checking '/home/etri/ros2_ws/install/panda_teleop_omy_l100' for CMake module files
[0.587s] Level 1:colcon.colcon_core.environment:checking '/home/etri/ros2_ws/install/panda_teleop_omy_l100' for CMake config files
[0.587s] Level 1:colcon.colcon_core.shell:create_environment_hook('panda_teleop_omy_l100', 'cmake_prefix_path')
[0.587s] INFO:colcon.colcon_core.shell:Creating environment hook '/home/etri/ros2_ws/install/panda_teleop_omy_l100/share/panda_teleop_omy_l100/hook/cmake_prefix_path.ps1'
[0.588s] INFO:colcon.colcon_core.shell:Creating environment descriptor '/home/etri/ros2_ws/install/panda_teleop_omy_l100/share/panda_teleop_omy_l100/hook/cmake_prefix_path.dsv'
[0.588s] INFO:colcon.colcon_core.shell:Creating environment hook '/home/etri/ros2_ws/install/panda_teleop_omy_l100/share/panda_teleop_omy_l100/hook/cmake_prefix_path.sh'
[0.588s] Level 1:colcon.colcon_core.environment:checking '/home/etri/ros2_ws/install/panda_teleop_omy_l100/lib'
[0.588s] Level 1:colcon.colcon_core.environment:checking '/home/etri/ros2_ws/install/panda_teleop_omy_l100/bin'
[0.588s] Level 1:colcon.colcon_core.environment:checking '/home/etri/ros2_ws/install/panda_teleop_omy_l100/lib/pkgconfig/panda_teleop_omy_l100.pc'
[0.588s] Level 1:colcon.colcon_core.environment:checking '/home/etri/ros2_ws/install/panda_teleop_omy_l100/lib/python3.10/site-packages'
[0.589s] Level 1:colcon.colcon_core.environment:checking '/home/etri/ros2_ws/install/panda_teleop_omy_l100/bin'
[0.589s] INFO:colcon.colcon_core.shell:Creating package script '/home/etri/ros2_ws/install/panda_teleop_omy_l100/share/panda_teleop_omy_l100/package.ps1'
[0.589s] INFO:colcon.colcon_core.shell:Creating package descriptor '/home/etri/ros2_ws/install/panda_teleop_omy_l100/share/panda_teleop_omy_l100/package.dsv'
[0.589s] INFO:colcon.colcon_core.shell:Creating package script '/home/etri/ros2_ws/install/panda_teleop_omy_l100/share/panda_teleop_omy_l100/package.sh'
[0.589s] INFO:colcon.colcon_core.shell:Creating package script '/home/etri/ros2_ws/install/panda_teleop_omy_l100/share/panda_teleop_omy_l100/package.bash'
[0.590s] INFO:colcon.colcon_core.shell:Creating package script '/home/etri/ros2_ws/install/panda_teleop_omy_l100/share/panda_teleop_omy_l100/package.zsh'
[0.590s] Level 1:colcon.colcon_core.environment:create_file_with_runtime_dependencies(/home/etri/ros2_ws/install/panda_teleop_omy_l100/share/colcon-core/packages/panda_teleop_omy_l100)
[0.590s] Level 1:colcon.colcon_core.environment:create_environment_scripts_only(panda_teleop_omy_l100)
[0.590s] Level 1:colcon.colcon_core.environment:checking '/home/etri/ros2_ws/install/panda_teleop_omy_l100' for CMake module files
[0.590s] Level 1:colcon.colcon_core.environment:checking '/home/etri/ros2_ws/install/panda_teleop_omy_l100' for CMake config files
[0.590s] Level 1:colcon.colcon_core.shell:create_environment_hook('panda_teleop_omy_l100', 'cmake_prefix_path')
[0.590s] INFO:colcon.colcon_core.shell:Creating environment hook '/home/etri/ros2_ws/install/panda_teleop_omy_l100/share/panda_teleop_omy_l100/hook/cmake_prefix_path.ps1'
[0.591s] INFO:colcon.colcon_core.shell:Creating environment descriptor '/home/etri/ros2_ws/install/panda_teleop_omy_l100/share/panda_teleop_omy_l100/hook/cmake_prefix_path.dsv'
[0.591s] INFO:colcon.colcon_core.shell:Creating environment hook '/home/etri/ros2_ws/install/panda_teleop_omy_l100/share/panda_teleop_omy_l100/hook/cmake_prefix_path.sh'
[0.591s] Level 1:colcon.colcon_core.environment:checking '/home/etri/ros2_ws/install/panda_teleop_omy_l100/lib'
[0.591s] Level 1:colcon.colcon_core.environment:checking '/home/etri/ros2_ws/install/panda_teleop_omy_l100/bin'
[0.591s] Level 1:colcon.colcon_core.environment:checking '/home/etri/ros2_ws/install/panda_teleop_omy_l100/lib/pkgconfig/panda_teleop_omy_l100.pc'
[0.591s] Level 1:colcon.colcon_core.environment:checking '/home/etri/ros2_ws/install/panda_teleop_omy_l100/lib/python3.10/site-packages'
[0.591s] Level 1:colcon.colcon_core.environment:checking '/home/etri/ros2_ws/install/panda_teleop_omy_l100/bin'
[0.591s] INFO:colcon.colcon_core.shell:Creating package script '/home/etri/ros2_ws/install/panda_teleop_omy_l100/share/panda_teleop_omy_l100/package.ps1'
[0.591s] INFO:colcon.colcon_core.shell:Creating package descriptor '/home/etri/ros2_ws/install/panda_teleop_omy_l100/share/panda_teleop_omy_l100/package.dsv'
[0.592s] INFO:colcon.colcon_core.shell:Creating package script '/home/etri/ros2_ws/install/panda_teleop_omy_l100/share/panda_teleop_omy_l100/package.sh'
[0.592s] INFO:colcon.colcon_core.shell:Creating package script '/home/etri/ros2_ws/install/panda_teleop_omy_l100/share/panda_teleop_omy_l100/package.bash'
[0.592s] INFO:colcon.colcon_core.shell:Creating package script '/home/etri/ros2_ws/install/panda_teleop_omy_l100/share/panda_teleop_omy_l100/package.zsh'
[0.592s] Level 1:colcon.colcon_core.environment:create_file_with_runtime_dependencies(/home/etri/ros2_ws/install/panda_teleop_omy_l100/share/colcon-core/packages/panda_teleop_omy_l100)
[0.592s] DEBUG:colcon.colcon_parallel_executor.executor.parallel:closing loop
[0.592s] DEBUG:colcon.colcon_parallel_executor.executor.parallel:loop closed
[0.592s] DEBUG:colcon.colcon_parallel_executor.executor.parallel:run_until_complete finished with '0'
[0.592s] DEBUG:colcon.colcon_core.event_reactor:joining thread
[0.595s] INFO:colcon.colcon_core.plugin_system:Skipping extension 'colcon_notification.desktop_notification.terminal_notifier': Not used on non-Darwin systems
[0.595s] INFO:colcon.colcon_core.plugin_system:Skipping extension 'colcon_notification.desktop_notification.win32': Not used on non-Windows systems
[0.595s] INFO:colcon.colcon_notification.desktop_notification:Sending desktop notification using 'notify2'
[0.600s] DEBUG:colcon.colcon_core.event_reactor:joined thread
[0.600s] INFO:colcon.colcon_core.shell:Creating prefix script '/home/etri/ros2_ws/install/local_setup.ps1'
[0.601s] INFO:colcon.colcon_core.shell:Creating prefix util module '/home/etri/ros2_ws/install/_local_setup_util_ps1.py'
[0.602s] INFO:colcon.colcon_core.shell:Creating prefix chain script '/home/etri/ros2_ws/install/setup.ps1'
[0.602s] INFO:colcon.colcon_core.shell:Creating prefix script '/home/etri/ros2_ws/install/local_setup.sh'
[0.602s] INFO:colcon.colcon_core.shell:Creating prefix util module '/home/etri/ros2_ws/install/_local_setup_util_sh.py'
[0.603s] INFO:colcon.colcon_core.shell:Creating prefix chain script '/home/etri/ros2_ws/install/setup.sh'
[0.603s] INFO:colcon.colcon_core.shell:Creating prefix script '/home/etri/ros2_ws/install/local_setup.bash'
[0.603s] INFO:colcon.colcon_core.shell:Creating prefix chain script '/home/etri/ros2_ws/install/setup.bash'
[0.604s] INFO:colcon.colcon_core.shell:Creating prefix script '/home/etri/ros2_ws/install/local_setup.zsh'
[0.604s] INFO:colcon.colcon_core.shell:Creating prefix chain script '/home/etri/ros2_ws/install/setup.zsh'
