[0.000000] (-) TimerEvent: {}
[0.000633] (-) JobUnselected: {'identifier': 'custom_panda_description'}
[0.000748] (-) JobUnselected: {'identifier': 'dynamixel_hardware_interface'}
[0.000759] (-) JobUnselected: {'identifier': 'dynamixel_interfaces'}
[0.000765] (-) JobUnselected: {'identifier': 'dynamixel_sdk'}
[0.000771] (-) JobUnselected: {'identifier': 'dynamixel_sdk_custom_interfaces'}
[0.000776] (-) JobUnselected: {'identifier': 'dynamixel_sdk_examples'}
[0.000780] (-) JobUnselected: {'identifier': 'om_gravity_compensation_controller'}
[0.000785] (-) JobUnselected: {'identifier': 'om_spring_actuator_controller'}
[0.000789] (-) JobUnselected: {'identifier': 'open_manipulator'}
[0.000793] (-) JobUnselected: {'identifier': 'open_manipulator_bringup'}
[0.000798] (-) JobUnselected: {'identifier': 'open_manipulator_collision'}
[0.000802] (-) JobUnselected: {'identifier': 'open_manipulator_description'}
[0.000806] (-) JobUnselected: {'identifier': 'open_manipulator_gui'}
[0.000811] (-) JobUnselected: {'identifier': 'open_manipulator_moveit_config'}
[0.000815] (-) JobUnselected: {'identifier': 'open_manipulator_playground'}
[0.000819] (-) JobUnselected: {'identifier': 'open_manipulator_teleop'}
[0.000824] (-) JobUnselected: {'identifier': 'panda_teleop_omy_l100'}
[0.000830] (om_joint_trajectory_command_broadcaster) JobQueued: {'identifier': 'om_joint_trajectory_command_broadcaster', 'dependencies': OrderedDict()}
[0.000837] (om_joint_trajectory_command_broadcaster) JobStarted: {'identifier': 'om_joint_trajectory_command_broadcaster'}
[0.004445] (om_joint_trajectory_command_broadcaster) JobProgress: {'identifier': 'om_joint_trajectory_command_broadcaster', 'progress': 'cmake'}
[0.004640] (om_joint_trajectory_command_broadcaster) Command: {'cmd': ['/usr/bin/cmake', '/home/etri/ros2_ws/open_manipulator/ros2_controller/om_joint_trajectory_command_broadcaster', '-DCMAKE_INSTALL_PREFIX=/home/etri/ros2_ws/install/om_joint_trajectory_command_broadcaster'], 'cwd': '/home/etri/ros2_ws/build/om_joint_trajectory_command_broadcaster', 'env': OrderedDict([('GJS_DEBUG_TOPICS', 'JS ERROR;JS LOG'), ('LESSOPEN', '| /usr/bin/lesspipe %s'), ('VSCODE_CWD', '/home/etri'), ('CURSOR_EXTENSION_HOST_ROLE', 'agent-exec'), ('VSCODE_ESM_ENTRYPOINT', 'vs/workbench/api/node/extensionHostProcess'), ('LANGUAGE', 'ko:en_US:en'), ('USER', 'etri'), ('LC_TIME', 'ko_KR.UTF-8'), ('VSCODE_NLS_CONFIG', '{"userLocale":"ko","osLocale":"ko","resolvedLanguage":"en","defaultMessagesFile":"/usr/share/cursor/resources/app/out/nls.messages.json","locale":"ko","availableLanguages":{}}'), ('CI', '1'), ('VSCODE_HANDLES_UNCAUGHT_ERRORS', 'true'), ('XDG_SESSION_TYPE', 'x11'), ('SHLVL', '0'), ('LD_LIBRARY_PATH', '/home/etri/ros2_ws/install/open_manipulator_collision/lib:/home/etri/ros2_ws/install/om_joint_trajectory_command_broadcaster/lib:/home/etri/ros2_ws/install/dynamixel_hardware_interface/lib:/home/etri/ros2_ws/install/dynamixel_sdk/lib:/home/etri/ros2_ws/install/dynamixel_interfaces/lib:/home/etri/ws_ros2/install/service_interfaces/lib:/opt/ros/humble/opt/rviz_ogre_vendor/lib:/opt/ros/humble/lib/x86_64-linux-gnu:/opt/ros/humble/lib'), ('HOME', '/home/etri'), ('CHROME_DESKTOP', 'cursor.desktop'), ('OLDPWD', '/home/etri/ros2_ws'), ('DESKTOP_SESSION', 'ubuntu'), ('VSCODE_IPC_HOOK', '/run/user/1000/vscode-30070241-2.3.-main.sock'), ('GIO_LAUNCHED_DESKTOP_FILE', '/usr/share/applications/cursor.desktop'), ('ROS_PYTHON_VERSION', '3'), ('GNOME_SHELL_SESSION_MODE', 'ubuntu'), ('GTK_MODULES', 'gail:atk-bridge'), ('LC_MONETARY', 'ko_KR.UTF-8'), ('MANAGERPID', '1861'), ('SYSTEMD_EXEC_PID', '2147'), ('NO_COLOR', '1'), ('DBUS_SESSION_BUS_ADDRESS', 'unix:path=/run/user/1000/bus'), ('GIO_LAUNCHED_DESKTOP_FILE_PID', '5142'), ('VSCODE_CRASH_REPORTER_PROCESS_TYPE', 'extensionHost'), ('COLCON_PREFIX_PATH', '/home/etri/ros2_ws/install:/home/etri/ws_ros2/install'), ('ROS_DISTRO', 'humble'), ('GTK_IM_MODULE', 'ibus'), ('LOGNAME', 'etri'), ('FORCE_COLOR', '0'), ('JOURNAL_STREAM', '8:18509'), ('_', '/usr/bin/colcon'), ('ROS_VERSION', '2'), ('XDG_SESSION_CLASS', 'user'), ('USERNAME', 'etri'), ('TERM', 'dumb'), ('EVERYSPHERE_RIPGREP_PATH', '/usr/share/cursor/resources/app/node_modules/@vscode/ripgrep/bin/rg'), ('GNOME_DESKTOP_SESSION_ID', 'this-is-deprecated'), ('ROS_LOCALHOST_ONLY', '1'), ('WINDOWPATH', '2'), ('PATH', '/opt/ros/humble/bin:/usr/local/sbin:/usr/local/bin:/usr/sbin:/usr/bin:/sbin:/bin:/usr/games:/usr/local/games:/snap/bin:/snap/bin'), ('SESSION_MANAGER', 'local/etri-HP-Z2-Tower-G1i:@/tmp/.ICE-unix/2119,unix/etri-HP-Z2-Tower-G1i:/tmp/.ICE-unix/2119'), ('INVOCATION_ID', '5a99293a9b70420ba5782225baf2f6fe'), ('PAPERSIZE', 'a4'), ('XDG_MENU_PREFIX', 'gnome-'), ('LC_ADDRESS', 'ko_KR.UTF-8'), ('VSCODE_PROCESS_TITLE', 'extension-host (agent-exec) [1-3]'), ('XDG_RUNTIME_DIR', '/run/user/1000'), ('GDK_BACKEND', 'x11'), ('CURSOR_AGENT', '1'), ('DISPLAY', ':1'), ('LANG', 'ko_KR.UTF-8'), ('XDG_CURRENT_DESKTOP', 'Unity'), ('LC_TELEPHONE', 'ko_KR.UTF-8'), ('XMODIFIERS', '@im=ibus'), ('XDG_SESSION_DESKTOP', 'ubuntu'), ('XAUTHORITY', '/run/user/1000/gdm/Xauthority'), ('LS_COLORS', ''), ('CURSOR_TRACE_ID', '292c0dd82b9e4716b7c9a05e3f99dadc'), ('SSH_AGENT_LAUNCHER', 'gnome-keyring'), ('SSH_AUTH_SOCK', '/run/user/1000/keyring/ssh'), ('ROS_DOMAIN_ID', '0'), ('AMENT_PREFIX_PATH', '/home/etri/ros2_ws/install/panda_teleop_omy_l100:/home/etri/ros2_ws/install/open_manipulator_moveit_config:/home/etri/ros2_ws/install/open_manipulator_teleop:/home/etri/ros2_ws/install/open_manipulator_bringup:/home/etri/ros2_ws/install/open_manipulator_description:/home/etri/ros2_ws/install/open_manipulator_collision:/home/etri/ros2_ws/install/om_joint_trajectory_command_broadcaster:/home/etri/ros2_ws/install/dynamixel_hardware_interface:/home/etri/ros2_ws/install/dynamixel_sdk:/home/etri/ros2_ws/install/dynamixel_interfaces:/home/etri/ros2_ws/install/custom_panda_description:/home/etri/ws_ros2/install/inspire_hand:/home/etri/ws_ros2/install/service_interfaces:/opt/ros/humble'), ('ORIGINAL_XDG_CURRENT_DESKTOP', 'ubuntu:GNOME'), ('SHELL', '/bin/bash'), ('LC_NAME', 'ko_KR.UTF-8'), ('QT_ACCESSIBILITY', '1'), ('GDMSESSION', 'ubuntu'), ('LESSCLOSE', '/usr/bin/lesspipe %s %s'), ('LC_MEASUREMENT', 'ko_KR.UTF-8'), ('GPG_AGENT_INFO', '/run/user/1000/gnupg/S.gpg-agent:0:1'), ('GJS_DEBUG_OUTPUT', 'stderr'), ('LC_IDENTIFICATION', 'ko_KR.UTF-8'), ('QT_IM_MODULE', 'ibus'), ('PWD', '/home/etri/ros2_ws/build/om_joint_trajectory_command_broadcaster'), ('LC_ALL', 'en_US.UTF-8'), ('XDG_CONFIG_DIRS', '/etc/xdg/xdg-ubuntu:/etc/xdg'), ('VSCODE_CODE_CACHE_PATH', '/home/etri/.config/Cursor/CachedData/643ba67cd252e2888e296dd0cf34a0c5d7625b90'), ('XDG_DATA_DIRS', '/usr/share/ubuntu:/usr/share/gnome:/usr/local/share/:/usr/share/:/var/lib/snapd/desktop'), ('PYTHONPATH', '/home/etri/ros2_ws/build/open_manipulator_teleop:/home/etri/ros2_ws/install/open_manipulator_teleop/lib/python3.10/site-packages:/home/etri/ros2_ws/build/open_manipulator_bringup:/home/etri/ros2_ws/install/open_manipulator_bringup/lib/python3.10/site-packages:/home/etri/ros2_ws/install/dynamixel_sdk/local/lib/python3.10/dist-packages:/home/etri/ros2_ws/install/dynamixel_interfaces/local/lib/python3.10/dist-packages:/home/etri/ws_ros2/install/service_interfaces/local/lib/python3.10/dist-packages:/opt/ros/humble/lib/python3.10/site-packages:/opt/ros/humble/local/lib/python3.10/dist-packages'), ('LC_NUMERIC', 'ko_KR.UTF-8'), ('LC_PAPER', 'ko_KR.UTF-8'), ('COLCON', '1'), ('_ZO_DOCTOR', '0'), ('CMAKE_PREFIX_PATH', '/home/etri/ros2_ws/install/panda_teleop_omy_l100:/home/etri/ros2_ws/install/open_manipulator_moveit_config:/home/etri/ros2_ws/install/open_manipulator_description:/home/etri/ros2_ws/install/open_manipulator_collision:/home/etri/ros2_ws/install/om_joint_trajectory_command_broadcaster:/home/etri/ros2_ws/install/dynamixel_hardware_interface:/home/etri/ros2_ws/install/dynamixel_sdk:/home/etri/ros2_ws/install/dynamixel_interfaces:/home/etri/ros2_ws/install/custom_panda_description:/home/etri/ws_ros2/install/inspire_hand:/home/etri/ws_ros2/install/service_interfaces:/home/etri/ros2_ws/install/open_manipulator_teleop:/home/etri/ros2_ws/install/open_manipulator_bringup:/opt/ros/humble'), ('VSCODE_PID', '5142')]), 'shell': False}
[0.043474] (om_joint_trajectory_command_broadcaster) StdoutLine: {'line': b'-- The CXX compiler identification is GNU 11.4.0\n'}
[0.047208] (om_joint_trajectory_command_broadcaster) StdoutLine: {'line': b'-- Detecting CXX compiler ABI info\n'}
[0.085965] (om_joint_trajectory_command_broadcaster) StdoutLine: {'line': b'-- Detecting CXX compiler ABI info - done\n'}
[0.089152] (om_joint_trajectory_command_broadcaster) StdoutLine: {'line': b'-- Check for working CXX compiler: /usr/bin/c++ - skipped\n'}
[0.089378] (om_joint_trajectory_command_broadcaster) StdoutLine: {'line': b'-- Detecting CXX compile features\n'}
[0.089655] (om_joint_trajectory_command_broadcaster) StdoutLine: {'line': b'-- Detecting CXX compile features - done\n'}
[0.091109] (om_joint_trajectory_command_broadcaster) StdoutLine: {'line': b'-- Found ament_cmake: 1.3.12 (/opt/ros/humble/share/ament_cmake/cmake)\n'}
[0.100020] (-) TimerEvent: {}
[0.168914] (om_joint_trajectory_command_broadcaster) StdoutLine: {'line': b'-- Found Python3: /usr/bin/python3 (found version "3.10.12") found components: Interpreter \n'}
[0.200110] (-) TimerEvent: {}
[0.215635] (om_joint_trajectory_command_broadcaster) StdoutLine: {'line': b'-- Found builtin_interfaces: 1.2.2 (/opt/ros/humble/share/builtin_interfaces/cmake)\n'}
[0.232087] (om_joint_trajectory_command_broadcaster) StdoutLine: {'line': b'-- Found rosidl_generator_c: 3.1.8 (/opt/ros/humble/share/rosidl_generator_c/cmake)\n'}
[0.234806] (om_joint_trajectory_command_broadcaster) StdoutLine: {'line': b'-- Found rosidl_adapter: 3.1.8 (/opt/ros/humble/share/rosidl_adapter/cmake)\n'}
[0.238936] (om_joint_trajectory_command_broadcaster) StdoutLine: {'line': b'-- Found rosidl_generator_cpp: 3.1.8 (/opt/ros/humble/share/rosidl_generator_cpp/cmake)\n'}
[0.244547] (om_joint_trajectory_command_broadcaster) StdoutLine: {'line': b'-- Using all available rosidl_typesupport_c: rosidl_typesupport_fastrtps_c;rosidl_typesupport_introspection_c\n'}
[0.252205] (om_joint_trajectory_command_broadcaster) StdoutLine: {'line': b'-- Using all available rosidl_typesupport_cpp: rosidl_typesupport_fastrtps_cpp;rosidl_typesupport_introspection_cpp\n'}
[0.261144] (om_joint_trajectory_command_broadcaster) StdoutLine: {'line': b'-- Found controller_interface: 2.53.0 (/opt/ros/humble/share/controller_interface/cmake)\n'}
[0.303121] (-) TimerEvent: {}
[0.354438] (om_joint_trajectory_command_broadcaster) StdoutLine: {'line': b'-- Found rmw_implementation_cmake: 6.1.2 (/opt/ros/humble/share/rmw_implementation_cmake/cmake)\n'}
[0.355881] (om_joint_trajectory_command_broadcaster) StdoutLine: {'line': b'-- Found rmw_fastrtps_cpp: 6.2.9 (/opt/ros/humble/share/rmw_fastrtps_cpp/cmake)\n'}
[0.371301] (om_joint_trajectory_command_broadcaster) StdoutLine: {'line': b'-- Found TinyXML2 via Config file: TinyXML2_DIR-NOTFOUND\n'}
[0.401121] (om_joint_trajectory_command_broadcaster) StdoutLine: {'line': b'-- Found OpenSSL: /usr/lib/x86_64-linux-gnu/libcrypto.so (found version "3.0.2")  \n'}
[0.402528] (om_joint_trajectory_command_broadcaster) StdoutLine: {'line': b'-- Found TinyXML2 via Config file: TinyXML2_DIR-NOTFOUND\n'}
[0.403164] (-) TimerEvent: {}
[0.409896] (om_joint_trajectory_command_broadcaster) StdoutLine: {'line': b'-- Found FastRTPS: /opt/ros/humble/include  \n'}
[0.411611] (om_joint_trajectory_command_broadcaster) StdoutLine: {'line': b'-- Found TinyXML2 via Config file: TinyXML2_DIR-NOTFOUND\n'}
[0.417108] (om_joint_trajectory_command_broadcaster) StdoutLine: {'line': b'-- Found TinyXML2 via Config file: TinyXML2_DIR-NOTFOUND\n'}
[0.422734] (om_joint_trajectory_command_broadcaster) StdoutLine: {'line': b"-- Using RMW implementation 'rmw_fastrtps_cpp' as default\n"}
[0.427583] (om_joint_trajectory_command_broadcaster) StdoutLine: {'line': b'-- Looking for C++ include pthread.h\n'}
[0.486965] (om_joint_trajectory_command_broadcaster) StdoutLine: {'line': b'-- Looking for C++ include pthread.h - found\n'}
[0.487079] (om_joint_trajectory_command_broadcaster) StdoutLine: {'line': b'-- Performing Test CMAKE_HAVE_LIBC_PTHREAD\n'}
[0.503264] (-) TimerEvent: {}
[0.548719] (om_joint_trajectory_command_broadcaster) StdoutLine: {'line': b'-- Performing Test CMAKE_HAVE_LIBC_PTHREAD - Success\n'}
[0.549278] (om_joint_trajectory_command_broadcaster) StdoutLine: {'line': b'-- Found Threads: TRUE  \n'}
[0.570694] (om_joint_trajectory_command_broadcaster) StdoutLine: {'line': b'-- Found generate_parameter_library: 0.6.0 (/opt/ros/humble/share/generate_parameter_library/cmake)\n'}
[0.571709] (om_joint_trajectory_command_broadcaster) StdoutLine: {'line': b'-- Found parameter_traits: 0.6.0 (/opt/ros/humble/share/parameter_traits/cmake)\n'}
[0.581034] (om_joint_trajectory_command_broadcaster) StdoutLine: {'line': b'-- Found realtime_tools: 2.15.0 (/opt/ros/humble/share/realtime_tools/cmake)\n'}
[0.587944] (om_joint_trajectory_command_broadcaster) StdoutLine: {'line': b'-- Found urdf: 2.6.1 (/opt/ros/humble/share/urdf/cmake)\n'}
[0.603315] (-) TimerEvent: {}
[0.623971] (om_joint_trajectory_command_broadcaster) StdoutLine: {'line': b'-- Configuring done\n'}
[0.629733] (om_joint_trajectory_command_broadcaster) StdoutLine: {'line': b'-- Generating done\n'}
[0.631703] (om_joint_trajectory_command_broadcaster) StdoutLine: {'line': b'-- Build files have been written to: /home/etri/ros2_ws/build/om_joint_trajectory_command_broadcaster\n'}
[0.637945] (om_joint_trajectory_command_broadcaster) CommandEnded: {'returncode': 0}
[0.638171] (om_joint_trajectory_command_broadcaster) JobProgress: {'identifier': 'om_joint_trajectory_command_broadcaster', 'progress': 'build'}
[0.638182] (om_joint_trajectory_command_broadcaster) Command: {'cmd': ['/usr/bin/cmake', '--build', '/home/etri/ros2_ws/build/om_joint_trajectory_command_broadcaster', '--', '-j24', '-l24'], 'cwd': '/home/etri/ros2_ws/build/om_joint_trajectory_command_broadcaster', 'env': OrderedDict([('GJS_DEBUG_TOPICS', 'JS ERROR;JS LOG'), ('LESSOPEN', '| /usr/bin/lesspipe %s'), ('VSCODE_CWD', '/home/etri'), ('CURSOR_EXTENSION_HOST_ROLE', 'agent-exec'), ('VSCODE_ESM_ENTRYPOINT', 'vs/workbench/api/node/extensionHostProcess'), ('LANGUAGE', 'ko:en_US:en'), ('USER', 'etri'), ('LC_TIME', 'ko_KR.UTF-8'), ('VSCODE_NLS_CONFIG', '{"userLocale":"ko","osLocale":"ko","resolvedLanguage":"en","defaultMessagesFile":"/usr/share/cursor/resources/app/out/nls.messages.json","locale":"ko","availableLanguages":{}}'), ('CI', '1'), ('VSCODE_HANDLES_UNCAUGHT_ERRORS', 'true'), ('XDG_SESSION_TYPE', 'x11'), ('SHLVL', '0'), ('LD_LIBRARY_PATH', '/home/etri/ros2_ws/install/open_manipulator_collision/lib:/home/etri/ros2_ws/install/om_joint_trajectory_command_broadcaster/lib:/home/etri/ros2_ws/install/dynamixel_hardware_interface/lib:/home/etri/ros2_ws/install/dynamixel_sdk/lib:/home/etri/ros2_ws/install/dynamixel_interfaces/lib:/home/etri/ws_ros2/install/service_interfaces/lib:/opt/ros/humble/opt/rviz_ogre_vendor/lib:/opt/ros/humble/lib/x86_64-linux-gnu:/opt/ros/humble/lib'), ('HOME', '/home/etri'), ('CHROME_DESKTOP', 'cursor.desktop'), ('OLDPWD', '/home/etri/ros2_ws'), ('DESKTOP_SESSION', 'ubuntu'), ('VSCODE_IPC_HOOK', '/run/user/1000/vscode-30070241-2.3.-main.sock'), ('GIO_LAUNCHED_DESKTOP_FILE', '/usr/share/applications/cursor.desktop'), ('ROS_PYTHON_VERSION', '3'), ('GNOME_SHELL_SESSION_MODE', 'ubuntu'), ('GTK_MODULES', 'gail:atk-bridge'), ('LC_MONETARY', 'ko_KR.UTF-8'), ('MANAGERPID', '1861'), ('SYSTEMD_EXEC_PID', '2147'), ('NO_COLOR', '1'), ('DBUS_SESSION_BUS_ADDRESS', 'unix:path=/run/user/1000/bus'), ('GIO_LAUNCHED_DESKTOP_FILE_PID', '5142'), ('VSCODE_CRASH_REPORTER_PROCESS_TYPE', 'extensionHost'), ('COLCON_PREFIX_PATH', '/home/etri/ros2_ws/install:/home/etri/ws_ros2/install'), ('ROS_DISTRO', 'humble'), ('GTK_IM_MODULE', 'ibus'), ('LOGNAME', 'etri'), ('FORCE_COLOR', '0'), ('JOURNAL_STREAM', '8:18509'), ('_', '/usr/bin/colcon'), ('ROS_VERSION', '2'), ('XDG_SESSION_CLASS', 'user'), ('USERNAME', 'etri'), ('TERM', 'dumb'), ('EVERYSPHERE_RIPGREP_PATH', '/usr/share/cursor/resources/app/node_modules/@vscode/ripgrep/bin/rg'), ('GNOME_DESKTOP_SESSION_ID', 'this-is-deprecated'), ('ROS_LOCALHOST_ONLY', '1'), ('WINDOWPATH', '2'), ('PATH', '/opt/ros/humble/bin:/usr/local/sbin:/usr/local/bin:/usr/sbin:/usr/bin:/sbin:/bin:/usr/games:/usr/local/games:/snap/bin:/snap/bin'), ('SESSION_MANAGER', 'local/etri-HP-Z2-Tower-G1i:@/tmp/.ICE-unix/2119,unix/etri-HP-Z2-Tower-G1i:/tmp/.ICE-unix/2119'), ('INVOCATION_ID', '5a99293a9b70420ba5782225baf2f6fe'), ('PAPERSIZE', 'a4'), ('XDG_MENU_PREFIX', 'gnome-'), ('LC_ADDRESS', 'ko_KR.UTF-8'), ('VSCODE_PROCESS_TITLE', 'extension-host (agent-exec) [1-3]'), ('XDG_RUNTIME_DIR', '/run/user/1000'), ('GDK_BACKEND', 'x11'), ('CURSOR_AGENT', '1'), ('DISPLAY', ':1'), ('LANG', 'ko_KR.UTF-8'), ('XDG_CURRENT_DESKTOP', 'Unity'), ('LC_TELEPHONE', 'ko_KR.UTF-8'), ('XMODIFIERS', '@im=ibus'), ('XDG_SESSION_DESKTOP', 'ubuntu'), ('XAUTHORITY', '/run/user/1000/gdm/Xauthority'), ('LS_COLORS', ''), ('CURSOR_TRACE_ID', '292c0dd82b9e4716b7c9a05e3f99dadc'), ('SSH_AGENT_LAUNCHER', 'gnome-keyring'), ('SSH_AUTH_SOCK', '/run/user/1000/keyring/ssh'), ('ROS_DOMAIN_ID', '0'), ('AMENT_PREFIX_PATH', '/home/etri/ros2_ws/install/panda_teleop_omy_l100:/home/etri/ros2_ws/install/open_manipulator_moveit_config:/home/etri/ros2_ws/install/open_manipulator_teleop:/home/etri/ros2_ws/install/open_manipulator_bringup:/home/etri/ros2_ws/install/open_manipulator_description:/home/etri/ros2_ws/install/open_manipulator_collision:/home/etri/ros2_ws/install/om_joint_trajectory_command_broadcaster:/home/etri/ros2_ws/install/dynamixel_hardware_interface:/home/etri/ros2_ws/install/dynamixel_sdk:/home/etri/ros2_ws/install/dynamixel_interfaces:/home/etri/ros2_ws/install/custom_panda_description:/home/etri/ws_ros2/install/inspire_hand:/home/etri/ws_ros2/install/service_interfaces:/opt/ros/humble'), ('ORIGINAL_XDG_CURRENT_DESKTOP', 'ubuntu:GNOME'), ('SHELL', '/bin/bash'), ('LC_NAME', 'ko_KR.UTF-8'), ('QT_ACCESSIBILITY', '1'), ('GDMSESSION', 'ubuntu'), ('LESSCLOSE', '/usr/bin/lesspipe %s %s'), ('LC_MEASUREMENT', 'ko_KR.UTF-8'), ('GPG_AGENT_INFO', '/run/user/1000/gnupg/S.gpg-agent:0:1'), ('GJS_DEBUG_OUTPUT', 'stderr'), ('LC_IDENTIFICATION', 'ko_KR.UTF-8'), ('QT_IM_MODULE', 'ibus'), ('PWD', '/home/etri/ros2_ws/build/om_joint_trajectory_command_broadcaster'), ('LC_ALL', 'en_US.UTF-8'), ('XDG_CONFIG_DIRS', '/etc/xdg/xdg-ubuntu:/etc/xdg'), ('VSCODE_CODE_CACHE_PATH', '/home/etri/.config/Cursor/CachedData/643ba67cd252e2888e296dd0cf34a0c5d7625b90'), ('XDG_DATA_DIRS', '/usr/share/ubuntu:/usr/share/gnome:/usr/local/share/:/usr/share/:/var/lib/snapd/desktop'), ('PYTHONPATH', '/home/etri/ros2_ws/build/open_manipulator_teleop:/home/etri/ros2_ws/install/open_manipulator_teleop/lib/python3.10/site-packages:/home/etri/ros2_ws/build/open_manipulator_bringup:/home/etri/ros2_ws/install/open_manipulator_bringup/lib/python3.10/site-packages:/home/etri/ros2_ws/install/dynamixel_sdk/local/lib/python3.10/dist-packages:/home/etri/ros2_ws/install/dynamixel_interfaces/local/lib/python3.10/dist-packages:/home/etri/ws_ros2/install/service_interfaces/local/lib/python3.10/dist-packages:/opt/ros/humble/lib/python3.10/site-packages:/opt/ros/humble/local/lib/python3.10/dist-packages'), ('LC_NUMERIC', 'ko_KR.UTF-8'), ('LC_PAPER', 'ko_KR.UTF-8'), ('COLCON', '1'), ('_ZO_DOCTOR', '0'), ('CMAKE_PREFIX_PATH', '/home/etri/ros2_ws/install/panda_teleop_omy_l100:/home/etri/ros2_ws/install/open_manipulator_moveit_config:/home/etri/ros2_ws/install/open_manipulator_description:/home/etri/ros2_ws/install/open_manipulator_collision:/home/etri/ros2_ws/install/om_joint_trajectory_command_broadcaster:/home/etri/ros2_ws/install/dynamixel_hardware_interface:/home/etri/ros2_ws/install/dynamixel_sdk:/home/etri/ros2_ws/install/dynamixel_interfaces:/home/etri/ros2_ws/install/custom_panda_description:/home/etri/ws_ros2/install/inspire_hand:/home/etri/ws_ros2/install/service_interfaces:/home/etri/ros2_ws/install/open_manipulator_teleop:/home/etri/ros2_ws/install/open_manipulator_bringup:/opt/ros/humble'), ('VSCODE_PID', '5142')]), 'shell': False}
[0.666276] (om_joint_trajectory_command_broadcaster) StdoutLine: {'line': b'[ 25%] Running `/opt/ros/humble/bin/generate_parameter_library_cpp /home/etri/ros2_ws/build/om_joint_trajectory_command_broadcaster/include/om_joint_trajectory_command_broadcaster/joint_trajectory_command_broadcaster_parameters.hpp /home/etri/ros2_ws/open_manipulator/ros2_controller/om_joint_trajectory_command_broadcaster/src/joint_trajectory_command_broadcaster_parameters.yaml `\n'}
[0.703426] (-) TimerEvent: {}
[0.791345] (om_joint_trajectory_command_broadcaster) StdoutLine: {'line': b'[ 50%] Creating deprecated header file /home/etri/ros2_ws/build/om_joint_trajectory_command_broadcaster/include/joint_trajectory_command_broadcaster_parameters.hpp\n'}
[0.801711] (om_joint_trajectory_command_broadcaster) StdoutLine: {'line': b'[ 50%] Built target joint_trajectory_command_broadcaster_parameters\n'}
[0.803447] (-) TimerEvent: {}
[0.815886] (om_joint_trajectory_command_broadcaster) StdoutLine: {'line': b'[ 75%] Building CXX object CMakeFiles/joint_trajectory_command_broadcaster.dir/src/joint_trajectory_command_broadcaster.cpp.o\n'}
[0.903540] (-) TimerEvent: {}
[1.003700] (-) TimerEvent: {}
[1.103857] (-) TimerEvent: {}
[1.204018] (-) TimerEvent: {}
[1.304203] (-) TimerEvent: {}
[1.404386] (-) TimerEvent: {}
[1.504553] (-) TimerEvent: {}
[1.604843] (-) TimerEvent: {}
[1.705050] (-) TimerEvent: {}
[1.805201] (-) TimerEvent: {}
[1.905362] (-) TimerEvent: {}
[2.005524] (-) TimerEvent: {}
[2.105684] (-) TimerEvent: {}
[2.206012] (-) TimerEvent: {}
[2.306170] (-) TimerEvent: {}
[2.406328] (-) TimerEvent: {}
[2.506512] (-) TimerEvent: {}
[2.607198] (-) TimerEvent: {}
[2.707356] (-) TimerEvent: {}
[2.807516] (-) TimerEvent: {}
[2.907686] (-) TimerEvent: {}
[3.007821] (-) TimerEvent: {}
[3.107982] (-) TimerEvent: {}
[3.208141] (-) TimerEvent: {}
[3.308387] (-) TimerEvent: {}
[3.408788] (-) TimerEvent: {}
[3.509145] (-) TimerEvent: {}
[3.609298] (-) TimerEvent: {}
[3.709452] (-) TimerEvent: {}
[3.809602] (-) TimerEvent: {}
[3.909757] (-) TimerEvent: {}
[4.009907] (-) TimerEvent: {}
[4.110063] (-) TimerEvent: {}
[4.210250] (-) TimerEvent: {}
[4.310356] (-) TimerEvent: {}
[4.410459] (-) TimerEvent: {}
[4.510569] (-) TimerEvent: {}
[4.610733] (-) TimerEvent: {}
[4.710949] (-) TimerEvent: {}
[4.811158] (-) TimerEvent: {}
[4.911335] (-) TimerEvent: {}
[5.011508] (-) TimerEvent: {}
[5.018927] (om_joint_trajectory_command_broadcaster) StdoutLine: {'line': b'[100%] Linking CXX shared library libjoint_trajectory_command_broadcaster.so\n'}
[5.111677] (-) TimerEvent: {}
[5.211848] (-) TimerEvent: {}
[5.252106] (om_joint_trajectory_command_broadcaster) StdoutLine: {'line': b'[100%] Built target joint_trajectory_command_broadcaster\n'}
[5.259066] (om_joint_trajectory_command_broadcaster) CommandEnded: {'returncode': 0}
[5.259863] (om_joint_trajectory_command_broadcaster) JobProgress: {'identifier': 'om_joint_trajectory_command_broadcaster', 'progress': 'install'}
[5.263656] (om_joint_trajectory_command_broadcaster) Command: {'cmd': ['/usr/bin/cmake', '--install', '/home/etri/ros2_ws/build/om_joint_trajectory_command_broadcaster'], 'cwd': '/home/etri/ros2_ws/build/om_joint_trajectory_command_broadcaster', 'env': OrderedDict([('GJS_DEBUG_TOPICS', 'JS ERROR;JS LOG'), ('LESSOPEN', '| /usr/bin/lesspipe %s'), ('VSCODE_CWD', '/home/etri'), ('CURSOR_EXTENSION_HOST_ROLE', 'agent-exec'), ('VSCODE_ESM_ENTRYPOINT', 'vs/workbench/api/node/extensionHostProcess'), ('LANGUAGE', 'ko:en_US:en'), ('USER', 'etri'), ('LC_TIME', 'ko_KR.UTF-8'), ('VSCODE_NLS_CONFIG', '{"userLocale":"ko","osLocale":"ko","resolvedLanguage":"en","defaultMessagesFile":"/usr/share/cursor/resources/app/out/nls.messages.json","locale":"ko","availableLanguages":{}}'), ('CI', '1'), ('VSCODE_HANDLES_UNCAUGHT_ERRORS', 'true'), ('XDG_SESSION_TYPE', 'x11'), ('SHLVL', '0'), ('LD_LIBRARY_PATH', '/home/etri/ros2_ws/install/open_manipulator_collision/lib:/home/etri/ros2_ws/install/om_joint_trajectory_command_broadcaster/lib:/home/etri/ros2_ws/install/dynamixel_hardware_interface/lib:/home/etri/ros2_ws/install/dynamixel_sdk/lib:/home/etri/ros2_ws/install/dynamixel_interfaces/lib:/home/etri/ws_ros2/install/service_interfaces/lib:/opt/ros/humble/opt/rviz_ogre_vendor/lib:/opt/ros/humble/lib/x86_64-linux-gnu:/opt/ros/humble/lib'), ('HOME', '/home/etri'), ('CHROME_DESKTOP', 'cursor.desktop'), ('OLDPWD', '/home/etri/ros2_ws'), ('DESKTOP_SESSION', 'ubuntu'), ('VSCODE_IPC_HOOK', '/run/user/1000/vscode-30070241-2.3.-main.sock'), ('GIO_LAUNCHED_DESKTOP_FILE', '/usr/share/applications/cursor.desktop'), ('ROS_PYTHON_VERSION', '3'), ('GNOME_SHELL_SESSION_MODE', 'ubuntu'), ('GTK_MODULES', 'gail:atk-bridge'), ('LC_MONETARY', 'ko_KR.UTF-8'), ('MANAGERPID', '1861'), ('SYSTEMD_EXEC_PID', '2147'), ('NO_COLOR', '1'), ('DBUS_SESSION_BUS_ADDRESS', 'unix:path=/run/user/1000/bus'), ('GIO_LAUNCHED_DESKTOP_FILE_PID', '5142'), ('VSCODE_CRASH_REPORTER_PROCESS_TYPE', 'extensionHost'), ('COLCON_PREFIX_PATH', '/home/etri/ros2_ws/install:/home/etri/ws_ros2/install'), ('ROS_DISTRO', 'humble'), ('GTK_IM_MODULE', 'ibus'), ('LOGNAME', 'etri'), ('FORCE_COLOR', '0'), ('JOURNAL_STREAM', '8:18509'), ('_', '/usr/bin/colcon'), ('ROS_VERSION', '2'), ('XDG_SESSION_CLASS', 'user'), ('USERNAME', 'etri'), ('TERM', 'dumb'), ('EVERYSPHERE_RIPGREP_PATH', '/usr/share/cursor/resources/app/node_modules/@vscode/ripgrep/bin/rg'), ('GNOME_DESKTOP_SESSION_ID', 'this-is-deprecated'), ('ROS_LOCALHOST_ONLY', '1'), ('WINDOWPATH', '2'), ('PATH', '/opt/ros/humble/bin:/usr/local/sbin:/usr/local/bin:/usr/sbin:/usr/bin:/sbin:/bin:/usr/games:/usr/local/games:/snap/bin:/snap/bin'), ('SESSION_MANAGER', 'local/etri-HP-Z2-Tower-G1i:@/tmp/.ICE-unix/2119,unix/etri-HP-Z2-Tower-G1i:/tmp/.ICE-unix/2119'), ('INVOCATION_ID', '5a99293a9b70420ba5782225baf2f6fe'), ('PAPERSIZE', 'a4'), ('XDG_MENU_PREFIX', 'gnome-'), ('LC_ADDRESS', 'ko_KR.UTF-8'), ('VSCODE_PROCESS_TITLE', 'extension-host (agent-exec) [1-3]'), ('XDG_RUNTIME_DIR', '/run/user/1000'), ('GDK_BACKEND', 'x11'), ('CURSOR_AGENT', '1'), ('DISPLAY', ':1'), ('LANG', 'ko_KR.UTF-8'), ('XDG_CURRENT_DESKTOP', 'Unity'), ('LC_TELEPHONE', 'ko_KR.UTF-8'), ('XMODIFIERS', '@im=ibus'), ('XDG_SESSION_DESKTOP', 'ubuntu'), ('XAUTHORITY', '/run/user/1000/gdm/Xauthority'), ('LS_COLORS', ''), ('CURSOR_TRACE_ID', '292c0dd82b9e4716b7c9a05e3f99dadc'), ('SSH_AGENT_LAUNCHER', 'gnome-keyring'), ('SSH_AUTH_SOCK', '/run/user/1000/keyring/ssh'), ('ROS_DOMAIN_ID', '0'), ('AMENT_PREFIX_PATH', '/home/etri/ros2_ws/install/panda_teleop_omy_l100:/home/etri/ros2_ws/install/open_manipulator_moveit_config:/home/etri/ros2_ws/install/open_manipulator_teleop:/home/etri/ros2_ws/install/open_manipulator_bringup:/home/etri/ros2_ws/install/open_manipulator_description:/home/etri/ros2_ws/install/open_manipulator_collision:/home/etri/ros2_ws/install/om_joint_trajectory_command_broadcaster:/home/etri/ros2_ws/install/dynamixel_hardware_interface:/home/etri/ros2_ws/install/dynamixel_sdk:/home/etri/ros2_ws/install/dynamixel_interfaces:/home/etri/ros2_ws/install/custom_panda_description:/home/etri/ws_ros2/install/inspire_hand:/home/etri/ws_ros2/install/service_interfaces:/opt/ros/humble'), ('ORIGINAL_XDG_CURRENT_DESKTOP', 'ubuntu:GNOME'), ('SHELL', '/bin/bash'), ('LC_NAME', 'ko_KR.UTF-8'), ('QT_ACCESSIBILITY', '1'), ('GDMSESSION', 'ubuntu'), ('LESSCLOSE', '/usr/bin/lesspipe %s %s'), ('LC_MEASUREMENT', 'ko_KR.UTF-8'), ('GPG_AGENT_INFO', '/run/user/1000/gnupg/S.gpg-agent:0:1'), ('GJS_DEBUG_OUTPUT', 'stderr'), ('LC_IDENTIFICATION', 'ko_KR.UTF-8'), ('QT_IM_MODULE', 'ibus'), ('PWD', '/home/etri/ros2_ws/build/om_joint_trajectory_command_broadcaster'), ('LC_ALL', 'en_US.UTF-8'), ('XDG_CONFIG_DIRS', '/etc/xdg/xdg-ubuntu:/etc/xdg'), ('VSCODE_CODE_CACHE_PATH', '/home/etri/.config/Cursor/CachedData/643ba67cd252e2888e296dd0cf34a0c5d7625b90'), ('XDG_DATA_DIRS', '/usr/share/ubuntu:/usr/share/gnome:/usr/local/share/:/usr/share/:/var/lib/snapd/desktop'), ('PYTHONPATH', '/home/etri/ros2_ws/build/open_manipulator_teleop:/home/etri/ros2_ws/install/open_manipulator_teleop/lib/python3.10/site-packages:/home/etri/ros2_ws/build/open_manipulator_bringup:/home/etri/ros2_ws/install/open_manipulator_bringup/lib/python3.10/site-packages:/home/etri/ros2_ws/install/dynamixel_sdk/local/lib/python3.10/dist-packages:/home/etri/ros2_ws/install/dynamixel_interfaces/local/lib/python3.10/dist-packages:/home/etri/ws_ros2/install/service_interfaces/local/lib/python3.10/dist-packages:/opt/ros/humble/lib/python3.10/site-packages:/opt/ros/humble/local/lib/python3.10/dist-packages'), ('LC_NUMERIC', 'ko_KR.UTF-8'), ('LC_PAPER', 'ko_KR.UTF-8'), ('COLCON', '1'), ('_ZO_DOCTOR', '0'), ('CMAKE_PREFIX_PATH', '/home/etri/ros2_ws/install/panda_teleop_omy_l100:/home/etri/ros2_ws/install/open_manipulator_moveit_config:/home/etri/ros2_ws/install/open_manipulator_description:/home/etri/ros2_ws/install/open_manipulator_collision:/home/etri/ros2_ws/install/om_joint_trajectory_command_broadcaster:/home/etri/ros2_ws/install/dynamixel_hardware_interface:/home/etri/ros2_ws/install/dynamixel_sdk:/home/etri/ros2_ws/install/dynamixel_interfaces:/home/etri/ros2_ws/install/custom_panda_description:/home/etri/ws_ros2/install/inspire_hand:/home/etri/ws_ros2/install/service_interfaces:/home/etri/ros2_ws/install/open_manipulator_teleop:/home/etri/ros2_ws/install/open_manipulator_bringup:/opt/ros/humble'), ('VSCODE_PID', '5142')]), 'shell': False}
[5.267616] (om_joint_trajectory_command_broadcaster) StdoutLine: {'line': b'-- Install configuration: ""\n'}
[5.268369] (om_joint_trajectory_command_broadcaster) StdoutLine: {'line': b'-- Installing: /home/etri/ros2_ws/install/om_joint_trajectory_command_broadcaster/include/om_joint_trajectory_command_broadcaster\n'}
[5.268407] (om_joint_trajectory_command_broadcaster) StdoutLine: {'line': b'-- Installing: /home/etri/ros2_ws/install/om_joint_trajectory_command_broadcaster/include/om_joint_trajectory_command_broadcaster/joint_trajectory_command_broadcaster_parameters.hpp\n'}
[5.268429] (om_joint_trajectory_command_broadcaster) StdoutLine: {'line': b'-- Installing: /home/etri/ros2_ws/install/om_joint_trajectory_command_broadcaster/share/om_joint_trajectory_command_broadcaster/joint_trajectory_command_plugin.xml\n'}
[5.268449] (om_joint_trajectory_command_broadcaster) StdoutLine: {'line': b'-- Installing: /home/etri/ros2_ws/install/om_joint_trajectory_command_broadcaster/include/joint_trajectory_command_broadcaster\n'}
[5.268467] (om_joint_trajectory_command_broadcaster) StdoutLine: {'line': b'-- Installing: /home/etri/ros2_ws/install/om_joint_trajectory_command_broadcaster/include/joint_trajectory_command_broadcaster/joint_trajectory_command_broadcaster\n'}
[5.268484] (om_joint_trajectory_command_broadcaster) StdoutLine: {'line': b'-- Installing: /home/etri/ros2_ws/install/om_joint_trajectory_command_broadcaster/include/joint_trajectory_command_broadcaster/joint_trajectory_command_broadcaster/joint_trajectory_command_broadcaster.hpp\n'}
[5.268508] (om_joint_trajectory_command_broadcaster) StdoutLine: {'line': b'-- Installing: /home/etri/ros2_ws/install/om_joint_trajectory_command_broadcaster/include/joint_trajectory_command_broadcaster/joint_trajectory_command_broadcaster/visibility_control.h\n'}
[5.268524] (om_joint_trajectory_command_broadcaster) StdoutLine: {'line': b'-- Installing: /home/etri/ros2_ws/install/om_joint_trajectory_command_broadcaster/lib/libjoint_trajectory_command_broadcaster.so\n'}
[5.270749] (om_joint_trajectory_command_broadcaster) StdoutLine: {'line': b'-- Set runtime path of "/home/etri/ros2_ws/install/om_joint_trajectory_command_broadcaster/lib/libjoint_trajectory_command_broadcaster.so" to ""\n'}
[5.270832] (om_joint_trajectory_command_broadcaster) StdoutLine: {'line': b'-- Installing: /home/etri/ros2_ws/install/om_joint_trajectory_command_broadcaster/share/om_joint_trajectory_command_broadcaster/environment/library_path.sh\n'}
[5.270859] (om_joint_trajectory_command_broadcaster) StdoutLine: {'line': b'-- Installing: /home/etri/ros2_ws/install/om_joint_trajectory_command_broadcaster/share/om_joint_trajectory_command_broadcaster/environment/library_path.dsv\n'}
[5.270879] (om_joint_trajectory_command_broadcaster) StdoutLine: {'line': b'-- Installing: /home/etri/ros2_ws/install/om_joint_trajectory_command_broadcaster/share/ament_index/resource_index/package_run_dependencies/om_joint_trajectory_command_broadcaster\n'}
[5.270961] (om_joint_trajectory_command_broadcaster) StdoutLine: {'line': b'-- Installing: /home/etri/ros2_ws/install/om_joint_trajectory_command_broadcaster/share/ament_index/resource_index/parent_prefix_path/om_joint_trajectory_command_broadcaster\n'}
[5.270986] (om_joint_trajectory_command_broadcaster) StdoutLine: {'line': b'-- Installing: /home/etri/ros2_ws/install/om_joint_trajectory_command_broadcaster/share/om_joint_trajectory_command_broadcaster/environment/ament_prefix_path.sh\n'}
[5.271003] (om_joint_trajectory_command_broadcaster) StdoutLine: {'line': b'-- Installing: /home/etri/ros2_ws/install/om_joint_trajectory_command_broadcaster/share/om_joint_trajectory_command_broadcaster/environment/ament_prefix_path.dsv\n'}
[5.271022] (om_joint_trajectory_command_broadcaster) StdoutLine: {'line': b'-- Installing: /home/etri/ros2_ws/install/om_joint_trajectory_command_broadcaster/share/om_joint_trajectory_command_broadcaster/environment/path.sh\n'}
[5.271367] (om_joint_trajectory_command_broadcaster) StdoutLine: {'line': b'-- Installing: /home/etri/ros2_ws/install/om_joint_trajectory_command_broadcaster/share/om_joint_trajectory_command_broadcaster/environment/path.dsv\n'}
[5.271404] (om_joint_trajectory_command_broadcaster) StdoutLine: {'line': b'-- Installing: /home/etri/ros2_ws/install/om_joint_trajectory_command_broadcaster/share/om_joint_trajectory_command_broadcaster/local_setup.bash\n'}
[5.271424] (om_joint_trajectory_command_broadcaster) StdoutLine: {'line': b'-- Installing: /home/etri/ros2_ws/install/om_joint_trajectory_command_broadcaster/share/om_joint_trajectory_command_broadcaster/local_setup.sh\n'}
[5.271444] (om_joint_trajectory_command_broadcaster) StdoutLine: {'line': b'-- Installing: /home/etri/ros2_ws/install/om_joint_trajectory_command_broadcaster/share/om_joint_trajectory_command_broadcaster/local_setup.zsh\n'}
[5.271463] (om_joint_trajectory_command_broadcaster) StdoutLine: {'line': b'-- Installing: /home/etri/ros2_ws/install/om_joint_trajectory_command_broadcaster/share/om_joint_trajectory_command_broadcaster/local_setup.dsv\n'}
[5.271481] (om_joint_trajectory_command_broadcaster) StdoutLine: {'line': b'-- Installing: /home/etri/ros2_ws/install/om_joint_trajectory_command_broadcaster/share/om_joint_trajectory_command_broadcaster/package.dsv\n'}
[5.271499] (om_joint_trajectory_command_broadcaster) StdoutLine: {'line': b'-- Installing: /home/etri/ros2_ws/install/om_joint_trajectory_command_broadcaster/share/ament_index/resource_index/packages/om_joint_trajectory_command_broadcaster\n'}
[5.271517] (om_joint_trajectory_command_broadcaster) StdoutLine: {'line': b'-- Installing: /home/etri/ros2_ws/install/om_joint_trajectory_command_broadcaster/share/ament_index/resource_index/controller_interface__pluginlib__plugin/om_joint_trajectory_command_broadcaster\n'}
[5.271606] (om_joint_trajectory_command_broadcaster) StdoutLine: {'line': b'-- Installing: /home/etri/ros2_ws/install/om_joint_trajectory_command_broadcaster/share/om_joint_trajectory_command_broadcaster/cmake/export_joint_trajectory_command_broadcasterExport.cmake\n'}
[5.271626] (om_joint_trajectory_command_broadcaster) StdoutLine: {'line': b'-- Installing: /home/etri/ros2_ws/install/om_joint_trajectory_command_broadcaster/share/om_joint_trajectory_command_broadcaster/cmake/export_joint_trajectory_command_broadcasterExport-noconfig.cmake\n'}
[5.271642] (om_joint_trajectory_command_broadcaster) StdoutLine: {'line': b'-- Installing: /home/etri/ros2_ws/install/om_joint_trajectory_command_broadcaster/share/om_joint_trajectory_command_broadcaster/cmake/ament_cmake_export_dependencies-extras.cmake\n'}
[5.271658] (om_joint_trajectory_command_broadcaster) StdoutLine: {'line': b'-- Installing: /home/etri/ros2_ws/install/om_joint_trajectory_command_broadcaster/share/om_joint_trajectory_command_broadcaster/cmake/ament_cmake_export_targets-extras.cmake\n'}
[5.271673] (om_joint_trajectory_command_broadcaster) StdoutLine: {'line': b'-- Installing: /home/etri/ros2_ws/install/om_joint_trajectory_command_broadcaster/share/om_joint_trajectory_command_broadcaster/cmake/om_joint_trajectory_command_broadcasterConfig.cmake\n'}
[5.271688] (om_joint_trajectory_command_broadcaster) StdoutLine: {'line': b'-- Installing: /home/etri/ros2_ws/install/om_joint_trajectory_command_broadcaster/share/om_joint_trajectory_command_broadcaster/cmake/om_joint_trajectory_command_broadcasterConfig-version.cmake\n'}
[5.271705] (om_joint_trajectory_command_broadcaster) StdoutLine: {'line': b'-- Installing: /home/etri/ros2_ws/install/om_joint_trajectory_command_broadcaster/share/om_joint_trajectory_command_broadcaster/package.xml\n'}
[5.272292] (om_joint_trajectory_command_broadcaster) CommandEnded: {'returncode': 0}
[5.280521] (om_joint_trajectory_command_broadcaster) JobEnded: {'identifier': 'om_joint_trajectory_command_broadcaster', 'rc': 0}
[5.280726] (-) EventReactorShutdown: {}
