[0.025s] Invoking command in '/home/etri/ros2_ws/build/custom_panda_description': CMAKE_PREFIX_PATH=${CMAKE_PREFIX_PATH}:/home/etri/ros2_ws/install/open_manipulator_bringup:/home/etri/ros2_ws/install/open_manipulator_teleop:/opt/ros/humble /usr/bin/cmake /home/etri/ros2_ws/custom_panda_description -DAMENT_CMAKE_SYMLINK_INSTALL=1 -DCMAKE_INSTALL_PREFIX=/home/etri/ros2_ws/install/custom_panda_description
[0.062s] -- The C compiler identification is GNU 11.4.0
[0.099s] -- The CXX compiler identification is GNU 11.4.0
[0.105s] -- Detecting C compiler ABI info
[0.147s] -- Detecting C compiler ABI info - done
[0.152s] -- Check for working C compiler: /usr/bin/cc - skipped
[0.152s] -- Detecting C compile features
[0.152s] -- Detecting C compile features - done
[0.153s] -- Detecting CXX compiler ABI info
[0.195s] -- Detecting CXX compiler ABI info - done
[0.199s] -- Check for working CXX compiler: /usr/bin/c++ - skipped
[0.199s] -- Detecting CXX compile features
[0.199s] -- Detecting CXX compile features - done
[0.201s] -- Found ament_cmake: 1.3.12 (/opt/ros/humble/share/ament_cmake/cmake)
[0.279s] -- Found Python3: /usr/bin/python3 (found version "3.10.12") found components: Interpreter 
[0.312s] -- Override CMake install command with custom implementation using symlinks instead of copying resources
[0.327s] -- Found urdf: 2.6.1 (/opt/ros/humble/share/urdf/cmake)
[0.350s] -- Found xacro: 2.1.1 (/opt/ros/humble/share/xacro/cmake)
[0.351s] -- Found ament_lint_auto: 0.12.14 (/opt/ros/humble/share/ament_lint_auto/cmake)
[0.395s] -- Added test 'flake8' to check Python code syntax and style conventions
[0.396s] -- Added test 'lint_cmake' to check CMake code style
[0.397s] -- Added test 'pep257' to check Python code against some of the docstring style conventions in PEP 257
[0.398s] -- Added test 'xmllint' to check XML markup files
[0.400s] -- Configuring done
[0.402s] -- Generating done
[0.402s] -- Build files have been written to: /home/etri/ros2_ws/build/custom_panda_description
[0.412s] Invoked command in '/home/etri/ros2_ws/build/custom_panda_description' returned '0': CMAKE_PREFIX_PATH=${CMAKE_PREFIX_PATH}:/home/etri/ros2_ws/install/open_manipulator_bringup:/home/etri/ros2_ws/install/open_manipulator_teleop:/opt/ros/humble /usr/bin/cmake /home/etri/ros2_ws/custom_panda_description -DAMENT_CMAKE_SYMLINK_INSTALL=1 -DCMAKE_INSTALL_PREFIX=/home/etri/ros2_ws/install/custom_panda_description
[0.412s] Invoking command in '/home/etri/ros2_ws/build/custom_panda_description': CMAKE_PREFIX_PATH=${CMAKE_PREFIX_PATH}:/home/etri/ros2_ws/install/open_manipulator_bringup:/home/etri/ros2_ws/install/open_manipulator_teleop:/opt/ros/humble /usr/bin/cmake --build /home/etri/ros2_ws/build/custom_panda_description -- -j24 -l24
[0.431s] Invoked command in '/home/etri/ros2_ws/build/custom_panda_description' returned '0': CMAKE_PREFIX_PATH=${CMAKE_PREFIX_PATH}:/home/etri/ros2_ws/install/open_manipulator_bringup:/home/etri/ros2_ws/install/open_manipulator_teleop:/opt/ros/humble /usr/bin/cmake --build /home/etri/ros2_ws/build/custom_panda_description -- -j24 -l24
[0.432s] Invoking command in '/home/etri/ros2_ws/build/custom_panda_description': CMAKE_PREFIX_PATH=${CMAKE_PREFIX_PATH}:/home/etri/ros2_ws/install/open_manipulator_bringup:/home/etri/ros2_ws/install/open_manipulator_teleop:/opt/ros/humble /usr/bin/cmake --install /home/etri/ros2_ws/build/custom_panda_description
[0.436s] -- Install configuration: ""
[0.436s] -- Execute custom install script
[0.436s] -- Symlinking: /home/etri/ros2_ws/install/custom_panda_description/share/custom_panda_description/urdf/panda_with_robotiq.urdf
[0.440s] -- Symlinking: /home/etri/ros2_ws/install/custom_panda_description/share/custom_panda_description/meshes/inner_finger_coarse.STL
[0.444s] -- Symlinking: /home/etri/ros2_ws/install/custom_panda_description/share/custom_panda_description/meshes/inner_finger_fine.STL
[0.447s] -- Symlinking: /home/etri/ros2_ws/install/custom_panda_description/share/custom_panda_description/meshes/inner_knuckle_coarse.STL
[0.454s] -- Symlinking: /home/etri/ros2_ws/install/custom_panda_description/share/custom_panda_description/meshes/inner_knuckle_fine.STL
[0.454s] -- Symlinking: /home/etri/ros2_ws/install/custom_panda_description/share/custom_panda_description/meshes/outer_finger_coarse.STL
[0.461s] -- Symlinking: /home/etri/ros2_ws/install/custom_panda_description/share/custom_panda_description/meshes/outer_finger_fine.STL
[0.470s] -- Symlinking: /home/etri/ros2_ws/install/custom_panda_description/share/custom_panda_description/meshes/outer_knuckle_coarse.STL
[0.474s] -- Symlinking: /home/etri/ros2_ws/install/custom_panda_description/share/custom_panda_description/meshes/outer_knuckle_fine.STL
[0.476s] -- Symlinking: /home/etri/ros2_ws/install/custom_panda_description/share/custom_panda_description/meshes/robotiq_85_base_link_coarse.STL
[0.483s] -- Symlinking: /home/etri/ros2_ws/install/custom_panda_description/share/custom_panda_description/meshes/robotiq_85_base_link_fine.STL
[0.487s] -- Symlinking: /home/etri/ros2_ws/install/custom_panda_description/share/custom_panda_description/config/kinematics.yaml
[0.492s] -- Symlinking: /home/etri/ros2_ws/install/custom_panda_description/share/custom_panda_description/config/panda_robotiq.ros2_control.xacro
[0.502s] -- Symlinking: /home/etri/ros2_ws/install/custom_panda_description/share/custom_panda_description/config/panda_robotiq.srdf
[0.510s] -- Symlinking: /home/etri/ros2_ws/install/custom_panda_description/share/custom_panda_description/config/ros2_controllers.yaml
[0.524s] -- Symlinking: /home/etri/ros2_ws/install/custom_panda_description/share/custom_panda_description/config/servo_config.yaml
[0.531s] -- Symlinking: /home/etri/ros2_ws/install/custom_panda_description/share/custom_panda_description/config/view_robot.rviz
[0.544s] -- Symlinking: /home/etri/ros2_ws/install/custom_panda_description/share/custom_panda_description/launch/servo_complete.launch.py
[0.554s] -- Symlinking: /home/etri/ros2_ws/install/custom_panda_description/lib/custom_panda_description/joy_to_twist_node.py
[0.561s] -- Symlinking: /home/etri/ros2_ws/install/custom_panda_description/lib/custom_panda_description/trajectory_to_joint_states.py
[0.567s] -- Symlinking: /home/etri/ros2_ws/install/custom_panda_description/lib/custom_panda_description/joy_to_gripper_node.py
[0.574s] -- Symlinking: /home/etri/ros2_ws/install/custom_panda_description/share/ament_index/resource_index/package_run_dependencies/custom_panda_description
[0.578s] -- Symlinking: /home/etri/ros2_ws/install/custom_panda_description/share/ament_index/resource_index/parent_prefix_path/custom_panda_description
[0.584s] -- Symlinking: /home/etri/ros2_ws/install/custom_panda_description/share/custom_panda_description/environment/ament_prefix_path.sh
[0.592s] -- Symlinking: /home/etri/ros2_ws/install/custom_panda_description/share/custom_panda_description/environment/ament_prefix_path.dsv
[0.598s] -- Symlinking: /home/etri/ros2_ws/install/custom_panda_description/share/custom_panda_description/environment/path.sh
[0.604s] -- Symlinking: /home/etri/ros2_ws/install/custom_panda_description/share/custom_panda_description/environment/path.dsv
[0.611s] -- Symlinking: /home/etri/ros2_ws/install/custom_panda_description/share/custom_panda_description/local_setup.bash
[0.618s] -- Symlinking: /home/etri/ros2_ws/install/custom_panda_description/share/custom_panda_description/local_setup.sh
[0.627s] -- Symlinking: /home/etri/ros2_ws/install/custom_panda_description/share/custom_panda_description/local_setup.zsh
[0.635s] -- Symlinking: /home/etri/ros2_ws/install/custom_panda_description/share/custom_panda_description/local_setup.dsv
[0.640s] -- Symlinking: /home/etri/ros2_ws/install/custom_panda_description/share/custom_panda_description/package.dsv
[0.647s] -- Symlinking: /home/etri/ros2_ws/install/custom_panda_description/share/ament_index/resource_index/packages/custom_panda_description
[0.652s] -- Symlinking: /home/etri/ros2_ws/install/custom_panda_description/share/custom_panda_description/cmake/custom_panda_descriptionConfig.cmake
[0.660s] -- Symlinking: /home/etri/ros2_ws/install/custom_panda_description/share/custom_panda_description/cmake/custom_panda_descriptionConfig-version.cmake
[0.668s] -- Symlinking: /home/etri/ros2_ws/install/custom_panda_description/share/custom_panda_description/package.xml
