-- The CXX compiler identification is GNU 11.4.0
-- Detecting CXX compiler ABI info
-- Detecting CXX compiler ABI info - done
-- Check for working CXX compiler: /usr/bin/c++ - skipped
-- Detecting CXX compile features
-- Detecting CXX compile features - done
-- Found ament_cmake: 1.3.12 (/opt/ros/humble/share/ament_cmake/cmake)
-- Found Python3: /usr/bin/python3 (found version "3.10.12") found components: Interpreter 
-- Found builtin_interfaces: 1.2.2 (/opt/ros/humble/share/builtin_interfaces/cmake)
-- Found rosidl_generator_c: 3.1.8 (/opt/ros/humble/share/rosidl_generator_c/cmake)
-- Found rosidl_adapter: 3.1.8 (/opt/ros/humble/share/rosidl_adapter/cmake)
-- Found rosidl_generator_cpp: 3.1.8 (/opt/ros/humble/share/rosidl_generator_cpp/cmake)
-- Using all available rosidl_typesupport_c: rosidl_typesupport_fastrtps_c;rosidl_typesupport_introspection_c
-- Using all available rosidl_typesupport_cpp: rosidl_typesupport_fastrtps_cpp;rosidl_typesupport_introspection_cpp
-- Found controller_interface: 2.53.0 (/opt/ros/humble/share/controller_interface/cmake)
-- Found rmw_implementation_cmake: 6.1.2 (/opt/ros/humble/share/rmw_implementation_cmake/cmake)
-- Found rmw_fastrtps_cpp: 6.2.9 (/opt/ros/humble/share/rmw_fastrtps_cpp/cmake)
-- Found TinyXML2 via Config file: TinyXML2_DIR-NOTFOUND
-- Found OpenSSL: /usr/lib/x86_64-linux-gnu/libcrypto.so (found version "3.0.2")  
-- Found TinyXML2 via Config file: TinyXML2_DIR-NOTFOUND
-- Found FastRTPS: /opt/ros/humble/include  
-- Found TinyXML2 via Config file: TinyXML2_DIR-NOTFOUND
-- Found TinyXML2 via Config file: TinyXML2_DIR-NOTFOUND
-- Using RMW implementation 'rmw_fastrtps_cpp' as default
-- Looking for C++ include pthread.h
-- Looking for C++ include pthread.h - found
-- Performing Test CMAKE_HAVE_LIBC_PTHREAD
-- Performing Test CMAKE_HAVE_LIBC_PTHREAD - Success
-- Found Threads: TRUE  
-- Found generate_parameter_library: 0.6.0 (/opt/ros/humble/share/generate_parameter_library/cmake)
-- Found parameter_traits: 0.6.0 (/opt/ros/humble/share/parameter_traits/cmake)
-- Found realtime_tools: 2.15.0 (/opt/ros/humble/share/realtime_tools/cmake)
-- Found urdf: 2.6.1 (/opt/ros/humble/share/urdf/cmake)
-- Configuring done
-- Generating done
-- Build files have been written to: /home/etri/ros2_ws/build/om_joint_trajectory_command_broadcaster
[ 25%] Running `/opt/ros/humble/bin/generate_parameter_library_cpp /home/etri/ros2_ws/build/om_joint_trajectory_command_broadcaster/include/om_joint_trajectory_command_broadcaster/joint_trajectory_command_broadcaster_parameters.hpp /home/etri/ros2_ws/open_manipulator/ros2_controller/om_joint_trajectory_command_broadcaster/src/joint_trajectory_command_broadcaster_parameters.yaml `
[ 50%] Creating deprecated header file /home/etri/ros2_ws/build/om_joint_trajectory_command_broadcaster/include/joint_trajectory_command_broadcaster_parameters.hpp
[ 50%] Built target joint_trajectory_command_broadcaster_parameters
[ 75%] Building CXX object CMakeFiles/joint_trajectory_command_broadcaster.dir/src/joint_trajectory_command_broadcaster.cpp.o
[100%] Linking CXX shared library libjoint_trajectory_command_broadcaster.so
[100%] Built target joint_trajectory_command_broadcaster
-- Install configuration: ""
-- Installing: /home/etri/ros2_ws/install/om_joint_trajectory_command_broadcaster/include/om_joint_trajectory_command_broadcaster
-- Installing: /home/etri/ros2_ws/install/om_joint_trajectory_command_broadcaster/include/om_joint_trajectory_command_broadcaster/joint_trajectory_command_broadcaster_parameters.hpp
-- Installing: /home/etri/ros2_ws/install/om_joint_trajectory_command_broadcaster/share/om_joint_trajectory_command_broadcaster/joint_trajectory_command_plugin.xml
-- Installing: /home/etri/ros2_ws/install/om_joint_trajectory_command_broadcaster/include/joint_trajectory_command_broadcaster
-- Installing: /home/etri/ros2_ws/install/om_joint_trajectory_command_broadcaster/include/joint_trajectory_command_broadcaster/joint_trajectory_command_broadcaster
-- Installing: /home/etri/ros2_ws/install/om_joint_trajectory_command_broadcaster/include/joint_trajectory_command_broadcaster/joint_trajectory_command_broadcaster/joint_trajectory_command_broadcaster.hpp
-- Installing: /home/etri/ros2_ws/install/om_joint_trajectory_command_broadcaster/include/joint_trajectory_command_broadcaster/joint_trajectory_command_broadcaster/visibility_control.h
-- Installing: /home/etri/ros2_ws/install/om_joint_trajectory_command_broadcaster/lib/libjoint_trajectory_command_broadcaster.so
-- Set runtime path of "/home/etri/ros2_ws/install/om_joint_trajectory_command_broadcaster/lib/libjoint_trajectory_command_broadcaster.so" to ""
-- Installing: /home/etri/ros2_ws/install/om_joint_trajectory_command_broadcaster/share/om_joint_trajectory_command_broadcaster/environment/library_path.sh
-- Installing: /home/etri/ros2_ws/install/om_joint_trajectory_command_broadcaster/share/om_joint_trajectory_command_broadcaster/environment/library_path.dsv
-- Installing: /home/etri/ros2_ws/install/om_joint_trajectory_command_broadcaster/share/ament_index/resource_index/package_run_dependencies/om_joint_trajectory_command_broadcaster
-- Installing: /home/etri/ros2_ws/install/om_joint_trajectory_command_broadcaster/share/ament_index/resource_index/parent_prefix_path/om_joint_trajectory_command_broadcaster
-- Installing: /home/etri/ros2_ws/install/om_joint_trajectory_command_broadcaster/share/om_joint_trajectory_command_broadcaster/environment/ament_prefix_path.sh
-- Installing: /home/etri/ros2_ws/install/om_joint_trajectory_command_broadcaster/share/om_joint_trajectory_command_broadcaster/environment/ament_prefix_path.dsv
-- Installing: /home/etri/ros2_ws/install/om_joint_trajectory_command_broadcaster/share/om_joint_trajectory_command_broadcaster/environment/path.sh
-- Installing: /home/etri/ros2_ws/install/om_joint_trajectory_command_broadcaster/share/om_joint_trajectory_command_broadcaster/environment/path.dsv
-- Installing: /home/etri/ros2_ws/install/om_joint_trajectory_command_broadcaster/share/om_joint_trajectory_command_broadcaster/local_setup.bash
-- Installing: /home/etri/ros2_ws/install/om_joint_trajectory_command_broadcaster/share/om_joint_trajectory_command_broadcaster/local_setup.sh
-- Installing: /home/etri/ros2_ws/install/om_joint_trajectory_command_broadcaster/share/om_joint_trajectory_command_broadcaster/local_setup.zsh
-- Installing: /home/etri/ros2_ws/install/om_joint_trajectory_command_broadcaster/share/om_joint_trajectory_command_broadcaster/local_setup.dsv
-- Installing: /home/etri/ros2_ws/install/om_joint_trajectory_command_broadcaster/share/om_joint_trajectory_command_broadcaster/package.dsv
-- Installing: /home/etri/ros2_ws/install/om_joint_trajectory_command_broadcaster/share/ament_index/resource_index/packages/om_joint_trajectory_command_broadcaster
-- Installing: /home/etri/ros2_ws/install/om_joint_trajectory_command_broadcaster/share/ament_index/resource_index/controller_interface__pluginlib__plugin/om_joint_trajectory_command_broadcaster
-- Installing: /home/etri/ros2_ws/install/om_joint_trajectory_command_broadcaster/share/om_joint_trajectory_command_broadcaster/cmake/export_joint_trajectory_command_broadcasterExport.cmake
-- Installing: /home/etri/ros2_ws/install/om_joint_trajectory_command_broadcaster/share/om_joint_trajectory_command_broadcaster/cmake/export_joint_trajectory_command_broadcasterExport-noconfig.cmake
-- Installing: /home/etri/ros2_ws/install/om_joint_trajectory_command_broadcaster/share/om_joint_trajectory_command_broadcaster/cmake/ament_cmake_export_dependencies-extras.cmake
-- Installing: /home/etri/ros2_ws/install/om_joint_trajectory_command_broadcaster/share/om_joint_trajectory_command_broadcaster/cmake/ament_cmake_export_targets-extras.cmake
-- Installing: /home/etri/ros2_ws/install/om_joint_trajectory_command_broadcaster/share/om_joint_trajectory_command_broadcaster/cmake/om_joint_trajectory_command_broadcasterConfig.cmake
-- Installing: /home/etri/ros2_ws/install/om_joint_trajectory_command_broadcaster/share/om_joint_trajectory_command_broadcaster/cmake/om_joint_trajectory_command_broadcasterConfig-version.cmake
-- Installing: /home/etri/ros2_ws/install/om_joint_trajectory_command_broadcaster/share/om_joint_trajectory_command_broadcaster/package.xml
