[0.004s] Invoking command in '/home/etri/ros2_ws/build/om_joint_trajectory_command_broadcaster': CMAKE_PREFIX_PATH=${CMAKE_PREFIX_PATH}:/home/etri/ros2_ws/install/open_manipulator_teleop:/home/etri/ros2_ws/install/open_manipulator_bringup:/opt/ros/humble /usr/bin/cmake /home/etri/ros2_ws/open_manipulator/ros2_controller/om_joint_trajectory_command_broadcaster -DCMAKE_INSTALL_PREFIX=/home/etri/ros2_ws/install/om_joint_trajectory_command_broadcaster
[0.043s] -- The CXX compiler identification is GNU 11.4.0
[0.046s] -- Detecting CXX compiler ABI info
[0.085s] -- Detecting CXX compiler ABI info - done
[0.088s] -- Check for working CXX compiler: /usr/bin/c++ - skipped
[0.089s] -- Detecting CXX compile features
[0.089s] -- Detecting CXX compile features - done
[0.090s] -- Found ament_cmake: 1.3.12 (/opt/ros/humble/share/ament_cmake/cmake)
[0.168s] -- Found Python3: /usr/bin/python3 (found version "3.10.12") found components: Interpreter 
[0.215s] -- Found builtin_interfaces: 1.2.2 (/opt/ros/humble/share/builtin_interfaces/cmake)
[0.231s] -- Found rosidl_generator_c: 3.1.8 (/opt/ros/humble/share/rosidl_generator_c/cmake)
[0.234s] -- Found rosidl_adapter: 3.1.8 (/opt/ros/humble/share/rosidl_adapter/cmake)
[0.238s] -- Found rosidl_generator_cpp: 3.1.8 (/opt/ros/humble/share/rosidl_generator_cpp/cmake)
[0.244s] -- Using all available rosidl_typesupport_c: rosidl_typesupport_fastrtps_c;rosidl_typesupport_introspection_c
[0.251s] -- Using all available rosidl_typesupport_cpp: rosidl_typesupport_fastrtps_cpp;rosidl_typesupport_introspection_cpp
[0.260s] -- Found controller_interface: 2.53.0 (/opt/ros/humble/share/controller_interface/cmake)
[0.354s] -- Found rmw_implementation_cmake: 6.1.2 (/opt/ros/humble/share/rmw_implementation_cmake/cmake)
[0.355s] -- Found rmw_fastrtps_cpp: 6.2.9 (/opt/ros/humble/share/rmw_fastrtps_cpp/cmake)
[0.371s] -- Found TinyXML2 via Config file: TinyXML2_DIR-NOTFOUND
[0.400s] -- Found OpenSSL: /usr/lib/x86_64-linux-gnu/libcrypto.so (found version "3.0.2")  
[0.402s] -- Found TinyXML2 via Config file: TinyXML2_DIR-NOTFOUND
[0.409s] -- Found FastRTPS: /opt/ros/humble/include  
[0.411s] -- Found TinyXML2 via Config file: TinyXML2_DIR-NOTFOUND
[0.416s] -- Found TinyXML2 via Config file: TinyXML2_DIR-NOTFOUND
[0.422s] -- Using RMW implementation 'rmw_fastrtps_cpp' as default
[0.427s] -- Looking for C++ include pthread.h
[0.486s] -- Looking for C++ include pthread.h - found
[0.486s] -- Performing Test CMAKE_HAVE_LIBC_PTHREAD
[0.548s] -- Performing Test CMAKE_HAVE_LIBC_PTHREAD - Success
[0.548s] -- Found Threads: TRUE  
[0.570s] -- Found generate_parameter_library: 0.6.0 (/opt/ros/humble/share/generate_parameter_library/cmake)
[0.571s] -- Found parameter_traits: 0.6.0 (/opt/ros/humble/share/parameter_traits/cmake)
[0.580s] -- Found realtime_tools: 2.15.0 (/opt/ros/humble/share/realtime_tools/cmake)
[0.587s] -- Found urdf: 2.6.1 (/opt/ros/humble/share/urdf/cmake)
[0.623s] -- Configuring done
[0.629s] -- Generating done
[0.631s] -- Build files have been written to: /home/etri/ros2_ws/build/om_joint_trajectory_command_broadcaster
[0.637s] Invoked command in '/home/etri/ros2_ws/build/om_joint_trajectory_command_broadcaster' returned '0': CMAKE_PREFIX_PATH=${CMAKE_PREFIX_PATH}:/home/etri/ros2_ws/install/open_manipulator_teleop:/home/etri/ros2_ws/install/open_manipulator_bringup:/opt/ros/humble /usr/bin/cmake /home/etri/ros2_ws/open_manipulator/ros2_controller/om_joint_trajectory_command_broadcaster -DCMAKE_INSTALL_PREFIX=/home/etri/ros2_ws/install/om_joint_trajectory_command_broadcaster
[0.637s] Invoking command in '/home/etri/ros2_ws/build/om_joint_trajectory_command_broadcaster': CMAKE_PREFIX_PATH=${CMAKE_PREFIX_PATH}:/home/etri/ros2_ws/install/open_manipulator_teleop:/home/etri/ros2_ws/install/open_manipulator_bringup:/opt/ros/humble /usr/bin/cmake --build /home/etri/ros2_ws/build/om_joint_trajectory_command_broadcaster -- -j24 -l24
[0.666s] [ 25%] Running `/opt/ros/humble/bin/generate_parameter_library_cpp /home/etri/ros2_ws/build/om_joint_trajectory_command_broadcaster/include/om_joint_trajectory_command_broadcaster/joint_trajectory_command_broadcaster_parameters.hpp /home/etri/ros2_ws/open_manipulator/ros2_controller/om_joint_trajectory_command_broadcaster/src/joint_trajectory_command_broadcaster_parameters.yaml `
[0.791s] [ 50%] Creating deprecated header file /home/etri/ros2_ws/build/om_joint_trajectory_command_broadcaster/include/joint_trajectory_command_broadcaster_parameters.hpp
[0.801s] [ 50%] Built target joint_trajectory_command_broadcaster_parameters
[0.815s] [ 75%] Building CXX object CMakeFiles/joint_trajectory_command_broadcaster.dir/src/joint_trajectory_command_broadcaster.cpp.o
[5.018s] [100%] Linking CXX shared library libjoint_trajectory_command_broadcaster.so
[5.251s] [100%] Built target joint_trajectory_command_broadcaster
[5.258s] Invoked command in '/home/etri/ros2_ws/build/om_joint_trajectory_command_broadcaster' returned '0': CMAKE_PREFIX_PATH=${CMAKE_PREFIX_PATH}:/home/etri/ros2_ws/install/open_manipulator_teleop:/home/etri/ros2_ws/install/open_manipulator_bringup:/opt/ros/humble /usr/bin/cmake --build /home/etri/ros2_ws/build/om_joint_trajectory_command_broadcaster -- -j24 -l24
[5.263s] Invoking command in '/home/etri/ros2_ws/build/om_joint_trajectory_command_broadcaster': CMAKE_PREFIX_PATH=${CMAKE_PREFIX_PATH}:/home/etri/ros2_ws/install/open_manipulator_teleop:/home/etri/ros2_ws/install/open_manipulator_bringup:/opt/ros/humble /usr/bin/cmake --install /home/etri/ros2_ws/build/om_joint_trajectory_command_broadcaster
[5.267s] -- Install configuration: ""
[5.268s] -- Installing: /home/etri/ros2_ws/install/om_joint_trajectory_command_broadcaster/include/om_joint_trajectory_command_broadcaster
[5.268s] -- Installing: /home/etri/ros2_ws/install/om_joint_trajectory_command_broadcaster/include/om_joint_trajectory_command_broadcaster/joint_trajectory_command_broadcaster_parameters.hpp
[5.268s] -- Installing: /home/etri/ros2_ws/install/om_joint_trajectory_command_broadcaster/share/om_joint_trajectory_command_broadcaster/joint_trajectory_command_plugin.xml
[5.268s] -- Installing: /home/etri/ros2_ws/install/om_joint_trajectory_command_broadcaster/include/joint_trajectory_command_broadcaster
[5.268s] -- Installing: /home/etri/ros2_ws/install/om_joint_trajectory_command_broadcaster/include/joint_trajectory_command_broadcaster/joint_trajectory_command_broadcaster
[5.268s] -- Installing: /home/etri/ros2_ws/install/om_joint_trajectory_command_broadcaster/include/joint_trajectory_command_broadcaster/joint_trajectory_command_broadcaster/joint_trajectory_command_broadcaster.hpp
[5.268s] -- Installing: /home/etri/ros2_ws/install/om_joint_trajectory_command_broadcaster/include/joint_trajectory_command_broadcaster/joint_trajectory_command_broadcaster/visibility_control.h
[5.268s] -- Installing: /home/etri/ros2_ws/install/om_joint_trajectory_command_broadcaster/lib/libjoint_trajectory_command_broadcaster.so
[5.270s] -- Set runtime path of "/home/etri/ros2_ws/install/om_joint_trajectory_command_broadcaster/lib/libjoint_trajectory_command_broadcaster.so" to ""
[5.270s] -- Installing: /home/etri/ros2_ws/install/om_joint_trajectory_command_broadcaster/share/om_joint_trajectory_command_broadcaster/environment/library_path.sh
[5.270s] -- Installing: /home/etri/ros2_ws/install/om_joint_trajectory_command_broadcaster/share/om_joint_trajectory_command_broadcaster/environment/library_path.dsv
[5.270s] -- Installing: /home/etri/ros2_ws/install/om_joint_trajectory_command_broadcaster/share/ament_index/resource_index/package_run_dependencies/om_joint_trajectory_command_broadcaster
[5.270s] -- Installing: /home/etri/ros2_ws/install/om_joint_trajectory_command_broadcaster/share/ament_index/resource_index/parent_prefix_path/om_joint_trajectory_command_broadcaster
[5.270s] -- Installing: /home/etri/ros2_ws/install/om_joint_trajectory_command_broadcaster/share/om_joint_trajectory_command_broadcaster/environment/ament_prefix_path.sh
[5.270s] -- Installing: /home/etri/ros2_ws/install/om_joint_trajectory_command_broadcaster/share/om_joint_trajectory_command_broadcaster/environment/ament_prefix_path.dsv
[5.270s] -- Installing: /home/etri/ros2_ws/install/om_joint_trajectory_command_broadcaster/share/om_joint_trajectory_command_broadcaster/environment/path.sh
[5.271s] -- Installing: /home/etri/ros2_ws/install/om_joint_trajectory_command_broadcaster/share/om_joint_trajectory_command_broadcaster/environment/path.dsv
[5.271s] -- Installing: /home/etri/ros2_ws/install/om_joint_trajectory_command_broadcaster/share/om_joint_trajectory_command_broadcaster/local_setup.bash
[5.271s] -- Installing: /home/etri/ros2_ws/install/om_joint_trajectory_command_broadcaster/share/om_joint_trajectory_command_broadcaster/local_setup.sh
[5.271s] -- Installing: /home/etri/ros2_ws/install/om_joint_trajectory_command_broadcaster/share/om_joint_trajectory_command_broadcaster/local_setup.zsh
[5.271s] -- Installing: /home/etri/ros2_ws/install/om_joint_trajectory_command_broadcaster/share/om_joint_trajectory_command_broadcaster/local_setup.dsv
[5.271s] -- Installing: /home/etri/ros2_ws/install/om_joint_trajectory_command_broadcaster/share/om_joint_trajectory_command_broadcaster/package.dsv
[5.271s] -- Installing: /home/etri/ros2_ws/install/om_joint_trajectory_command_broadcaster/share/ament_index/resource_index/packages/om_joint_trajectory_command_broadcaster
[5.271s] -- Installing: /home/etri/ros2_ws/install/om_joint_trajectory_command_broadcaster/share/ament_index/resource_index/controller_interface__pluginlib__plugin/om_joint_trajectory_command_broadcaster
[5.271s] -- Installing: /home/etri/ros2_ws/install/om_joint_trajectory_command_broadcaster/share/om_joint_trajectory_command_broadcaster/cmake/export_joint_trajectory_command_broadcasterExport.cmake
[5.271s] -- Installing: /home/etri/ros2_ws/install/om_joint_trajectory_command_broadcaster/share/om_joint_trajectory_command_broadcaster/cmake/export_joint_trajectory_command_broadcasterExport-noconfig.cmake
[5.271s] -- Installing: /home/etri/ros2_ws/install/om_joint_trajectory_command_broadcaster/share/om_joint_trajectory_command_broadcaster/cmake/ament_cmake_export_dependencies-extras.cmake
[5.271s] -- Installing: /home/etri/ros2_ws/install/om_joint_trajectory_command_broadcaster/share/om_joint_trajectory_command_broadcaster/cmake/ament_cmake_export_targets-extras.cmake
[5.271s] -- Installing: /home/etri/ros2_ws/install/om_joint_trajectory_command_broadcaster/share/om_joint_trajectory_command_broadcaster/cmake/om_joint_trajectory_command_broadcasterConfig.cmake
[5.271s] -- Installing: /home/etri/ros2_ws/install/om_joint_trajectory_command_broadcaster/share/om_joint_trajectory_command_broadcaster/cmake/om_joint_trajectory_command_broadcasterConfig-version.cmake
[5.271s] -- Installing: /home/etri/ros2_ws/install/om_joint_trajectory_command_broadcaster/share/om_joint_trajectory_command_broadcaster/package.xml
[5.272s] Invoked command in '/home/etri/ros2_ws/build/om_joint_trajectory_command_broadcaster' returned '0': CMAKE_PREFIX_PATH=${CMAKE_PREFIX_PATH}:/home/etri/ros2_ws/install/open_manipulator_teleop:/home/etri/ros2_ws/install/open_manipulator_bringup:/opt/ros/humble /usr/bin/cmake --install /home/etri/ros2_ws/build/om_joint_trajectory_command_broadcaster
