[0.007s] Invoking command in '/home/etri/ros2_ws/build/realtime_tools': CMAKE_PREFIX_PATH=/opt/ros/humble /usr/bin/cmake /home/etri/ros2_ws/realtime_tools -DAMENT_CMAKE_SYMLINK_INSTALL=1 -DCMAKE_INSTALL_PREFIX=/home/etri/ros2_ws/install/realtime_tools
[0.013s] -- Found ament_cmake: 1.3.12 (/opt/ros/humble/share/ament_cmake/cmake)
[0.068s] -- Override CMake install command with custom implementation using symlinks instead of copying resources
[0.071s] -- Found rclcpp: 16.0.17 (/opt/ros/humble/share/rclcpp/cmake)
[0.083s] -- Found rosidl_generator_c: 3.1.8 (/opt/ros/humble/share/rosidl_generator_c/cmake)
[0.084s] -- Found rosidl_adapter: 3.1.8 (/opt/ros/humble/share/rosidl_adapter/cmake)
[0.087s] -- Found rosidl_generator_cpp: 3.1.8 (/opt/ros/humble/share/rosidl_generator_cpp/cmake)
[0.091s] -- Using all available rosidl_typesupport_c: rosidl_typesupport_fastrtps_c;rosidl_typesupport_introspection_c
[0.096s] -- Using all available rosidl_typesupport_cpp: rosidl_typesupport_fastrtps_cpp;rosidl_typesupport_introspection_cpp
[0.109s] -- Found rmw_implementation_cmake: 6.1.2 (/opt/ros/humble/share/rmw_implementation_cmake/cmake)
[0.110s] -- Found rmw_fastrtps_cpp: 6.2.9 (/opt/ros/humble/share/rmw_fastrtps_cpp/cmake)
[0.166s] -- Using RMW implementation 'rmw_fastrtps_cpp' as default
[0.188s] -- Found rclcpp_action: 16.0.17 (/opt/ros/humble/share/rclcpp_action/cmake)
[0.204s] -- Found ament_cmake_gmock: 1.3.12 (/opt/ros/humble/share/ament_cmake_gmock/cmake)
[0.205s] -- Found lifecycle_msgs: 1.2.2 (/opt/ros/humble/share/lifecycle_msgs/cmake)
[0.208s] -- Found rclcpp_lifecycle: 16.0.17 (/opt/ros/humble/share/rclcpp_lifecycle/cmake)
[0.211s] -- Found test_msgs: 1.2.2 (/opt/ros/humble/share/test_msgs/cmake)
[0.217s] -- Found gmock sources under '/opt/ros/humble/src/gmock_vendor': C++ tests using 'Google Mock' will be built
[0.218s] -- Found ament_cmake_gtest: 1.3.12 (/opt/ros/humble/share/ament_cmake_gtest/cmake)
[0.219s] -- Found gtest sources under '/opt/ros/humble/src/gtest_vendor': C++ tests using 'Google Test' will be built
[0.252s] -- Configuring done
[0.271s] -- Generating done
[0.279s] -- Build files have been written to: /home/etri/ros2_ws/build/realtime_tools
[0.285s] Invoked command in '/home/etri/ros2_ws/build/realtime_tools' returned '0': CMAKE_PREFIX_PATH=/opt/ros/humble /usr/bin/cmake /home/etri/ros2_ws/realtime_tools -DAMENT_CMAKE_SYMLINK_INSTALL=1 -DCMAKE_INSTALL_PREFIX=/home/etri/ros2_ws/install/realtime_tools
[0.285s] Invoking command in '/home/etri/ros2_ws/build/realtime_tools': CMAKE_PREFIX_PATH=/opt/ros/humble /usr/bin/cmake --build /home/etri/ros2_ws/build/realtime_tools -- -j24 -l24
[0.306s] [35m[1mConsolidate compiler generated dependencies of target thread_priority[0m
[0.306s] [35m[1mConsolidate compiler generated dependencies of target gmock_main[0m
[0.306s] [35m[1mConsolidate compiler generated dependencies of target gmock[0m
[0.307s] [35m[1mConsolidate compiler generated dependencies of target realtime_tools[0m
[0.313s] [  6%] Built target gmock_main
[0.314s] [ 16%] Built target gmock
[0.314s] [ 33%] Built target realtime_tools
[0.314s] [ 30%] Built target thread_priority
[0.321s] [35m[1mConsolidate compiler generated dependencies of target realtime_box_tests[0m
[0.321s] [35m[1mConsolidate compiler generated dependencies of target thread_priority_tests[0m
[0.321s] [35m[1mConsolidate compiler generated dependencies of target realtime_buffer_tests[0m
[0.322s] [35m[1mConsolidate compiler generated dependencies of target realtime_box_best_effort_tests[0m
[0.322s] [35m[1mConsolidate compiler generated dependencies of target realtime_clock_tests[0m
[0.322s] [35m[1mConsolidate compiler generated dependencies of target lock_free_queue_tests[0m
[0.322s] [35m[1mConsolidate compiler generated dependencies of target realtime_server_goal_handle_tests[0m
[0.322s] [35m[1mConsolidate compiler generated dependencies of target realtime_publisher_tests[0m
[0.322s] [35m[1mConsolidate compiler generated dependencies of target realtime_mutex_tests[0m
[0.325s] [35m[1mConsolidate compiler generated dependencies of target test_async_function_handler[0m
[0.327s] [ 40%] Built target realtime_box_tests
[0.327s] [ 50%] Built target realtime_box_best_effort_tests
[0.328s] [ 56%] Built target thread_priority_tests
[0.328s] [ 60%] Built target realtime_buffer_tests
[0.330s] [ 66%] Built target realtime_clock_tests
[0.331s] [ 73%] Built target realtime_server_goal_handle_tests
[0.331s] [ 80%] Built target lock_free_queue_tests
[0.332s] [ 86%] Built target realtime_mutex_tests
[0.332s] [ 93%] Built target test_async_function_handler
[0.333s] [100%] Built target realtime_publisher_tests
[0.340s] Invoked command in '/home/etri/ros2_ws/build/realtime_tools' returned '0': CMAKE_PREFIX_PATH=/opt/ros/humble /usr/bin/cmake --build /home/etri/ros2_ws/build/realtime_tools -- -j24 -l24
[0.341s] Invoking command in '/home/etri/ros2_ws/build/realtime_tools': CMAKE_PREFIX_PATH=/opt/ros/humble /usr/bin/cmake --install /home/etri/ros2_ws/build/realtime_tools
[0.344s] -- Install configuration: ""
[0.344s] -- Execute custom install script
[0.344s] -- Up-to-date symlink: /home/etri/ros2_ws/install/realtime_tools/include/realtime_tools/realtime_tools/async_function_handler.hpp
[0.344s] -- Up-to-date symlink: /home/etri/ros2_ws/install/realtime_tools/include/realtime_tools/realtime_tools/lock_free_queue.hpp
[0.344s] -- Up-to-date symlink: /home/etri/ros2_ws/install/realtime_tools/include/realtime_tools/realtime_tools/mutex.hpp
[0.344s] -- Up-to-date symlink: /home/etri/ros2_ws/install/realtime_tools/include/realtime_tools/realtime_tools/realtime_box.h
[0.344s] -- Up-to-date symlink: /home/etri/ros2_ws/install/realtime_tools/include/realtime_tools/realtime_tools/realtime_box.hpp
[0.344s] -- Up-to-date symlink: /home/etri/ros2_ws/install/realtime_tools/include/realtime_tools/realtime_tools/realtime_box_best_effort.h
[0.344s] -- Up-to-date symlink: /home/etri/ros2_ws/install/realtime_tools/include/realtime_tools/realtime_tools/realtime_box_best_effort.hpp
[0.344s] -- Up-to-date symlink: /home/etri/ros2_ws/install/realtime_tools/include/realtime_tools/realtime_tools/realtime_buffer.h
[0.344s] -- Up-to-date symlink: /home/etri/ros2_ws/install/realtime_tools/include/realtime_tools/realtime_tools/realtime_buffer.hpp
[0.344s] -- Up-to-date symlink: /home/etri/ros2_ws/install/realtime_tools/include/realtime_tools/realtime_tools/realtime_clock.h
[0.345s] -- Up-to-date symlink: /home/etri/ros2_ws/install/realtime_tools/include/realtime_tools/realtime_tools/realtime_clock.hpp
[0.345s] -- Up-to-date symlink: /home/etri/ros2_ws/install/realtime_tools/include/realtime_tools/realtime_tools/realtime_helpers.hpp
[0.345s] -- Up-to-date symlink: /home/etri/ros2_ws/install/realtime_tools/include/realtime_tools/realtime_tools/realtime_publisher.h
[0.345s] -- Up-to-date symlink: /home/etri/ros2_ws/install/realtime_tools/include/realtime_tools/realtime_tools/realtime_publisher.hpp
[0.345s] -- Up-to-date symlink: /home/etri/ros2_ws/install/realtime_tools/include/realtime_tools/realtime_tools/realtime_server_goal_handle.h
[0.345s] -- Up-to-date symlink: /home/etri/ros2_ws/install/realtime_tools/include/realtime_tools/realtime_tools/realtime_server_goal_handle.hpp
[0.345s] -- Up-to-date symlink: /home/etri/ros2_ws/install/realtime_tools/include/realtime_tools/realtime_tools/thread_priority.hpp
[0.345s] -- Up-to-date symlink: /home/etri/ros2_ws/install/realtime_tools/share/realtime_tools/environment/library_path.sh
[0.345s] -- Up-to-date symlink: /home/etri/ros2_ws/install/realtime_tools/share/realtime_tools/environment/library_path.dsv
[0.345s] -- Up-to-date symlink: /home/etri/ros2_ws/install/realtime_tools/share/ament_index/resource_index/package_run_dependencies/realtime_tools
[0.345s] -- Up-to-date symlink: /home/etri/ros2_ws/install/realtime_tools/share/ament_index/resource_index/parent_prefix_path/realtime_tools
[0.345s] -- Up-to-date symlink: /home/etri/ros2_ws/install/realtime_tools/share/realtime_tools/environment/ament_prefix_path.sh
[0.345s] -- Up-to-date symlink: /home/etri/ros2_ws/install/realtime_tools/share/realtime_tools/environment/ament_prefix_path.dsv
[0.345s] -- Up-to-date symlink: /home/etri/ros2_ws/install/realtime_tools/share/realtime_tools/environment/path.sh
[0.345s] -- Up-to-date symlink: /home/etri/ros2_ws/install/realtime_tools/share/realtime_tools/environment/path.dsv
[0.345s] -- Up-to-date symlink: /home/etri/ros2_ws/install/realtime_tools/share/realtime_tools/local_setup.bash
[0.345s] -- Up-to-date symlink: /home/etri/ros2_ws/install/realtime_tools/share/realtime_tools/local_setup.sh
[0.345s] -- Up-to-date symlink: /home/etri/ros2_ws/install/realtime_tools/share/realtime_tools/local_setup.zsh
[0.345s] -- Up-to-date symlink: /home/etri/ros2_ws/install/realtime_tools/share/realtime_tools/local_setup.dsv
[0.345s] -- Symlinking: /home/etri/ros2_ws/install/realtime_tools/share/realtime_tools/package.dsv
[0.349s] -- Up-to-date symlink: /home/etri/ros2_ws/install/realtime_tools/share/ament_index/resource_index/packages/realtime_tools
[0.349s] -- Up-to-date symlink: /home/etri/ros2_ws/install/realtime_tools/share/realtime_tools/cmake/ament_cmake_export_targets-extras.cmake
[0.349s] -- Up-to-date symlink: /home/etri/ros2_ws/install/realtime_tools/share/realtime_tools/cmake/ament_cmake_export_dependencies-extras.cmake
[0.349s] -- Up-to-date symlink: /home/etri/ros2_ws/install/realtime_tools/share/realtime_tools/cmake/realtime_toolsConfig.cmake
[0.349s] -- Up-to-date symlink: /home/etri/ros2_ws/install/realtime_tools/share/realtime_tools/cmake/realtime_toolsConfig-version.cmake
[0.349s] -- Up-to-date symlink: /home/etri/ros2_ws/install/realtime_tools/share/realtime_tools/package.xml
[0.349s] -- Up-to-date: /home/etri/ros2_ws/install/realtime_tools/lib/librealtime_tools.so
[0.349s] -- Up-to-date: /home/etri/ros2_ws/install/realtime_tools/lib/libthread_priority.so
[0.349s] -- Up-to-date: /home/etri/ros2_ws/install/realtime_tools/share/realtime_tools/cmake/export_realtime_toolsExport.cmake
[0.349s] -- Up-to-date: /home/etri/ros2_ws/install/realtime_tools/share/realtime_tools/cmake/export_realtime_toolsExport-noconfig.cmake
[0.351s] Invoked command in '/home/etri/ros2_ws/build/realtime_tools' returned '0': CMAKE_PREFIX_PATH=/opt/ros/humble /usr/bin/cmake --install /home/etri/ros2_ws/build/realtime_tools
