[0.000000] (-) TimerEvent: {}
[0.000137] (-) JobUnselected: {'identifier': 'custom_panda_description'}
[0.000149] (-) JobUnselected: {'identifier': 'dynamixel_hardware_interface'}
[0.000156] (-) JobUnselected: {'identifier': 'dynamixel_interfaces'}
[0.000162] (-) JobUnselected: {'identifier': 'dynamixel_sdk'}
[0.000167] (-) JobUnselected: {'identifier': 'dynamixel_sdk_custom_interfaces'}
[0.000172] (-) JobUnselected: {'identifier': 'dynamixel_sdk_examples'}
[0.000177] (-) JobUnselected: {'identifier': 'om_gravity_compensation_controller'}
[0.000182] (-) JobUnselected: {'identifier': 'om_joint_trajectory_command_broadcaster'}
[0.000187] (-) JobUnselected: {'identifier': 'om_spring_actuator_controller'}
[0.000191] (-) JobUnselected: {'identifier': 'open_manipulator'}
[0.000196] (-) JobUnselected: {'identifier': 'open_manipulator_bringup'}
[0.000201] (-) JobUnselected: {'identifier': 'open_manipulator_collision'}
[0.000205] (-) JobUnselected: {'identifier': 'open_manipulator_description'}
[0.000210] (-) JobUnselected: {'identifier': 'open_manipulator_gui'}
[0.000215] (-) JobUnselected: {'identifier': 'open_manipulator_moveit_config'}
[0.000220] (-) JobUnselected: {'identifier': 'open_manipulator_playground'}
[0.000225] (-) JobUnselected: {'identifier': 'open_manipulator_teleop'}
[0.000229] (-) JobUnselected: {'identifier': 'realtime_tools'}
[0.000236] (panda_teleop_omy_l100) JobQueued: {'identifier': 'panda_teleop_omy_l100', 'dependencies': OrderedDict([('custom_panda_description', '/home/etri/ros2_ws/install/custom_panda_description'), ('dynamixel_interfaces', '/home/etri/ros2_ws/install/dynamixel_interfaces'), ('dynamixel_sdk', '/home/etri/ros2_ws/install/dynamixel_sdk'), ('open_manipulator_description', '/home/etri/ros2_ws/install/open_manipulator_description'), ('realtime_tools', '/home/etri/ros2_ws/install/realtime_tools'), ('dynamixel_hardware_interface', '/home/etri/ros2_ws/install/dynamixel_hardware_interface'), ('open_manipulator_bringup', '/home/etri/ros2_ws/install/open_manipulator_bringup')])}
[0.000250] (panda_teleop_omy_l100) JobStarted: {'identifier': 'panda_teleop_omy_l100'}
[0.004896] (panda_teleop_omy_l100) JobEnded: {'identifier': 'panda_teleop_omy_l100', 'rc': 1}
[0.015208] (-) EventReactorShutdown: {}
