[0.008s] Invoking command in '/home/etri/ros2_ws/build/realtime_tools': CMAKE_PREFIX_PATH=/opt/ros/humble /usr/bin/cmake /home/etri/ros2_ws/realtime_tools -DCMAKE_INSTALL_PREFIX=/home/etri/ros2_ws/install/realtime_tools
[0.017s] -- Found ament_cmake: 1.3.12 (/opt/ros/humble/share/ament_cmake/cmake)
[0.079s] -- Override CMake install command with custom implementation using symlinks instead of copying resources
[0.092s] -- Found rclcpp: 16.0.17 (/opt/ros/humble/share/rclcpp/cmake)
[0.117s] -- Found rosidl_generator_c: 3.1.8 (/opt/ros/humble/share/rosidl_generator_c/cmake)
[0.119s] -- Found rosidl_adapter: 3.1.8 (/opt/ros/humble/share/rosidl_adapter/cmake)
[0.124s] -- Found rosidl_generator_cpp: 3.1.8 (/opt/ros/humble/share/rosidl_generator_cpp/cmake)
[0.130s] -- Using all available rosidl_typesupport_c: rosidl_typesupport_fastrtps_c;rosidl_typesupport_introspection_c
[0.136s] -- Using all available rosidl_typesupport_cpp: rosidl_typesupport_fastrtps_cpp;rosidl_typesupport_introspection_cpp
[0.160s] -- Found rmw_implementation_cmake: 6.1.2 (/opt/ros/humble/share/rmw_implementation_cmake/cmake)
[0.163s] -- Found rmw_fastrtps_cpp: 6.2.9 (/opt/ros/humble/share/rmw_fastrtps_cpp/cmake)
[0.219s] -- Using RMW implementation 'rmw_fastrtps_cpp' as default
[0.251s] -- Found rclcpp_action: 16.0.17 (/opt/ros/humble/share/rclcpp_action/cmake)
[0.274s] -- Found ament_cmake_gmock: 1.3.12 (/opt/ros/humble/share/ament_cmake_gmock/cmake)
[0.275s] -- Found lifecycle_msgs: 1.2.2 (/opt/ros/humble/share/lifecycle_msgs/cmake)
[0.282s] -- Found rclcpp_lifecycle: 16.0.17 (/opt/ros/humble/share/rclcpp_lifecycle/cmake)
[0.293s] [31mCMake Error at CMakeLists.txt:74 (find_package):
[0.294s]   By not providing "Findtest_msgs.cmake" in CMAKE_MODULE_PATH this project
[0.294s]   has asked CMake to find a package configuration file provided by
[0.294s]   "test_msgs", but CMake did not find one.
[0.294s] 
[0.294s]   Could not find a package configuration file provided by "test_msgs" with
[0.294s]   any of the following names:
[0.294s] 
[0.294s]     test_msgsConfig.cmake
[0.294s]     test_msgs-config.cmake
[0.294s] 
[0.294s]   Add the installation prefix of "test_msgs" to CMAKE_PREFIX_PATH or set
[0.294s]   "test_msgs_DIR" to a directory containing one of the above files.  If
[0.294s]   "test_msgs" provides a separate development package or SDK, be sure it has
[0.294s]   been installed.
[0.294s] 
[0.294s] [0m
[0.294s] -- Configuring incomplete, errors occurred!
[0.294s] See also "/home/etri/ros2_ws/build/realtime_tools/CMakeFiles/CMakeOutput.log".
[0.297s] Invoked command in '/home/etri/ros2_ws/build/realtime_tools' returned '1': CMAKE_PREFIX_PATH=/opt/ros/humble /usr/bin/cmake /home/etri/ros2_ws/realtime_tools -DCMAKE_INSTALL_PREFIX=/home/etri/ros2_ws/install/realtime_tools
