-- Found ament_cmake: 1.3.12 (/opt/ros/humble/share/ament_cmake/cmake)
-- Override CMake install command with custom implementation using symlinks instead of copying resources
-- Configuring done
-- Generating done
-- Build files have been written to: /home/etri/ros2_ws/build/dynamixel_sdk
Consolidate compiler generated dependencies of target dynamixel_sdk
[  0%] Built target ament_cmake_python_symlink_dynamixel_sdk
[  0%] Built target ament_cmake_python_symlink_dynamixel_easy_sdk
[100%] Built target dynamixel_sdk
running egg_info
running egg_info
writing dynamixel_easy_sdk.egg-info/PKG-INFO
writing dependency_links to dynamixel_easy_sdk.egg-info/dependency_links.txt
writing top-level names to dynamixel_easy_sdk.egg-info/top_level.txt
writing dynamixel_sdk.egg-info/PKG-INFO
writing dependency_links to dynamixel_sdk.egg-info/dependency_links.txt
writing top-level names to dynamixel_sdk.egg-info/top_level.txt
reading manifest file 'dynamixel_easy_sdk.egg-info/SOURCES.txt'
writing manifest file 'dynamixel_easy_sdk.egg-info/SOURCES.txt'
reading manifest file 'dynamixel_sdk.egg-info/SOURCES.txt'
writing manifest file 'dynamixel_sdk.egg-info/SOURCES.txt'
[100%] Built target ament_cmake_python_build_dynamixel_sdk_egg
[100%] Built target ament_cmake_python_build_dynamixel_easy_sdk_egg
