[0.051s] Invoking command in '/home/etri/ros2_ws/build/dynamixel_sdk': CMAKE_PREFIX_PATH=${CMAKE_PREFIX_PATH}:/home/etri/ros2_ws/install/open_manipulator_bringup:/home/etri/ros2_ws/install/open_manipulator_teleop:/home/etri/ros2_ws/install/open_manipulator_description:/home/etri/ros2_ws/install/custom_panda_description:/opt/ros/humble /usr/bin/cmake /home/etri/ros2_ws/DynamixelSDK/ros/dynamixel_sdk -DCMAKE_INSTALL_PREFIX=/home/etri/ros2_ws/install/dynamixel_sdk
[0.053s] -- Found ament_cmake: 1.3.12 (/opt/ros/humble/share/ament_cmake/cmake)
[0.114s] -- Override CMake install command with custom implementation using symlinks instead of copying resources
[0.235s] -- Configuring done
[0.235s] -- Generating done
[0.235s] -- Build files have been written to: /home/etri/ros2_ws/build/dynamixel_sdk
[0.241s] Invoked command in '/home/etri/ros2_ws/build/dynamixel_sdk' returned '0': CMAKE_PREFIX_PATH=${CMAKE_PREFIX_PATH}:/home/etri/ros2_ws/install/open_manipulator_bringup:/home/etri/ros2_ws/install/open_manipulator_teleop:/home/etri/ros2_ws/install/open_manipulator_description:/home/etri/ros2_ws/install/custom_panda_description:/opt/ros/humble /usr/bin/cmake /home/etri/ros2_ws/DynamixelSDK/ros/dynamixel_sdk -DCMAKE_INSTALL_PREFIX=/home/etri/ros2_ws/install/dynamixel_sdk
[0.241s] Invoking command in '/home/etri/ros2_ws/build/dynamixel_sdk': CMAKE_PREFIX_PATH=${CMAKE_PREFIX_PATH}:/home/etri/ros2_ws/install/open_manipulator_bringup:/home/etri/ros2_ws/install/open_manipulator_teleop:/home/etri/ros2_ws/install/open_manipulator_description:/home/etri/ros2_ws/install/custom_panda_description:/opt/ros/humble /usr/bin/cmake --build /home/etri/ros2_ws/build/dynamixel_sdk -- -j24 -l24
[0.260s] Consolidate compiler generated dependencies of target dynamixel_sdk
[0.264s] [  0%] Built target ament_cmake_python_symlink_dynamixel_sdk
[0.266s] [  0%] Built target ament_cmake_python_symlink_dynamixel_easy_sdk
[0.269s] [100%] Built target dynamixel_sdk
[0.362s] running egg_info
[0.363s] running egg_info
[0.363s] writing dynamixel_easy_sdk.egg-info/PKG-INFO
[0.363s] writing dependency_links to dynamixel_easy_sdk.egg-info/dependency_links.txt
[0.364s] writing top-level names to dynamixel_easy_sdk.egg-info/top_level.txt
[0.364s] writing dynamixel_sdk.egg-info/PKG-INFO
[0.364s] writing dependency_links to dynamixel_sdk.egg-info/dependency_links.txt
[0.364s] writing top-level names to dynamixel_sdk.egg-info/top_level.txt
[0.364s] reading manifest file 'dynamixel_easy_sdk.egg-info/SOURCES.txt'
[0.364s] writing manifest file 'dynamixel_easy_sdk.egg-info/SOURCES.txt'
[0.364s] reading manifest file 'dynamixel_sdk.egg-info/SOURCES.txt'
[0.364s] writing manifest file 'dynamixel_sdk.egg-info/SOURCES.txt'
[0.379s] [100%] Built target ament_cmake_python_build_dynamixel_sdk_egg
[0.379s] [100%] Built target ament_cmake_python_build_dynamixel_easy_sdk_egg
