[0.000000] (-) TimerEvent: {}
[0.000055] (-) JobUnselected: {'identifier': 'custom_panda_description'}
[0.000067] (-) JobUnselected: {'identifier': 'dynamixel_hardware_interface'}
[0.000074] (-) JobUnselected: {'identifier': 'dynamixel_interfaces'}
[0.000080] (-) JobUnselected: {'identifier': 'dynamixel_sdk'}
[0.000085] (-) JobUnselected: {'identifier': 'dynamixel_sdk_custom_interfaces'}
[0.000090] (-) JobUnselected: {'identifier': 'dynamixel_sdk_examples'}
[0.000095] (-) JobUnselected: {'identifier': 'om_gravity_compensation_controller'}
[0.000100] (-) JobUnselected: {'identifier': 'om_joint_trajectory_command_broadcaster'}
[0.000105] (-) JobUnselected: {'identifier': 'om_spring_actuator_controller'}
[0.000111] (-) JobUnselected: {'identifier': 'open_manipulator'}
[0.000116] (-) JobUnselected: {'identifier': 'open_manipulator_bringup'}
[0.000121] (-) JobUnselected: {'identifier': 'open_manipulator_collision'}
[0.000126] (-) JobUnselected: {'identifier': 'open_manipulator_description'}
[0.000131] (-) JobUnselected: {'identifier': 'open_manipulator_gui'}
[0.000135] (-) JobUnselected: {'identifier': 'open_manipulator_moveit_config'}
[0.000140] (-) JobUnselected: {'identifier': 'open_manipulator_playground'}
[0.000144] (-) JobUnselected: {'identifier': 'open_manipulator_teleop'}
[0.000149] (-) JobUnselected: {'identifier': 'realtime_tools'}
[0.000155] (panda_teleop_omy_l100) JobQueued: {'identifier': 'panda_teleop_omy_l100', 'dependencies': OrderedDict([('custom_panda_description', '/home/etri/ros2_ws/install/custom_panda_description'), ('dynamixel_interfaces', '/home/etri/ros2_ws/install/dynamixel_interfaces'), ('dynamixel_sdk', '/home/etri/ros2_ws/install/dynamixel_sdk'), ('open_manipulator_description', '/home/etri/ros2_ws/install/open_manipulator_description'), ('realtime_tools', '/home/etri/ros2_ws/install/realtime_tools'), ('dynamixel_hardware_interface', '/home/etri/ros2_ws/install/dynamixel_hardware_interface'), ('open_manipulator_bringup', '/home/etri/ros2_ws/install/open_manipulator_bringup')])}
[0.000167] (panda_teleop_omy_l100) JobStarted: {'identifier': 'panda_teleop_omy_l100'}
[0.004243] (panda_teleop_omy_l100) JobEnded: {'identifier': 'panda_teleop_omy_l100', 'rc': 1}
[0.014597] (-) EventReactorShutdown: {}
