[0.009s] Invoking command in '/home/etri/ros2_ws/build/dynamixel_interfaces': CMAKE_PREFIX_PATH=${CMAKE_PREFIX_PATH}:/home/etri/ros2_ws/install/open_manipulator_teleop:/home/etri/ros2_ws/install/open_manipulator_bringup:/opt/ros/humble /usr/bin/cmake --build /home/etri/ros2_ws/build/dynamixel_interfaces -- -j24 -l24
[0.031s] [  1%] Generating C code for ROS interfaces
[0.037s] [  3%] Generating C++ code for ROS interfaces
[0.042s] [  3%] Built target ament_cmake_python_copy_dynamixel_interfaces
[0.140s] running egg_info
[0.140s] creating dynamixel_interfaces.egg-info
[0.140s] writing dynamixel_interfaces.egg-info/PKG-INFO
[0.140s] writing dependency_links to dynamixel_interfaces.egg-info/dependency_links.txt
[0.140s] writing top-level names to dynamixel_interfaces.egg-info/top_level.txt
[0.141s] writing manifest file 'dynamixel_interfaces.egg-info/SOURCES.txt'
[0.141s] reading manifest file 'dynamixel_interfaces.egg-info/SOURCES.txt'
[0.142s] writing manifest file 'dynamixel_interfaces.egg-info/SOURCES.txt'
[0.158s] [  3%] Built target ament_cmake_python_build_dynamixel_interfaces_egg
[0.275s] [  5%] Building C object CMakeFiles/dynamixel_interfaces__rosidl_generator_c.dir/rosidl_generator_c/dynamixel_interfaces/msg/detail/dynamixel_state__functions.c.o
[0.276s] [  7%] Building C object CMakeFiles/dynamixel_interfaces__rosidl_generator_c.dir/rosidl_generator_c/dynamixel_interfaces/srv/detail/set_data_to_dxl__functions.c.o
[0.276s] [  9%] Building C object CMakeFiles/dynamixel_interfaces__rosidl_generator_c.dir/rosidl_generator_c/dynamixel_interfaces/srv/detail/get_data_from_dxl__functions.c.o
[0.277s] [ 10%] Building C object CMakeFiles/dynamixel_interfaces__rosidl_generator_c.dir/rosidl_generator_c/dynamixel_interfaces/srv/detail/reboot_dxl__functions.c.o
[0.283s] [ 10%] Built target dynamixel_interfaces__cpp
[0.289s] [ 16%] Generating C++ type support for eProsima Fast-RTPS
[0.289s] [ 16%] Generating C++ type support dispatch for ROS interfaces
[0.289s] [ 16%] Generating C++ introspection for ROS interfaces
[0.317s] [ 18%] Linking C shared library libdynamixel_interfaces__rosidl_generator_c.so
[0.336s] [ 18%] Built target dynamixel_interfaces__rosidl_generator_c
[0.341s] [ 20%] Generating C introspection for ROS interfaces
[0.341s] [ 21%] Generating C type support for eProsima Fast-RTPS
[0.342s] [ 23%] Generating C type support dispatch for ROS interfaces
[0.468s] [ 27%] Building CXX object CMakeFiles/dynamixel_interfaces__rosidl_typesupport_cpp.dir/rosidl_typesupport_cpp/dynamixel_interfaces/srv/reboot_dxl__type_support.cpp.o
[0.468s] [ 27%] Building CXX object CMakeFiles/dynamixel_interfaces__rosidl_typesupport_cpp.dir/rosidl_typesupport_cpp/dynamixel_interfaces/srv/set_data_to_dxl__type_support.cpp.o
[0.470s] [ 29%] Building CXX object CMakeFiles/dynamixel_interfaces__rosidl_typesupport_cpp.dir/rosidl_typesupport_cpp/dynamixel_interfaces/msg/dynamixel_state__type_support.cpp.o
[0.470s] [ 30%] Building CXX object CMakeFiles/dynamixel_interfaces__rosidl_typesupport_cpp.dir/rosidl_typesupport_cpp/dynamixel_interfaces/srv/get_data_from_dxl__type_support.cpp.o
[0.497s] [ 36%] Building CXX object CMakeFiles/dynamixel_interfaces__rosidl_typesupport_introspection_cpp.dir/rosidl_typesupport_introspection_cpp/dynamixel_interfaces/srv/detail/get_data_from_dxl__type_support.cpp.o
[0.498s] [ 36%] Building CXX object CMakeFiles/dynamixel_interfaces__rosidl_typesupport_introspection_cpp.dir/rosidl_typesupport_introspection_cpp/dynamixel_interfaces/srv/detail/set_data_to_dxl__type_support.cpp.o
[0.498s] [ 36%] Building CXX object CMakeFiles/dynamixel_interfaces__rosidl_typesupport_introspection_cpp.dir/rosidl_typesupport_introspection_cpp/dynamixel_interfaces/msg/detail/dynamixel_state__type_support.cpp.o
[0.498s] [ 38%] Building CXX object CMakeFiles/dynamixel_interfaces__rosidl_typesupport_introspection_cpp.dir/rosidl_typesupport_introspection_cpp/dynamixel_interfaces/srv/detail/reboot_dxl__type_support.cpp.o
[0.504s] [ 40%] Building CXX object CMakeFiles/dynamixel_interfaces__rosidl_typesupport_fastrtps_cpp.dir/rosidl_typesupport_fastrtps_cpp/dynamixel_interfaces/msg/detail/dds_fastrtps/dynamixel_state__type_support.cpp.o
[0.504s] [ 41%] Building CXX object CMakeFiles/dynamixel_interfaces__rosidl_typesupport_fastrtps_cpp.dir/rosidl_typesupport_fastrtps_cpp/dynamixel_interfaces/srv/detail/dds_fastrtps/set_data_to_dxl__type_support.cpp.o
[0.504s] [ 43%] Building CXX object CMakeFiles/dynamixel_interfaces__rosidl_typesupport_fastrtps_cpp.dir/rosidl_typesupport_fastrtps_cpp/dynamixel_interfaces/srv/detail/dds_fastrtps/get_data_from_dxl__type_support.cpp.o
[0.505s] [ 45%] Building CXX object CMakeFiles/dynamixel_interfaces__rosidl_typesupport_fastrtps_cpp.dir/rosidl_typesupport_fastrtps_cpp/dynamixel_interfaces/srv/detail/dds_fastrtps/reboot_dxl__type_support.cpp.o
[0.534s] [ 50%] Building CXX object CMakeFiles/dynamixel_interfaces__rosidl_typesupport_c.dir/rosidl_typesupport_c/dynamixel_interfaces/msg/dynamixel_state__type_support.cpp.o
[0.534s] [ 50%] Building CXX object CMakeFiles/dynamixel_interfaces__rosidl_typesupport_c.dir/rosidl_typesupport_c/dynamixel_interfaces/srv/get_data_from_dxl__type_support.cpp.o
[0.534s] [ 50%] Building CXX object CMakeFiles/dynamixel_interfaces__rosidl_typesupport_c.dir/rosidl_typesupport_c/dynamixel_interfaces/srv/set_data_to_dxl__type_support.cpp.o
[0.534s] [ 52%] Building CXX object CMakeFiles/dynamixel_interfaces__rosidl_typesupport_c.dir/rosidl_typesupport_c/dynamixel_interfaces/srv/reboot_dxl__type_support.cpp.o
[0.557s] [ 56%] Building C object CMakeFiles/dynamixel_interfaces__rosidl_typesupport_introspection_c.dir/rosidl_typesupport_introspection_c/dynamixel_interfaces/msg/detail/dynamixel_state__type_support.c.o
[0.557s] [ 56%] Linking CXX shared library libdynamixel_interfaces__rosidl_typesupport_c.so
[0.557s] [ 60%] Building C object CMakeFiles/dynamixel_interfaces__rosidl_typesupport_introspection_c.dir/rosidl_typesupport_introspection_c/dynamixel_interfaces/srv/detail/set_data_to_dxl__type_support.c.o
[0.558s] [ 60%] Building C object CMakeFiles/dynamixel_interfaces__rosidl_typesupport_introspection_c.dir/rosidl_typesupport_introspection_c/dynamixel_interfaces/srv/detail/get_data_from_dxl__type_support.c.o
[0.558s] [ 61%] Building C object CMakeFiles/dynamixel_interfaces__rosidl_typesupport_introspection_c.dir/rosidl_typesupport_introspection_c/dynamixel_interfaces/srv/detail/reboot_dxl__type_support.c.o
[0.572s] [ 69%] Building CXX object CMakeFiles/dynamixel_interfaces__rosidl_typesupport_fastrtps_c.dir/rosidl_typesupport_fastrtps_c/dynamixel_interfaces/msg/detail/dynamixel_state__type_support_c.cpp.o
[0.572s] [ 69%] Building CXX object CMakeFiles/dynamixel_interfaces__rosidl_typesupport_fastrtps_c.dir/rosidl_typesupport_fastrtps_c/dynamixel_interfaces/srv/detail/get_data_from_dxl__type_support_c.cpp.o
[0.572s] [ 69%] Building CXX object CMakeFiles/dynamixel_interfaces__rosidl_typesupport_fastrtps_c.dir/rosidl_typesupport_fastrtps_c/dynamixel_interfaces/srv/detail/reboot_dxl__type_support_c.cpp.o
[0.573s] [ 69%] Building CXX object CMakeFiles/dynamixel_interfaces__rosidl_typesupport_fastrtps_c.dir/rosidl_typesupport_fastrtps_c/dynamixel_interfaces/srv/detail/set_data_to_dxl__type_support_c.cpp.o
[0.586s] [ 69%] Built target dynamixel_interfaces__rosidl_typesupport_c
[0.636s] [ 70%] Linking C shared library libdynamixel_interfaces__rosidl_typesupport_introspection_c.so
[0.637s] [ 72%] Linking CXX shared library libdynamixel_interfaces__rosidl_typesupport_cpp.so
[0.658s] [ 72%] Built target dynamixel_interfaces__rosidl_typesupport_introspection_c
[0.665s] [ 72%] Built target dynamixel_interfaces__rosidl_typesupport_cpp
[0.731s] [ 74%] Linking CXX shared library libdynamixel_interfaces__rosidl_typesupport_fastrtps_c.so
[0.737s] [ 76%] Linking CXX shared library libdynamixel_interfaces__rosidl_typesupport_fastrtps_cpp.so
[0.747s] [ 78%] Linking CXX shared library libdynamixel_interfaces__rosidl_typesupport_introspection_cpp.so
[0.771s] [ 78%] Built target dynamixel_interfaces__rosidl_typesupport_fastrtps_c
[0.776s] [ 78%] Built target dynamixel_interfaces__rosidl_typesupport_fastrtps_cpp
[0.789s] [ 78%] Built target dynamixel_interfaces__rosidl_typesupport_introspection_cpp
[0.801s] [ 78%] Built target dynamixel_interfaces
[0.812s] [ 80%] Generating Python code for ROS interfaces
[1.186s] [ 80%] Built target dynamixel_interfaces__py
[1.196s] [ 81%] Building C object CMakeFiles/dynamixel_interfaces__rosidl_generator_py.dir/rosidl_generator_py/dynamixel_interfaces/srv/_get_data_from_dxl_s.c.o
[1.197s] [ 85%] Building C object CMakeFiles/dynamixel_interfaces__rosidl_generator_py.dir/rosidl_generator_py/dynamixel_interfaces/srv/_set_data_to_dxl_s.c.o
[1.197s] [ 87%] Building C object CMakeFiles/dynamixel_interfaces__rosidl_generator_py.dir/rosidl_generator_py/dynamixel_interfaces/srv/_reboot_dxl_s.c.o
[1.197s] [ 87%] Building C object CMakeFiles/dynamixel_interfaces__rosidl_generator_py.dir/rosidl_generator_py/dynamixel_interfaces/msg/_dynamixel_state_s.c.o
[1.250s] [ 89%] Linking C shared library rosidl_generator_py/dynamixel_interfaces/libdynamixel_interfaces__rosidl_generator_py.so
[1.273s] [ 89%] Built target dynamixel_interfaces__rosidl_generator_py
[1.284s] [ 90%] Building C object CMakeFiles/dynamixel_interfaces__rosidl_typesupport_introspection_c__pyext.dir/rosidl_generator_py/dynamixel_interfaces/_dynamixel_interfaces_s.ep.rosidl_typesupport_introspection_c.c.o
[1.285s] [ 94%] Building C object CMakeFiles/dynamixel_interfaces__rosidl_typesupport_c__pyext.dir/rosidl_generator_py/dynamixel_interfaces/_dynamixel_interfaces_s.ep.rosidl_typesupport_c.c.o
[1.285s] [ 94%] Building C object CMakeFiles/dynamixel_interfaces__rosidl_typesupport_fastrtps_c__pyext.dir/rosidl_generator_py/dynamixel_interfaces/_dynamixel_interfaces_s.ep.rosidl_typesupport_fastrtps_c.c.o
[1.335s] [ 96%] Linking C shared library rosidl_generator_py/dynamixel_interfaces/dynamixel_interfaces_s__rosidl_typesupport_fastrtps_c.cpython-310-x86_64-linux-gnu.so
[1.335s] [ 98%] Linking C shared library rosidl_generator_py/dynamixel_interfaces/dynamixel_interfaces_s__rosidl_typesupport_introspection_c.cpython-310-x86_64-linux-gnu.so
[1.338s] [100%] Linking C shared library rosidl_generator_py/dynamixel_interfaces/dynamixel_interfaces_s__rosidl_typesupport_c.cpython-310-x86_64-linux-gnu.so
[1.364s] [100%] Built target dynamixel_interfaces__rosidl_typesupport_fastrtps_c__pyext
[1.364s] [100%] Built target dynamixel_interfaces__rosidl_typesupport_introspection_c__pyext
[1.366s] [100%] Built target dynamixel_interfaces__rosidl_typesupport_c__pyext
[1.419s] Invoked command in '/home/etri/ros2_ws/build/dynamixel_interfaces' returned '0': CMAKE_PREFIX_PATH=${CMAKE_PREFIX_PATH}:/home/etri/ros2_ws/install/open_manipulator_teleop:/home/etri/ros2_ws/install/open_manipulator_bringup:/opt/ros/humble /usr/bin/cmake --build /home/etri/ros2_ws/build/dynamixel_interfaces -- -j24 -l24
[1.421s] Invoking command in '/home/etri/ros2_ws/build/dynamixel_interfaces': CMAKE_PREFIX_PATH=${CMAKE_PREFIX_PATH}:/home/etri/ros2_ws/install/open_manipulator_teleop:/home/etri/ros2_ws/install/open_manipulator_bringup:/opt/ros/humble /usr/bin/cmake --install /home/etri/ros2_ws/build/dynamixel_interfaces
[1.427s] -- Install configuration: ""
[1.427s] -- Installing: /home/etri/ros2_ws/install/dynamixel_interfaces/share/ament_index/resource_index/rosidl_interfaces/dynamixel_interfaces
[1.427s] -- Installing: /home/etri/ros2_ws/install/dynamixel_interfaces/include/dynamixel_interfaces/dynamixel_interfaces
[1.427s] -- Installing: /home/etri/ros2_ws/install/dynamixel_interfaces/include/dynamixel_interfaces/dynamixel_interfaces/srv
[1.427s] -- Installing: /home/etri/ros2_ws/install/dynamixel_interfaces/include/dynamixel_interfaces/dynamixel_interfaces/srv/detail
[1.427s] -- Installing: /home/etri/ros2_ws/install/dynamixel_interfaces/include/dynamixel_interfaces/dynamixel_interfaces/srv/detail/reboot_dxl__struct.h
[1.427s] -- Installing: /home/etri/ros2_ws/install/dynamixel_interfaces/include/dynamixel_interfaces/dynamixel_interfaces/srv/detail/reboot_dxl__functions.h
[1.427s] -- Installing: /home/etri/ros2_ws/install/dynamixel_interfaces/include/dynamixel_interfaces/dynamixel_interfaces/srv/detail/get_data_from_dxl__functions.h
[1.427s] -- Installing: /home/etri/ros2_ws/install/dynamixel_interfaces/include/dynamixel_interfaces/dynamixel_interfaces/srv/detail/get_data_from_dxl__functions.c
[1.427s] -- Installing: /home/etri/ros2_ws/install/dynamixel_interfaces/include/dynamixel_interfaces/dynamixel_interfaces/srv/detail/set_data_to_dxl__functions.h
[1.427s] -- Installing: /home/etri/ros2_ws/install/dynamixel_interfaces/include/dynamixel_interfaces/dynamixel_interfaces/srv/detail/get_data_from_dxl__struct.h
[1.427s] -- Installing: /home/etri/ros2_ws/install/dynamixel_interfaces/include/dynamixel_interfaces/dynamixel_interfaces/srv/detail/reboot_dxl__type_support.h
[1.427s] -- Installing: /home/etri/ros2_ws/install/dynamixel_interfaces/include/dynamixel_interfaces/dynamixel_interfaces/srv/detail/reboot_dxl__functions.c
[1.427s] -- Installing: /home/etri/ros2_ws/install/dynamixel_interfaces/include/dynamixel_interfaces/dynamixel_interfaces/srv/detail/set_data_to_dxl__struct.h
[1.427s] -- Installing: /home/etri/ros2_ws/install/dynamixel_interfaces/include/dynamixel_interfaces/dynamixel_interfaces/srv/detail/get_data_from_dxl__type_support.h
[1.427s] -- Installing: /home/etri/ros2_ws/install/dynamixel_interfaces/include/dynamixel_interfaces/dynamixel_interfaces/srv/detail/set_data_to_dxl__functions.c
[1.428s] -- Installing: /home/etri/ros2_ws/install/dynamixel_interfaces/include/dynamixel_interfaces/dynamixel_interfaces/srv/detail/set_data_to_dxl__type_support.h
[1.428s] -- Installing: /home/etri/ros2_ws/install/dynamixel_interfaces/include/dynamixel_interfaces/dynamixel_interfaces/srv/reboot_dxl.h
[1.428s] -- Installing: /home/etri/ros2_ws/install/dynamixel_interfaces/include/dynamixel_interfaces/dynamixel_interfaces/srv/get_data_from_dxl.h
[1.428s] -- Installing: /home/etri/ros2_ws/install/dynamixel_interfaces/include/dynamixel_interfaces/dynamixel_interfaces/srv/set_data_to_dxl.h
[1.428s] -- Installing: /home/etri/ros2_ws/install/dynamixel_interfaces/include/dynamixel_interfaces/dynamixel_interfaces/msg
[1.428s] -- Installing: /home/etri/ros2_ws/install/dynamixel_interfaces/include/dynamixel_interfaces/dynamixel_interfaces/msg/detail
[1.429s] -- Installing: /home/etri/ros2_ws/install/dynamixel_interfaces/include/dynamixel_interfaces/dynamixel_interfaces/msg/detail/dynamixel_state__functions.c
[1.429s] -- Installing: /home/etri/ros2_ws/install/dynamixel_interfaces/include/dynamixel_interfaces/dynamixel_interfaces/msg/detail/dynamixel_state__functions.h
[1.429s] -- Installing: /home/etri/ros2_ws/install/dynamixel_interfaces/include/dynamixel_interfaces/dynamixel_interfaces/msg/detail/dynamixel_state__struct.h
[1.429s] -- Installing: /home/etri/ros2_ws/install/dynamixel_interfaces/include/dynamixel_interfaces/dynamixel_interfaces/msg/detail/dynamixel_state__type_support.h
[1.429s] -- Installing: /home/etri/ros2_ws/install/dynamixel_interfaces/include/dynamixel_interfaces/dynamixel_interfaces/msg/dynamixel_state.h
[1.429s] -- Installing: /home/etri/ros2_ws/install/dynamixel_interfaces/include/dynamixel_interfaces/dynamixel_interfaces/msg/rosidl_generator_c__visibility_control.h
[1.429s] -- Installing: /home/etri/ros2_ws/install/dynamixel_interfaces/share/dynamixel_interfaces/environment/library_path.sh
[1.429s] -- Installing: /home/etri/ros2_ws/install/dynamixel_interfaces/share/dynamixel_interfaces/environment/library_path.dsv
[1.429s] -- Installing: /home/etri/ros2_ws/install/dynamixel_interfaces/lib/libdynamixel_interfaces__rosidl_generator_c.so
[1.429s] -- Set runtime path of "/home/etri/ros2_ws/install/dynamixel_interfaces/lib/libdynamixel_interfaces__rosidl_generator_c.so" to ""
[1.429s] -- Up-to-date: /home/etri/ros2_ws/install/dynamixel_interfaces/include/dynamixel_interfaces/dynamixel_interfaces
[1.429s] -- Up-to-date: /home/etri/ros2_ws/install/dynamixel_interfaces/include/dynamixel_interfaces/dynamixel_interfaces/srv
[1.429s] -- Up-to-date: /home/etri/ros2_ws/install/dynamixel_interfaces/include/dynamixel_interfaces/dynamixel_interfaces/srv/detail
[1.429s] -- Installing: /home/etri/ros2_ws/install/dynamixel_interfaces/include/dynamixel_interfaces/dynamixel_interfaces/srv/detail/get_data_from_dxl__rosidl_typesupport_fastrtps_c.h
[1.429s] -- Installing: /home/etri/ros2_ws/install/dynamixel_interfaces/include/dynamixel_interfaces/dynamixel_interfaces/srv/detail/reboot_dxl__rosidl_typesupport_fastrtps_c.h
[1.429s] -- Installing: /home/etri/ros2_ws/install/dynamixel_interfaces/include/dynamixel_interfaces/dynamixel_interfaces/srv/detail/set_data_to_dxl__rosidl_typesupport_fastrtps_c.h
[1.429s] -- Up-to-date: /home/etri/ros2_ws/install/dynamixel_interfaces/include/dynamixel_interfaces/dynamixel_interfaces/msg
[1.430s] -- Installing: /home/etri/ros2_ws/install/dynamixel_interfaces/include/dynamixel_interfaces/dynamixel_interfaces/msg/rosidl_typesupport_fastrtps_c__visibility_control.h
[1.430s] -- Up-to-date: /home/etri/ros2_ws/install/dynamixel_interfaces/include/dynamixel_interfaces/dynamixel_interfaces/msg/detail
[1.430s] -- Installing: /home/etri/ros2_ws/install/dynamixel_interfaces/include/dynamixel_interfaces/dynamixel_interfaces/msg/detail/dynamixel_state__rosidl_typesupport_fastrtps_c.h
[1.430s] -- Installing: /home/etri/ros2_ws/install/dynamixel_interfaces/lib/libdynamixel_interfaces__rosidl_typesupport_fastrtps_c.so
[1.430s] -- Set runtime path of "/home/etri/ros2_ws/install/dynamixel_interfaces/lib/libdynamixel_interfaces__rosidl_typesupport_fastrtps_c.so" to ""
[1.430s] -- Up-to-date: /home/etri/ros2_ws/install/dynamixel_interfaces/include/dynamixel_interfaces/dynamixel_interfaces
[1.430s] -- Up-to-date: /home/etri/ros2_ws/install/dynamixel_interfaces/include/dynamixel_interfaces/dynamixel_interfaces/srv
[1.430s] -- Installing: /home/etri/ros2_ws/install/dynamixel_interfaces/include/dynamixel_interfaces/dynamixel_interfaces/srv/get_data_from_dxl.hpp
[1.430s] -- Up-to-date: /home/etri/ros2_ws/install/dynamixel_interfaces/include/dynamixel_interfaces/dynamixel_interfaces/srv/detail
[1.430s] -- Installing: /home/etri/ros2_ws/install/dynamixel_interfaces/include/dynamixel_interfaces/dynamixel_interfaces/srv/detail/reboot_dxl__type_support.hpp
[1.430s] -- Installing: /home/etri/ros2_ws/install/dynamixel_interfaces/include/dynamixel_interfaces/dynamixel_interfaces/srv/detail/reboot_dxl__traits.hpp
[1.430s] -- Installing: /home/etri/ros2_ws/install/dynamixel_interfaces/include/dynamixel_interfaces/dynamixel_interfaces/srv/detail/set_data_to_dxl__traits.hpp
[1.430s] -- Installing: /home/etri/ros2_ws/install/dynamixel_interfaces/include/dynamixel_interfaces/dynamixel_interfaces/srv/detail/get_data_from_dxl__struct.hpp
[1.431s] -- Installing: /home/etri/ros2_ws/install/dynamixel_interfaces/include/dynamixel_interfaces/dynamixel_interfaces/srv/detail/set_data_to_dxl__builder.hpp
[1.431s] -- Installing: /home/etri/ros2_ws/install/dynamixel_interfaces/include/dynamixel_interfaces/dynamixel_interfaces/srv/detail/set_data_to_dxl__type_support.hpp
[1.431s] -- Installing: /home/etri/ros2_ws/install/dynamixel_interfaces/include/dynamixel_interfaces/dynamixel_interfaces/srv/detail/reboot_dxl__builder.hpp
[1.431s] -- Installing: /home/etri/ros2_ws/install/dynamixel_interfaces/include/dynamixel_interfaces/dynamixel_interfaces/srv/detail/set_data_to_dxl__struct.hpp
[1.431s] -- Installing: /home/etri/ros2_ws/install/dynamixel_interfaces/include/dynamixel_interfaces/dynamixel_interfaces/srv/detail/get_data_from_dxl__builder.hpp
[1.431s] -- Installing: /home/etri/ros2_ws/install/dynamixel_interfaces/include/dynamixel_interfaces/dynamixel_interfaces/srv/detail/get_data_from_dxl__type_support.hpp
[1.431s] -- Installing: /home/etri/ros2_ws/install/dynamixel_interfaces/include/dynamixel_interfaces/dynamixel_interfaces/srv/detail/reboot_dxl__struct.hpp
[1.431s] -- Installing: /home/etri/ros2_ws/install/dynamixel_interfaces/include/dynamixel_interfaces/dynamixel_interfaces/srv/detail/get_data_from_dxl__traits.hpp
[1.431s] -- Installing: /home/etri/ros2_ws/install/dynamixel_interfaces/include/dynamixel_interfaces/dynamixel_interfaces/srv/reboot_dxl.hpp
[1.431s] -- Installing: /home/etri/ros2_ws/install/dynamixel_interfaces/include/dynamixel_interfaces/dynamixel_interfaces/srv/set_data_to_dxl.hpp
[1.431s] -- Up-to-date: /home/etri/ros2_ws/install/dynamixel_interfaces/include/dynamixel_interfaces/dynamixel_interfaces/msg
[1.431s] -- Up-to-date: /home/etri/ros2_ws/install/dynamixel_interfaces/include/dynamixel_interfaces/dynamixel_interfaces/msg/detail
[1.431s] -- Installing: /home/etri/ros2_ws/install/dynamixel_interfaces/include/dynamixel_interfaces/dynamixel_interfaces/msg/detail/dynamixel_state__traits.hpp
[1.431s] -- Installing: /home/etri/ros2_ws/install/dynamixel_interfaces/include/dynamixel_interfaces/dynamixel_interfaces/msg/detail/dynamixel_state__struct.hpp
[1.431s] -- Installing: /home/etri/ros2_ws/install/dynamixel_interfaces/include/dynamixel_interfaces/dynamixel_interfaces/msg/detail/dynamixel_state__builder.hpp
[1.431s] -- Installing: /home/etri/ros2_ws/install/dynamixel_interfaces/include/dynamixel_interfaces/dynamixel_interfaces/msg/detail/dynamixel_state__type_support.hpp
[1.431s] -- Installing: /home/etri/ros2_ws/install/dynamixel_interfaces/include/dynamixel_interfaces/dynamixel_interfaces/msg/rosidl_generator_cpp__visibility_control.hpp
[1.431s] -- Installing: /home/etri/ros2_ws/install/dynamixel_interfaces/include/dynamixel_interfaces/dynamixel_interfaces/msg/dynamixel_state.hpp
[1.431s] -- Up-to-date: /home/etri/ros2_ws/install/dynamixel_interfaces/include/dynamixel_interfaces/dynamixel_interfaces
[1.431s] -- Up-to-date: /home/etri/ros2_ws/install/dynamixel_interfaces/include/dynamixel_interfaces/dynamixel_interfaces/srv
[1.431s] -- Up-to-date: /home/etri/ros2_ws/install/dynamixel_interfaces/include/dynamixel_interfaces/dynamixel_interfaces/srv/detail
[1.431s] -- Installing: /home/etri/ros2_ws/install/dynamixel_interfaces/include/dynamixel_interfaces/dynamixel_interfaces/srv/detail/get_data_from_dxl__rosidl_typesupport_fastrtps_cpp.hpp
[1.431s] -- Installing: /home/etri/ros2_ws/install/dynamixel_interfaces/include/dynamixel_interfaces/dynamixel_interfaces/srv/detail/dds_fastrtps
[1.431s] -- Installing: /home/etri/ros2_ws/install/dynamixel_interfaces/include/dynamixel_interfaces/dynamixel_interfaces/srv/detail/reboot_dxl__rosidl_typesupport_fastrtps_cpp.hpp
[1.431s] -- Installing: /home/etri/ros2_ws/install/dynamixel_interfaces/include/dynamixel_interfaces/dynamixel_interfaces/srv/detail/set_data_to_dxl__rosidl_typesupport_fastrtps_cpp.hpp
[1.431s] -- Up-to-date: /home/etri/ros2_ws/install/dynamixel_interfaces/include/dynamixel_interfaces/dynamixel_interfaces/msg
[1.431s] -- Up-to-date: /home/etri/ros2_ws/install/dynamixel_interfaces/include/dynamixel_interfaces/dynamixel_interfaces/msg/detail
[1.431s] -- Installing: /home/etri/ros2_ws/install/dynamixel_interfaces/include/dynamixel_interfaces/dynamixel_interfaces/msg/detail/dds_fastrtps
[1.431s] -- Installing: /home/etri/ros2_ws/install/dynamixel_interfaces/include/dynamixel_interfaces/dynamixel_interfaces/msg/detail/dynamixel_state__rosidl_typesupport_fastrtps_cpp.hpp
[1.431s] -- Installing: /home/etri/ros2_ws/install/dynamixel_interfaces/include/dynamixel_interfaces/dynamixel_interfaces/msg/rosidl_typesupport_fastrtps_cpp__visibility_control.h
[1.431s] -- Installing: /home/etri/ros2_ws/install/dynamixel_interfaces/lib/libdynamixel_interfaces__rosidl_typesupport_fastrtps_cpp.so
[1.431s] -- Set runtime path of "/home/etri/ros2_ws/install/dynamixel_interfaces/lib/libdynamixel_interfaces__rosidl_typesupport_fastrtps_cpp.so" to ""
[1.431s] -- Up-to-date: /home/etri/ros2_ws/install/dynamixel_interfaces/include/dynamixel_interfaces/dynamixel_interfaces
[1.431s] -- Up-to-date: /home/etri/ros2_ws/install/dynamixel_interfaces/include/dynamixel_interfaces/dynamixel_interfaces/srv
[1.431s] -- Up-to-date: /home/etri/ros2_ws/install/dynamixel_interfaces/include/dynamixel_interfaces/dynamixel_interfaces/srv/detail
[1.431s] -- Installing: /home/etri/ros2_ws/install/dynamixel_interfaces/include/dynamixel_interfaces/dynamixel_interfaces/srv/detail/reboot_dxl__type_support.c
[1.431s] -- Installing: /home/etri/ros2_ws/install/dynamixel_interfaces/include/dynamixel_interfaces/dynamixel_interfaces/srv/detail/reboot_dxl__rosidl_typesupport_introspection_c.h
[1.431s] -- Installing: /home/etri/ros2_ws/install/dynamixel_interfaces/include/dynamixel_interfaces/dynamixel_interfaces/srv/detail/get_data_from_dxl__rosidl_typesupport_introspection_c.h
[1.431s] -- Installing: /home/etri/ros2_ws/install/dynamixel_interfaces/include/dynamixel_interfaces/dynamixel_interfaces/srv/detail/set_data_to_dxl__type_support.c
[1.431s] -- Installing: /home/etri/ros2_ws/install/dynamixel_interfaces/include/dynamixel_interfaces/dynamixel_interfaces/srv/detail/set_data_to_dxl__rosidl_typesupport_introspection_c.h
[1.431s] -- Installing: /home/etri/ros2_ws/install/dynamixel_interfaces/include/dynamixel_interfaces/dynamixel_interfaces/srv/detail/get_data_from_dxl__type_support.c
[1.431s] -- Up-to-date: /home/etri/ros2_ws/install/dynamixel_interfaces/include/dynamixel_interfaces/dynamixel_interfaces/msg
[1.431s] -- Up-to-date: /home/etri/ros2_ws/install/dynamixel_interfaces/include/dynamixel_interfaces/dynamixel_interfaces/msg/detail
[1.431s] -- Installing: /home/etri/ros2_ws/install/dynamixel_interfaces/include/dynamixel_interfaces/dynamixel_interfaces/msg/detail/dynamixel_state__rosidl_typesupport_introspection_c.h
[1.431s] -- Installing: /home/etri/ros2_ws/install/dynamixel_interfaces/include/dynamixel_interfaces/dynamixel_interfaces/msg/detail/dynamixel_state__type_support.c
[1.431s] -- Installing: /home/etri/ros2_ws/install/dynamixel_interfaces/include/dynamixel_interfaces/dynamixel_interfaces/msg/rosidl_typesupport_introspection_c__visibility_control.h
[1.431s] -- Installing: /home/etri/ros2_ws/install/dynamixel_interfaces/lib/libdynamixel_interfaces__rosidl_typesupport_introspection_c.so
[1.431s] -- Set runtime path of "/home/etri/ros2_ws/install/dynamixel_interfaces/lib/libdynamixel_interfaces__rosidl_typesupport_introspection_c.so" to ""
[1.431s] -- Installing: /home/etri/ros2_ws/install/dynamixel_interfaces/lib/libdynamixel_interfaces__rosidl_typesupport_c.so
[1.431s] -- Set runtime path of "/home/etri/ros2_ws/install/dynamixel_interfaces/lib/libdynamixel_interfaces__rosidl_typesupport_c.so" to ""
[1.431s] -- Up-to-date: /home/etri/ros2_ws/install/dynamixel_interfaces/include/dynamixel_interfaces/dynamixel_interfaces
[1.431s] -- Up-to-date: /home/etri/ros2_ws/install/dynamixel_interfaces/include/dynamixel_interfaces/dynamixel_interfaces/srv
[1.431s] -- Up-to-date: /home/etri/ros2_ws/install/dynamixel_interfaces/include/dynamixel_interfaces/dynamixel_interfaces/srv/detail
[1.431s] -- Installing: /home/etri/ros2_ws/install/dynamixel_interfaces/include/dynamixel_interfaces/dynamixel_interfaces/srv/detail/get_data_from_dxl__rosidl_typesupport_introspection_cpp.hpp
[1.431s] -- Installing: /home/etri/ros2_ws/install/dynamixel_interfaces/include/dynamixel_interfaces/dynamixel_interfaces/srv/detail/reboot_dxl__type_support.cpp
[1.431s] -- Installing: /home/etri/ros2_ws/install/dynamixel_interfaces/include/dynamixel_interfaces/dynamixel_interfaces/srv/detail/set_data_to_dxl__rosidl_typesupport_introspection_cpp.hpp
[1.431s] -- Installing: /home/etri/ros2_ws/install/dynamixel_interfaces/include/dynamixel_interfaces/dynamixel_interfaces/srv/detail/reboot_dxl__rosidl_typesupport_introspection_cpp.hpp
[1.431s] -- Installing: /home/etri/ros2_ws/install/dynamixel_interfaces/include/dynamixel_interfaces/dynamixel_interfaces/srv/detail/set_data_to_dxl__type_support.cpp
[1.432s] -- Installing: /home/etri/ros2_ws/install/dynamixel_interfaces/include/dynamixel_interfaces/dynamixel_interfaces/srv/detail/get_data_from_dxl__type_support.cpp
[1.432s] -- Up-to-date: /home/etri/ros2_ws/install/dynamixel_interfaces/include/dynamixel_interfaces/dynamixel_interfaces/msg
[1.432s] -- Up-to-date: /home/etri/ros2_ws/install/dynamixel_interfaces/include/dynamixel_interfaces/dynamixel_interfaces/msg/detail
[1.432s] -- Installing: /home/etri/ros2_ws/install/dynamixel_interfaces/include/dynamixel_interfaces/dynamixel_interfaces/msg/detail/dynamixel_state__type_support.cpp
[1.432s] -- Installing: /home/etri/ros2_ws/install/dynamixel_interfaces/include/dynamixel_interfaces/dynamixel_interfaces/msg/detail/dynamixel_state__rosidl_typesupport_introspection_cpp.hpp
[1.432s] -- Installing: /home/etri/ros2_ws/install/dynamixel_interfaces/lib/libdynamixel_interfaces__rosidl_typesupport_introspection_cpp.so
[1.432s] -- Set runtime path of "/home/etri/ros2_ws/install/dynamixel_interfaces/lib/libdynamixel_interfaces__rosidl_typesupport_introspection_cpp.so" to ""
[1.432s] -- Installing: /home/etri/ros2_ws/install/dynamixel_interfaces/lib/libdynamixel_interfaces__rosidl_typesupport_cpp.so
[1.432s] -- Set runtime path of "/home/etri/ros2_ws/install/dynamixel_interfaces/lib/libdynamixel_interfaces__rosidl_typesupport_cpp.so" to ""
[1.432s] -- Installing: /home/etri/ros2_ws/install/dynamixel_interfaces/share/dynamixel_interfaces/environment/pythonpath.sh
[1.432s] -- Installing: /home/etri/ros2_ws/install/dynamixel_interfaces/share/dynamixel_interfaces/environment/pythonpath.dsv
[1.432s] -- Installing: /home/etri/ros2_ws/install/dynamixel_interfaces/local/lib/python3.10/dist-packages/dynamixel_interfaces-1.0.1-py3.10.egg-info
[1.432s] -- Installing: /home/etri/ros2_ws/install/dynamixel_interfaces/local/lib/python3.10/dist-packages/dynamixel_interfaces-1.0.1-py3.10.egg-info/SOURCES.txt
[1.432s] -- Installing: /home/etri/ros2_ws/install/dynamixel_interfaces/local/lib/python3.10/dist-packages/dynamixel_interfaces-1.0.1-py3.10.egg-info/PKG-INFO
[1.432s] -- Installing: /home/etri/ros2_ws/install/dynamixel_interfaces/local/lib/python3.10/dist-packages/dynamixel_interfaces-1.0.1-py3.10.egg-info/top_level.txt
[1.432s] -- Installing: /home/etri/ros2_ws/install/dynamixel_interfaces/local/lib/python3.10/dist-packages/dynamixel_interfaces-1.0.1-py3.10.egg-info/dependency_links.txt
[1.432s] -- Installing: /home/etri/ros2_ws/install/dynamixel_interfaces/local/lib/python3.10/dist-packages/dynamixel_interfaces
[1.432s] -- Installing: /home/etri/ros2_ws/install/dynamixel_interfaces/local/lib/python3.10/dist-packages/dynamixel_interfaces/dynamixel_interfaces_s__rosidl_typesupport_introspection_c.cpython-310-x86_64-linux-gnu.so
[1.432s] -- Installing: /home/etri/ros2_ws/install/dynamixel_interfaces/local/lib/python3.10/dist-packages/dynamixel_interfaces/__init__.py
[1.432s] -- Installing: /home/etri/ros2_ws/install/dynamixel_interfaces/local/lib/python3.10/dist-packages/dynamixel_interfaces/srv
[1.432s] -- Installing: /home/etri/ros2_ws/install/dynamixel_interfaces/local/lib/python3.10/dist-packages/dynamixel_interfaces/srv/_get_data_from_dxl.py
[1.432s] -- Installing: /home/etri/ros2_ws/install/dynamixel_interfaces/local/lib/python3.10/dist-packages/dynamixel_interfaces/srv/__init__.py
[1.432s] -- Installing: /home/etri/ros2_ws/install/dynamixel_interfaces/local/lib/python3.10/dist-packages/dynamixel_interfaces/srv/_set_data_to_dxl.py
[1.432s] -- Installing: /home/etri/ros2_ws/install/dynamixel_interfaces/local/lib/python3.10/dist-packages/dynamixel_interfaces/srv/_reboot_dxl_s.c
[1.432s] -- Installing: /home/etri/ros2_ws/install/dynamixel_interfaces/local/lib/python3.10/dist-packages/dynamixel_interfaces/srv/_reboot_dxl.py
[1.432s] -- Installing: /home/etri/ros2_ws/install/dynamixel_interfaces/local/lib/python3.10/dist-packages/dynamixel_interfaces/srv/_get_data_from_dxl_s.c
[1.432s] -- Installing: /home/etri/ros2_ws/install/dynamixel_interfaces/local/lib/python3.10/dist-packages/dynamixel_interfaces/srv/_set_data_to_dxl_s.c
[1.432s] -- Installing: /home/etri/ros2_ws/install/dynamixel_interfaces/local/lib/python3.10/dist-packages/dynamixel_interfaces/msg
[1.432s] -- Installing: /home/etri/ros2_ws/install/dynamixel_interfaces/local/lib/python3.10/dist-packages/dynamixel_interfaces/msg/_dynamixel_state.py
[1.432s] -- Installing: /home/etri/ros2_ws/install/dynamixel_interfaces/local/lib/python3.10/dist-packages/dynamixel_interfaces/msg/__init__.py
[1.432s] -- Installing: /home/etri/ros2_ws/install/dynamixel_interfaces/local/lib/python3.10/dist-packages/dynamixel_interfaces/msg/_dynamixel_state_s.c
[1.432s] -- Installing: /home/etri/ros2_ws/install/dynamixel_interfaces/local/lib/python3.10/dist-packages/dynamixel_interfaces/_dynamixel_interfaces_s.ep.rosidl_typesupport_c.c
[1.432s] -- Installing: /home/etri/ros2_ws/install/dynamixel_interfaces/local/lib/python3.10/dist-packages/dynamixel_interfaces/dynamixel_interfaces_s__rosidl_typesupport_c.cpython-310-x86_64-linux-gnu.so
[1.432s] -- Installing: /home/etri/ros2_ws/install/dynamixel_interfaces/local/lib/python3.10/dist-packages/dynamixel_interfaces/dynamixel_interfaces_s__rosidl_typesupport_fastrtps_c.cpython-310-x86_64-linux-gnu.so
[1.432s] -- Installing: /home/etri/ros2_ws/install/dynamixel_interfaces/local/lib/python3.10/dist-packages/dynamixel_interfaces/_dynamixel_interfaces_s.ep.rosidl_typesupport_fastrtps_c.c
[1.432s] -- Installing: /home/etri/ros2_ws/install/dynamixel_interfaces/local/lib/python3.10/dist-packages/dynamixel_interfaces/libdynamixel_interfaces__rosidl_generator_py.so
[1.432s] -- Installing: /home/etri/ros2_ws/install/dynamixel_interfaces/local/lib/python3.10/dist-packages/dynamixel_interfaces/_dynamixel_interfaces_s.ep.rosidl_typesupport_introspection_c.c
[1.451s] Listing '/home/etri/ros2_ws/install/dynamixel_interfaces/local/lib/python3.10/dist-packages/dynamixel_interfaces'...
[1.451s] Compiling '/home/etri/ros2_ws/install/dynamixel_interfaces/local/lib/python3.10/dist-packages/dynamixel_interfaces/__init__.py'...
[1.451s] Listing '/home/etri/ros2_ws/install/dynamixel_interfaces/local/lib/python3.10/dist-packages/dynamixel_interfaces/msg'...
[1.451s] Compiling '/home/etri/ros2_ws/install/dynamixel_interfaces/local/lib/python3.10/dist-packages/dynamixel_interfaces/msg/__init__.py'...
[1.451s] Compiling '/home/etri/ros2_ws/install/dynamixel_interfaces/local/lib/python3.10/dist-packages/dynamixel_interfaces/msg/_dynamixel_state.py'...
[1.451s] Listing '/home/etri/ros2_ws/install/dynamixel_interfaces/local/lib/python3.10/dist-packages/dynamixel_interfaces/srv'...
[1.451s] Compiling '/home/etri/ros2_ws/install/dynamixel_interfaces/local/lib/python3.10/dist-packages/dynamixel_interfaces/srv/__init__.py'...
[1.451s] Compiling '/home/etri/ros2_ws/install/dynamixel_interfaces/local/lib/python3.10/dist-packages/dynamixel_interfaces/srv/_get_data_from_dxl.py'...
[1.451s] Compiling '/home/etri/ros2_ws/install/dynamixel_interfaces/local/lib/python3.10/dist-packages/dynamixel_interfaces/srv/_reboot_dxl.py'...
[1.451s] Compiling '/home/etri/ros2_ws/install/dynamixel_interfaces/local/lib/python3.10/dist-packages/dynamixel_interfaces/srv/_set_data_to_dxl.py'...
[1.454s] -- Installing: /home/etri/ros2_ws/install/dynamixel_interfaces/local/lib/python3.10/dist-packages/dynamixel_interfaces/dynamixel_interfaces_s__rosidl_typesupport_fastrtps_c.cpython-310-x86_64-linux-gnu.so
[1.454s] -- Set runtime path of "/home/etri/ros2_ws/install/dynamixel_interfaces/local/lib/python3.10/dist-packages/dynamixel_interfaces/dynamixel_interfaces_s__rosidl_typesupport_fastrtps_c.cpython-310-x86_64-linux-gnu.so" to ""
[1.454s] -- Installing: /home/etri/ros2_ws/install/dynamixel_interfaces/local/lib/python3.10/dist-packages/dynamixel_interfaces/dynamixel_interfaces_s__rosidl_typesupport_introspection_c.cpython-310-x86_64-linux-gnu.so
[1.455s] -- Set runtime path of "/home/etri/ros2_ws/install/dynamixel_interfaces/local/lib/python3.10/dist-packages/dynamixel_interfaces/dynamixel_interfaces_s__rosidl_typesupport_introspection_c.cpython-310-x86_64-linux-gnu.so" to ""
[1.455s] -- Installing: /home/etri/ros2_ws/install/dynamixel_interfaces/local/lib/python3.10/dist-packages/dynamixel_interfaces/dynamixel_interfaces_s__rosidl_typesupport_c.cpython-310-x86_64-linux-gnu.so
[1.455s] -- Set runtime path of "/home/etri/ros2_ws/install/dynamixel_interfaces/local/lib/python3.10/dist-packages/dynamixel_interfaces/dynamixel_interfaces_s__rosidl_typesupport_c.cpython-310-x86_64-linux-gnu.so" to ""
[1.455s] -- Installing: /home/etri/ros2_ws/install/dynamixel_interfaces/lib/libdynamixel_interfaces__rosidl_generator_py.so
[1.456s] -- Set runtime path of "/home/etri/ros2_ws/install/dynamixel_interfaces/lib/libdynamixel_interfaces__rosidl_generator_py.so" to ""
[1.456s] -- Installing: /home/etri/ros2_ws/install/dynamixel_interfaces/share/dynamixel_interfaces/msg/DynamixelState.idl
[1.456s] -- Installing: /home/etri/ros2_ws/install/dynamixel_interfaces/share/dynamixel_interfaces/srv/GetDataFromDxl.idl
[1.457s] -- Installing: /home/etri/ros2_ws/install/dynamixel_interfaces/share/dynamixel_interfaces/srv/SetDataToDxl.idl
[1.457s] -- Installing: /home/etri/ros2_ws/install/dynamixel_interfaces/share/dynamixel_interfaces/srv/RebootDxl.idl
[1.457s] -- Installing: /home/etri/ros2_ws/install/dynamixel_interfaces/share/dynamixel_interfaces/msg/DynamixelState.msg
[1.457s] -- Installing: /home/etri/ros2_ws/install/dynamixel_interfaces/share/dynamixel_interfaces/srv/GetDataFromDxl.srv
[1.457s] -- Installing: /home/etri/ros2_ws/install/dynamixel_interfaces/share/dynamixel_interfaces/srv/GetDataFromDxl_Request.msg
[1.457s] -- Installing: /home/etri/ros2_ws/install/dynamixel_interfaces/share/dynamixel_interfaces/srv/GetDataFromDxl_Response.msg
[1.457s] -- Installing: /home/etri/ros2_ws/install/dynamixel_interfaces/share/dynamixel_interfaces/srv/SetDataToDxl.srv
[1.457s] -- Installing: /home/etri/ros2_ws/install/dynamixel_interfaces/share/dynamixel_interfaces/srv/SetDataToDxl_Request.msg
[1.457s] -- Installing: /home/etri/ros2_ws/install/dynamixel_interfaces/share/dynamixel_interfaces/srv/SetDataToDxl_Response.msg
[1.457s] -- Installing: /home/etri/ros2_ws/install/dynamixel_interfaces/share/dynamixel_interfaces/srv/RebootDxl.srv
[1.457s] -- Installing: /home/etri/ros2_ws/install/dynamixel_interfaces/share/dynamixel_interfaces/srv/RebootDxl_Request.msg
[1.458s] -- Installing: /home/etri/ros2_ws/install/dynamixel_interfaces/share/dynamixel_interfaces/srv/RebootDxl_Response.msg
[1.458s] -- Installing: /home/etri/ros2_ws/install/dynamixel_interfaces/share/ament_index/resource_index/package_run_dependencies/dynamixel_interfaces
[1.458s] -- Installing: /home/etri/ros2_ws/install/dynamixel_interfaces/share/ament_index/resource_index/parent_prefix_path/dynamixel_interfaces
[1.458s] -- Installing: /home/etri/ros2_ws/install/dynamixel_interfaces/share/dynamixel_interfaces/environment/ament_prefix_path.sh
[1.458s] -- Installing: /home/etri/ros2_ws/install/dynamixel_interfaces/share/dynamixel_interfaces/environment/ament_prefix_path.dsv
[1.458s] -- Installing: /home/etri/ros2_ws/install/dynamixel_interfaces/share/dynamixel_interfaces/environment/path.sh
[1.458s] -- Installing: /home/etri/ros2_ws/install/dynamixel_interfaces/share/dynamixel_interfaces/environment/path.dsv
[1.458s] -- Installing: /home/etri/ros2_ws/install/dynamixel_interfaces/share/dynamixel_interfaces/local_setup.bash
[1.458s] -- Installing: /home/etri/ros2_ws/install/dynamixel_interfaces/share/dynamixel_interfaces/local_setup.sh
[1.458s] -- Installing: /home/etri/ros2_ws/install/dynamixel_interfaces/share/dynamixel_interfaces/local_setup.zsh
[1.458s] -- Installing: /home/etri/ros2_ws/install/dynamixel_interfaces/share/dynamixel_interfaces/local_setup.dsv
[1.459s] -- Installing: /home/etri/ros2_ws/install/dynamixel_interfaces/share/dynamixel_interfaces/package.dsv
[1.459s] -- Installing: /home/etri/ros2_ws/install/dynamixel_interfaces/share/ament_index/resource_index/packages/dynamixel_interfaces
[1.459s] -- Installing: /home/etri/ros2_ws/install/dynamixel_interfaces/share/dynamixel_interfaces/cmake/export_dynamixel_interfaces__rosidl_generator_cExport.cmake
[1.459s] -- Installing: /home/etri/ros2_ws/install/dynamixel_interfaces/share/dynamixel_interfaces/cmake/export_dynamixel_interfaces__rosidl_generator_cExport-noconfig.cmake
[1.459s] -- Installing: /home/etri/ros2_ws/install/dynamixel_interfaces/share/dynamixel_interfaces/cmake/export_dynamixel_interfaces__rosidl_typesupport_fastrtps_cExport.cmake
[1.459s] -- Installing: /home/etri/ros2_ws/install/dynamixel_interfaces/share/dynamixel_interfaces/cmake/export_dynamixel_interfaces__rosidl_typesupport_fastrtps_cExport-noconfig.cmake
[1.459s] -- Installing: /home/etri/ros2_ws/install/dynamixel_interfaces/share/dynamixel_interfaces/cmake/export_dynamixel_interfaces__rosidl_generator_cppExport.cmake
[1.459s] -- Installing: /home/etri/ros2_ws/install/dynamixel_interfaces/share/dynamixel_interfaces/cmake/export_dynamixel_interfaces__rosidl_typesupport_fastrtps_cppExport.cmake
[1.459s] -- Installing: /home/etri/ros2_ws/install/dynamixel_interfaces/share/dynamixel_interfaces/cmake/export_dynamixel_interfaces__rosidl_typesupport_fastrtps_cppExport-noconfig.cmake
[1.459s] -- Installing: /home/etri/ros2_ws/install/dynamixel_interfaces/share/dynamixel_interfaces/cmake/dynamixel_interfaces__rosidl_typesupport_introspection_cExport.cmake
[1.460s] -- Installing: /home/etri/ros2_ws/install/dynamixel_interfaces/share/dynamixel_interfaces/cmake/dynamixel_interfaces__rosidl_typesupport_introspection_cExport-noconfig.cmake
[1.460s] -- Installing: /home/etri/ros2_ws/install/dynamixel_interfaces/share/dynamixel_interfaces/cmake/dynamixel_interfaces__rosidl_typesupport_cExport.cmake
[1.460s] -- Installing: /home/etri/ros2_ws/install/dynamixel_interfaces/share/dynamixel_interfaces/cmake/dynamixel_interfaces__rosidl_typesupport_cExport-noconfig.cmake
[1.460s] -- Installing: /home/etri/ros2_ws/install/dynamixel_interfaces/share/dynamixel_interfaces/cmake/dynamixel_interfaces__rosidl_typesupport_introspection_cppExport.cmake
[1.460s] -- Installing: /home/etri/ros2_ws/install/dynamixel_interfaces/share/dynamixel_interfaces/cmake/dynamixel_interfaces__rosidl_typesupport_introspection_cppExport-noconfig.cmake
[1.460s] -- Installing: /home/etri/ros2_ws/install/dynamixel_interfaces/share/dynamixel_interfaces/cmake/dynamixel_interfaces__rosidl_typesupport_cppExport.cmake
[1.461s] -- Installing: /home/etri/ros2_ws/install/dynamixel_interfaces/share/dynamixel_interfaces/cmake/dynamixel_interfaces__rosidl_typesupport_cppExport-noconfig.cmake
[1.461s] -- Installing: /home/etri/ros2_ws/install/dynamixel_interfaces/share/dynamixel_interfaces/cmake/export_dynamixel_interfaces__rosidl_generator_pyExport.cmake
[1.461s] -- Installing: /home/etri/ros2_ws/install/dynamixel_interfaces/share/dynamixel_interfaces/cmake/export_dynamixel_interfaces__rosidl_generator_pyExport-noconfig.cmake
[1.461s] -- Installing: /home/etri/ros2_ws/install/dynamixel_interfaces/share/dynamixel_interfaces/cmake/rosidl_cmake-extras.cmake
[1.461s] -- Installing: /home/etri/ros2_ws/install/dynamixel_interfaces/share/dynamixel_interfaces/cmake/ament_cmake_export_dependencies-extras.cmake
[1.461s] -- Installing: /home/etri/ros2_ws/install/dynamixel_interfaces/share/dynamixel_interfaces/cmake/ament_cmake_export_include_directories-extras.cmake
[1.461s] -- Installing: /home/etri/ros2_ws/install/dynamixel_interfaces/share/dynamixel_interfaces/cmake/ament_cmake_export_libraries-extras.cmake
[1.462s] -- Installing: /home/etri/ros2_ws/install/dynamixel_interfaces/share/dynamixel_interfaces/cmake/ament_cmake_export_targets-extras.cmake
[1.462s] -- Installing: /home/etri/ros2_ws/install/dynamixel_interfaces/share/dynamixel_interfaces/cmake/rosidl_cmake_export_typesupport_targets-extras.cmake
[1.462s] -- Installing: /home/etri/ros2_ws/install/dynamixel_interfaces/share/dynamixel_interfaces/cmake/rosidl_cmake_export_typesupport_libraries-extras.cmake
[1.462s] -- Installing: /home/etri/ros2_ws/install/dynamixel_interfaces/share/dynamixel_interfaces/cmake/dynamixel_interfacesConfig.cmake
[1.462s] -- Installing: /home/etri/ros2_ws/install/dynamixel_interfaces/share/dynamixel_interfaces/cmake/dynamixel_interfacesConfig-version.cmake
[1.462s] -- Installing: /home/etri/ros2_ws/install/dynamixel_interfaces/share/dynamixel_interfaces/package.xml
[1.463s] Invoked command in '/home/etri/ros2_ws/build/dynamixel_interfaces' returned '0': CMAKE_PREFIX_PATH=${CMAKE_PREFIX_PATH}:/home/etri/ros2_ws/install/open_manipulator_teleop:/home/etri/ros2_ws/install/open_manipulator_bringup:/opt/ros/humble /usr/bin/cmake --install /home/etri/ros2_ws/build/dynamixel_interfaces
