[0.020s] Invoking command in '/home/etri/ros2_ws/build/dynamixel_sdk': CMAKE_PREFIX_PATH=${CMAKE_PREFIX_PATH}:/home/etri/ros2_ws/install/open_manipulator_bringup:/home/etri/ros2_ws/install/open_manipulator_teleop:/opt/ros/humble /usr/bin/cmake /home/etri/ros2_ws/DynamixelSDK/ros/dynamixel_sdk -DCMAKE_INSTALL_PREFIX=/home/etri/ros2_ws/install/dynamixel_sdk
[0.151s] -- The C compiler identification is GNU 11.4.0
[0.151s] -- The CXX compiler identification is GNU 11.4.0
[0.151s] -- Detecting C compiler ABI info
[0.151s] -- Detecting C compiler ABI info - done
[0.151s] -- Check for working C compiler: /usr/bin/cc - skipped
[0.152s] -- Detecting C compile features
[0.152s] -- Detecting C compile features - done
[0.152s] -- Detecting CXX compiler ABI info
[0.179s] -- Detecting CXX compiler ABI info - done
[0.182s] -- Check for working CXX compiler: /usr/bin/c++ - skipped
[0.182s] -- Detecting CXX compile features
[0.182s] -- Detecting CXX compile features - done
[0.183s] -- Found ament_cmake: 1.3.12 (/opt/ros/humble/share/ament_cmake/cmake)
[0.273s] -- Found Python3: /usr/bin/python3 (found version "3.10.12") found components: Interpreter 
[0.435s] -- Configuring done
[0.445s] -- Generating done
[0.445s] -- Build files have been written to: /home/etri/ros2_ws/build/dynamixel_sdk
[0.450s] Invoked command in '/home/etri/ros2_ws/build/dynamixel_sdk' returned '0': CMAKE_PREFIX_PATH=${CMAKE_PREFIX_PATH}:/home/etri/ros2_ws/install/open_manipulator_bringup:/home/etri/ros2_ws/install/open_manipulator_teleop:/opt/ros/humble /usr/bin/cmake /home/etri/ros2_ws/DynamixelSDK/ros/dynamixel_sdk -DCMAKE_INSTALL_PREFIX=/home/etri/ros2_ws/install/dynamixel_sdk
[0.450s] Invoking command in '/home/etri/ros2_ws/build/dynamixel_sdk': CMAKE_PREFIX_PATH=${CMAKE_PREFIX_PATH}:/home/etri/ros2_ws/install/open_manipulator_bringup:/home/etri/ros2_ws/install/open_manipulator_teleop:/opt/ros/humble /usr/bin/cmake --build /home/etri/ros2_ws/build/dynamixel_sdk -- -j24 -l24
[0.475s] [  5%] Building CXX object CMakeFiles/dynamixel_sdk.dir/src/dynamixel_sdk/protocol1_packet_handler.cpp.o
[0.475s] [ 11%] Building CXX object CMakeFiles/dynamixel_sdk.dir/src/dynamixel_sdk/packet_handler.cpp.o
[0.476s] [ 16%] Building CXX object CMakeFiles/dynamixel_sdk.dir/src/dynamixel_sdk/group_sync_read.cpp.o
[0.476s] [ 22%] Building CXX object CMakeFiles/dynamixel_sdk.dir/src/dynamixel_sdk/protocol2_packet_handler.cpp.o
[0.477s] [ 27%] Building CXX object CMakeFiles/dynamixel_sdk.dir/src/dynamixel_sdk/group_bulk_read.cpp.o
[0.478s] [ 33%] Building CXX object CMakeFiles/dynamixel_sdk.dir/src/dynamixel_sdk/group_sync_write.cpp.o
[0.479s] [ 38%] Building CXX object CMakeFiles/dynamixel_sdk.dir/src/dynamixel_sdk/group_fast_bulk_read.cpp.o
[0.479s] [ 44%] Building CXX object CMakeFiles/dynamixel_sdk.dir/src/dynamixel_sdk/group_fast_sync_read.cpp.o
[0.479s] [ 55%] Building CXX object CMakeFiles/dynamixel_sdk.dir/src/dynamixel_sdk/group_handler.cpp.o
[0.479s] [ 55%] Building CXX object CMakeFiles/dynamixel_sdk.dir/src/dynamixel_sdk/group_bulk_write.cpp.o
[0.480s] [ 61%] Building CXX object CMakeFiles/dynamixel_sdk.dir/src/dynamixel_easy_sdk/connector.cpp.o
[0.481s] [ 61%] Built target ament_cmake_python_copy_dynamixel_easy_sdk
[0.482s] [ 66%] Building CXX object CMakeFiles/dynamixel_sdk.dir/src/dynamixel_sdk/port_handler.cpp.o
[0.483s] [ 72%] Building CXX object CMakeFiles/dynamixel_sdk.dir/src/dynamixel_easy_sdk/dynamixel_error.cpp.o
[0.483s] [ 77%] Building CXX object CMakeFiles/dynamixel_sdk.dir/src/dynamixel_easy_sdk/group_executor.cpp.o
[0.484s] [ 83%] Building CXX object CMakeFiles/dynamixel_sdk.dir/src/dynamixel_easy_sdk/control_table.cpp.o
[0.484s] [ 66%] Built target ament_cmake_python_copy_dynamixel_sdk
[0.487s] [ 88%] Building CXX object CMakeFiles/dynamixel_sdk.dir/src/dynamixel_easy_sdk/motor.cpp.o
[0.496s] [ 94%] Building CXX object CMakeFiles/dynamixel_sdk.dir/src/dynamixel_sdk/port_handler_linux.cpp.o
[0.630s] running egg_info
[0.630s] creating dynamixel_easy_sdk.egg-info
[0.630s] writing dynamixel_easy_sdk.egg-info/PKG-INFO
[0.630s] writing dependency_links to dynamixel_easy_sdk.egg-info/dependency_links.txt
[0.630s] writing top-level names to dynamixel_easy_sdk.egg-info/top_level.txt
[0.630s] writing manifest file 'dynamixel_easy_sdk.egg-info/SOURCES.txt'
[0.631s] reading manifest file 'dynamixel_easy_sdk.egg-info/SOURCES.txt'
[0.631s] writing manifest file 'dynamixel_easy_sdk.egg-info/SOURCES.txt'
[0.640s] running egg_info
[0.641s] creating dynamixel_sdk.egg-info
[0.641s] writing dynamixel_sdk.egg-info/PKG-INFO
[0.641s] writing dependency_links to dynamixel_sdk.egg-info/dependency_links.txt
[0.641s] writing top-level names to dynamixel_sdk.egg-info/top_level.txt
[0.641s] writing manifest file 'dynamixel_sdk.egg-info/SOURCES.txt'
[0.642s] reading manifest file 'dynamixel_sdk.egg-info/SOURCES.txt'
[0.642s] writing manifest file 'dynamixel_sdk.egg-info/SOURCES.txt'
[0.660s] [ 94%] Built target ament_cmake_python_build_dynamixel_easy_sdk_egg
[0.673s] [ 94%] Built target ament_cmake_python_build_dynamixel_sdk_egg
[1.010s] [100%] Linking CXX shared library libdynamixel_sdk.so
[1.085s] [100%] Built target dynamixel_sdk
