[0.005s] Invoking command in '/home/etri/ros2_ws/build/open_manipulator_collision': CMAKE_PREFIX_PATH=${CMAKE_PREFIX_PATH}:/home/etri/ros2_ws/install/open_manipulator_teleop:/home/etri/ros2_ws/install/open_manipulator_bringup:/opt/ros/humble /usr/bin/cmake --build /home/etri/ros2_ws/build/open_manipulator_collision -- -j24 -l24
[0.033s] [ 50%] Building CXX object CMakeFiles/self_collision_node.dir/src/self_collision_node.cpp.o
[5.970s] [100%] Linking CXX executable self_collision_node
[6.237s] [100%] Built target self_collision_node
[6.243s] Invoked command in '/home/etri/ros2_ws/build/open_manipulator_collision' returned '0': CMAKE_PREFIX_PATH=${CMAKE_PREFIX_PATH}:/home/etri/ros2_ws/install/open_manipulator_teleop:/home/etri/ros2_ws/install/open_manipulator_bringup:/opt/ros/humble /usr/bin/cmake --build /home/etri/ros2_ws/build/open_manipulator_collision -- -j24 -l24
[6.247s] Invoking command in '/home/etri/ros2_ws/build/open_manipulator_collision': CMAKE_PREFIX_PATH=${CMAKE_PREFIX_PATH}:/home/etri/ros2_ws/install/open_manipulator_teleop:/home/etri/ros2_ws/install/open_manipulator_bringup:/opt/ros/humble /usr/bin/cmake --install /home/etri/ros2_ws/build/open_manipulator_collision
[6.250s] -- Install configuration: ""
[6.251s] -- Installing: /home/etri/ros2_ws/install/open_manipulator_collision/lib/open_manipulator_collision/self_collision_node
[6.252s] -- Set runtime path of "/home/etri/ros2_ws/install/open_manipulator_collision/lib/open_manipulator_collision/self_collision_node" to ""
[6.252s] -- Installing: /home/etri/ros2_ws/install/open_manipulator_collision/include/
[6.253s] -- Installing: /home/etri/ros2_ws/install/open_manipulator_collision/include//open_manipulator_collision
[6.253s] -- Installing: /home/etri/ros2_ws/install/open_manipulator_collision/include//open_manipulator_collision/self_collision_node.hpp
[6.253s] -- Installing: /home/etri/ros2_ws/install/open_manipulator_collision/share/open_manipulator_collision
[6.253s] -- Installing: /home/etri/ros2_ws/install/open_manipulator_collision/share/open_manipulator_collision/self_collision.launch.py
[6.253s] -- Installing: /home/etri/ros2_ws/install/open_manipulator_collision/share/open_manipulator_collision/environment/library_path.sh
[6.253s] -- Installing: /home/etri/ros2_ws/install/open_manipulator_collision/share/open_manipulator_collision/environment/library_path.dsv
[6.253s] -- Installing: /home/etri/ros2_ws/install/open_manipulator_collision/share/ament_index/resource_index/package_run_dependencies/open_manipulator_collision
[6.253s] -- Installing: /home/etri/ros2_ws/install/open_manipulator_collision/share/ament_index/resource_index/parent_prefix_path/open_manipulator_collision
[6.253s] -- Installing: /home/etri/ros2_ws/install/open_manipulator_collision/share/open_manipulator_collision/environment/ament_prefix_path.sh
[6.253s] -- Installing: /home/etri/ros2_ws/install/open_manipulator_collision/share/open_manipulator_collision/environment/ament_prefix_path.dsv
[6.253s] -- Installing: /home/etri/ros2_ws/install/open_manipulator_collision/share/open_manipulator_collision/environment/path.sh
[6.253s] -- Installing: /home/etri/ros2_ws/install/open_manipulator_collision/share/open_manipulator_collision/environment/path.dsv
[6.253s] -- Installing: /home/etri/ros2_ws/install/open_manipulator_collision/share/open_manipulator_collision/local_setup.bash
[6.253s] -- Installing: /home/etri/ros2_ws/install/open_manipulator_collision/share/open_manipulator_collision/local_setup.sh
[6.253s] -- Installing: /home/etri/ros2_ws/install/open_manipulator_collision/share/open_manipulator_collision/local_setup.zsh
[6.253s] -- Installing: /home/etri/ros2_ws/install/open_manipulator_collision/share/open_manipulator_collision/local_setup.dsv
[6.253s] -- Installing: /home/etri/ros2_ws/install/open_manipulator_collision/share/open_manipulator_collision/package.dsv
[6.253s] -- Installing: /home/etri/ros2_ws/install/open_manipulator_collision/share/ament_index/resource_index/packages/open_manipulator_collision
[6.253s] -- Installing: /home/etri/ros2_ws/install/open_manipulator_collision/share/open_manipulator_collision/cmake/ament_cmake_export_dependencies-extras.cmake
[6.253s] -- Installing: /home/etri/ros2_ws/install/open_manipulator_collision/share/open_manipulator_collision/cmake/ament_cmake_export_include_directories-extras.cmake
[6.253s] -- Installing: /home/etri/ros2_ws/install/open_manipulator_collision/share/open_manipulator_collision/cmake/ament_cmake_export_libraries-extras.cmake
[6.253s] -- Installing: /home/etri/ros2_ws/install/open_manipulator_collision/share/open_manipulator_collision/cmake/open_manipulator_collisionConfig.cmake
[6.253s] -- Installing: /home/etri/ros2_ws/install/open_manipulator_collision/share/open_manipulator_collision/cmake/open_manipulator_collisionConfig-version.cmake
[6.253s] -- Installing: /home/etri/ros2_ws/install/open_manipulator_collision/share/open_manipulator_collision/package.xml
[6.254s] Invoked command in '/home/etri/ros2_ws/build/open_manipulator_collision' returned '0': CMAKE_PREFIX_PATH=${CMAKE_PREFIX_PATH}:/home/etri/ros2_ws/install/open_manipulator_teleop:/home/etri/ros2_ws/install/open_manipulator_bringup:/opt/ros/humble /usr/bin/cmake --install /home/etri/ros2_ws/build/open_manipulator_collision
