/home/etri/ros2_ws/install/open_manipulator_teleop/lib/python3.10/site-packages/open_manipulator_teleop/omy_3m_teleop.py
/home/etri/ros2_ws/install/open_manipulator_teleop/lib/python3.10/site-packages/open_manipulator_teleop/omy_f3m_teleop.py
/home/etri/ros2_ws/install/open_manipulator_teleop/lib/python3.10/site-packages/open_manipulator_teleop/__init__.py
/home/etri/ros2_ws/install/open_manipulator_teleop/lib/python3.10/site-packages/open_manipulator_teleop/omx_f_teleop.py
/home/etri/ros2_ws/install/open_manipulator_teleop/lib/python3.10/site-packages/open_manipulator_teleop/open_manipulator_x_teleop.py
/home/etri/ros2_ws/install/open_manipulator_teleop/lib/python3.10/site-packages/open_manipulator_teleop/__pycache__/omy_3m_teleop.cpython-310.pyc
/home/etri/ros2_ws/install/open_manipulator_teleop/lib/python3.10/site-packages/open_manipulator_teleop/__pycache__/omy_f3m_teleop.cpython-310.pyc
/home/etri/ros2_ws/install/open_manipulator_teleop/lib/python3.10/site-packages/open_manipulator_teleop/__pycache__/__init__.cpython-310.pyc
/home/etri/ros2_ws/install/open_manipulator_teleop/lib/python3.10/site-packages/open_manipulator_teleop/__pycache__/omx_f_teleop.cpython-310.pyc
/home/etri/ros2_ws/install/open_manipulator_teleop/lib/python3.10/site-packages/open_manipulator_teleop/__pycache__/open_manipulator_x_teleop.cpython-310.pyc
/home/etri/ros2_ws/install/open_manipulator_teleop/share/ament_index/resource_index/packages/open_manipulator_teleop
/home/etri/ros2_ws/install/open_manipulator_teleop/share/open_manipulator_teleop/package.xml
/home/etri/ros2_ws/install/open_manipulator_teleop/share/open_manipulator_teleop/launch
/home/etri/ros2_ws/install/open_manipulator_teleop/lib/python3.10/site-packages/open_manipulator_teleop-4.1.2-py3.10.egg-info/SOURCES.txt
/home/etri/ros2_ws/install/open_manipulator_teleop/lib/python3.10/site-packages/open_manipulator_teleop-4.1.2-py3.10.egg-info/PKG-INFO
/home/etri/ros2_ws/install/open_manipulator_teleop/lib/python3.10/site-packages/open_manipulator_teleop-4.1.2-py3.10.egg-info/top_level.txt
/home/etri/ros2_ws/install/open_manipulator_teleop/lib/python3.10/site-packages/open_manipulator_teleop-4.1.2-py3.10.egg-info/entry_points.txt
/home/etri/ros2_ws/install/open_manipulator_teleop/lib/python3.10/site-packages/open_manipulator_teleop-4.1.2-py3.10.egg-info/zip-safe
/home/etri/ros2_ws/install/open_manipulator_teleop/lib/python3.10/site-packages/open_manipulator_teleop-4.1.2-py3.10.egg-info/requires.txt
/home/etri/ros2_ws/install/open_manipulator_teleop/lib/python3.10/site-packages/open_manipulator_teleop-4.1.2-py3.10.egg-info/dependency_links.txt
/home/etri/ros2_ws/install/open_manipulator_teleop/lib/open_manipulator_teleop/omx_f_teleop
/home/etri/ros2_ws/install/open_manipulator_teleop/lib/open_manipulator_teleop/omy_3m_teleop
/home/etri/ros2_ws/install/open_manipulator_teleop/lib/open_manipulator_teleop/omy_f3m_teleop
/home/etri/ros2_ws/install/open_manipulator_teleop/lib/open_manipulator_teleop/open_manipulator_x_teleop
