[0.026s] Invoking command in '/home/etri/ros2_ws/build/custom_panda_description': CMAKE_PREFIX_PATH=${CMAKE_PREFIX_PATH}:/home/etri/ros2_ws/install/open_manipulator_teleop:/home/etri/ros2_ws/install/open_manipulator_bringup:/opt/ros/humble /usr/bin/cmake --build /home/etri/ros2_ws/build/custom_panda_description -- -j24 -l24
[0.153s] Invoked command in '/home/etri/ros2_ws/build/custom_panda_description' returned '0': CMAKE_PREFIX_PATH=${CMAKE_PREFIX_PATH}:/home/etri/ros2_ws/install/open_manipulator_teleop:/home/etri/ros2_ws/install/open_manipulator_bringup:/opt/ros/humble /usr/bin/cmake --build /home/etri/ros2_ws/build/custom_panda_description -- -j24 -l24
[0.155s] Invoking command in '/home/etri/ros2_ws/build/custom_panda_description': CMAKE_PREFIX_PATH=${CMAKE_PREFIX_PATH}:/home/etri/ros2_ws/install/open_manipulator_teleop:/home/etri/ros2_ws/install/open_manipulator_bringup:/opt/ros/humble /usr/bin/cmake --install /home/etri/ros2_ws/build/custom_panda_description
[0.179s] -- Install configuration: ""
[0.179s] -- Up-to-date: /home/etri/ros2_ws/install/custom_panda_description/share/custom_panda_description/urdf
[0.179s] -- Up-to-date: /home/etri/ros2_ws/install/custom_panda_description/share/custom_panda_description/urdf/panda_with_robotiq.urdf
[0.179s] -- Up-to-date: /home/etri/ros2_ws/install/custom_panda_description/share/custom_panda_description/meshes
[0.179s] -- Up-to-date: /home/etri/ros2_ws/install/custom_panda_description/share/custom_panda_description/meshes/inner_knuckle_coarse.STL
[0.179s] -- Up-to-date: /home/etri/ros2_ws/install/custom_panda_description/share/custom_panda_description/meshes/outer_finger_fine.STL
[0.179s] -- Up-to-date: /home/etri/ros2_ws/install/custom_panda_description/share/custom_panda_description/meshes/outer_knuckle_coarse.STL
[0.179s] -- Up-to-date: /home/etri/ros2_ws/install/custom_panda_description/share/custom_panda_description/meshes/outer_knuckle_fine.STL
[0.179s] -- Up-to-date: /home/etri/ros2_ws/install/custom_panda_description/share/custom_panda_description/meshes/outer_finger_coarse.STL
[0.179s] -- Up-to-date: /home/etri/ros2_ws/install/custom_panda_description/share/custom_panda_description/meshes/inner_knuckle_fine.STL
[0.180s] -- Up-to-date: /home/etri/ros2_ws/install/custom_panda_description/share/custom_panda_description/meshes/visual
[0.181s] -- Up-to-date: /home/etri/ros2_ws/install/custom_panda_description/share/custom_panda_description/meshes/robotiq_85_base_link_coarse.STL
[0.181s] -- Up-to-date: /home/etri/ros2_ws/install/custom_panda_description/share/custom_panda_description/meshes/collision
[0.181s] -- Up-to-date: /home/etri/ros2_ws/install/custom_panda_description/share/custom_panda_description/meshes/inner_finger_coarse.STL
[0.181s] -- Up-to-date: /home/etri/ros2_ws/install/custom_panda_description/share/custom_panda_description/meshes/robotiq_85_base_link_fine.STL
[0.181s] -- Up-to-date: /home/etri/ros2_ws/install/custom_panda_description/share/custom_panda_description/meshes/inner_finger_fine.STL
[0.181s] -- Up-to-date: /home/etri/ros2_ws/install/custom_panda_description/share/custom_panda_description/config
[0.181s] -- Up-to-date: /home/etri/ros2_ws/install/custom_panda_description/share/custom_panda_description/config/panda_robotiq.ros2_control.xacro
[0.181s] -- Up-to-date: /home/etri/ros2_ws/install/custom_panda_description/share/custom_panda_description/config/panda_robotiq.srdf
[0.181s] -- Up-to-date: /home/etri/ros2_ws/install/custom_panda_description/share/custom_panda_description/config/servo_config.yaml
[0.181s] -- Up-to-date: /home/etri/ros2_ws/install/custom_panda_description/share/custom_panda_description/config/kinematics.yaml
[0.181s] -- Up-to-date: /home/etri/ros2_ws/install/custom_panda_description/share/custom_panda_description/config/ros2_controllers.yaml
[0.181s] -- Up-to-date: /home/etri/ros2_ws/install/custom_panda_description/share/custom_panda_description/config/view_robot.rviz
[0.181s] -- Up-to-date: /home/etri/ros2_ws/install/custom_panda_description/share/custom_panda_description/launch
[0.181s] -- Up-to-date: /home/etri/ros2_ws/install/custom_panda_description/share/custom_panda_description/launch/servo_complete.launch.py
[0.181s] -- Up-to-date: /home/etri/ros2_ws/install/custom_panda_description/lib/custom_panda_description/joy_to_twist_node.py
[0.181s] -- Up-to-date: /home/etri/ros2_ws/install/custom_panda_description/lib/custom_panda_description/trajectory_to_joint_states.py
[0.181s] -- Up-to-date: /home/etri/ros2_ws/install/custom_panda_description/lib/custom_panda_description/joy_to_gripper_node.py
[0.181s] -- Up-to-date: /home/etri/ros2_ws/install/custom_panda_description/share/ament_index/resource_index/package_run_dependencies/custom_panda_description
[0.181s] -- Up-to-date: /home/etri/ros2_ws/install/custom_panda_description/share/ament_index/resource_index/parent_prefix_path/custom_panda_description
[0.181s] -- Up-to-date: /home/etri/ros2_ws/install/custom_panda_description/share/custom_panda_description/environment/ament_prefix_path.sh
[0.181s] -- Up-to-date: /home/etri/ros2_ws/install/custom_panda_description/share/custom_panda_description/environment/ament_prefix_path.dsv
[0.181s] -- Up-to-date: /home/etri/ros2_ws/install/custom_panda_description/share/custom_panda_description/environment/path.sh
[0.184s] -- Up-to-date: /home/etri/ros2_ws/install/custom_panda_description/share/custom_panda_description/environment/path.dsv
[0.184s] -- Up-to-date: /home/etri/ros2_ws/install/custom_panda_description/share/custom_panda_description/local_setup.bash
[0.184s] -- Up-to-date: /home/etri/ros2_ws/install/custom_panda_description/share/custom_panda_description/local_setup.sh
[0.184s] -- Up-to-date: /home/etri/ros2_ws/install/custom_panda_description/share/custom_panda_description/local_setup.zsh
[0.184s] -- Up-to-date: /home/etri/ros2_ws/install/custom_panda_description/share/custom_panda_description/local_setup.dsv
[0.184s] -- Up-to-date: /home/etri/ros2_ws/install/custom_panda_description/share/custom_panda_description/package.dsv
[0.184s] -- Up-to-date: /home/etri/ros2_ws/install/custom_panda_description/share/ament_index/resource_index/packages/custom_panda_description
[0.184s] -- Up-to-date: /home/etri/ros2_ws/install/custom_panda_description/share/custom_panda_description/cmake/custom_panda_descriptionConfig.cmake
[0.184s] -- Up-to-date: /home/etri/ros2_ws/install/custom_panda_description/share/custom_panda_description/cmake/custom_panda_descriptionConfig-version.cmake
[0.184s] -- Up-to-date: /home/etri/ros2_ws/install/custom_panda_description/share/custom_panda_description/package.xml
[0.185s] Invoked command in '/home/etri/ros2_ws/build/custom_panda_description' returned '0': CMAKE_PREFIX_PATH=${CMAKE_PREFIX_PATH}:/home/etri/ros2_ws/install/open_manipulator_teleop:/home/etri/ros2_ws/install/open_manipulator_bringup:/opt/ros/humble /usr/bin/cmake --install /home/etri/ros2_ws/build/custom_panda_description
