[0.023s] Invoking command in '/home/etri/ros2_ws/build/realtime_tools': CMAKE_PREFIX_PATH=${CMAKE_PREFIX_PATH}:/home/etri/ros2_ws/install/open_manipulator_bringup:/home/etri/ros2_ws/install/open_manipulator_teleop:/opt/ros/humble /usr/bin/cmake /home/etri/ros2_ws/realtime_tools -DAMENT_CMAKE_SYMLINK_INSTALL=1 -DCMAKE_INSTALL_PREFIX=/home/etri/ros2_ws/install/realtime_tools
[0.064s] -- The CXX compiler identification is GNU 11.4.0
[0.065s] -- Detecting CXX compiler ABI info
[0.119s] -- Detecting CXX compiler ABI info - done
[0.124s] -- Check for working CXX compiler: /usr/bin/c++ - skipped
[0.124s] -- Detecting CXX compile features
[0.124s] -- Detecting CXX compile features - done
[0.124s] -- Found ament_cmake: 1.3.12 (/opt/ros/humble/share/ament_cmake/cmake)
[0.221s] -- Found Python3: /usr/bin/python3 (found version "3.10.12") found components: Interpreter 
[0.252s] -- Override CMake install command with custom implementation using symlinks instead of copying resources
[0.267s] -- Found rclcpp: 16.0.17 (/opt/ros/humble/share/rclcpp/cmake)
[0.290s] -- Found rosidl_generator_c: 3.1.8 (/opt/ros/humble/share/rosidl_generator_c/cmake)
[0.293s] -- Found rosidl_adapter: 3.1.8 (/opt/ros/humble/share/rosidl_adapter/cmake)
[0.300s] -- Found rosidl_generator_cpp: 3.1.8 (/opt/ros/humble/share/rosidl_generator_cpp/cmake)
[0.307s] -- Using all available rosidl_typesupport_c: rosidl_typesupport_fastrtps_c;rosidl_typesupport_introspection_c
[0.314s] -- Using all available rosidl_typesupport_cpp: rosidl_typesupport_fastrtps_cpp;rosidl_typesupport_introspection_cpp
[0.333s] -- Found rmw_implementation_cmake: 6.1.2 (/opt/ros/humble/share/rmw_implementation_cmake/cmake)
[0.338s] -- Found rmw_fastrtps_cpp: 6.2.9 (/opt/ros/humble/share/rmw_fastrtps_cpp/cmake)
[0.378s] -- Found OpenSSL: /usr/lib/x86_64-linux-gnu/libcrypto.so (found version "3.0.2")  
[0.395s] -- Found FastRTPS: /opt/ros/humble/include  
[0.420s] -- Using RMW implementation 'rmw_fastrtps_cpp' as default
[0.422s] -- Looking for C++ include pthread.h
[0.466s] -- Looking for C++ include pthread.h - found
[0.466s] -- Performing Test CMAKE_HAVE_LIBC_PTHREAD
[0.539s] -- Performing Test CMAKE_HAVE_LIBC_PTHREAD - Success
[0.543s] -- Found Threads: TRUE  
[0.564s] -- Found rclcpp_action: 16.0.17 (/opt/ros/humble/share/rclcpp_action/cmake)
[0.585s] -- Found Boost: /usr/lib/x86_64-linux-gnu/cmake/Boost-1.74.0/BoostConfig.cmake (found version "1.74.0") found components: headers 
[0.586s] -- Found ament_cmake_gmock: 1.3.12 (/opt/ros/humble/share/ament_cmake_gmock/cmake)
[0.587s] -- Found lifecycle_msgs: 1.2.2 (/opt/ros/humble/share/lifecycle_msgs/cmake)
[0.592s] -- Found rclcpp_lifecycle: 16.0.17 (/opt/ros/humble/share/rclcpp_lifecycle/cmake)
[0.601s] -- Configuring incomplete, errors occurred!
[0.601s] See also "/home/etri/ros2_ws/build/realtime_tools/CMakeFiles/CMakeOutput.log".
[0.602s] [31mCMake Error at CMakeLists.txt:74 (find_package):
[0.602s]   By not providing "Findtest_msgs.cmake" in CMAKE_MODULE_PATH this project
[0.602s]   has asked CMake to find a package configuration file provided by
[0.602s]   "test_msgs", but CMake did not find one.
[0.602s] 
[0.602s]   Could not find a package configuration file provided by "test_msgs" with
[0.602s]   any of the following names:
[0.602s] 
[0.602s]     test_msgsConfig.cmake
[0.602s]     test_msgs-config.cmake
[0.602s] 
[0.602s]   Add the installation prefix of "test_msgs" to CMAKE_PREFIX_PATH or set
[0.602s]   "test_msgs_DIR" to a directory containing one of the above files.  If
[0.603s]   "test_msgs" provides a separate development package or SDK, be sure it has
[0.603s]   been installed.
[0.603s] 
[0.603s] [0m
[0.610s] Invoked command in '/home/etri/ros2_ws/build/realtime_tools' returned '1': CMAKE_PREFIX_PATH=${CMAKE_PREFIX_PATH}:/home/etri/ros2_ws/install/open_manipulator_bringup:/home/etri/ros2_ws/install/open_manipulator_teleop:/opt/ros/humble /usr/bin/cmake /home/etri/ros2_ws/realtime_tools -DAMENT_CMAKE_SYMLINK_INSTALL=1 -DCMAKE_INSTALL_PREFIX=/home/etri/ros2_ws/install/realtime_tools
