-- The C compiler identification is GNU 11.4.0
-- The CXX compiler identification is GNU 11.4.0
-- Detecting C compiler ABI info
-- Detecting C compiler ABI info - done
-- Check for working C compiler: /usr/bin/cc - skipped
-- Detecting C compile features
-- Detecting C compile features - done
-- Detecting CXX compiler ABI info
-- Detecting CXX compiler ABI info - done
-- Check for working CXX compiler: /usr/bin/c++ - skipped
-- Detecting CXX compile features
-- Detecting CXX compile features - done
-- Found ament_cmake: 1.3.12 (/opt/ros/humble/share/ament_cmake/cmake)
-- Found Python3: /usr/bin/python3 (found version "3.10.12") found components: Interpreter 
-- Configuring done
-- Generating done
-- Build files have been written to: /home/etri/ros2_ws/build/dynamixel_sdk
[  5%] Building CXX object CMakeFiles/dynamixel_sdk.dir/src/dynamixel_sdk/group_sync_read.cpp.o
[ 11%] Building CXX object CMakeFiles/dynamixel_sdk.dir/src/dynamixel_sdk/packet_handler.cpp.o
[ 22%] Building CXX object CMakeFiles/dynamixel_sdk.dir/src/dynamixel_sdk/protocol1_packet_handler.cpp.o
[ 22%] Building CXX object CMakeFiles/dynamixel_sdk.dir/src/dynamixel_sdk/protocol2_packet_handler.cpp.o
[ 33%] Building CXX object CMakeFiles/dynamixel_sdk.dir/src/dynamixel_sdk/group_bulk_read.cpp.o
[ 27%] Building CXX object CMakeFiles/dynamixel_sdk.dir/src/dynamixel_sdk/group_sync_write.cpp.o
[ 38%] Building CXX object CMakeFiles/dynamixel_sdk.dir/src/dynamixel_sdk/group_handler.cpp.o
[ 44%] Building CXX object CMakeFiles/dynamixel_sdk.dir/src/dynamixel_sdk/port_handler.cpp.o
[ 50%] Building CXX object CMakeFiles/dynamixel_sdk.dir/src/dynamixel_sdk/group_bulk_write.cpp.o
[ 55%] Building CXX object CMakeFiles/dynamixel_sdk.dir/src/dynamixel_sdk/group_fast_sync_read.cpp.o
[ 61%] Building CXX object CMakeFiles/dynamixel_sdk.dir/src/dynamixel_sdk/group_fast_bulk_read.cpp.o
[ 72%] Building CXX object CMakeFiles/dynamixel_sdk.dir/src/dynamixel_easy_sdk/connector.cpp.o
[ 72%] Building CXX object CMakeFiles/dynamixel_sdk.dir/src/dynamixel_easy_sdk/group_executor.cpp.o
[ 77%] Building CXX object CMakeFiles/dynamixel_sdk.dir/src/dynamixel_easy_sdk/dynamixel_error.cpp.o
[ 83%] Building CXX object CMakeFiles/dynamixel_sdk.dir/src/dynamixel_easy_sdk/control_table.cpp.o
[ 88%] Built target ament_cmake_python_copy_dynamixel_sdk
[ 88%] Building CXX object CMakeFiles/dynamixel_sdk.dir/src/dynamixel_easy_sdk/motor.cpp.o
[ 88%] Built target ament_cmake_python_copy_dynamixel_easy_sdk
[ 94%] Building CXX object CMakeFiles/dynamixel_sdk.dir/src/dynamixel_sdk/port_handler_linux.cpp.o
running egg_info
creating dynamixel_easy_sdk.egg-info
writing dynamixel_easy_sdk.egg-info/PKG-INFO
writing dependency_links to dynamixel_easy_sdk.egg-info/dependency_links.txt
writing top-level names to dynamixel_easy_sdk.egg-info/top_level.txt
writing manifest file 'dynamixel_easy_sdk.egg-info/SOURCES.txt'
reading manifest file 'dynamixel_easy_sdk.egg-info/SOURCES.txt'
writing manifest file 'dynamixel_easy_sdk.egg-info/SOURCES.txt'
running egg_info
creating dynamixel_sdk.egg-info
writing dynamixel_sdk.egg-info/PKG-INFO
writing dependency_links to dynamixel_sdk.egg-info/dependency_links.txt
writing top-level names to dynamixel_sdk.egg-info/top_level.txt
writing manifest file 'dynamixel_sdk.egg-info/SOURCES.txt'
reading manifest file 'dynamixel_sdk.egg-info/SOURCES.txt'
writing manifest file 'dynamixel_sdk.egg-info/SOURCES.txt'
[ 94%] Built target ament_cmake_python_build_dynamixel_easy_sdk_egg
[ 94%] Built target ament_cmake_python_build_dynamixel_sdk_egg
[100%] Linking CXX shared library libdynamixel_sdk.so
[100%] Built target dynamixel_sdk
