[0.025s] Invoking command in '/home/etri/ros2_ws/build/dynamixel_sdk': CMAKE_PREFIX_PATH=${CMAKE_PREFIX_PATH}:/home/etri/ros2_ws/install/open_manipulator_teleop:/home/etri/ros2_ws/install/open_manipulator_bringup:/opt/ros/humble /usr/bin/cmake /home/etri/ros2_ws/DynamixelSDK/ros/dynamixel_sdk -DCMAKE_INSTALL_PREFIX=/home/etri/ros2_ws/install/dynamixel_sdk
[0.149s] -- The C compiler identification is GNU 11.4.0
[0.149s] -- The CXX compiler identification is GNU 11.4.0
[0.149s] -- Detecting C compiler ABI info
[0.149s] -- Detecting C compiler ABI info - done
[0.149s] -- Check for working C compiler: /usr/bin/cc - skipped
[0.149s] -- Detecting C compile features
[0.149s] -- Detecting C compile features - done
[0.149s] -- Detecting CXX compiler ABI info
[0.172s] -- Detecting CXX compiler ABI info - done
[0.190s] -- Check for working CXX compiler: /usr/bin/c++ - skipped
[0.190s] -- Detecting CXX compile features
[0.190s] -- Detecting CXX compile features - done
[0.190s] -- Found ament_cmake: 1.3.12 (/opt/ros/humble/share/ament_cmake/cmake)
[0.249s] -- Found Python3: /usr/bin/python3 (found version "3.10.12") found components: Interpreter 
[0.407s] -- Configuring done
[0.410s] -- Generating done
[0.412s] -- Build files have been written to: /home/etri/ros2_ws/build/dynamixel_sdk
[0.417s] Invoked command in '/home/etri/ros2_ws/build/dynamixel_sdk' returned '0': CMAKE_PREFIX_PATH=${CMAKE_PREFIX_PATH}:/home/etri/ros2_ws/install/open_manipulator_teleop:/home/etri/ros2_ws/install/open_manipulator_bringup:/opt/ros/humble /usr/bin/cmake /home/etri/ros2_ws/DynamixelSDK/ros/dynamixel_sdk -DCMAKE_INSTALL_PREFIX=/home/etri/ros2_ws/install/dynamixel_sdk
[0.417s] Invoking command in '/home/etri/ros2_ws/build/dynamixel_sdk': CMAKE_PREFIX_PATH=${CMAKE_PREFIX_PATH}:/home/etri/ros2_ws/install/open_manipulator_teleop:/home/etri/ros2_ws/install/open_manipulator_bringup:/opt/ros/humble /usr/bin/cmake --build /home/etri/ros2_ws/build/dynamixel_sdk -- -j24 -l24
[0.442s] [  5%] Building CXX object CMakeFiles/dynamixel_sdk.dir/src/dynamixel_sdk/group_sync_read.cpp.o
[0.442s] [ 11%] Building CXX object CMakeFiles/dynamixel_sdk.dir/src/dynamixel_sdk/packet_handler.cpp.o
[0.442s] [ 22%] Building CXX object CMakeFiles/dynamixel_sdk.dir/src/dynamixel_sdk/protocol1_packet_handler.cpp.o
[0.442s] [ 22%] Building CXX object CMakeFiles/dynamixel_sdk.dir/src/dynamixel_sdk/protocol2_packet_handler.cpp.o
[0.442s] [ 33%] Building CXX object CMakeFiles/dynamixel_sdk.dir/src/dynamixel_sdk/group_bulk_read.cpp.o
[0.443s] [ 27%] Building CXX object CMakeFiles/dynamixel_sdk.dir/src/dynamixel_sdk/group_sync_write.cpp.o
[0.443s] [ 38%] Building CXX object CMakeFiles/dynamixel_sdk.dir/src/dynamixel_sdk/group_handler.cpp.o
[0.443s] [ 44%] Building CXX object CMakeFiles/dynamixel_sdk.dir/src/dynamixel_sdk/port_handler.cpp.o
[0.443s] [ 50%] Building CXX object CMakeFiles/dynamixel_sdk.dir/src/dynamixel_sdk/group_bulk_write.cpp.o
[0.443s] [ 55%] Building CXX object CMakeFiles/dynamixel_sdk.dir/src/dynamixel_sdk/group_fast_sync_read.cpp.o
[0.443s] [ 61%] Building CXX object CMakeFiles/dynamixel_sdk.dir/src/dynamixel_sdk/group_fast_bulk_read.cpp.o
[0.447s] [ 72%] Building CXX object CMakeFiles/dynamixel_sdk.dir/src/dynamixel_easy_sdk/connector.cpp.o
[0.447s] [ 72%] Building CXX object CMakeFiles/dynamixel_sdk.dir/src/dynamixel_easy_sdk/group_executor.cpp.o
[0.447s] [ 77%] Building CXX object CMakeFiles/dynamixel_sdk.dir/src/dynamixel_easy_sdk/dynamixel_error.cpp.o
[0.447s] [ 83%] Building CXX object CMakeFiles/dynamixel_sdk.dir/src/dynamixel_easy_sdk/control_table.cpp.o
[0.447s] [ 88%] Built target ament_cmake_python_copy_dynamixel_sdk
[0.447s] [ 88%] Building CXX object CMakeFiles/dynamixel_sdk.dir/src/dynamixel_easy_sdk/motor.cpp.o
[0.447s] [ 88%] Built target ament_cmake_python_copy_dynamixel_easy_sdk
[0.456s] [ 94%] Building CXX object CMakeFiles/dynamixel_sdk.dir/src/dynamixel_sdk/port_handler_linux.cpp.o
[0.606s] running egg_info
[0.607s] creating dynamixel_easy_sdk.egg-info
[0.607s] writing dynamixel_easy_sdk.egg-info/PKG-INFO
[0.607s] writing dependency_links to dynamixel_easy_sdk.egg-info/dependency_links.txt
[0.607s] writing top-level names to dynamixel_easy_sdk.egg-info/top_level.txt
[0.607s] writing manifest file 'dynamixel_easy_sdk.egg-info/SOURCES.txt'
[0.608s] reading manifest file 'dynamixel_easy_sdk.egg-info/SOURCES.txt'
[0.608s] writing manifest file 'dynamixel_easy_sdk.egg-info/SOURCES.txt'
[0.608s] running egg_info
[0.609s] creating dynamixel_sdk.egg-info
[0.609s] writing dynamixel_sdk.egg-info/PKG-INFO
[0.609s] writing dependency_links to dynamixel_sdk.egg-info/dependency_links.txt
[0.609s] writing top-level names to dynamixel_sdk.egg-info/top_level.txt
[0.609s] writing manifest file 'dynamixel_sdk.egg-info/SOURCES.txt'
[0.610s] reading manifest file 'dynamixel_sdk.egg-info/SOURCES.txt'
[0.610s] writing manifest file 'dynamixel_sdk.egg-info/SOURCES.txt'
[0.635s] [ 94%] Built target ament_cmake_python_build_dynamixel_easy_sdk_egg
[0.643s] [ 94%] Built target ament_cmake_python_build_dynamixel_sdk_egg
[0.923s] [100%] Linking CXX shared library libdynamixel_sdk.so
[0.984s] [100%] Built target dynamixel_sdk
