[0.010s] Invoking command in '/home/etri/ros2_ws/build/custom_panda_description': CMAKE_PREFIX_PATH=${CMAKE_PREFIX_PATH}:/opt/ros/humble /usr/bin/cmake /home/etri/ros2_ws/custom_panda_description -DAMENT_CMAKE_SYMLINK_INSTALL=1 -DCMAKE_INSTALL_PREFIX=/home/etri/ros2_ws/install/custom_panda_description
[0.090s] -- The C compiler identification is GNU 11.4.0
[0.149s] -- The CXX compiler identification is GNU 11.4.0
[0.155s] -- Detecting C compiler ABI info
[0.197s] -- Detecting C compiler ABI info - done
[0.200s] -- Check for working C compiler: /usr/bin/cc - skipped
[0.202s] -- Detecting C compile features
[0.202s] -- Detecting C compile features - done
[0.204s] -- Detecting CXX compiler ABI info
[0.244s] -- Detecting CXX compiler ABI info - done
[0.247s] -- Check for working CXX compiler: /usr/bin/c++ - skipped
[0.248s] -- Detecting CXX compile features
[0.248s] -- Detecting CXX compile features - done
[0.252s] -- Found ament_cmake: 1.3.12 (/opt/ros/humble/share/ament_cmake/cmake)
[0.326s] -- Found Python3: /usr/bin/python3 (found version "3.10.12") found components: Interpreter 
[0.358s] -- Override CMake install command with custom implementation using symlinks instead of copying resources
[0.374s] -- Found urdf: 2.6.1 (/opt/ros/humble/share/urdf/cmake)
[0.401s] -- Found xacro: 2.1.1 (/opt/ros/humble/share/xacro/cmake)
[0.402s] -- Found ament_lint_auto: 0.12.14 (/opt/ros/humble/share/ament_lint_auto/cmake)
[0.442s] -- Added test 'flake8' to check Python code syntax and style conventions
[0.442s] -- Added test 'lint_cmake' to check CMake code style
[0.443s] -- Added test 'pep257' to check Python code against some of the docstring style conventions in PEP 257
[0.444s] -- Added test 'xmllint' to check XML markup files
[0.445s] -- Configuring done
[0.446s] -- Generating done
[0.446s] -- Build files have been written to: /home/etri/ros2_ws/build/custom_panda_description
[0.450s] Invoked command in '/home/etri/ros2_ws/build/custom_panda_description' returned '0': CMAKE_PREFIX_PATH=${CMAKE_PREFIX_PATH}:/opt/ros/humble /usr/bin/cmake /home/etri/ros2_ws/custom_panda_description -DAMENT_CMAKE_SYMLINK_INSTALL=1 -DCMAKE_INSTALL_PREFIX=/home/etri/ros2_ws/install/custom_panda_description
[0.450s] Invoking command in '/home/etri/ros2_ws/build/custom_panda_description': CMAKE_PREFIX_PATH=${CMAKE_PREFIX_PATH}:/opt/ros/humble /usr/bin/cmake --build /home/etri/ros2_ws/build/custom_panda_description -- -j24 -l24
[0.471s] Invoked command in '/home/etri/ros2_ws/build/custom_panda_description' returned '0': CMAKE_PREFIX_PATH=${CMAKE_PREFIX_PATH}:/opt/ros/humble /usr/bin/cmake --build /home/etri/ros2_ws/build/custom_panda_description -- -j24 -l24
[0.474s] Invoking command in '/home/etri/ros2_ws/build/custom_panda_description': CMAKE_PREFIX_PATH=${CMAKE_PREFIX_PATH}:/opt/ros/humble /usr/bin/cmake --install /home/etri/ros2_ws/build/custom_panda_description
[0.477s] -- Install configuration: ""
[0.477s] -- Execute custom install script
[0.477s] -- Symlinking: /home/etri/ros2_ws/install/custom_panda_description/share/custom_panda_description/urdf/panda_with_robotiq.urdf
[0.481s] -- Symlinking: /home/etri/ros2_ws/install/custom_panda_description/share/custom_panda_description/meshes/inner_finger_coarse.STL
[0.486s] -- Symlinking: /home/etri/ros2_ws/install/custom_panda_description/share/custom_panda_description/meshes/inner_finger_fine.STL
[0.491s] -- Symlinking: /home/etri/ros2_ws/install/custom_panda_description/share/custom_panda_description/meshes/inner_knuckle_coarse.STL
[0.497s] -- Symlinking: /home/etri/ros2_ws/install/custom_panda_description/share/custom_panda_description/meshes/inner_knuckle_fine.STL
[0.501s] -- Symlinking: /home/etri/ros2_ws/install/custom_panda_description/share/custom_panda_description/meshes/outer_finger_coarse.STL
[0.505s] -- Symlinking: /home/etri/ros2_ws/install/custom_panda_description/share/custom_panda_description/meshes/outer_finger_fine.STL
[0.509s] -- Symlinking: /home/etri/ros2_ws/install/custom_panda_description/share/custom_panda_description/meshes/outer_knuckle_coarse.STL
[0.513s] -- Symlinking: /home/etri/ros2_ws/install/custom_panda_description/share/custom_panda_description/meshes/outer_knuckle_fine.STL
[0.516s] -- Symlinking: /home/etri/ros2_ws/install/custom_panda_description/share/custom_panda_description/meshes/robotiq_85_base_link_coarse.STL
[0.520s] -- Symlinking: /home/etri/ros2_ws/install/custom_panda_description/share/custom_panda_description/meshes/robotiq_85_base_link_fine.STL
[0.523s] -- Symlinking: /home/etri/ros2_ws/install/custom_panda_description/share/custom_panda_description/config/kinematics.yaml
[0.526s] -- Symlinking: /home/etri/ros2_ws/install/custom_panda_description/share/custom_panda_description/config/panda_robotiq.ros2_control.xacro
[0.530s] -- Symlinking: /home/etri/ros2_ws/install/custom_panda_description/share/custom_panda_description/config/panda_robotiq.srdf
[0.533s] -- Symlinking: /home/etri/ros2_ws/install/custom_panda_description/share/custom_panda_description/config/ros2_controllers.yaml
[0.537s] -- Symlinking: /home/etri/ros2_ws/install/custom_panda_description/share/custom_panda_description/config/servo_config.yaml
[0.541s] -- Symlinking: /home/etri/ros2_ws/install/custom_panda_description/share/custom_panda_description/config/view_robot.rviz
[0.545s] -- Symlinking: /home/etri/ros2_ws/install/custom_panda_description/share/custom_panda_description/launch/servo_complete.launch.py
[0.549s] -- Symlinking: /home/etri/ros2_ws/install/custom_panda_description/lib/custom_panda_description/joy_to_twist_node.py
[0.553s] -- Symlinking: /home/etri/ros2_ws/install/custom_panda_description/lib/custom_panda_description/trajectory_to_joint_states.py
[0.557s] -- Symlinking: /home/etri/ros2_ws/install/custom_panda_description/lib/custom_panda_description/joy_to_gripper_node.py
[0.560s] -- Symlinking: /home/etri/ros2_ws/install/custom_panda_description/share/ament_index/resource_index/package_run_dependencies/custom_panda_description
[0.564s] -- Symlinking: /home/etri/ros2_ws/install/custom_panda_description/share/ament_index/resource_index/parent_prefix_path/custom_panda_description
[0.567s] -- Symlinking: /home/etri/ros2_ws/install/custom_panda_description/share/custom_panda_description/environment/ament_prefix_path.sh
[0.571s] -- Symlinking: /home/etri/ros2_ws/install/custom_panda_description/share/custom_panda_description/environment/ament_prefix_path.dsv
[0.574s] -- Symlinking: /home/etri/ros2_ws/install/custom_panda_description/share/custom_panda_description/environment/path.sh
[0.578s] -- Symlinking: /home/etri/ros2_ws/install/custom_panda_description/share/custom_panda_description/environment/path.dsv
[0.582s] -- Symlinking: /home/etri/ros2_ws/install/custom_panda_description/share/custom_panda_description/local_setup.bash
[0.586s] -- Symlinking: /home/etri/ros2_ws/install/custom_panda_description/share/custom_panda_description/local_setup.sh
[0.589s] -- Symlinking: /home/etri/ros2_ws/install/custom_panda_description/share/custom_panda_description/local_setup.zsh
[0.592s] -- Symlinking: /home/etri/ros2_ws/install/custom_panda_description/share/custom_panda_description/local_setup.dsv
[0.596s] -- Symlinking: /home/etri/ros2_ws/install/custom_panda_description/share/custom_panda_description/package.dsv
[0.599s] -- Symlinking: /home/etri/ros2_ws/install/custom_panda_description/share/ament_index/resource_index/packages/custom_panda_description
[0.603s] -- Symlinking: /home/etri/ros2_ws/install/custom_panda_description/share/custom_panda_description/cmake/custom_panda_descriptionConfig.cmake
[0.606s] -- Symlinking: /home/etri/ros2_ws/install/custom_panda_description/share/custom_panda_description/cmake/custom_panda_descriptionConfig-version.cmake
[0.609s] -- Symlinking: /home/etri/ros2_ws/install/custom_panda_description/share/custom_panda_description/package.xml
[0.614s] Invoked command in '/home/etri/ros2_ws/build/custom_panda_description' returned '0': CMAKE_PREFIX_PATH=${CMAKE_PREFIX_PATH}:/opt/ros/humble /usr/bin/cmake --install /home/etri/ros2_ws/build/custom_panda_description
