Consolidate compiler generated dependencies of target dynamixel_sdk
[  0%] Built target ament_cmake_python_copy_dynamixel_easy_sdk
[  5%] Built target ament_cmake_python_copy_dynamixel_sdk
[100%] Built target dynamixel_sdk
running egg_info
running egg_info
writing dynamixel_sdk.egg-info/PKG-INFO
writing dynamixel_easy_sdk.egg-info/PKG-INFO
writing dependency_links to dynamixel_easy_sdk.egg-info/dependency_links.txt
writing dependency_links to dynamixel_sdk.egg-info/dependency_links.txt
writing top-level names to dynamixel_sdk.egg-info/top_level.txt
writing top-level names to dynamixel_easy_sdk.egg-info/top_level.txt
reading manifest file 'dynamixel_easy_sdk.egg-info/SOURCES.txt'
reading manifest file 'dynamixel_sdk.egg-info/SOURCES.txt'
writing manifest file 'dynamixel_easy_sdk.egg-info/SOURCES.txt'
writing manifest file 'dynamixel_sdk.egg-info/SOURCES.txt'
[100%] Built target ament_cmake_python_build_dynamixel_easy_sdk_egg
[100%] Built target ament_cmake_python_build_dynamixel_sdk_egg
-- Install configuration: ""
-- Installing: /home/etri/ros2_ws/install/dynamixel_sdk/include/
-- Installing: /home/etri/ros2_ws/install/dynamixel_sdk/include//dynamixel_sdk
-- Installing: /home/etri/ros2_ws/install/dynamixel_sdk/include//dynamixel_sdk/protocol2_packet_handler.h
-- Installing: /home/etri/ros2_ws/install/dynamixel_sdk/include//dynamixel_sdk/packet_handler.h
-- Installing: /home/etri/ros2_ws/install/dynamixel_sdk/include//dynamixel_sdk/group_fast_sync_read.h
-- Installing: /home/etri/ros2_ws/install/dynamixel_sdk/include//dynamixel_sdk/group_fast_bulk_read.h
-- Installing: /home/etri/ros2_ws/install/dynamixel_sdk/include//dynamixel_sdk/port_handler_arduino.h
-- Installing: /home/etri/ros2_ws/install/dynamixel_sdk/include//dynamixel_sdk/group_sync_read.h
-- Installing: /home/etri/ros2_ws/install/dynamixel_sdk/include//dynamixel_sdk/group_sync_write.h
-- Installing: /home/etri/ros2_ws/install/dynamixel_sdk/include//dynamixel_sdk/protocol1_packet_handler.h
-- Installing: /home/etri/ros2_ws/install/dynamixel_sdk/include//dynamixel_sdk/port_handler_mac.h
-- Installing: /home/etri/ros2_ws/install/dynamixel_sdk/include//dynamixel_sdk/port_handler_windows.h
-- Installing: /home/etri/ros2_ws/install/dynamixel_sdk/include//dynamixel_sdk/port_handler.h
-- Installing: /home/etri/ros2_ws/install/dynamixel_sdk/include//dynamixel_sdk/group_bulk_read.h
-- Installing: /home/etri/ros2_ws/install/dynamixel_sdk/include//dynamixel_sdk/group_handler.h
-- Installing: /home/etri/ros2_ws/install/dynamixel_sdk/include//dynamixel_sdk/dynamixel_sdk.h
-- Installing: /home/etri/ros2_ws/install/dynamixel_sdk/include//dynamixel_sdk/port_handler_linux.h
-- Installing: /home/etri/ros2_ws/install/dynamixel_sdk/include//dynamixel_sdk/group_bulk_write.h
-- Installing: /home/etri/ros2_ws/install/dynamixel_sdk/include//dynamixel_easy_sdk
-- Installing: /home/etri/ros2_ws/install/dynamixel_sdk/include//dynamixel_easy_sdk/data_types.hpp
-- Installing: /home/etri/ros2_ws/install/dynamixel_sdk/include//dynamixel_easy_sdk/motor.hpp
-- Installing: /home/etri/ros2_ws/install/dynamixel_sdk/include//dynamixel_easy_sdk/control_table.hpp
-- Installing: /home/etri/ros2_ws/install/dynamixel_sdk/include//dynamixel_easy_sdk/group_executor.hpp
-- Installing: /home/etri/ros2_ws/install/dynamixel_sdk/include//dynamixel_easy_sdk/connector.hpp
-- Installing: /home/etri/ros2_ws/install/dynamixel_sdk/include//dynamixel_easy_sdk/dynamixel_easy_sdk.hpp
-- Installing: /home/etri/ros2_ws/install/dynamixel_sdk/include//dynamixel_easy_sdk/dynamixel_error.hpp
-- Installing: /home/etri/ros2_ws/install/dynamixel_sdk/lib/libdynamixel_sdk.so
-- Installing: /home/etri/ros2_ws/install/dynamixel_sdk/share/dynamixel_sdk/control_table
-- Installing: /home/etri/ros2_ws/install/dynamixel_sdk/share/dynamixel_sdk/control_table/xc330_m181_fw52.model
-- Installing: /home/etri/ros2_ws/install/dynamixel_sdk/share/dynamixel_sdk/control_table/ph54_100_s500.model
-- Installing: /home/etri/ros2_ws/install/dynamixel_sdk/share/dynamixel_sdk/control_table/xc430_w240.model
-- Installing: /home/etri/ros2_ws/install/dynamixel_sdk/share/dynamixel_sdk/control_table/pm42_010_s260.model
-- Installing: /home/etri/ros2_ws/install/dynamixel_sdk/share/dynamixel_sdk/control_table/xh430_v350.model
-- Installing: /home/etri/ros2_ws/install/dynamixel_sdk/share/dynamixel_sdk/control_table/xm540_w150.model
-- Installing: /home/etri/ros2_ws/install/dynamixel_sdk/share/dynamixel_sdk/control_table/m54_60_s250_ra.model
-- Installing: /home/etri/ros2_ws/install/dynamixel_sdk/share/dynamixel_sdk/control_table/ym070_210_r099.model
-- Installing: /home/etri/ros2_ws/install/dynamixel_sdk/share/dynamixel_sdk/control_table/ym070_210_a051.model
-- Installing: /home/etri/ros2_ws/install/dynamixel_sdk/share/dynamixel_sdk/control_table/ym080_230_a051.model
-- Installing: /home/etri/ros2_ws/install/dynamixel_sdk/share/dynamixel_sdk/control_table/xc330_m181.model
-- Installing: /home/etri/ros2_ws/install/dynamixel_sdk/share/dynamixel_sdk/control_table/xw430_t333.model
-- Installing: /home/etri/ros2_ws/install/dynamixel_sdk/share/dynamixel_sdk/control_table/xc330_m288.model
-- Installing: /home/etri/ros2_ws/install/dynamixel_sdk/share/dynamixel_sdk/control_table/mx_28.model
-- Installing: /home/etri/ros2_ws/install/dynamixel_sdk/share/dynamixel_sdk/control_table/xw540_t140.model
-- Installing: /home/etri/ros2_ws/install/dynamixel_sdk/share/dynamixel_sdk/control_table/m54_40_s250_ra.model
-- Installing: /home/etri/ros2_ws/install/dynamixel_sdk/share/dynamixel_sdk/control_table/xl330_m288.model
-- Installing: /home/etri/ros2_ws/install/dynamixel_sdk/share/dynamixel_sdk/control_table/ym070_210_m001.model
-- Installing: /home/etri/ros2_ws/install/dynamixel_sdk/share/dynamixel_sdk/control_table/pm54_040_s250.model
-- Installing: /home/etri/ros2_ws/install/dynamixel_sdk/share/dynamixel_sdk/control_table/xc330_t288.model
-- Installing: /home/etri/ros2_ws/install/dynamixel_sdk/share/dynamixel_sdk/control_table/xh540_w270.model
-- Installing: /home/etri/ros2_ws/install/dynamixel_sdk/share/dynamixel_sdk/control_table/xc330_t288_fw52.model
-- Installing: /home/etri/ros2_ws/install/dynamixel_sdk/share/dynamixel_sdk/control_table/xh430_w210.model
-- Installing: /home/etri/ros2_ws/install/dynamixel_sdk/share/dynamixel_sdk/control_table/xm540_w270.model
-- Installing: /home/etri/ros2_ws/install/dynamixel_sdk/share/dynamixel_sdk/control_table/xl320.model
-- Installing: /home/etri/ros2_ws/install/dynamixel_sdk/share/dynamixel_sdk/control_table/m42_10_s260_ra.model
-- Installing: /home/etri/ros2_ws/install/dynamixel_sdk/share/dynamixel_sdk/control_table/h54_100_s500_ra.model
-- Installing: /home/etri/ros2_ws/install/dynamixel_sdk/share/dynamixel_sdk/control_table/dynamixel.model
-- Installing: /home/etri/ros2_ws/install/dynamixel_sdk/share/dynamixel_sdk/control_table/xl330_m077_fw52.model
-- Installing: /home/etri/ros2_ws/install/dynamixel_sdk/share/dynamixel_sdk/control_table/xd430_t350.model
-- Installing: /home/etri/ros2_ws/install/dynamixel_sdk/share/dynamixel_sdk/control_table/ym070_210_a099.model
-- Installing: /home/etri/ros2_ws/install/dynamixel_sdk/share/dynamixel_sdk/control_table/xw430_t200.model
-- Installing: /home/etri/ros2_ws/install/dynamixel_sdk/share/dynamixel_sdk/control_table/ph54_200_s500.model
-- Installing: /home/etri/ros2_ws/install/dynamixel_sdk/share/dynamixel_sdk/control_table/xw540_h260.model
-- Installing: /home/etri/ros2_ws/install/dynamixel_sdk/share/dynamixel_sdk/control_table/mx_106.model
-- Installing: /home/etri/ros2_ws/install/dynamixel_sdk/share/dynamixel_sdk/control_table/xm430_w350.model
-- Installing: /home/etri/ros2_ws/install/dynamixel_sdk/share/dynamixel_sdk/control_table/ym080_230_a099.model
-- Installing: /home/etri/ros2_ws/install/dynamixel_sdk/share/dynamixel_sdk/control_table/2xc430_w250.model
-- Installing: /home/etri/ros2_ws/install/dynamixel_sdk/share/dynamixel_sdk/control_table/ym070_210_b001.model
-- Installing: /home/etri/ros2_ws/install/dynamixel_sdk/share/dynamixel_sdk/control_table/xd540_t270.model
-- Installing: /home/etri/ros2_ws/install/dynamixel_sdk/share/dynamixel_sdk/control_table/pm54_060_s250.model
-- Installing: /home/etri/ros2_ws/install/dynamixel_sdk/share/dynamixel_sdk/control_table/xh540_w150.model
-- Installing: /home/etri/ros2_ws/install/dynamixel_sdk/share/dynamixel_sdk/control_table/ym080_230_b001.model
-- Installing: /home/etri/ros2_ws/install/dynamixel_sdk/share/dynamixel_sdk/control_table/xh540_v150.model
-- Installing: /home/etri/ros2_ws/install/dynamixel_sdk/share/dynamixel_sdk/control_table/ym080_230_r099.model
-- Installing: /home/etri/ros2_ws/install/dynamixel_sdk/share/dynamixel_sdk/control_table/xh430_w350.model
-- Installing: /home/etri/ros2_ws/install/dynamixel_sdk/share/dynamixel_sdk/control_table/ym080_230_m001.model
-- Installing: /home/etri/ros2_ws/install/dynamixel_sdk/share/dynamixel_sdk/control_table/xl330_m077.model
-- Installing: /home/etri/ros2_ws/install/dynamixel_sdk/share/dynamixel_sdk/control_table/h54_200_s500_ra.model
-- Installing: /home/etri/ros2_ws/install/dynamixel_sdk/share/dynamixel_sdk/control_table/xc430_w150.model
-- Installing: /home/etri/ros2_ws/install/dynamixel_sdk/share/dynamixel_sdk/control_table/ym070_210_r051.model
-- Installing: /home/etri/ros2_ws/install/dynamixel_sdk/share/dynamixel_sdk/control_table/xl330_m288_fw52.model
-- Installing: /home/etri/ros2_ws/install/dynamixel_sdk/share/dynamixel_sdk/control_table/ym080_230_r051.model
-- Installing: /home/etri/ros2_ws/install/dynamixel_sdk/share/dynamixel_sdk/control_table/xl430_w250.model
-- Installing: /home/etri/ros2_ws/install/dynamixel_sdk/share/dynamixel_sdk/control_table/xh430_v210.model
-- Installing: /home/etri/ros2_ws/install/dynamixel_sdk/share/dynamixel_sdk/control_table/ph42_020_s300.model
-- Installing: /home/etri/ros2_ws/install/dynamixel_sdk/share/dynamixel_sdk/control_table/mx_64.model
-- Installing: /home/etri/ros2_ws/install/dynamixel_sdk/share/dynamixel_sdk/control_table/xc330_t181_fw52.model
-- Installing: /home/etri/ros2_ws/install/dynamixel_sdk/share/dynamixel_sdk/control_table/h42_20_s300_ra.model
-- Installing: /home/etri/ros2_ws/install/dynamixel_sdk/share/dynamixel_sdk/control_table/xm430_w210.model
-- Installing: /home/etri/ros2_ws/install/dynamixel_sdk/share/dynamixel_sdk/control_table/xw540_t260.model
-- Installing: /home/etri/ros2_ws/install/dynamixel_sdk/share/dynamixel_sdk/control_table/xh540_v270.model
-- Installing: /home/etri/ros2_ws/install/dynamixel_sdk/share/dynamixel_sdk/control_table/xc330_m288_fw52.model
-- Installing: /home/etri/ros2_ws/install/dynamixel_sdk/share/dynamixel_sdk/control_table/xc330_t181.model
-- Installing: /home/etri/ros2_ws/install/dynamixel_sdk/share/dynamixel_sdk/control_table/xd430_t210.model
-- Installing: /home/etri/ros2_ws/install/dynamixel_sdk/share/dynamixel_sdk/control_table/2xl430_w250.model
-- Installing: /home/etri/ros2_ws/install/dynamixel_sdk/share/dynamixel_sdk/control_table/rh_p12_rn.model
-- Installing: /home/etri/ros2_ws/install/dynamixel_sdk/share/dynamixel_sdk/control_table/xd540_t150.model
-- Installing: /home/etri/ros2_ws/install/dynamixel_sdk/share/dynamixel_sdk/environment/pythonpath.sh
-- Installing: /home/etri/ros2_ws/install/dynamixel_sdk/share/dynamixel_sdk/environment/pythonpath.dsv
-- Installing: /home/etri/ros2_ws/install/dynamixel_sdk/local/lib/python3.10/dist-packages/dynamixel_sdk-4.0.3-py3.10.egg-info
-- Installing: /home/etri/ros2_ws/install/dynamixel_sdk/local/lib/python3.10/dist-packages/dynamixel_sdk-4.0.3-py3.10.egg-info/SOURCES.txt
-- Installing: /home/etri/ros2_ws/install/dynamixel_sdk/local/lib/python3.10/dist-packages/dynamixel_sdk-4.0.3-py3.10.egg-info/PKG-INFO
-- Installing: /home/etri/ros2_ws/install/dynamixel_sdk/local/lib/python3.10/dist-packages/dynamixel_sdk-4.0.3-py3.10.egg-info/top_level.txt
-- Installing: /home/etri/ros2_ws/install/dynamixel_sdk/local/lib/python3.10/dist-packages/dynamixel_sdk-4.0.3-py3.10.egg-info/dependency_links.txt
-- Installing: /home/etri/ros2_ws/install/dynamixel_sdk/local/lib/python3.10/dist-packages/dynamixel_sdk
-- Installing: /home/etri/ros2_ws/install/dynamixel_sdk/local/lib/python3.10/dist-packages/dynamixel_sdk/protocol2_packet_handler.cpp
-- Installing: /home/etri/ros2_ws/install/dynamixel_sdk/local/lib/python3.10/dist-packages/dynamixel_sdk/group_sync_read.py
-- Installing: /home/etri/ros2_ws/install/dynamixel_sdk/local/lib/python3.10/dist-packages/dynamixel_sdk/packet_handler.cpp
-- Installing: /home/etri/ros2_ws/install/dynamixel_sdk/local/lib/python3.10/dist-packages/dynamixel_sdk/port_handler_linux.cpp
-- Installing: /home/etri/ros2_ws/install/dynamixel_sdk/local/lib/python3.10/dist-packages/dynamixel_sdk/__init__.py
-- Installing: /home/etri/ros2_ws/install/dynamixel_sdk/local/lib/python3.10/dist-packages/dynamixel_sdk/group_bulk_read.cpp
-- Installing: /home/etri/ros2_ws/install/dynamixel_sdk/local/lib/python3.10/dist-packages/dynamixel_sdk/protocol1_packet_handler.py
-- Installing: /home/etri/ros2_ws/install/dynamixel_sdk/local/lib/python3.10/dist-packages/dynamixel_sdk/port_handler.py
-- Installing: /home/etri/ros2_ws/install/dynamixel_sdk/local/lib/python3.10/dist-packages/dynamixel_sdk/group_bulk_write.cpp
-- Installing: /home/etri/ros2_ws/install/dynamixel_sdk/local/lib/python3.10/dist-packages/dynamixel_sdk/port_handler_mac.cpp
-- Installing: /home/etri/ros2_ws/install/dynamixel_sdk/local/lib/python3.10/dist-packages/dynamixel_sdk/group_sync_read.cpp
-- Installing: /home/etri/ros2_ws/install/dynamixel_sdk/local/lib/python3.10/dist-packages/dynamixel_sdk/port_handler_arduino.cpp
-- Installing: /home/etri/ros2_ws/install/dynamixel_sdk/local/lib/python3.10/dist-packages/dynamixel_sdk/robotis_def.py
-- Installing: /home/etri/ros2_ws/install/dynamixel_sdk/local/lib/python3.10/dist-packages/dynamixel_sdk/group_sync_write.py
-- Installing: /home/etri/ros2_ws/install/dynamixel_sdk/local/lib/python3.10/dist-packages/dynamixel_sdk/protocol1_packet_handler.cpp
-- Installing: /home/etri/ros2_ws/install/dynamixel_sdk/local/lib/python3.10/dist-packages/dynamixel_sdk/group_bulk_write.py
-- Installing: /home/etri/ros2_ws/install/dynamixel_sdk/local/lib/python3.10/dist-packages/dynamixel_sdk/port_handler.cpp
-- Installing: /home/etri/ros2_ws/install/dynamixel_sdk/local/lib/python3.10/dist-packages/dynamixel_sdk/group_fast_sync_read.cpp
-- Installing: /home/etri/ros2_ws/install/dynamixel_sdk/local/lib/python3.10/dist-packages/dynamixel_sdk/protocol2_packet_handler.py
-- Installing: /home/etri/ros2_ws/install/dynamixel_sdk/local/lib/python3.10/dist-packages/dynamixel_sdk/packet_handler.py
-- Installing: /home/etri/ros2_ws/install/dynamixel_sdk/local/lib/python3.10/dist-packages/dynamixel_sdk/group_sync_write.cpp
-- Installing: /home/etri/ros2_ws/install/dynamixel_sdk/local/lib/python3.10/dist-packages/dynamixel_sdk/group_handler.cpp
-- Installing: /home/etri/ros2_ws/install/dynamixel_sdk/local/lib/python3.10/dist-packages/dynamixel_sdk/group_bulk_read.py
-- Installing: /home/etri/ros2_ws/install/dynamixel_sdk/local/lib/python3.10/dist-packages/dynamixel_sdk/group_fast_bulk_read.cpp
-- Installing: /home/etri/ros2_ws/install/dynamixel_sdk/local/lib/python3.10/dist-packages/dynamixel_sdk/port_handler_windows.cpp
Listing '/home/etri/ros2_ws/install/dynamixel_sdk/local/lib/python3.10/dist-packages/dynamixel_sdk'...
Compiling '/home/etri/ros2_ws/install/dynamixel_sdk/local/lib/python3.10/dist-packages/dynamixel_sdk/__init__.py'...
Compiling '/home/etri/ros2_ws/install/dynamixel_sdk/local/lib/python3.10/dist-packages/dynamixel_sdk/group_bulk_read.py'...
Compiling '/home/etri/ros2_ws/install/dynamixel_sdk/local/lib/python3.10/dist-packages/dynamixel_sdk/group_bulk_write.py'...
Compiling '/home/etri/ros2_ws/install/dynamixel_sdk/local/lib/python3.10/dist-packages/dynamixel_sdk/group_sync_read.py'...
Compiling '/home/etri/ros2_ws/install/dynamixel_sdk/local/lib/python3.10/dist-packages/dynamixel_sdk/group_sync_write.py'...
Compiling '/home/etri/ros2_ws/install/dynamixel_sdk/local/lib/python3.10/dist-packages/dynamixel_sdk/packet_handler.py'...
Compiling '/home/etri/ros2_ws/install/dynamixel_sdk/local/lib/python3.10/dist-packages/dynamixel_sdk/port_handler.py'...
Compiling '/home/etri/ros2_ws/install/dynamixel_sdk/local/lib/python3.10/dist-packages/dynamixel_sdk/protocol1_packet_handler.py'...
Compiling '/home/etri/ros2_ws/install/dynamixel_sdk/local/lib/python3.10/dist-packages/dynamixel_sdk/protocol2_packet_handler.py'...
Compiling '/home/etri/ros2_ws/install/dynamixel_sdk/local/lib/python3.10/dist-packages/dynamixel_sdk/robotis_def.py'...
-- Installing: /home/etri/ros2_ws/install/dynamixel_sdk/local/lib/python3.10/dist-packages/dynamixel_easy_sdk-4.0.3-py3.10.egg-info
-- Installing: /home/etri/ros2_ws/install/dynamixel_sdk/local/lib/python3.10/dist-packages/dynamixel_easy_sdk-4.0.3-py3.10.egg-info/SOURCES.txt
-- Installing: /home/etri/ros2_ws/install/dynamixel_sdk/local/lib/python3.10/dist-packages/dynamixel_easy_sdk-4.0.3-py3.10.egg-info/PKG-INFO
-- Installing: /home/etri/ros2_ws/install/dynamixel_sdk/local/lib/python3.10/dist-packages/dynamixel_easy_sdk-4.0.3-py3.10.egg-info/top_level.txt
-- Installing: /home/etri/ros2_ws/install/dynamixel_sdk/local/lib/python3.10/dist-packages/dynamixel_easy_sdk-4.0.3-py3.10.egg-info/dependency_links.txt
-- Installing: /home/etri/ros2_ws/install/dynamixel_sdk/local/lib/python3.10/dist-packages/dynamixel_easy_sdk
-- Installing: /home/etri/ros2_ws/install/dynamixel_sdk/local/lib/python3.10/dist-packages/dynamixel_easy_sdk/motor.py
-- Installing: /home/etri/ros2_ws/install/dynamixel_sdk/local/lib/python3.10/dist-packages/dynamixel_easy_sdk/__init__.py
-- Installing: /home/etri/ros2_ws/install/dynamixel_sdk/local/lib/python3.10/dist-packages/dynamixel_easy_sdk/connector.py
-- Installing: /home/etri/ros2_ws/install/dynamixel_sdk/local/lib/python3.10/dist-packages/dynamixel_easy_sdk/motor.cpp
-- Installing: /home/etri/ros2_ws/install/dynamixel_sdk/local/lib/python3.10/dist-packages/dynamixel_easy_sdk/connector.cpp
-- Installing: /home/etri/ros2_ws/install/dynamixel_sdk/local/lib/python3.10/dist-packages/dynamixel_easy_sdk/control_table.py
-- Installing: /home/etri/ros2_ws/install/dynamixel_sdk/local/lib/python3.10/dist-packages/dynamixel_easy_sdk/dynamixel_error.py
-- Installing: /home/etri/ros2_ws/install/dynamixel_sdk/local/lib/python3.10/dist-packages/dynamixel_easy_sdk/control_table.cpp
-- Installing: /home/etri/ros2_ws/install/dynamixel_sdk/local/lib/python3.10/dist-packages/dynamixel_easy_sdk/data_types.py
-- Installing: /home/etri/ros2_ws/install/dynamixel_sdk/local/lib/python3.10/dist-packages/dynamixel_easy_sdk/group_executor.cpp
-- Installing: /home/etri/ros2_ws/install/dynamixel_sdk/local/lib/python3.10/dist-packages/dynamixel_easy_sdk/dynamixel_error.cpp
-- Installing: /home/etri/ros2_ws/install/dynamixel_sdk/local/lib/python3.10/dist-packages/dynamixel_easy_sdk/group_executor.py
Listing '/home/etri/ros2_ws/install/dynamixel_sdk/local/lib/python3.10/dist-packages/dynamixel_easy_sdk'...
Compiling '/home/etri/ros2_ws/install/dynamixel_sdk/local/lib/python3.10/dist-packages/dynamixel_easy_sdk/__init__.py'...
Compiling '/home/etri/ros2_ws/install/dynamixel_sdk/local/lib/python3.10/dist-packages/dynamixel_easy_sdk/connector.py'...
Compiling '/home/etri/ros2_ws/install/dynamixel_sdk/local/lib/python3.10/dist-packages/dynamixel_easy_sdk/control_table.py'...
Compiling '/home/etri/ros2_ws/install/dynamixel_sdk/local/lib/python3.10/dist-packages/dynamixel_easy_sdk/data_types.py'...
Compiling '/home/etri/ros2_ws/install/dynamixel_sdk/local/lib/python3.10/dist-packages/dynamixel_easy_sdk/dynamixel_error.py'...
Compiling '/home/etri/ros2_ws/install/dynamixel_sdk/local/lib/python3.10/dist-packages/dynamixel_easy_sdk/group_executor.py'...
Compiling '/home/etri/ros2_ws/install/dynamixel_sdk/local/lib/python3.10/dist-packages/dynamixel_easy_sdk/motor.py'...
-- Installing: /home/etri/ros2_ws/install/dynamixel_sdk/share/dynamixel_sdk/environment/library_path.sh
-- Installing: /home/etri/ros2_ws/install/dynamixel_sdk/share/dynamixel_sdk/environment/library_path.dsv
-- Installing: /home/etri/ros2_ws/install/dynamixel_sdk/share/ament_index/resource_index/package_run_dependencies/dynamixel_sdk
-- Installing: /home/etri/ros2_ws/install/dynamixel_sdk/share/ament_index/resource_index/parent_prefix_path/dynamixel_sdk
-- Installing: /home/etri/ros2_ws/install/dynamixel_sdk/share/dynamixel_sdk/environment/ament_prefix_path.sh
-- Installing: /home/etri/ros2_ws/install/dynamixel_sdk/share/dynamixel_sdk/environment/ament_prefix_path.dsv
-- Installing: /home/etri/ros2_ws/install/dynamixel_sdk/share/dynamixel_sdk/environment/path.sh
-- Installing: /home/etri/ros2_ws/install/dynamixel_sdk/share/dynamixel_sdk/environment/path.dsv
-- Installing: /home/etri/ros2_ws/install/dynamixel_sdk/share/dynamixel_sdk/local_setup.bash
-- Installing: /home/etri/ros2_ws/install/dynamixel_sdk/share/dynamixel_sdk/local_setup.sh
-- Installing: /home/etri/ros2_ws/install/dynamixel_sdk/share/dynamixel_sdk/local_setup.zsh
-- Installing: /home/etri/ros2_ws/install/dynamixel_sdk/share/dynamixel_sdk/local_setup.dsv
-- Installing: /home/etri/ros2_ws/install/dynamixel_sdk/share/dynamixel_sdk/package.dsv
-- Installing: /home/etri/ros2_ws/install/dynamixel_sdk/share/ament_index/resource_index/packages/dynamixel_sdk
-- Installing: /home/etri/ros2_ws/install/dynamixel_sdk/share/dynamixel_sdk/cmake/dynamixel_sdkExport.cmake
-- Installing: /home/etri/ros2_ws/install/dynamixel_sdk/share/dynamixel_sdk/cmake/dynamixel_sdkExport-noconfig.cmake
-- Installing: /home/etri/ros2_ws/install/dynamixel_sdk/share/dynamixel_sdk/cmake/ament_cmake_export_targets-extras.cmake
-- Installing: /home/etri/ros2_ws/install/dynamixel_sdk/share/dynamixel_sdk/cmake/ament_cmake_export_include_directories-extras.cmake
-- Installing: /home/etri/ros2_ws/install/dynamixel_sdk/share/dynamixel_sdk/cmake/ament_cmake_export_libraries-extras.cmake
-- Installing: /home/etri/ros2_ws/install/dynamixel_sdk/share/dynamixel_sdk/cmake/dynamixel_sdkConfig.cmake
-- Installing: /home/etri/ros2_ws/install/dynamixel_sdk/share/dynamixel_sdk/cmake/dynamixel_sdkConfig-version.cmake
-- Installing: /home/etri/ros2_ws/install/dynamixel_sdk/share/dynamixel_sdk/package.xml
