[0.006s] Invoking command in '/home/etri/ros2_ws/build/panda_teleop_omy_l100': CMAKE_PREFIX_PATH=/home/etri/ros2_ws/install/custom_panda_description:/home/etri/ros2_ws/install/panda_teleop_omy_l100:/home/etri/ros2_ws/install/dynamixel_hardware_interface:/home/etri/ros2_ws/install/open_manipulator_moveit_config:/home/etri/ros2_ws/install/open_manipulator_description:/home/etri/ros2_ws/install/open_manipulator_collision:/home/etri/ros2_ws/install/dynamixel_sdk:/home/etri/ros2_ws/install/dynamixel_interfaces:/home/etri/ros2_ws/install/open_manipulator_bringup:/home/etri/ros2_ws/install/open_manipulator_teleop:/opt/ros/humble /usr/bin/cmake --build /home/etri/ros2_ws/build/panda_teleop_omy_l100 -- -j24 -l24
[0.033s] Invoked command in '/home/etri/ros2_ws/build/panda_teleop_omy_l100' returned '0': CMAKE_PREFIX_PATH=/home/etri/ros2_ws/install/custom_panda_description:/home/etri/ros2_ws/install/panda_teleop_omy_l100:/home/etri/ros2_ws/install/dynamixel_hardware_interface:/home/etri/ros2_ws/install/open_manipulator_moveit_config:/home/etri/ros2_ws/install/open_manipulator_description:/home/etri/ros2_ws/install/open_manipulator_collision:/home/etri/ros2_ws/install/dynamixel_sdk:/home/etri/ros2_ws/install/dynamixel_interfaces:/home/etri/ros2_ws/install/open_manipulator_bringup:/home/etri/ros2_ws/install/open_manipulator_teleop:/opt/ros/humble /usr/bin/cmake --build /home/etri/ros2_ws/build/panda_teleop_omy_l100 -- -j24 -l24
[0.038s] Invoking command in '/home/etri/ros2_ws/build/panda_teleop_omy_l100': CMAKE_PREFIX_PATH=/home/etri/ros2_ws/install/custom_panda_description:/home/etri/ros2_ws/install/panda_teleop_omy_l100:/home/etri/ros2_ws/install/dynamixel_hardware_interface:/home/etri/ros2_ws/install/open_manipulator_moveit_config:/home/etri/ros2_ws/install/open_manipulator_description:/home/etri/ros2_ws/install/open_manipulator_collision:/home/etri/ros2_ws/install/dynamixel_sdk:/home/etri/ros2_ws/install/dynamixel_interfaces:/home/etri/ros2_ws/install/open_manipulator_bringup:/home/etri/ros2_ws/install/open_manipulator_teleop:/opt/ros/humble /usr/bin/cmake --install /home/etri/ros2_ws/build/panda_teleop_omy_l100
[0.040s] -- Install configuration: ""
[0.040s] -- Execute custom install script
[0.040s] -- Up-to-date symlink: /home/etri/ros2_ws/install/panda_teleop_omy_l100/share/panda_teleop_omy_l100/config/kinematics.yaml
[0.040s] -- Up-to-date symlink: /home/etri/ros2_ws/install/panda_teleop_omy_l100/share/panda_teleop_omy_l100/config/servo_config.yaml
[0.040s] -- Up-to-date symlink: /home/etri/ros2_ws/install/panda_teleop_omy_l100/share/panda_teleop_omy_l100/launch/omy_l100_leader_ai/omy_l100_leader_ai.launch.py
[0.040s] -- Up-to-date symlink: /home/etri/ros2_ws/install/panda_teleop_omy_l100/share/panda_teleop_omy_l100/launch/panda_teleop_omy_l100.launch.py
[0.040s] -- Up-to-date symlink: /home/etri/ros2_ws/install/panda_teleop_omy_l100/lib/panda_teleop_omy_l100/trajectory_to_joint_states.py
[0.040s] -- Up-to-date symlink: /home/etri/ros2_ws/install/panda_teleop_omy_l100/lib/panda_teleop_omy_l100/omy_l100_to_twist_node.py
[0.040s] -- Up-to-date symlink: /home/etri/ros2_ws/install/panda_teleop_omy_l100/lib/panda_teleop_omy_l100/omy_l100_to_gripper_node.py
[0.040s] -- Up-to-date symlink: /home/etri/ros2_ws/install/panda_teleop_omy_l100/share/ament_index/resource_index/package_run_dependencies/panda_teleop_omy_l100
[0.041s] -- Up-to-date symlink: /home/etri/ros2_ws/install/panda_teleop_omy_l100/share/ament_index/resource_index/parent_prefix_path/panda_teleop_omy_l100
[0.041s] -- Up-to-date symlink: /home/etri/ros2_ws/install/panda_teleop_omy_l100/share/panda_teleop_omy_l100/environment/ament_prefix_path.sh
[0.041s] -- Up-to-date symlink: /home/etri/ros2_ws/install/panda_teleop_omy_l100/share/panda_teleop_omy_l100/environment/ament_prefix_path.dsv
[0.041s] -- Up-to-date symlink: /home/etri/ros2_ws/install/panda_teleop_omy_l100/share/panda_teleop_omy_l100/environment/path.sh
[0.041s] -- Up-to-date symlink: /home/etri/ros2_ws/install/panda_teleop_omy_l100/share/panda_teleop_omy_l100/environment/path.dsv
[0.041s] -- Up-to-date symlink: /home/etri/ros2_ws/install/panda_teleop_omy_l100/share/panda_teleop_omy_l100/local_setup.bash
[0.041s] -- Up-to-date symlink: /home/etri/ros2_ws/install/panda_teleop_omy_l100/share/panda_teleop_omy_l100/local_setup.sh
[0.041s] -- Up-to-date symlink: /home/etri/ros2_ws/install/panda_teleop_omy_l100/share/panda_teleop_omy_l100/local_setup.zsh
[0.041s] -- Up-to-date symlink: /home/etri/ros2_ws/install/panda_teleop_omy_l100/share/panda_teleop_omy_l100/local_setup.dsv
[0.041s] -- Symlinking: /home/etri/ros2_ws/install/panda_teleop_omy_l100/share/panda_teleop_omy_l100/package.dsv
[0.044s] -- Up-to-date symlink: /home/etri/ros2_ws/install/panda_teleop_omy_l100/share/ament_index/resource_index/packages/panda_teleop_omy_l100
[0.044s] -- Up-to-date symlink: /home/etri/ros2_ws/install/panda_teleop_omy_l100/share/panda_teleop_omy_l100/cmake/panda_teleop_omy_l100Config.cmake
[0.044s] -- Up-to-date symlink: /home/etri/ros2_ws/install/panda_teleop_omy_l100/share/panda_teleop_omy_l100/cmake/panda_teleop_omy_l100Config-version.cmake
[0.044s] -- Up-to-date symlink: /home/etri/ros2_ws/install/panda_teleop_omy_l100/share/panda_teleop_omy_l100/package.xml
[0.045s] Invoked command in '/home/etri/ros2_ws/build/panda_teleop_omy_l100' returned '0': CMAKE_PREFIX_PATH=/home/etri/ros2_ws/install/custom_panda_description:/home/etri/ros2_ws/install/panda_teleop_omy_l100:/home/etri/ros2_ws/install/dynamixel_hardware_interface:/home/etri/ros2_ws/install/open_manipulator_moveit_config:/home/etri/ros2_ws/install/open_manipulator_description:/home/etri/ros2_ws/install/open_manipulator_collision:/home/etri/ros2_ws/install/dynamixel_sdk:/home/etri/ros2_ws/install/dynamixel_interfaces:/home/etri/ros2_ws/install/open_manipulator_bringup:/home/etri/ros2_ws/install/open_manipulator_teleop:/opt/ros/humble /usr/bin/cmake --install /home/etri/ros2_ws/build/panda_teleop_omy_l100
