[0.024s] Invoking command in '/home/etri/ros2_ws/build/dynamixel_sdk_custom_interfaces': CMAKE_PREFIX_PATH=/opt/ros/humble /usr/bin/cmake --build /home/etri/ros2_ws/build/dynamixel_sdk_custom_interfaces -- -j24 -l24
[0.145s] [  2%] Generating C code for ROS interfaces
[0.145s] [  5%] Generating C++ code for ROS interfaces
[0.145s] [  5%] Built target ament_cmake_python_copy_dynamixel_sdk_custom_interfaces
[0.184s] running egg_info
[0.184s] creating dynamixel_sdk_custom_interfaces.egg-info
[0.184s] writing dynamixel_sdk_custom_interfaces.egg-info/PKG-INFO
[0.184s] writing dependency_links to dynamixel_sdk_custom_interfaces.egg-info/dependency_links.txt
[0.184s] writing top-level names to dynamixel_sdk_custom_interfaces.egg-info/top_level.txt
[0.184s] writing manifest file 'dynamixel_sdk_custom_interfaces.egg-info/SOURCES.txt'
[0.184s] reading manifest file 'dynamixel_sdk_custom_interfaces.egg-info/SOURCES.txt'
[0.184s] writing manifest file 'dynamixel_sdk_custom_interfaces.egg-info/SOURCES.txt'
[0.198s] [  5%] Built target ament_cmake_python_build_dynamixel_sdk_custom_interfaces_egg
[0.201s] [  5%] Built target dynamixel_sdk_custom_interfaces__cpp
[0.208s] [  7%] Generating C++ type support dispatch for ROS interfaces
[0.208s] [ 10%] Generating C++ introspection for ROS interfaces
[0.208s] [ 12%] Generating C++ type support for eProsima Fast-RTPS
[0.286s] [ 15%] Building C object CMakeFiles/dynamixel_sdk_custom_interfaces__rosidl_generator_c.dir/rosidl_generator_c/dynamixel_sdk_custom_interfaces/srv/detail/get_position__functions.c.o
[0.288s] [ 17%] Building C object CMakeFiles/dynamixel_sdk_custom_interfaces__rosidl_generator_c.dir/rosidl_generator_c/dynamixel_sdk_custom_interfaces/msg/detail/set_position__functions.c.o
[0.349s] [ 20%] Linking C shared library libdynamixel_sdk_custom_interfaces__rosidl_generator_c.so
[0.393s] [ 20%] Built target dynamixel_sdk_custom_interfaces__rosidl_generator_c
[0.406s] [ 25%] Generating C introspection for ROS interfaces
[0.407s] [ 28%] Generating C type support dispatch for ROS interfaces
[0.414s] [ 28%] Generating C type support for eProsima Fast-RTPS
[0.451s] [ 30%] Building CXX object CMakeFiles/dynamixel_sdk_custom_interfaces__rosidl_typesupport_cpp.dir/rosidl_typesupport_cpp/dynamixel_sdk_custom_interfaces/msg/set_position__type_support.cpp.o
[0.462s] [ 33%] Building CXX object CMakeFiles/dynamixel_sdk_custom_interfaces__rosidl_typesupport_cpp.dir/rosidl_typesupport_cpp/dynamixel_sdk_custom_interfaces/srv/get_position__type_support.cpp.o
[0.479s] [ 35%] Building CXX object CMakeFiles/dynamixel_sdk_custom_interfaces__rosidl_typesupport_fastrtps_cpp.dir/rosidl_typesupport_fastrtps_cpp/dynamixel_sdk_custom_interfaces/msg/detail/dds_fastrtps/set_position__type_support.cpp.o
[0.479s] [ 38%] Building CXX object CMakeFiles/dynamixel_sdk_custom_interfaces__rosidl_typesupport_fastrtps_cpp.dir/rosidl_typesupport_fastrtps_cpp/dynamixel_sdk_custom_interfaces/srv/detail/dds_fastrtps/get_position__type_support.cpp.o
[0.526s] [ 41%] Building CXX object CMakeFiles/dynamixel_sdk_custom_interfaces__rosidl_typesupport_introspection_cpp.dir/rosidl_typesupport_introspection_cpp/dynamixel_sdk_custom_interfaces/msg/detail/set_position__type_support.cpp.o
[0.533s] [ 43%] Building CXX object CMakeFiles/dynamixel_sdk_custom_interfaces__rosidl_typesupport_introspection_cpp.dir/rosidl_typesupport_introspection_cpp/dynamixel_sdk_custom_interfaces/srv/detail/get_position__type_support.cpp.o
[0.641s] [ 46%] Building C object CMakeFiles/dynamixel_sdk_custom_interfaces__rosidl_typesupport_introspection_c.dir/rosidl_typesupport_introspection_c/dynamixel_sdk_custom_interfaces/msg/detail/set_position__type_support.c.o
[0.641s] [ 48%] Building C object CMakeFiles/dynamixel_sdk_custom_interfaces__rosidl_typesupport_introspection_c.dir/rosidl_typesupport_introspection_c/dynamixel_sdk_custom_interfaces/srv/detail/get_position__type_support.c.o
[0.659s] [ 51%] Building CXX object CMakeFiles/dynamixel_sdk_custom_interfaces__rosidl_typesupport_c.dir/rosidl_typesupport_c/dynamixel_sdk_custom_interfaces/msg/set_position__type_support.cpp.o
[0.661s] [ 53%] Building CXX object CMakeFiles/dynamixel_sdk_custom_interfaces__rosidl_typesupport_c.dir/rosidl_typesupport_c/dynamixel_sdk_custom_interfaces/srv/get_position__type_support.cpp.o
[0.673s] [ 56%] Linking C shared library libdynamixel_sdk_custom_interfaces__rosidl_typesupport_introspection_c.so
[0.691s] [ 58%] Linking CXX shared library libdynamixel_sdk_custom_interfaces__rosidl_typesupport_cpp.so
[0.697s] [ 61%] Linking CXX shared library libdynamixel_sdk_custom_interfaces__rosidl_typesupport_c.so
[0.707s] [ 61%] Built target dynamixel_sdk_custom_interfaces__rosidl_typesupport_introspection_c
[0.725s] [ 61%] Built target dynamixel_sdk_custom_interfaces__rosidl_typesupport_cpp
[0.725s] [ 61%] Built target dynamixel_sdk_custom_interfaces__rosidl_typesupport_c
[0.725s] [ 64%] Linking CXX shared library libdynamixel_sdk_custom_interfaces__rosidl_typesupport_fastrtps_cpp.so
[0.756s] [ 66%] Building CXX object CMakeFiles/dynamixel_sdk_custom_interfaces__rosidl_typesupport_fastrtps_c.dir/rosidl_typesupport_fastrtps_c/dynamixel_sdk_custom_interfaces/msg/detail/set_position__type_support_c.cpp.o
[0.759s] [ 69%] Building CXX object CMakeFiles/dynamixel_sdk_custom_interfaces__rosidl_typesupport_fastrtps_c.dir/rosidl_typesupport_fastrtps_c/dynamixel_sdk_custom_interfaces/srv/detail/get_position__type_support_c.cpp.o
[0.789s] [ 69%] Built target dynamixel_sdk_custom_interfaces__rosidl_typesupport_fastrtps_cpp
[0.836s] [ 71%] Linking CXX shared library libdynamixel_sdk_custom_interfaces__rosidl_typesupport_introspection_cpp.so
[0.903s] [ 71%] Built target dynamixel_sdk_custom_interfaces__rosidl_typesupport_introspection_cpp
[1.032s] [ 74%] Linking CXX shared library libdynamixel_sdk_custom_interfaces__rosidl_typesupport_fastrtps_c.so
[1.082s] [ 74%] Built target dynamixel_sdk_custom_interfaces__rosidl_typesupport_fastrtps_c
[1.095s] [ 74%] Built target dynamixel_sdk_custom_interfaces
[1.109s] [ 76%] Generating Python code for ROS interfaces
[1.302s] [ 76%] Built target dynamixel_sdk_custom_interfaces__py
[1.315s] [ 79%] Building C object CMakeFiles/dynamixel_sdk_custom_interfaces__rosidl_generator_py.dir/rosidl_generator_py/dynamixel_sdk_custom_interfaces/msg/_set_position_s.c.o
[1.316s] [ 82%] Building C object CMakeFiles/dynamixel_sdk_custom_interfaces__rosidl_generator_py.dir/rosidl_generator_py/dynamixel_sdk_custom_interfaces/srv/_get_position_s.c.o
[1.365s] [ 84%] Linking C shared library rosidl_generator_py/dynamixel_sdk_custom_interfaces/libdynamixel_sdk_custom_interfaces__rosidl_generator_py.so
[1.389s] [ 84%] Built target dynamixel_sdk_custom_interfaces__rosidl_generator_py
[1.401s] [ 87%] Building C object CMakeFiles/dynamixel_sdk_custom_interfaces__rosidl_typesupport_introspection_c__pyext.dir/rosidl_generator_py/dynamixel_sdk_custom_interfaces/_dynamixel_sdk_custom_interfaces_s.ep.rosidl_typesupport_introspection_c.c.o
[1.401s] [ 89%] Building C object CMakeFiles/dynamixel_sdk_custom_interfaces__rosidl_typesupport_c__pyext.dir/rosidl_generator_py/dynamixel_sdk_custom_interfaces/_dynamixel_sdk_custom_interfaces_s.ep.rosidl_typesupport_c.c.o
[1.402s] [ 92%] Building C object CMakeFiles/dynamixel_sdk_custom_interfaces__rosidl_typesupport_fastrtps_c__pyext.dir/rosidl_generator_py/dynamixel_sdk_custom_interfaces/_dynamixel_sdk_custom_interfaces_s.ep.rosidl_typesupport_fastrtps_c.c.o
[1.447s] [ 94%] Linking C shared library rosidl_generator_py/dynamixel_sdk_custom_interfaces/dynamixel_sdk_custom_interfaces_s__rosidl_typesupport_c.cpython-310-x86_64-linux-gnu.so
[1.447s] [ 97%] Linking C shared library rosidl_generator_py/dynamixel_sdk_custom_interfaces/dynamixel_sdk_custom_interfaces_s__rosidl_typesupport_fastrtps_c.cpython-310-x86_64-linux-gnu.so
[1.454s] [100%] Linking C shared library rosidl_generator_py/dynamixel_sdk_custom_interfaces/dynamixel_sdk_custom_interfaces_s__rosidl_typesupport_introspection_c.cpython-310-x86_64-linux-gnu.so
[1.467s] [100%] Built target dynamixel_sdk_custom_interfaces__rosidl_typesupport_fastrtps_c__pyext
[1.467s] [100%] Built target dynamixel_sdk_custom_interfaces__rosidl_typesupport_c__pyext
[1.477s] [100%] Built target dynamixel_sdk_custom_interfaces__rosidl_typesupport_introspection_c__pyext
