[0.000000] (-) TimerEvent: {}
[0.000083] (-) JobUnselected: {'identifier': 'custom_panda_description'}
[0.000137] (-) JobUnselected: {'identifier': 'dynamixel_interfaces'}
[0.000145] (-) JobUnselected: {'identifier': 'realtime_tools'}
[0.000153] (panda_teleop_omy_l100) JobQueued: {'identifier': 'panda_teleop_omy_l100', 'dependencies': OrderedDict([('custom_panda_description', '/home/etri/ros2_ws/install/custom_panda_description')])}
[0.000163] (panda_teleop_omy_l100) JobStarted: {'identifier': 'panda_teleop_omy_l100'}
[0.010536] (panda_teleop_omy_l100) JobProgress: {'identifier': 'panda_teleop_omy_l100', 'progress': 'cmake'}
[0.010843] (panda_teleop_omy_l100) JobProgress: {'identifier': 'panda_teleop_omy_l100', 'progress': 'build'}
[0.011150] (panda_teleop_omy_l100) Command: {'cmd': ['/usr/bin/cmake', '--build', '/home/etri/ros2_ws/build/panda_teleop_omy_l100', '--', '-j24', '-l24'], 'cwd': '/home/etri/ros2_ws/build/panda_teleop_omy_l100', 'env': OrderedDict([('GJS_DEBUG_TOPICS', 'JS ERROR;JS LOG'), ('LESSOPEN', '| /usr/bin/lesspipe %s'), ('VSCODE_CWD', '/home/etri'), ('CURSOR_EXTENSION_HOST_ROLE', 'retrieval-always-local'), ('VSCODE_ESM_ENTRYPOINT', 'vs/workbench/api/node/extensionHostProcess'), ('LANGUAGE', 'ko:en_US:en'), ('USER', 'etri'), ('LC_TIME', 'ko_KR.UTF-8'), ('VSCODE_NLS_CONFIG', '{"userLocale":"ko","osLocale":"ko","resolvedLanguage":"en","defaultMessagesFile":"/usr/share/cursor/resources/app/out/nls.messages.json","locale":"ko","availableLanguages":{}}'), ('VSCODE_HANDLES_UNCAUGHT_ERRORS', 'true'), ('XDG_SESSION_TYPE', 'x11'), ('SHLVL', '1'), ('LD_LIBRARY_PATH', '/opt/ros/humble/opt/rviz_ogre_vendor/lib:/opt/ros/humble/lib/x86_64-linux-gnu:/opt/ros/humble/lib'), ('HOME', '/home/etri'), ('CHROME_DESKTOP', 'cursor.desktop'), ('OLDPWD', '/home/etri/ros2_ws'), ('DESKTOP_SESSION', 'ubuntu'), ('NVM_BIN', '/home/etri/.nvm/versions/node/v24.13.0/bin'), ('NVM_INC', '/home/etri/.nvm/versions/node/v24.13.0/include/node'), ('VSCODE_IPC_HOOK', '/run/user/1000/vscode-30070241-2.3.-main.sock'), ('GIO_LAUNCHED_DESKTOP_FILE', '/usr/share/applications/cursor.desktop'), ('ROS_PYTHON_VERSION', '3'), ('GNOME_SHELL_SESSION_MODE', 'ubuntu'), ('GTK_MODULES', 'gail:atk-bridge'), ('LC_MONETARY', 'ko_KR.UTF-8'), ('MANAGERPID', '2121'), ('SYSTEMD_EXEC_PID', '2406'), ('NO_COLOR', '1'), ('DBUS_SESSION_BUS_ADDRESS', 'unix:path=/run/user/1000/bus'), ('GIO_LAUNCHED_DESKTOP_FILE_PID', '5225'), ('NVM_DIR', '/home/etri/.nvm'), ('VSCODE_CRASH_REPORTER_PROCESS_TYPE', 'extensionHost'), ('ROS_DISTRO', 'humble'), ('GTK_IM_MODULE', 'ibus'), ('LOGNAME', 'etri'), ('FORCE_COLOR', '0'), ('JOURNAL_STREAM', '8:29129'), ('_', '/usr/bin/colcon'), ('ROS_VERSION', '2'), ('XDG_SESSION_CLASS', 'user'), ('USERNAME', 'etri'), ('TERM', 'dumb'), ('EVERYSPHERE_RIPGREP_PATH', '/usr/share/cursor/resources/app/node_modules/@vscode/ripgrep/bin/rg'), ('GNOME_DESKTOP_SESSION_ID', 'this-is-deprecated'), ('ROS_LOCALHOST_ONLY', '1'), ('COMPOSER_NO_INTERACTION', '1'), ('WINDOWPATH', '2'), ('PATH', '/home/etri/.local/bin:/home/etri/.nvm/versions/node/v24.13.0/bin:/home/etri/.local/bin:/home/etri/.nvm/versions/node/v24.13.0/bin:/opt/ros/humble/bin:/home/etri/.local/bin:/usr/local/sbin:/usr/local/bin:/usr/sbin:/usr/bin:/sbin:/bin:/usr/games:/usr/local/games:/snap/bin:/snap/bin:/usr/local/bin:/home/etri/.nvm/versions/node/v24.13.0/bin'), ('SESSION_MANAGER', 'local/etri-HP-Z2-Tower-G1i:@/tmp/.ICE-unix/2384,unix/etri-HP-Z2-Tower-G1i:/tmp/.ICE-unix/2384'), ('INVOCATION_ID', '89b528c301d8402bb37e101685684e2a'), ('PAPERSIZE', 'a4'), ('XDG_MENU_PREFIX', 'gnome-'), ('LC_ADDRESS', 'ko_KR.UTF-8'), ('VSCODE_PROCESS_TITLE', 'extension-host (retrieval-always-local) [1-2]'), ('XDG_RUNTIME_DIR', '/run/user/1000'), ('GDK_BACKEND', 'x11'), ('CURSOR_AGENT', '1'), ('DISPLAY', ':1'), ('LANG', 'ko_KR.UTF-8'), ('XDG_CURRENT_DESKTOP', 'Unity'), ('LC_TELEPHONE', 'ko_KR.UTF-8'), ('XMODIFIERS', '@im=ibus'), ('XDG_SESSION_DESKTOP', 'ubuntu'), ('XAUTHORITY', '/run/user/1000/gdm/Xauthority'), ('LS_COLORS', ''), ('CURSOR_TRACE_ID', 'c4f6d11eabd94ed4a3d6b0ce51b8c3f5'), ('SSH_AGENT_LAUNCHER', 'gnome-keyring'), ('SSH_AUTH_SOCK', '/run/user/1000/keyring/ssh'), ('ROS_DOMAIN_ID', '0'), ('AMENT_PREFIX_PATH', '/home/etri/ros2_ws/install/custom_panda_description:/opt/ros/humble'), ('ORIGINAL_XDG_CURRENT_DESKTOP', 'ubuntu:GNOME'), ('SHELL', '/bin/bash'), ('LC_NAME', 'ko_KR.UTF-8'), ('QT_ACCESSIBILITY', '1'), ('GDMSESSION', 'ubuntu'), ('LESSCLOSE', '/usr/bin/lesspipe %s %s'), ('LC_MEASUREMENT', 'ko_KR.UTF-8'), ('GPG_AGENT_INFO', '/run/user/1000/gnupg/S.gpg-agent:0:1'), ('GJS_DEBUG_OUTPUT', 'stderr'), ('LC_IDENTIFICATION', 'ko_KR.UTF-8'), ('QT_IM_MODULE', 'ibus'), ('PWD', '/home/etri/ros2_ws/build/panda_teleop_omy_l100'), ('LC_ALL', 'en_US.UTF-8'), ('XDG_CONFIG_DIRS', '/etc/xdg/xdg-ubuntu:/etc/xdg'), ('VSCODE_CODE_CACHE_PATH', '/home/etri/.config/Cursor/CachedData/643ba67cd252e2888e296dd0cf34a0c5d7625b90'), ('NVM_CD_FLAGS', ''), ('XDG_DATA_DIRS', '/usr/share/ubuntu:/usr/share/gnome:/usr/local/share/:/usr/share/:/var/lib/snapd/desktop'), ('PYTHONPATH', '/opt/ros/humble/lib/python3.10/site-packages:/opt/ros/humble/local/lib/python3.10/dist-packages'), ('LC_NUMERIC', 'ko_KR.UTF-8'), ('LC_PAPER', 'ko_KR.UTF-8'), ('COLCON', '1'), ('_ZO_DOCTOR', '0'), ('VSCODE_PID', '5225'), ('CMAKE_PREFIX_PATH', '/home/etri/ros2_ws/install/custom_panda_description:/opt/ros/humble')]), 'shell': False}
[0.052562] (panda_teleop_omy_l100) StdoutLine: {'line': b'-- Found ament_cmake: 1.3.12 (/opt/ros/humble/share/ament_cmake/cmake)\n'}
[0.099781] (-) TimerEvent: {}
[0.116207] (panda_teleop_omy_l100) StdoutLine: {'line': b'-- Override CMake install command with custom implementation using symlinks instead of copying resources\n'}
[0.125860] (panda_teleop_omy_l100) StdoutLine: {'line': b'-- Found rclpy: 3.3.19 (/opt/ros/humble/share/rclpy/cmake)\n'}
[0.126043] (panda_teleop_omy_l100) StdoutLine: {'line': b'-- Found sensor_msgs: 4.9.0 (/opt/ros/humble/share/sensor_msgs/cmake)\n'}
[0.144120] (panda_teleop_omy_l100) StdoutLine: {'line': b'-- Found rosidl_generator_c: 3.1.8 (/opt/ros/humble/share/rosidl_generator_c/cmake)\n'}
[0.145993] (panda_teleop_omy_l100) StdoutLine: {'line': b'-- Found rosidl_adapter: 3.1.8 (/opt/ros/humble/share/rosidl_adapter/cmake)\n'}
[0.152017] (panda_teleop_omy_l100) StdoutLine: {'line': b'-- Found rosidl_generator_cpp: 3.1.8 (/opt/ros/humble/share/rosidl_generator_cpp/cmake)\n'}
[0.159045] (panda_teleop_omy_l100) StdoutLine: {'line': b'-- Using all available rosidl_typesupport_c: rosidl_typesupport_fastrtps_c;rosidl_typesupport_introspection_c\n'}
[0.167596] (panda_teleop_omy_l100) StdoutLine: {'line': b'-- Using all available rosidl_typesupport_cpp: rosidl_typesupport_fastrtps_cpp;rosidl_typesupport_introspection_cpp\n'}
[0.199868] (-) TimerEvent: {}
[0.203730] (panda_teleop_omy_l100) StdoutLine: {'line': b'-- Found trajectory_msgs: 4.9.0 (/opt/ros/humble/share/trajectory_msgs/cmake)\n'}
[0.213763] (panda_teleop_omy_l100) StdoutLine: {'line': b'-- Found moveit_servo: 2.5.9 (/opt/ros/humble/share/moveit_servo/cmake)\n'}
[0.264287] (panda_teleop_omy_l100) StdoutLine: {'line': b'-- Found rmw_implementation_cmake: 6.1.2 (/opt/ros/humble/share/rmw_implementation_cmake/cmake)\n'}
[0.265505] (panda_teleop_omy_l100) StdoutLine: {'line': b'-- Found rmw_fastrtps_cpp: 6.2.9 (/opt/ros/humble/share/rmw_fastrtps_cpp/cmake)\n'}
[0.300014] (-) TimerEvent: {}
[0.318866] (panda_teleop_omy_l100) StdoutLine: {'line': b"-- Using RMW implementation 'rmw_fastrtps_cpp' as default\n"}
[0.397459] (panda_teleop_omy_l100) StdoutLine: {'line': b'-- Found Boost: /usr/lib/x86_64-linux-gnu/cmake/Boost-1.74.0/BoostConfig.cmake (found version "1.74.0") found components: chrono date_time filesystem iostreams program_options regex serialization system thread \n'}
[0.400106] (-) TimerEvent: {}
[0.413843] (panda_teleop_omy_l100) StdoutLine: {'line': b'-- Found Boost: /usr/lib/x86_64-linux-gnu/cmake/Boost-1.74.0/BoostConfig.cmake (found version "1.74.0") found components: filesystem \n'}
[0.432410] (panda_teleop_omy_l100) StdoutLine: {'line': b'-- library: /usr/lib/x86_64-linux-gnu/libcurl.so\n'}
[0.455351] (panda_teleop_omy_l100) StdoutLine: {'line': b'-- Ensuring Eigen3 include directory is part of orocos-kdl CMake target\n'}
[0.500204] (-) TimerEvent: {}
[0.544265] (panda_teleop_omy_l100) StdoutLine: {'line': b'-- Found Boost: /usr/lib/x86_64-linux-gnu/cmake/Boost-1.74.0/BoostConfig.cmake (found version "1.74.0") found components: system filesystem date_time program_options thread chrono \n'}
[0.566097] (panda_teleop_omy_l100) StdoutLine: {'line': b'-- Found robot_state_publisher: 3.0.3 (/opt/ros/humble/share/robot_state_publisher/cmake)\n'}
[0.569812] (panda_teleop_omy_l100) StdoutLine: {'line': b'-- Found xacro: 2.1.1 (/opt/ros/humble/share/xacro/cmake)\n'}
[0.570368] (panda_teleop_omy_l100) StdoutLine: {'line': b'-- Found ament_lint_auto: 0.12.14 (/opt/ros/humble/share/ament_lint_auto/cmake)\n'}
[0.600289] (-) TimerEvent: {}
[0.605254] (panda_teleop_omy_l100) StdoutLine: {'line': b"-- Added test 'flake8' to check Python code syntax and style conventions\n"}
[0.605450] (panda_teleop_omy_l100) StdoutLine: {'line': b"-- Added test 'lint_cmake' to check CMake code style\n"}
[0.605785] (panda_teleop_omy_l100) StdoutLine: {'line': b"-- Added test 'pep257' to check Python code against some of the docstring style conventions in PEP 257\n"}
[0.606172] (panda_teleop_omy_l100) StdoutLine: {'line': b"-- Added test 'xmllint' to check XML markup files\n"}
[0.606961] (panda_teleop_omy_l100) StdoutLine: {'line': b'-- Configuring done\n'}
[0.610844] (panda_teleop_omy_l100) StdoutLine: {'line': b'-- Generating done\n'}
[0.611942] (panda_teleop_omy_l100) StdoutLine: {'line': b'-- Build files have been written to: /home/etri/ros2_ws/build/panda_teleop_omy_l100\n'}
[0.634362] (panda_teleop_omy_l100) CommandEnded: {'returncode': 0}
[0.634562] (panda_teleop_omy_l100) JobProgress: {'identifier': 'panda_teleop_omy_l100', 'progress': 'install'}
[0.638133] (panda_teleop_omy_l100) Command: {'cmd': ['/usr/bin/cmake', '--install', '/home/etri/ros2_ws/build/panda_teleop_omy_l100'], 'cwd': '/home/etri/ros2_ws/build/panda_teleop_omy_l100', 'env': OrderedDict([('GJS_DEBUG_TOPICS', 'JS ERROR;JS LOG'), ('LESSOPEN', '| /usr/bin/lesspipe %s'), ('VSCODE_CWD', '/home/etri'), ('CURSOR_EXTENSION_HOST_ROLE', 'retrieval-always-local'), ('VSCODE_ESM_ENTRYPOINT', 'vs/workbench/api/node/extensionHostProcess'), ('LANGUAGE', 'ko:en_US:en'), ('USER', 'etri'), ('LC_TIME', 'ko_KR.UTF-8'), ('VSCODE_NLS_CONFIG', '{"userLocale":"ko","osLocale":"ko","resolvedLanguage":"en","defaultMessagesFile":"/usr/share/cursor/resources/app/out/nls.messages.json","locale":"ko","availableLanguages":{}}'), ('VSCODE_HANDLES_UNCAUGHT_ERRORS', 'true'), ('XDG_SESSION_TYPE', 'x11'), ('SHLVL', '1'), ('LD_LIBRARY_PATH', '/opt/ros/humble/opt/rviz_ogre_vendor/lib:/opt/ros/humble/lib/x86_64-linux-gnu:/opt/ros/humble/lib'), ('HOME', '/home/etri'), ('CHROME_DESKTOP', 'cursor.desktop'), ('OLDPWD', '/home/etri/ros2_ws'), ('DESKTOP_SESSION', 'ubuntu'), ('NVM_BIN', '/home/etri/.nvm/versions/node/v24.13.0/bin'), ('NVM_INC', '/home/etri/.nvm/versions/node/v24.13.0/include/node'), ('VSCODE_IPC_HOOK', '/run/user/1000/vscode-30070241-2.3.-main.sock'), ('GIO_LAUNCHED_DESKTOP_FILE', '/usr/share/applications/cursor.desktop'), ('ROS_PYTHON_VERSION', '3'), ('GNOME_SHELL_SESSION_MODE', 'ubuntu'), ('GTK_MODULES', 'gail:atk-bridge'), ('LC_MONETARY', 'ko_KR.UTF-8'), ('MANAGERPID', '2121'), ('SYSTEMD_EXEC_PID', '2406'), ('NO_COLOR', '1'), ('DBUS_SESSION_BUS_ADDRESS', 'unix:path=/run/user/1000/bus'), ('GIO_LAUNCHED_DESKTOP_FILE_PID', '5225'), ('NVM_DIR', '/home/etri/.nvm'), ('VSCODE_CRASH_REPORTER_PROCESS_TYPE', 'extensionHost'), ('ROS_DISTRO', 'humble'), ('GTK_IM_MODULE', 'ibus'), ('LOGNAME', 'etri'), ('FORCE_COLOR', '0'), ('JOURNAL_STREAM', '8:29129'), ('_', '/usr/bin/colcon'), ('ROS_VERSION', '2'), ('XDG_SESSION_CLASS', 'user'), ('USERNAME', 'etri'), ('TERM', 'dumb'), ('EVERYSPHERE_RIPGREP_PATH', '/usr/share/cursor/resources/app/node_modules/@vscode/ripgrep/bin/rg'), ('GNOME_DESKTOP_SESSION_ID', 'this-is-deprecated'), ('ROS_LOCALHOST_ONLY', '1'), ('COMPOSER_NO_INTERACTION', '1'), ('WINDOWPATH', '2'), ('PATH', '/home/etri/.local/bin:/home/etri/.nvm/versions/node/v24.13.0/bin:/home/etri/.local/bin:/home/etri/.nvm/versions/node/v24.13.0/bin:/opt/ros/humble/bin:/home/etri/.local/bin:/usr/local/sbin:/usr/local/bin:/usr/sbin:/usr/bin:/sbin:/bin:/usr/games:/usr/local/games:/snap/bin:/snap/bin:/usr/local/bin:/home/etri/.nvm/versions/node/v24.13.0/bin'), ('SESSION_MANAGER', 'local/etri-HP-Z2-Tower-G1i:@/tmp/.ICE-unix/2384,unix/etri-HP-Z2-Tower-G1i:/tmp/.ICE-unix/2384'), ('INVOCATION_ID', '89b528c301d8402bb37e101685684e2a'), ('PAPERSIZE', 'a4'), ('XDG_MENU_PREFIX', 'gnome-'), ('LC_ADDRESS', 'ko_KR.UTF-8'), ('VSCODE_PROCESS_TITLE', 'extension-host (retrieval-always-local) [1-2]'), ('XDG_RUNTIME_DIR', '/run/user/1000'), ('GDK_BACKEND', 'x11'), ('CURSOR_AGENT', '1'), ('DISPLAY', ':1'), ('LANG', 'ko_KR.UTF-8'), ('XDG_CURRENT_DESKTOP', 'Unity'), ('LC_TELEPHONE', 'ko_KR.UTF-8'), ('XMODIFIERS', '@im=ibus'), ('XDG_SESSION_DESKTOP', 'ubuntu'), ('XAUTHORITY', '/run/user/1000/gdm/Xauthority'), ('LS_COLORS', ''), ('CURSOR_TRACE_ID', 'c4f6d11eabd94ed4a3d6b0ce51b8c3f5'), ('SSH_AGENT_LAUNCHER', 'gnome-keyring'), ('SSH_AUTH_SOCK', '/run/user/1000/keyring/ssh'), ('ROS_DOMAIN_ID', '0'), ('AMENT_PREFIX_PATH', '/home/etri/ros2_ws/install/custom_panda_description:/opt/ros/humble'), ('ORIGINAL_XDG_CURRENT_DESKTOP', 'ubuntu:GNOME'), ('SHELL', '/bin/bash'), ('LC_NAME', 'ko_KR.UTF-8'), ('QT_ACCESSIBILITY', '1'), ('GDMSESSION', 'ubuntu'), ('LESSCLOSE', '/usr/bin/lesspipe %s %s'), ('LC_MEASUREMENT', 'ko_KR.UTF-8'), ('GPG_AGENT_INFO', '/run/user/1000/gnupg/S.gpg-agent:0:1'), ('GJS_DEBUG_OUTPUT', 'stderr'), ('LC_IDENTIFICATION', 'ko_KR.UTF-8'), ('QT_IM_MODULE', 'ibus'), ('PWD', '/home/etri/ros2_ws/build/panda_teleop_omy_l100'), ('LC_ALL', 'en_US.UTF-8'), ('XDG_CONFIG_DIRS', '/etc/xdg/xdg-ubuntu:/etc/xdg'), ('VSCODE_CODE_CACHE_PATH', '/home/etri/.config/Cursor/CachedData/643ba67cd252e2888e296dd0cf34a0c5d7625b90'), ('NVM_CD_FLAGS', ''), ('XDG_DATA_DIRS', '/usr/share/ubuntu:/usr/share/gnome:/usr/local/share/:/usr/share/:/var/lib/snapd/desktop'), ('PYTHONPATH', '/opt/ros/humble/lib/python3.10/site-packages:/opt/ros/humble/local/lib/python3.10/dist-packages'), ('LC_NUMERIC', 'ko_KR.UTF-8'), ('LC_PAPER', 'ko_KR.UTF-8'), ('COLCON', '1'), ('_ZO_DOCTOR', '0'), ('VSCODE_PID', '5225'), ('CMAKE_PREFIX_PATH', '/home/etri/ros2_ws/install/custom_panda_description:/opt/ros/humble')]), 'shell': False}
[0.642441] (panda_teleop_omy_l100) StdoutLine: {'line': b'-- Install configuration: ""\n'}
[0.642575] (panda_teleop_omy_l100) StdoutLine: {'line': b'-- Execute custom install script\n'}
[0.642603] (panda_teleop_omy_l100) StdoutLine: {'line': b'-- Up-to-date symlink: /home/etri/ros2_ws/install/panda_teleop_omy_l100/share/panda_teleop_omy_l100/config/kinematics.yaml\n'}
[0.642663] (panda_teleop_omy_l100) StdoutLine: {'line': b'-- Up-to-date symlink: /home/etri/ros2_ws/install/panda_teleop_omy_l100/share/panda_teleop_omy_l100/config/servo_config.yaml\n'}
[0.642760] (panda_teleop_omy_l100) StdoutLine: {'line': b'-- Up-to-date symlink: /home/etri/ros2_ws/install/panda_teleop_omy_l100/share/panda_teleop_omy_l100/launch/omy_l100_leader_ai/omy_l100_leader_ai.launch.py\n'}
[0.642921] (panda_teleop_omy_l100) StdoutLine: {'line': b'-- Up-to-date symlink: /home/etri/ros2_ws/install/panda_teleop_omy_l100/share/panda_teleop_omy_l100/launch/panda_teleop_omy_l100.launch.py\n'}
[0.642951] (panda_teleop_omy_l100) StdoutLine: {'line': b'-- Up-to-date symlink: /home/etri/ros2_ws/install/panda_teleop_omy_l100/lib/panda_teleop_omy_l100/trajectory_to_joint_states.py\n'}
[0.642970] (panda_teleop_omy_l100) StdoutLine: {'line': b'-- Up-to-date symlink: /home/etri/ros2_ws/install/panda_teleop_omy_l100/lib/panda_teleop_omy_l100/omy_l100_to_twist_node.py\n'}
[0.642987] (panda_teleop_omy_l100) StdoutLine: {'line': b'-- Up-to-date symlink: /home/etri/ros2_ws/install/panda_teleop_omy_l100/lib/panda_teleop_omy_l100/omy_l100_to_gripper_node.py\n'}
[0.643233] (panda_teleop_omy_l100) StdoutLine: {'line': b'-- Up-to-date symlink: /home/etri/ros2_ws/install/panda_teleop_omy_l100/share/ament_index/resource_index/package_run_dependencies/panda_teleop_omy_l100\n'}
[0.643285] (panda_teleop_omy_l100) StdoutLine: {'line': b'-- Up-to-date symlink: /home/etri/ros2_ws/install/panda_teleop_omy_l100/share/ament_index/resource_index/parent_prefix_path/panda_teleop_omy_l100\n'}
[0.643325] (panda_teleop_omy_l100) StdoutLine: {'line': b'-- Up-to-date symlink: /home/etri/ros2_ws/install/panda_teleop_omy_l100/share/panda_teleop_omy_l100/environment/ament_prefix_path.sh\n'}
[0.643369] (panda_teleop_omy_l100) StdoutLine: {'line': b'-- Up-to-date symlink: /home/etri/ros2_ws/install/panda_teleop_omy_l100/share/panda_teleop_omy_l100/environment/ament_prefix_path.dsv\n'}
[0.643412] (panda_teleop_omy_l100) StdoutLine: {'line': b'-- Up-to-date symlink: /home/etri/ros2_ws/install/panda_teleop_omy_l100/share/panda_teleop_omy_l100/environment/path.sh\n'}
[0.643456] (panda_teleop_omy_l100) StdoutLine: {'line': b'-- Up-to-date symlink: /home/etri/ros2_ws/install/panda_teleop_omy_l100/share/panda_teleop_omy_l100/environment/path.dsv\n'}
[0.643495] (panda_teleop_omy_l100) StdoutLine: {'line': b'-- Up-to-date symlink: /home/etri/ros2_ws/install/panda_teleop_omy_l100/share/panda_teleop_omy_l100/local_setup.bash\n'}
[0.643536] (panda_teleop_omy_l100) StdoutLine: {'line': b'-- Up-to-date symlink: /home/etri/ros2_ws/install/panda_teleop_omy_l100/share/panda_teleop_omy_l100/local_setup.sh\n'}
[0.643576] (panda_teleop_omy_l100) StdoutLine: {'line': b'-- Up-to-date symlink: /home/etri/ros2_ws/install/panda_teleop_omy_l100/share/panda_teleop_omy_l100/local_setup.zsh\n'}
[0.643616] (panda_teleop_omy_l100) StdoutLine: {'line': b'-- Up-to-date symlink: /home/etri/ros2_ws/install/panda_teleop_omy_l100/share/panda_teleop_omy_l100/local_setup.dsv\n'}
[0.643651] (panda_teleop_omy_l100) StdoutLine: {'line': b'-- Symlinking: /home/etri/ros2_ws/install/panda_teleop_omy_l100/share/panda_teleop_omy_l100/package.dsv\n'}
[0.647972] (panda_teleop_omy_l100) StdoutLine: {'line': b'-- Up-to-date symlink: /home/etri/ros2_ws/install/panda_teleop_omy_l100/share/ament_index/resource_index/packages/panda_teleop_omy_l100\n'}
[0.648149] (panda_teleop_omy_l100) StdoutLine: {'line': b'-- Up-to-date symlink: /home/etri/ros2_ws/install/panda_teleop_omy_l100/share/panda_teleop_omy_l100/cmake/panda_teleop_omy_l100Config.cmake\n'}
[0.648189] (panda_teleop_omy_l100) StdoutLine: {'line': b'-- Up-to-date symlink: /home/etri/ros2_ws/install/panda_teleop_omy_l100/share/panda_teleop_omy_l100/cmake/panda_teleop_omy_l100Config-version.cmake\n'}
[0.648208] (panda_teleop_omy_l100) StdoutLine: {'line': b'-- Up-to-date symlink: /home/etri/ros2_ws/install/panda_teleop_omy_l100/share/panda_teleop_omy_l100/package.xml\n'}
[0.648879] (panda_teleop_omy_l100) CommandEnded: {'returncode': 0}
[0.700418] (-) TimerEvent: {}
[0.708816] (panda_teleop_omy_l100) JobEnded: {'identifier': 'panda_teleop_omy_l100', 'rc': 0}
[0.709068] (-) EventReactorShutdown: {}
