-- Install configuration: ""
-- Installing: /home/etri/ros2_ws/install/open_manipulator_moveit_config/share/open_manipulator_moveit_config/launch
-- Installing: /home/etri/ros2_ws/install/open_manipulator_moveit_config/share/open_manipulator_moveit_config/launch/omy_3m_moveit.launch.py
-- Installing: /home/etri/ros2_ws/install/open_manipulator_moveit_config/share/open_manipulator_moveit_config/launch/open_manipulator_x_moveit.launch.py
-- Installing: /home/etri/ros2_ws/install/open_manipulator_moveit_config/share/open_manipulator_moveit_config/launch/omx_f_moveit.launch.py
-- Installing: /home/etri/ros2_ws/install/open_manipulator_moveit_config/share/open_manipulator_moveit_config/launch/omy_f3m_moveit.launch.py
-- Installing: /home/etri/ros2_ws/install/open_manipulator_moveit_config/share/open_manipulator_moveit_config/config
-- Installing: /home/etri/ros2_ws/install/open_manipulator_moveit_config/share/open_manipulator_moveit_config/config/pilz_industrial_motion_planner_planning.yaml
-- Installing: /home/etri/ros2_ws/install/open_manipulator_moveit_config/share/open_manipulator_moveit_config/config/open_manipulator_x
-- Installing: /home/etri/ros2_ws/install/open_manipulator_moveit_config/share/open_manipulator_moveit_config/config/open_manipulator_x/kinematics.yaml
-- Installing: /home/etri/ros2_ws/install/open_manipulator_moveit_config/share/open_manipulator_moveit_config/config/open_manipulator_x/joint_limits.yaml
-- Installing: /home/etri/ros2_ws/install/open_manipulator_moveit_config/share/open_manipulator_moveit_config/config/open_manipulator_x/open_manipulator_x.srdf
-- Installing: /home/etri/ros2_ws/install/open_manipulator_moveit_config/share/open_manipulator_moveit_config/config/open_manipulator_x/moveit_controllers.yaml
-- Installing: /home/etri/ros2_ws/install/open_manipulator_moveit_config/share/open_manipulator_moveit_config/config/kinematics.yaml
-- Installing: /home/etri/ros2_ws/install/open_manipulator_moveit_config/share/open_manipulator_moveit_config/config/chomp_planning.yaml
-- Installing: /home/etri/ros2_ws/install/open_manipulator_moveit_config/share/open_manipulator_moveit_config/config/omy_3m
-- Installing: /home/etri/ros2_ws/install/open_manipulator_moveit_config/share/open_manipulator_moveit_config/config/omy_3m/joint_limits.yaml
-- Installing: /home/etri/ros2_ws/install/open_manipulator_moveit_config/share/open_manipulator_moveit_config/config/omy_3m/omy_3m.srdf
-- Installing: /home/etri/ros2_ws/install/open_manipulator_moveit_config/share/open_manipulator_moveit_config/config/omy_3m/moveit_controllers.yaml
-- Installing: /home/etri/ros2_ws/install/open_manipulator_moveit_config/share/open_manipulator_moveit_config/config/pilz_cartesian_limits.yaml
-- Installing: /home/etri/ros2_ws/install/open_manipulator_moveit_config/share/open_manipulator_moveit_config/config/omx_f
-- Installing: /home/etri/ros2_ws/install/open_manipulator_moveit_config/share/open_manipulator_moveit_config/config/omx_f/omx_f.srdf
-- Installing: /home/etri/ros2_ws/install/open_manipulator_moveit_config/share/open_manipulator_moveit_config/config/omx_f/kinematics.yaml
-- Installing: /home/etri/ros2_ws/install/open_manipulator_moveit_config/share/open_manipulator_moveit_config/config/omx_f/joint_limits.yaml
-- Installing: /home/etri/ros2_ws/install/open_manipulator_moveit_config/share/open_manipulator_moveit_config/config/omx_f/moveit_controllers.yaml
-- Installing: /home/etri/ros2_ws/install/open_manipulator_moveit_config/share/open_manipulator_moveit_config/config/ompl_planning.yaml
-- Installing: /home/etri/ros2_ws/install/open_manipulator_moveit_config/share/open_manipulator_moveit_config/config/moveit.rviz
-- Installing: /home/etri/ros2_ws/install/open_manipulator_moveit_config/share/open_manipulator_moveit_config/config/omy_f3m
-- Installing: /home/etri/ros2_ws/install/open_manipulator_moveit_config/share/open_manipulator_moveit_config/config/omy_f3m/joint_limits.yaml
-- Installing: /home/etri/ros2_ws/install/open_manipulator_moveit_config/share/open_manipulator_moveit_config/config/omy_f3m/moveit_controllers.yaml
-- Installing: /home/etri/ros2_ws/install/open_manipulator_moveit_config/share/open_manipulator_moveit_config/config/omy_f3m/omy_f3m.srdf
-- Installing: /home/etri/ros2_ws/install/open_manipulator_moveit_config/share/ament_index/resource_index/package_run_dependencies/open_manipulator_moveit_config
-- Installing: /home/etri/ros2_ws/install/open_manipulator_moveit_config/share/ament_index/resource_index/parent_prefix_path/open_manipulator_moveit_config
-- Installing: /home/etri/ros2_ws/install/open_manipulator_moveit_config/share/open_manipulator_moveit_config/environment/ament_prefix_path.sh
-- Installing: /home/etri/ros2_ws/install/open_manipulator_moveit_config/share/open_manipulator_moveit_config/environment/ament_prefix_path.dsv
-- Installing: /home/etri/ros2_ws/install/open_manipulator_moveit_config/share/open_manipulator_moveit_config/environment/path.sh
-- Installing: /home/etri/ros2_ws/install/open_manipulator_moveit_config/share/open_manipulator_moveit_config/environment/path.dsv
-- Installing: /home/etri/ros2_ws/install/open_manipulator_moveit_config/share/open_manipulator_moveit_config/local_setup.bash
-- Installing: /home/etri/ros2_ws/install/open_manipulator_moveit_config/share/open_manipulator_moveit_config/local_setup.sh
-- Installing: /home/etri/ros2_ws/install/open_manipulator_moveit_config/share/open_manipulator_moveit_config/local_setup.zsh
-- Installing: /home/etri/ros2_ws/install/open_manipulator_moveit_config/share/open_manipulator_moveit_config/local_setup.dsv
-- Installing: /home/etri/ros2_ws/install/open_manipulator_moveit_config/share/open_manipulator_moveit_config/package.dsv
-- Installing: /home/etri/ros2_ws/install/open_manipulator_moveit_config/share/ament_index/resource_index/packages/open_manipulator_moveit_config
-- Installing: /home/etri/ros2_ws/install/open_manipulator_moveit_config/share/open_manipulator_moveit_config/cmake/open_manipulator_moveit_configConfig.cmake
-- Installing: /home/etri/ros2_ws/install/open_manipulator_moveit_config/share/open_manipulator_moveit_config/cmake/open_manipulator_moveit_configConfig-version.cmake
-- Installing: /home/etri/ros2_ws/install/open_manipulator_moveit_config/share/open_manipulator_moveit_config/package.xml
