[0.007s] Invoking command in '/home/etri/ros2_ws/build/open_manipulator_moveit_config': AMENT_PREFIX_PATH=/home/etri/ros2_ws/install/open_manipulator_description:${AMENT_PREFIX_PATH} CMAKE_PREFIX_PATH=/home/etri/ros2_ws/install/open_manipulator_description:/opt/ros/humble /usr/bin/cmake --build /home/etri/ros2_ws/build/open_manipulator_moveit_config -- -j24 -l24
[0.033s] Invoked command in '/home/etri/ros2_ws/build/open_manipulator_moveit_config' returned '0': AMENT_PREFIX_PATH=/home/etri/ros2_ws/install/open_manipulator_description:${AMENT_PREFIX_PATH} CMAKE_PREFIX_PATH=/home/etri/ros2_ws/install/open_manipulator_description:/opt/ros/humble /usr/bin/cmake --build /home/etri/ros2_ws/build/open_manipulator_moveit_config -- -j24 -l24
[0.035s] Invoking command in '/home/etri/ros2_ws/build/open_manipulator_moveit_config': AMENT_PREFIX_PATH=/home/etri/ros2_ws/install/open_manipulator_description:${AMENT_PREFIX_PATH} CMAKE_PREFIX_PATH=/home/etri/ros2_ws/install/open_manipulator_description:/opt/ros/humble /usr/bin/cmake --install /home/etri/ros2_ws/build/open_manipulator_moveit_config
[0.045s] -- Install configuration: ""
[0.045s] -- Installing: /home/etri/ros2_ws/install/open_manipulator_moveit_config/share/open_manipulator_moveit_config/launch
[0.045s] -- Installing: /home/etri/ros2_ws/install/open_manipulator_moveit_config/share/open_manipulator_moveit_config/launch/omy_3m_moveit.launch.py
[0.045s] -- Installing: /home/etri/ros2_ws/install/open_manipulator_moveit_config/share/open_manipulator_moveit_config/launch/open_manipulator_x_moveit.launch.py
[0.045s] -- Installing: /home/etri/ros2_ws/install/open_manipulator_moveit_config/share/open_manipulator_moveit_config/launch/omx_f_moveit.launch.py
[0.045s] -- Installing: /home/etri/ros2_ws/install/open_manipulator_moveit_config/share/open_manipulator_moveit_config/launch/omy_f3m_moveit.launch.py
[0.045s] -- Installing: /home/etri/ros2_ws/install/open_manipulator_moveit_config/share/open_manipulator_moveit_config/config
[0.046s] -- Installing: /home/etri/ros2_ws/install/open_manipulator_moveit_config/share/open_manipulator_moveit_config/config/pilz_industrial_motion_planner_planning.yaml
[0.046s] -- Installing: /home/etri/ros2_ws/install/open_manipulator_moveit_config/share/open_manipulator_moveit_config/config/open_manipulator_x
[0.046s] -- Installing: /home/etri/ros2_ws/install/open_manipulator_moveit_config/share/open_manipulator_moveit_config/config/open_manipulator_x/kinematics.yaml
[0.046s] -- Installing: /home/etri/ros2_ws/install/open_manipulator_moveit_config/share/open_manipulator_moveit_config/config/open_manipulator_x/joint_limits.yaml
[0.046s] -- Installing: /home/etri/ros2_ws/install/open_manipulator_moveit_config/share/open_manipulator_moveit_config/config/open_manipulator_x/open_manipulator_x.srdf
[0.046s] -- Installing: /home/etri/ros2_ws/install/open_manipulator_moveit_config/share/open_manipulator_moveit_config/config/open_manipulator_x/moveit_controllers.yaml
[0.046s] -- Installing: /home/etri/ros2_ws/install/open_manipulator_moveit_config/share/open_manipulator_moveit_config/config/kinematics.yaml
[0.046s] -- Installing: /home/etri/ros2_ws/install/open_manipulator_moveit_config/share/open_manipulator_moveit_config/config/chomp_planning.yaml
[0.046s] -- Installing: /home/etri/ros2_ws/install/open_manipulator_moveit_config/share/open_manipulator_moveit_config/config/omy_3m
[0.046s] -- Installing: /home/etri/ros2_ws/install/open_manipulator_moveit_config/share/open_manipulator_moveit_config/config/omy_3m/joint_limits.yaml
[0.046s] -- Installing: /home/etri/ros2_ws/install/open_manipulator_moveit_config/share/open_manipulator_moveit_config/config/omy_3m/omy_3m.srdf
[0.046s] -- Installing: /home/etri/ros2_ws/install/open_manipulator_moveit_config/share/open_manipulator_moveit_config/config/omy_3m/moveit_controllers.yaml
[0.046s] -- Installing: /home/etri/ros2_ws/install/open_manipulator_moveit_config/share/open_manipulator_moveit_config/config/pilz_cartesian_limits.yaml
[0.046s] -- Installing: /home/etri/ros2_ws/install/open_manipulator_moveit_config/share/open_manipulator_moveit_config/config/omx_f
[0.046s] -- Installing: /home/etri/ros2_ws/install/open_manipulator_moveit_config/share/open_manipulator_moveit_config/config/omx_f/omx_f.srdf
[0.046s] -- Installing: /home/etri/ros2_ws/install/open_manipulator_moveit_config/share/open_manipulator_moveit_config/config/omx_f/kinematics.yaml
[0.046s] -- Installing: /home/etri/ros2_ws/install/open_manipulator_moveit_config/share/open_manipulator_moveit_config/config/omx_f/joint_limits.yaml
[0.046s] -- Installing: /home/etri/ros2_ws/install/open_manipulator_moveit_config/share/open_manipulator_moveit_config/config/omx_f/moveit_controllers.yaml
[0.046s] -- Installing: /home/etri/ros2_ws/install/open_manipulator_moveit_config/share/open_manipulator_moveit_config/config/ompl_planning.yaml
[0.046s] -- Installing: /home/etri/ros2_ws/install/open_manipulator_moveit_config/share/open_manipulator_moveit_config/config/moveit.rviz
[0.047s] -- Installing: /home/etri/ros2_ws/install/open_manipulator_moveit_config/share/open_manipulator_moveit_config/config/omy_f3m
[0.047s] -- Installing: /home/etri/ros2_ws/install/open_manipulator_moveit_config/share/open_manipulator_moveit_config/config/omy_f3m/joint_limits.yaml
[0.047s] -- Installing: /home/etri/ros2_ws/install/open_manipulator_moveit_config/share/open_manipulator_moveit_config/config/omy_f3m/moveit_controllers.yaml
[0.047s] -- Installing: /home/etri/ros2_ws/install/open_manipulator_moveit_config/share/open_manipulator_moveit_config/config/omy_f3m/omy_f3m.srdf
[0.047s] -- Installing: /home/etri/ros2_ws/install/open_manipulator_moveit_config/share/ament_index/resource_index/package_run_dependencies/open_manipulator_moveit_config
[0.047s] -- Installing: /home/etri/ros2_ws/install/open_manipulator_moveit_config/share/ament_index/resource_index/parent_prefix_path/open_manipulator_moveit_config
[0.047s] -- Installing: /home/etri/ros2_ws/install/open_manipulator_moveit_config/share/open_manipulator_moveit_config/environment/ament_prefix_path.sh
[0.047s] -- Installing: /home/etri/ros2_ws/install/open_manipulator_moveit_config/share/open_manipulator_moveit_config/environment/ament_prefix_path.dsv
[0.047s] -- Installing: /home/etri/ros2_ws/install/open_manipulator_moveit_config/share/open_manipulator_moveit_config/environment/path.sh
[0.047s] -- Installing: /home/etri/ros2_ws/install/open_manipulator_moveit_config/share/open_manipulator_moveit_config/environment/path.dsv
[0.047s] -- Installing: /home/etri/ros2_ws/install/open_manipulator_moveit_config/share/open_manipulator_moveit_config/local_setup.bash
[0.047s] -- Installing: /home/etri/ros2_ws/install/open_manipulator_moveit_config/share/open_manipulator_moveit_config/local_setup.sh
[0.047s] -- Installing: /home/etri/ros2_ws/install/open_manipulator_moveit_config/share/open_manipulator_moveit_config/local_setup.zsh
[0.047s] -- Installing: /home/etri/ros2_ws/install/open_manipulator_moveit_config/share/open_manipulator_moveit_config/local_setup.dsv
[0.047s] -- Installing: /home/etri/ros2_ws/install/open_manipulator_moveit_config/share/open_manipulator_moveit_config/package.dsv
[0.047s] -- Installing: /home/etri/ros2_ws/install/open_manipulator_moveit_config/share/ament_index/resource_index/packages/open_manipulator_moveit_config
[0.047s] -- Installing: /home/etri/ros2_ws/install/open_manipulator_moveit_config/share/open_manipulator_moveit_config/cmake/open_manipulator_moveit_configConfig.cmake
[0.047s] -- Installing: /home/etri/ros2_ws/install/open_manipulator_moveit_config/share/open_manipulator_moveit_config/cmake/open_manipulator_moveit_configConfig-version.cmake
[0.047s] -- Installing: /home/etri/ros2_ws/install/open_manipulator_moveit_config/share/open_manipulator_moveit_config/package.xml
[0.064s] Invoked command in '/home/etri/ros2_ws/build/open_manipulator_moveit_config' returned '0': AMENT_PREFIX_PATH=/home/etri/ros2_ws/install/open_manipulator_description:${AMENT_PREFIX_PATH} CMAKE_PREFIX_PATH=/home/etri/ros2_ws/install/open_manipulator_description:/opt/ros/humble /usr/bin/cmake --install /home/etri/ros2_ws/build/open_manipulator_moveit_config
