[0.005s] Invoking command in '/home/etri/ros2_ws/build/panda_teleop_omy_l100': AMENT_PREFIX_PATH=/home/etri/ros2_ws/install/custom_panda_description:${AMENT_PREFIX_PATH} CMAKE_PREFIX_PATH=/home/etri/ros2_ws/install/custom_panda_description:/opt/ros/humble /usr/bin/cmake --build /home/etri/ros2_ws/build/panda_teleop_omy_l100 -- -j24 -l24
[0.030s] Invoked command in '/home/etri/ros2_ws/build/panda_teleop_omy_l100' returned '0': AMENT_PREFIX_PATH=/home/etri/ros2_ws/install/custom_panda_description:${AMENT_PREFIX_PATH} CMAKE_PREFIX_PATH=/home/etri/ros2_ws/install/custom_panda_description:/opt/ros/humble /usr/bin/cmake --build /home/etri/ros2_ws/build/panda_teleop_omy_l100 -- -j24 -l24
[0.035s] Invoking command in '/home/etri/ros2_ws/build/panda_teleop_omy_l100': AMENT_PREFIX_PATH=/home/etri/ros2_ws/install/custom_panda_description:${AMENT_PREFIX_PATH} CMAKE_PREFIX_PATH=/home/etri/ros2_ws/install/custom_panda_description:/opt/ros/humble /usr/bin/cmake --install /home/etri/ros2_ws/build/panda_teleop_omy_l100
[0.038s] -- Install configuration: ""
[0.038s] -- Execute custom install script
[0.039s] -- Up-to-date symlink: /home/etri/ros2_ws/install/panda_teleop_omy_l100/share/panda_teleop_omy_l100/config/kinematics.yaml
[0.039s] -- Up-to-date symlink: /home/etri/ros2_ws/install/panda_teleop_omy_l100/share/panda_teleop_omy_l100/config/servo_config.yaml
[0.039s] -- Up-to-date symlink: /home/etri/ros2_ws/install/panda_teleop_omy_l100/share/panda_teleop_omy_l100/launch/omy_l100_leader_ai/omy_l100_leader_ai.launch.py
[0.039s] -- Up-to-date symlink: /home/etri/ros2_ws/install/panda_teleop_omy_l100/share/panda_teleop_omy_l100/launch/panda_teleop_omy_l100.launch.py
[0.039s] -- Up-to-date symlink: /home/etri/ros2_ws/install/panda_teleop_omy_l100/lib/panda_teleop_omy_l100/trajectory_to_joint_states.py
[0.039s] -- Up-to-date symlink: /home/etri/ros2_ws/install/panda_teleop_omy_l100/lib/panda_teleop_omy_l100/omy_l100_to_twist_node.py
[0.039s] -- Up-to-date symlink: /home/etri/ros2_ws/install/panda_teleop_omy_l100/lib/panda_teleop_omy_l100/omy_l100_to_gripper_node.py
[0.039s] -- Up-to-date symlink: /home/etri/ros2_ws/install/panda_teleop_omy_l100/lib/panda_teleop_omy_l100/clutch_control_node.py
[0.039s] -- Up-to-date symlink: /home/etri/ros2_ws/install/panda_teleop_omy_l100/share/ament_index/resource_index/package_run_dependencies/panda_teleop_omy_l100
[0.039s] -- Up-to-date symlink: /home/etri/ros2_ws/install/panda_teleop_omy_l100/share/ament_index/resource_index/parent_prefix_path/panda_teleop_omy_l100
[0.039s] -- Up-to-date symlink: /home/etri/ros2_ws/install/panda_teleop_omy_l100/share/panda_teleop_omy_l100/environment/ament_prefix_path.sh
[0.039s] -- Up-to-date symlink: /home/etri/ros2_ws/install/panda_teleop_omy_l100/share/panda_teleop_omy_l100/environment/ament_prefix_path.dsv
[0.039s] -- Up-to-date symlink: /home/etri/ros2_ws/install/panda_teleop_omy_l100/share/panda_teleop_omy_l100/environment/path.sh
[0.039s] -- Up-to-date symlink: /home/etri/ros2_ws/install/panda_teleop_omy_l100/share/panda_teleop_omy_l100/environment/path.dsv
[0.039s] -- Up-to-date symlink: /home/etri/ros2_ws/install/panda_teleop_omy_l100/share/panda_teleop_omy_l100/local_setup.bash
[0.039s] -- Up-to-date symlink: /home/etri/ros2_ws/install/panda_teleop_omy_l100/share/panda_teleop_omy_l100/local_setup.sh
[0.040s] -- Up-to-date symlink: /home/etri/ros2_ws/install/panda_teleop_omy_l100/share/panda_teleop_omy_l100/local_setup.zsh
[0.040s] -- Up-to-date symlink: /home/etri/ros2_ws/install/panda_teleop_omy_l100/share/panda_teleop_omy_l100/local_setup.dsv
[0.040s] -- Symlinking: /home/etri/ros2_ws/install/panda_teleop_omy_l100/share/panda_teleop_omy_l100/package.dsv
[0.044s] -- Up-to-date symlink: /home/etri/ros2_ws/install/panda_teleop_omy_l100/share/ament_index/resource_index/packages/panda_teleop_omy_l100
[0.044s] -- Up-to-date symlink: /home/etri/ros2_ws/install/panda_teleop_omy_l100/share/panda_teleop_omy_l100/cmake/panda_teleop_omy_l100Config.cmake
[0.044s] -- Up-to-date symlink: /home/etri/ros2_ws/install/panda_teleop_omy_l100/share/panda_teleop_omy_l100/cmake/panda_teleop_omy_l100Config-version.cmake
[0.044s] -- Up-to-date symlink: /home/etri/ros2_ws/install/panda_teleop_omy_l100/share/panda_teleop_omy_l100/package.xml
[0.045s] Invoked command in '/home/etri/ros2_ws/build/panda_teleop_omy_l100' returned '0': AMENT_PREFIX_PATH=/home/etri/ros2_ws/install/custom_panda_description:${AMENT_PREFIX_PATH} CMAKE_PREFIX_PATH=/home/etri/ros2_ws/install/custom_panda_description:/opt/ros/humble /usr/bin/cmake --install /home/etri/ros2_ws/build/panda_teleop_omy_l100
