[0.253s] Invoking command in '/home/etri/ros2_ws/build/open_manipulator_bringup': CMAKE_PREFIX_PATH=/home/etri/ros2_ws/install/dynamixel_hardware_interface:/home/etri/ros2_ws/install/open_manipulator_description:/home/etri/ros2_ws/install/dynamixel_sdk:/home/etri/ros2_ws/install/dynamixel_interfaces:/home/etri/ros2_ws/install/custom_panda_description:/home/etri/ros2_ws/install/panda_teleop_omy_l100:/home/etri/ros2_ws/install/om_joint_trajectory_command_broadcaster:/home/etri/ros2_ws/install/open_manipulator_moveit_config:/home/etri/ros2_ws/install/open_manipulator_collision:/home/etri/ws_ros2/install/inspire_hand:/home/etri/ws_ros2/install/service_interfaces LD_LIBRARY_PATH=/home/etri/ros2_ws/install/dynamixel_hardware_interface/lib:/home/etri/ros2_ws/install/dynamixel_sdk/lib:/home/etri/ros2_ws/install/dynamixel_interfaces/lib:/home/etri/ros2_ws/install/om_joint_trajectory_command_broadcaster/lib:/home/etri/ros2_ws/install/open_manipulator_collision/lib:/home/etri/ws_ros2/install/service_interfaces/lib:/opt/ros/humble/opt/rviz_ogre_vendor/lib:/opt/ros/humble/lib/x86_64-linux-gnu:/opt/ros/humble/lib PYTHONPATH=/home/etri/ros2_ws/build/open_manipulator_bringup/prefix_override:/usr/lib/python3/dist-packages/colcon_core/task/python/colcon_distutils_commands:/home/etri/ros2_ws/install/open_manipulator_bringup/lib/python3.10/site-packages:${PYTHONPATH} /usr/bin/python3 -W ignore:setup.py install is deprecated -W ignore:easy_install command is deprecated setup.py develop --editable --build-directory /home/etri/ros2_ws/build/open_manipulator_bringup/build --no-deps symlink_data --force
[0.354s] running develop
[0.409s] running egg_info
[0.409s] writing open_manipulator_bringup.egg-info/PKG-INFO
[0.409s] writing dependency_links to open_manipulator_bringup.egg-info/dependency_links.txt
[0.409s] writing entry points to open_manipulator_bringup.egg-info/entry_points.txt
[0.409s] writing requirements to open_manipulator_bringup.egg-info/requires.txt
[0.409s] writing top-level names to open_manipulator_bringup.egg-info/top_level.txt
[0.410s] reading manifest file 'open_manipulator_bringup.egg-info/SOURCES.txt'
[0.411s] writing manifest file 'open_manipulator_bringup.egg-info/SOURCES.txt'
[0.411s] running build_ext
[0.411s] Creating /home/etri/ros2_ws/install/open_manipulator_bringup/lib/python3.10/site-packages/open-manipulator-bringup.egg-link (link to .)
[0.412s] Installing joint_trajectory_executor script to /home/etri/ros2_ws/install/open_manipulator_bringup/lib/open_manipulator_bringup
[0.412s] Installing om_create_udev_rules script to /home/etri/ros2_ws/install/open_manipulator_bringup/lib/open_manipulator_bringup
[0.412s] 
[0.412s] Installed /home/etri/ros2_ws/build/open_manipulator_bringup
[0.412s] running symlink_data
[0.412s] symbolically linking /home/etri/ros2_ws/build/open_manipulator_bringup/resource/open_manipulator_bringup -> /home/etri/ros2_ws/install/open_manipulator_bringup/share/ament_index/resource_index/packages
[0.412s] symbolically linking /home/etri/ros2_ws/build/open_manipulator_bringup/package.xml -> /home/etri/ros2_ws/install/open_manipulator_bringup/share/open_manipulator_bringup
[0.412s] symbolically linking /home/etri/ros2_ws/build/open_manipulator_bringup/launch/omx_ai.launch.py -> /home/etri/ros2_ws/install/open_manipulator_bringup/share/open_manipulator_bringup/launch
[0.412s] symbolically linking /home/etri/ros2_ws/build/open_manipulator_bringup/launch/omy_f3m_follower_ai.launch.py -> /home/etri/ros2_ws/install/open_manipulator_bringup/share/open_manipulator_bringup/launch
[0.412s] symbolically linking /home/etri/ros2_ws/build/open_manipulator_bringup/launch/omy_f3m_gazebo.launch.py -> /home/etri/ros2_ws/install/open_manipulator_bringup/share/open_manipulator_bringup/launch
[0.412s] symbolically linking /home/etri/ros2_ws/build/open_manipulator_bringup/launch/camera_usb_cam.launch.py -> /home/etri/ros2_ws/install/open_manipulator_bringup/share/open_manipulator_bringup/launch
[0.412s] symbolically linking /home/etri/ros2_ws/build/open_manipulator_bringup/launch/omx_f_follower_ai.launch.py -> /home/etri/ros2_ws/install/open_manipulator_bringup/share/open_manipulator_bringup/launch
[0.412s] symbolically linking /home/etri/ros2_ws/build/open_manipulator_bringup/launch/camera_realsense.launch.py -> /home/etri/ros2_ws/install/open_manipulator_bringup/share/open_manipulator_bringup/launch
[0.412s] symbolically linking /home/etri/ros2_ws/build/open_manipulator_bringup/launch/omy_f3m_leader_ai.launch.py -> /home/etri/ros2_ws/install/open_manipulator_bringup/share/open_manipulator_bringup/launch
[0.412s] symbolically linking /home/etri/ros2_ws/build/open_manipulator_bringup/launch/omx_f_gazebo.launch.py -> /home/etri/ros2_ws/install/open_manipulator_bringup/share/open_manipulator_bringup/launch
[0.413s] symbolically linking /home/etri/ros2_ws/build/open_manipulator_bringup/launch/omy_l100_follower_ai.launch.py -> /home/etri/ros2_ws/install/open_manipulator_bringup/share/open_manipulator_bringup/launch
[0.413s] symbolically linking /home/etri/ros2_ws/build/open_manipulator_bringup/launch/omy_3m_gazebo.launch.py -> /home/etri/ros2_ws/install/open_manipulator_bringup/share/open_manipulator_bringup/launch
[0.413s] symbolically linking /home/etri/ros2_ws/build/open_manipulator_bringup/launch/omx_f_follower_ai_gazebo.launch.py -> /home/etri/ros2_ws/install/open_manipulator_bringup/share/open_manipulator_bringup/launch
[0.413s] symbolically linking /home/etri/ros2_ws/build/open_manipulator_bringup/launch/omx_l_leader_ai.launch.py -> /home/etri/ros2_ws/install/open_manipulator_bringup/share/open_manipulator_bringup/launch
[0.413s] symbolically linking /home/etri/ros2_ws/build/open_manipulator_bringup/launch/omy_f3m_follower_ai_gazebo.launch.py -> /home/etri/ros2_ws/install/open_manipulator_bringup/share/open_manipulator_bringup/launch
[0.413s] symbolically linking /home/etri/ros2_ws/build/open_manipulator_bringup/launch/omy_3m_pack.launch.py -> /home/etri/ros2_ws/install/open_manipulator_bringup/share/open_manipulator_bringup/launch
[0.414s] symbolically linking /home/etri/ros2_ws/build/open_manipulator_bringup/launch/omy_ai_reverse.launch.py -> /home/etri/ros2_ws/install/open_manipulator_bringup/share/open_manipulator_bringup/launch
[0.414s] symbolically linking /home/etri/ros2_ws/build/open_manipulator_bringup/launch/open_manipulator_x.launch.py -> /home/etri/ros2_ws/install/open_manipulator_bringup/share/open_manipulator_bringup/launch
[0.414s] symbolically linking /home/etri/ros2_ws/build/open_manipulator_bringup/launch/open_manipulator_x_gazebo.launch.py -> /home/etri/ros2_ws/install/open_manipulator_bringup/share/open_manipulator_bringup/launch
[0.414s] symbolically linking /home/etri/ros2_ws/build/open_manipulator_bringup/launch/omx_f.launch.py -> /home/etri/ros2_ws/install/open_manipulator_bringup/share/open_manipulator_bringup/launch
[0.414s] symbolically linking /home/etri/ros2_ws/build/open_manipulator_bringup/launch/omy_f3m.launch.py -> /home/etri/ros2_ws/install/open_manipulator_bringup/share/open_manipulator_bringup/launch
[0.414s] symbolically linking /home/etri/ros2_ws/build/open_manipulator_bringup/launch/omy_3m.launch.py -> /home/etri/ros2_ws/install/open_manipulator_bringup/share/open_manipulator_bringup/launch
[0.414s] symbolically linking /home/etri/ros2_ws/build/open_manipulator_bringup/launch/omy_l100_leader_ai.launch.py -> /home/etri/ros2_ws/install/open_manipulator_bringup/share/open_manipulator_bringup/launch
[0.414s] symbolically linking /home/etri/ros2_ws/build/open_manipulator_bringup/launch/omy_ai.launch.py -> /home/etri/ros2_ws/install/open_manipulator_bringup/share/open_manipulator_bringup/launch
[0.414s] symbolically linking /home/etri/ros2_ws/build/open_manipulator_bringup/launch/omy_3m_unpack.launch.py -> /home/etri/ros2_ws/install/open_manipulator_bringup/share/open_manipulator_bringup/launch
[0.414s] symbolically linking /home/etri/ros2_ws/build/open_manipulator_bringup/config/open_manipulator_x/initial_positions.yaml -> /home/etri/ros2_ws/install/open_manipulator_bringup/share/open_manipulator_bringup/config/open_manipulator_x
[0.414s] symbolically linking /home/etri/ros2_ws/build/open_manipulator_bringup/config/open_manipulator_x/hardware_controller_manager.yaml -> /home/etri/ros2_ws/install/open_manipulator_bringup/share/open_manipulator_bringup/config/open_manipulator_x
[0.414s] symbolically linking /home/etri/ros2_ws/build/open_manipulator_bringup/config/omy_3m/qc_positions.yaml -> /home/etri/ros2_ws/install/open_manipulator_bringup/share/open_manipulator_bringup/config/omy_3m
[0.414s] symbolically linking /home/etri/ros2_ws/build/open_manipulator_bringup/config/omy_3m/initial_positions.yaml -> /home/etri/ros2_ws/install/open_manipulator_bringup/share/open_manipulator_bringup/config/omy_3m
[0.414s] symbolically linking /home/etri/ros2_ws/build/open_manipulator_bringup/config/omy_3m/pack_positions.yaml -> /home/etri/ros2_ws/install/open_manipulator_bringup/share/open_manipulator_bringup/config/omy_3m
[0.414s] symbolically linking /home/etri/ros2_ws/build/open_manipulator_bringup/config/omy_3m/hardware_controller_manager.yaml -> /home/etri/ros2_ws/install/open_manipulator_bringup/share/open_manipulator_bringup/config/omy_3m
[0.414s] symbolically linking /home/etri/ros2_ws/build/open_manipulator_bringup/config/omy_f3m/initial_positions.yaml -> /home/etri/ros2_ws/install/open_manipulator_bringup/share/open_manipulator_bringup/config/omy_f3m
[0.414s] symbolically linking /home/etri/ros2_ws/build/open_manipulator_bringup/config/omy_f3m/hardware_controller_manager.yaml -> /home/etri/ros2_ws/install/open_manipulator_bringup/share/open_manipulator_bringup/config/omy_f3m
[0.414s] symbolically linking /home/etri/ros2_ws/build/open_manipulator_bringup/config/omy_f3m_follower_ai/qc_positions.yaml -> /home/etri/ros2_ws/install/open_manipulator_bringup/share/open_manipulator_bringup/config/omy_f3m_follower_ai
[0.414s] symbolically linking /home/etri/ros2_ws/build/open_manipulator_bringup/config/omy_f3m_follower_ai/initial_positions.yaml -> /home/etri/ros2_ws/install/open_manipulator_bringup/share/open_manipulator_bringup/config/omy_f3m_follower_ai
[0.414s] symbolically linking /home/etri/ros2_ws/build/open_manipulator_bringup/config/omy_f3m_follower_ai/hardware_controller_manager.yaml -> /home/etri/ros2_ws/install/open_manipulator_bringup/share/open_manipulator_bringup/config/omy_f3m_follower_ai
[0.414s] symbolically linking /home/etri/ros2_ws/build/open_manipulator_bringup/config/omy_f3m_leader_ai/hardware_controller_manager.yaml -> /home/etri/ros2_ws/install/open_manipulator_bringup/share/open_manipulator_bringup/config/omy_f3m_leader_ai
[0.414s] symbolically linking /home/etri/ros2_ws/build/open_manipulator_bringup/config/omy_l100_follower_ai/initial_positions.yaml -> /home/etri/ros2_ws/install/open_manipulator_bringup/share/open_manipulator_bringup/config/omy_l100_follower_ai
[0.414s] symbolically linking /home/etri/ros2_ws/build/open_manipulator_bringup/config/omy_l100_follower_ai/hardware_controller_manager.yaml -> /home/etri/ros2_ws/install/open_manipulator_bringup/share/open_manipulator_bringup/config/omy_l100_follower_ai
[0.414s] symbolically linking /home/etri/ros2_ws/build/open_manipulator_bringup/config/omy_l100_leader_ai/hardware_controller_manager.yaml -> /home/etri/ros2_ws/install/open_manipulator_bringup/share/open_manipulator_bringup/config/omy_l100_leader_ai
[0.414s] symbolically linking /home/etri/ros2_ws/build/open_manipulator_bringup/config/open_manipulator_x/initial_positions.yaml -> /home/etri/ros2_ws/install/open_manipulator_bringup/share/open_manipulator_bringup/config/open_manipulator_x
[0.414s] symbolically linking /home/etri/ros2_ws/build/open_manipulator_bringup/config/open_manipulator_x/hardware_controller_manager.yaml -> /home/etri/ros2_ws/install/open_manipulator_bringup/share/open_manipulator_bringup/config/open_manipulator_x
[0.414s] symbolically linking /home/etri/ros2_ws/build/open_manipulator_bringup/config/omx_f/initial_positions.yaml -> /home/etri/ros2_ws/install/open_manipulator_bringup/share/open_manipulator_bringup/config/omx_f
[0.414s] symbolically linking /home/etri/ros2_ws/build/open_manipulator_bringup/config/omx_f/hardware_controller_manager.yaml -> /home/etri/ros2_ws/install/open_manipulator_bringup/share/open_manipulator_bringup/config/omx_f
[0.414s] symbolically linking /home/etri/ros2_ws/build/open_manipulator_bringup/config/omx_f_follower_ai/initial_positions.yaml -> /home/etri/ros2_ws/install/open_manipulator_bringup/share/open_manipulator_bringup/config/omx_f_follower_ai
[0.414s] symbolically linking /home/etri/ros2_ws/build/open_manipulator_bringup/config/omx_f_follower_ai/hardware_controller_manager.yaml -> /home/etri/ros2_ws/install/open_manipulator_bringup/share/open_manipulator_bringup/config/omx_f_follower_ai
[0.414s] symbolically linking /home/etri/ros2_ws/build/open_manipulator_bringup/config/omx_l_leader_ai/hardware_controller_manager.yaml -> /home/etri/ros2_ws/install/open_manipulator_bringup/share/open_manipulator_bringup/config/omx_l_leader_ai
[0.414s] symbolically linking /home/etri/ros2_ws/build/open_manipulator_bringup/worlds/empty_world.sdf -> /home/etri/ros2_ws/install/open_manipulator_bringup/share/open_manipulator_bringup/worlds
[0.414s] symbolically linking /home/etri/ros2_ws/build/open_manipulator_bringup/open-manipulator-cdc.rules -> /home/etri/ros2_ws/install/open_manipulator_bringup/share/open_manipulator_bringup
[0.427s] Invoked command in '/home/etri/ros2_ws/build/open_manipulator_bringup' returned '0': CMAKE_PREFIX_PATH=/home/etri/ros2_ws/install/dynamixel_hardware_interface:/home/etri/ros2_ws/install/open_manipulator_description:/home/etri/ros2_ws/install/dynamixel_sdk:/home/etri/ros2_ws/install/dynamixel_interfaces:/home/etri/ros2_ws/install/custom_panda_description:/home/etri/ros2_ws/install/panda_teleop_omy_l100:/home/etri/ros2_ws/install/om_joint_trajectory_command_broadcaster:/home/etri/ros2_ws/install/open_manipulator_moveit_config:/home/etri/ros2_ws/install/open_manipulator_collision:/home/etri/ws_ros2/install/inspire_hand:/home/etri/ws_ros2/install/service_interfaces LD_LIBRARY_PATH=/home/etri/ros2_ws/install/dynamixel_hardware_interface/lib:/home/etri/ros2_ws/install/dynamixel_sdk/lib:/home/etri/ros2_ws/install/dynamixel_interfaces/lib:/home/etri/ros2_ws/install/om_joint_trajectory_command_broadcaster/lib:/home/etri/ros2_ws/install/open_manipulator_collision/lib:/home/etri/ws_ros2/install/service_interfaces/lib:/opt/ros/humble/opt/rviz_ogre_vendor/lib:/opt/ros/humble/lib/x86_64-linux-gnu:/opt/ros/humble/lib PYTHONPATH=/home/etri/ros2_ws/build/open_manipulator_bringup/prefix_override:/usr/lib/python3/dist-packages/colcon_core/task/python/colcon_distutils_commands:/home/etri/ros2_ws/install/open_manipulator_bringup/lib/python3.10/site-packages:${PYTHONPATH} /usr/bin/python3 -W ignore:setup.py install is deprecated -W ignore:easy_install command is deprecated setup.py develop --editable --build-directory /home/etri/ros2_ws/build/open_manipulator_bringup/build --no-deps symlink_data --force
